nproc is 1
cnode0985.cm.cluster
********** 10 **********
Average Fitness: 0.099
Maximum Fitness: 0.3
Average Pen Distance: 0.5558041129685316
Maximum Pen Distance: 0.798695955372048
Average Dog Distance: 0.5798516897227403
Maximum Dog Distance: 0.834626282245814
Average Sheep Distance: 0.33624161573021594
Maximum Sheep Distance: 0.43371360404461035
Elapsed Time: 3m 47s
********** 11 **********
Average Fitness: 0.10466666666666667
Maximum Fitness: 0.3
Average Pen Distance: 0.5508534837716762
Maximum Pen Distance: 0.798695955372048
Average Dog Distance: 0.5743620544366805
Maximum Dog Distance: 0.834626282245814
Average Sheep Distance: 0.3369625611477115
Maximum Sheep Distance: 0.43371360404461035
Elapsed Time: 4m 2s
********** 12 **********
Average Fitness: 0.10566666666666666
Maximum Fitness: 0.3
Average Pen Distance: 0.5465971485242057
Maximum Pen Distance: 0.798695955372048
Average Dog Distance: 0.578746893837199
Maximum Dog Distance: 0.834626282245814
Average Sheep Distance: 0.3336044294343261
Maximum Sheep Distance: 0.4163086811594232
Elapsed Time: 4m 31s
********** 13 **********
Average Fitness: 0.10799999999999998
Maximum Fitness: 0.3
Average Pen Distance: 0.53677085558211
Maximum Pen Distance: 0.798695955372048
Average Dog Distance: 0.5741847021185016
Maximum Dog Distance: 0.8356143959116312
Average Sheep Distance: 0.33378035141467505
Maximum Sheep Distance: 0.42511590867653526
Elapsed Time: 4m 28s
********** 14 **********
Average Fitness: 0.11233333333333333
Maximum Fitness: 0.3
Average Pen Distance: 0.5390046447807564
Maximum Pen Distance: 0.7832194921204169
Average Dog Distance: 0.5628302191026587
Maximum Dog Distance: 0.8356143959116312
Average Sheep Distance: 0.33378534012956446
Maximum Sheep Distance: 0.49475973242031374
Elapsed Time: 3m 56s
********** 15 **********
Average Fitness: 0.11599999999999999
Maximum Fitness: 0.3
Average Pen Distance: 0.5403162123227336
Maximum Pen Distance: 0.7832194921204169
Average Dog Distance: 0.5662802644614549
Maximum Dog Distance: 0.8356143959116312
Average Sheep Distance: 0.33695395997772665
Maximum Sheep Distance: 0.49475973242031374
Elapsed Time: 3m 41s
********** 16 **********
Average Fitness: 0.11966666666666667
Maximum Fitness: 0.3
Average Pen Distance: 0.5395525658847883
Maximum Pen Distance: 0.7782397183642132
Average Dog Distance: 0.5543235761773686
Maximum Dog Distance: 0.8423455340663639
Average Sheep Distance: 0.3387026655483658
Maximum Sheep Distance: 0.49475973242031374
Elapsed Time: 3m 43s
********** 17 **********
Average Fitness: 0.11966666666666667
Maximum Fitness: 0.3
Average Pen Distance: 0.5480636450907205
Maximum Pen Distance: 0.807832561733698
Average Dog Distance: 0.563233593419321
Maximum Dog Distance: 0.8648952840564202
Average Sheep Distance: 0.3386519973837732
Maximum Sheep Distance: 0.49475973242031374
Elapsed Time: 4m 2s
********** 18 **********
Average Fitness: 0.121
Maximum Fitness: 0.3
Average Pen Distance: 0.5383278372641574
Maximum Pen Distance: 0.822125729434184
Average Dog Distance: 0.5561525779013068
Maximum Dog Distance: 0.8648952840564202
Average Sheep Distance: 0.3377898799709926
Maximum Sheep Distance: 0.49475973242031374
Elapsed Time: 3m 52s
********** 19 **********
Average Fitness: 0.12133333333333333
Maximum Fitness: 0.3
Average Pen Distance: 0.5347790239832735
Maximum Pen Distance: 0.807832561733698
Average Dog Distance: 0.556138694084188
Maximum Dog Distance: 0.8648952840564202
Average Sheep Distance: 0.33857243873993653
Maximum Sheep Distance: 0.49475973242031374
Elapsed Time: 3m 50s
********** 20 **********
Average Fitness: 0.11966666666666664
Maximum Fitness: 0.3
Average Pen Distance: 0.5385605561500632
Maximum Pen Distance: 0.8149326625488346
Average Dog Distance: 0.5502154524044874
Maximum Dog Distance: 0.8648952840564202
Average Sheep Distance: 0.3403992701557914
Maximum Sheep Distance: 0.49475973242031374
Elapsed Time: 3m 56s
********** 21 **********
Average Fitness: 0.11699999999999999
Maximum Fitness: 0.3
Average Pen Distance: 0.5377308366035903
Maximum Pen Distance: 0.807832561733698
Average Dog Distance: 0.5462952294186217
Maximum Dog Distance: 0.8648952840564202
Average Sheep Distance: 0.3377331012094084
Maximum Sheep Distance: 0.49475973242031374
Elapsed Time: 4m 3s
********** 22 **********
Average Fitness: 0.12
Maximum Fitness: 0.3
Average Pen Distance: 0.5408812554173233
Maximum Pen Distance: 0.807832561733698
Average Dog Distance: 0.5519465780649135
Maximum Dog Distance: 0.8648952840564202
Average Sheep Distance: 0.33835454144536503
Maximum Sheep Distance: 0.49475973242031374
Elapsed Time: 3m 57s
********** 23 **********
Average Fitness: 0.12366666666666665
Maximum Fitness: 0.3
Average Pen Distance: 0.5383166933787045
Maximum Pen Distance: 0.807832561733698
Average Dog Distance: 0.55670981258489
Maximum Dog Distance: 0.8648952840564202
Average Sheep Distance: 0.337521320893933
Maximum Sheep Distance: 0.49475973242031374
Elapsed Time: 3m 40s
********** 24 **********
Average Fitness: 0.12533333333333332
Maximum Fitness: 0.3
Average Pen Distance: 0.5291614822813017
Maximum Pen Distance: 0.807832561733698
Average Dog Distance: 0.5555809231390654
Maximum Dog Distance: 0.8648952840564202
Average Sheep Distance: 0.3369279300163792
Maximum Sheep Distance: 0.49475973242031374
Elapsed Time: 3m 57s
********** 25 **********
Average Fitness: 0.12566666666666668
Maximum Fitness: 0.3
Average Pen Distance: 0.5257448074515901
Maximum Pen Distance: 0.807832561733698
Average Dog Distance: 0.5500457779290566
Maximum Dog Distance: 0.8648952840564202
Average Sheep Distance: 0.3356218963121036
Maximum Sheep Distance: 0.49475973242031374
Elapsed Time: 3m 42s
********** 26 **********
Average Fitness: 0.128
Maximum Fitness: 0.3
Average Pen Distance: 0.5269973411088982
Maximum Pen Distance: 0.8245446954084402
Average Dog Distance: 0.5454654300702355
Maximum Dog Distance: 0.8648952840564202
Average Sheep Distance: 0.3366681652332221
Maximum Sheep Distance: 0.49475973242031374
Elapsed Time: 4m 20s
********** 27 **********
Average Fitness: 0.12833333333333333
Maximum Fitness: 0.3
Average Pen Distance: 0.5255305029709861
Maximum Pen Distance: 0.8328995944007339
Average Dog Distance: 0.5399661139332614
Maximum Dog Distance: 0.8648952840564202
Average Sheep Distance: 0.33844682918284813
Maximum Sheep Distance: 0.49475973242031374
Elapsed Time: 3m 45s
********** 28 **********
Average Fitness: 0.12999999999999998
Maximum Fitness: 0.3
Average Pen Distance: 0.5278873112276418
Maximum Pen Distance: 0.8245446954084402
Average Dog Distance: 0.5358042161046107
Maximum Dog Distance: 0.8648952840564202
Average Sheep Distance: 0.33916546848398865
Maximum Sheep Distance: 0.49475973242031374
Elapsed Time: 3m 46s
********** 29 **********
Average Fitness: 0.13399999999999998
Maximum Fitness: 0.3
Average Pen Distance: 0.5417732110781485
Maximum Pen Distance: 0.8245446954084402
Average Dog Distance: 0.550050440956501
Maximum Dog Distance: 0.8648952840564202
Average Sheep Distance: 0.3365384470514503
Maximum Sheep Distance: 0.49475973242031374
Elapsed Time: 3m 52s
********** 30 **********
Average Fitness: 0.13633333333333333
Maximum Fitness: 0.3
Average Pen Distance: 0.5343979847959751
Maximum Pen Distance: 0.8245446954084402
Average Dog Distance: 0.5483031826204523
Maximum Dog Distance: 0.8648952840564202
Average Sheep Distance: 0.33430063361922036
Maximum Sheep Distance: 0.49475973242031374
Elapsed Time: 4m 12s
********** 31 **********
Average Fitness: 0.13666666666666663
Maximum Fitness: 0.3
Average Pen Distance: 0.5384656865639387
Maximum Pen Distance: 0.8245446954084402
Average Dog Distance: 0.5493956513096743
Maximum Dog Distance: 0.8648952840564202
Average Sheep Distance: 0.3361413524325687
Maximum Sheep Distance: 0.49475973242031374
Elapsed Time: 3m 51s
********** 32 **********
Average Fitness: 0.14266666666666666
Maximum Fitness: 0.3
Average Pen Distance: 0.5212057932704183
Maximum Pen Distance: 0.8245446954084402
Average Dog Distance: 0.5427493096165715
Maximum Dog Distance: 0.8648952840564202
Average Sheep Distance: 0.33979515568440744
Maximum Sheep Distance: 0.49475973242031374
Elapsed Time: 3m 47s
********** 33 **********
Average Fitness: 0.14066666666666666
Maximum Fitness: 0.3
Average Pen Distance: 0.5300732186223364
Maximum Pen Distance: 0.8245446954084402
Average Dog Distance: 0.5433775557048988
Maximum Dog Distance: 0.8648952840564202
Average Sheep Distance: 0.3391353033122435
Maximum Sheep Distance: 0.49475973242031374
Elapsed Time: 3m 55s
********** 34 **********
Average Fitness: 0.14266666666666666
Maximum Fitness: 0.3
Average Pen Distance: 0.5223744584091911
Maximum Pen Distance: 0.8245446954084402
Average Dog Distance: 0.5476167080034632
Maximum Dog Distance: 0.8676357617295357
Average Sheep Distance: 0.33821929183714916
Maximum Sheep Distance: 0.49475973242031374
Elapsed Time: 4m 4s
********** 35 **********
Average Fitness: 0.14166666666666666
Maximum Fitness: 0.3
Average Pen Distance: 0.5286878356136264
Maximum Pen Distance: 0.7851941236823358
Average Dog Distance: 0.5504163636296145
Maximum Dog Distance: 0.8676357617295357
Average Sheep Distance: 0.33724023835070693
Maximum Sheep Distance: 0.49475973242031374
Elapsed Time: 3m 49s
********** 36 **********
Average Fitness: 0.1423333333333333
Maximum Fitness: 0.3
Average Pen Distance: 0.5319448683954426
Maximum Pen Distance: 0.7851941236823358
Average Dog Distance: 0.5509693763955741
Maximum Dog Distance: 0.8648952840564202
Average Sheep Distance: 0.33842170789682713
Maximum Sheep Distance: 0.49475973242031374
Elapsed Time: 3m 43s
********** 37 **********
Average Fitness: 0.144
Maximum Fitness: 0.3
Average Pen Distance: 0.5307986204400684
Maximum Pen Distance: 0.8533906299660984
Average Dog Distance: 0.549192416035348
Maximum Dog Distance: 0.8900585592381117
Average Sheep Distance: 0.3386923519128405
Maximum Sheep Distance: 0.49475973242031374
Elapsed Time: 3m 46s
********** 38 **********
Average Fitness: 0.14533333333333334
Maximum Fitness: 0.3
Average Pen Distance: 0.5312559312635785
Maximum Pen Distance: 0.8533906299660984
Average Dog Distance: 0.5496450816954297
Maximum Dog Distance: 0.8900585592381117
Average Sheep Distance: 0.3387229703962602
Maximum Sheep Distance: 0.49475973242031374
Elapsed Time: 3m 52s
********** 39 **********
Average Fitness: 0.1416666666666667
Maximum Fitness: 0.3
Average Pen Distance: 0.5392113768495439
Maximum Pen Distance: 0.8533906299660984
Average Dog Distance: 0.5523038655698296
Maximum Dog Distance: 0.8900585592381117
Average Sheep Distance: 0.34283504967874934
Maximum Sheep Distance: 0.5065795263703877
Elapsed Time: 3m 52s
********** 40 **********
Average Fitness: 0.14066666666666666
Maximum Fitness: 0.3
Average Pen Distance: 0.5388832898603596
Maximum Pen Distance: 0.8533906299660984
Average Dog Distance: 0.553350197829128
Maximum Dog Distance: 0.8900585592381117
Average Sheep Distance: 0.3435850702666435
Maximum Sheep Distance: 0.5065795263703877
Elapsed Time: 3m 59s
********** 41 **********
Average Fitness: 0.14333333333333334
Maximum Fitness: 0.3
Average Pen Distance: 0.5413275026488094
Maximum Pen Distance: 0.8533906299660984
Average Dog Distance: 0.5548637452101853
Maximum Dog Distance: 0.8900585592381117
Average Sheep Distance: 0.34377781783500955
Maximum Sheep Distance: 0.5065795263703877
Elapsed Time: 3m 51s
********** 42 **********
Average Fitness: 0.14466666666666664
Maximum Fitness: 0.3
Average Pen Distance: 0.5435563379307332
Maximum Pen Distance: 0.8533906299660984
Average Dog Distance: 0.5556133011384887
Maximum Dog Distance: 0.8900585592381117
Average Sheep Distance: 0.3433218938581593
Maximum Sheep Distance: 0.5065795263703877
Elapsed Time: 4m 3s
********** 43 **********
Average Fitness: 0.144
Maximum Fitness: 0.3
Average Pen Distance: 0.53876708712029
Maximum Pen Distance: 0.8533906299660984
Average Dog Distance: 0.5499155266147485
Maximum Dog Distance: 0.8900585592381117
Average Sheep Distance: 0.34353761058532295
Maximum Sheep Distance: 0.5065795263703877
Elapsed Time: 4m 2s
********** 44 **********
Average Fitness: 0.145
Maximum Fitness: 0.3333333333333333
Average Pen Distance: 0.5425289638618281
Maximum Pen Distance: 0.8533906299660984
Average Dog Distance: 0.5542966370705407
Maximum Dog Distance: 0.8900585592381117
Average Sheep Distance: 0.342404293485913
Maximum Sheep Distance: 0.5065795263703877
Elapsed Time: 4m 27s
********** 45 **********
Average Fitness: 0.145
Maximum Fitness: 0.3333333333333333
Average Pen Distance: 0.5521370355145201
Maximum Pen Distance: 0.8533906299660984
Average Dog Distance: 0.549365765138944
Maximum Dog Distance: 0.8900585592381117
Average Sheep Distance: 0.3453734426205423
Maximum Sheep Distance: 0.5065795263703877
Elapsed Time: 3m 52s
********** 46 **********
Average Fitness: 0.14666666666666667
Maximum Fitness: 0.3666666666666667
Average Pen Distance: 0.5523884653420451
Maximum Pen Distance: 0.8533906299660984
Average Dog Distance: 0.5480388798036049
Maximum Dog Distance: 0.8900585592381117
Average Sheep Distance: 0.34512123489231833
Maximum Sheep Distance: 0.5065795263703877
Elapsed Time: 4m 11s
********** 47 **********
Average Fitness: 0.146
Maximum Fitness: 0.3666666666666667
Average Pen Distance: 0.5521973923190151
Maximum Pen Distance: 0.8533906299660984
Average Dog Distance: 0.5407947705225746
Maximum Dog Distance: 0.8900585592381117
Average Sheep Distance: 0.34532390732217344
Maximum Sheep Distance: 0.5065795263703877
Elapsed Time: 3m 57s
********** 48 **********
Average Fitness: 0.14933333333333332
Maximum Fitness: 0.3666666666666667
Average Pen Distance: 0.5544519887382563
Maximum Pen Distance: 0.8533906299660984
Average Dog Distance: 0.5455983858194915
Maximum Dog Distance: 0.8900585592381117
Average Sheep Distance: 0.3452505773835389
Maximum Sheep Distance: 0.5065795263703877
Elapsed Time: 4m 26s
********** 49 **********
Average Fitness: 0.14866666666666667
Maximum Fitness: 0.3666666666666667
Average Pen Distance: 0.5558789194071534
Maximum Pen Distance: 0.8533906299660984
Average Dog Distance: 0.5500195484385252
Maximum Dog Distance: 0.8900585592381117
Average Sheep Distance: 0.3441565692839799
Maximum Sheep Distance: 0.5065795263703877
Elapsed Time: 4m 20s
********** 50 **********
Average Fitness: 0.146
Maximum Fitness: 0.3666666666666667
Average Pen Distance: 0.5525862507946748
Maximum Pen Distance: 0.8533906299660984
Average Dog Distance: 0.5449251761746112
Maximum Dog Distance: 0.8900585592381117
Average Sheep Distance: 0.34409849032861073
Maximum Sheep Distance: 0.5065795263703877
Elapsed Time: 4m 2s
********** 51 **********
Average Fitness: 0.1433333333333333
Maximum Fitness: 0.3666666666666667
Average Pen Distance: 0.5502019805102113
Maximum Pen Distance: 0.8533906299660984
Average Dog Distance: 0.5475949660392302
Maximum Dog Distance: 0.8900585592381117
Average Sheep Distance: 0.34207375853613653
Maximum Sheep Distance: 0.5065795263703877
Elapsed Time: 4m 22s
********** 52 **********
Average Fitness: 0.14166666666666666
Maximum Fitness: 0.3666666666666667
Average Pen Distance: 0.5501723756487321
Maximum Pen Distance: 0.8533906299660984
Average Dog Distance: 0.5497850554098926
Maximum Dog Distance: 0.8900585592381117
Average Sheep Distance: 0.33998035521455977
Maximum Sheep Distance: 0.5065795263703877
Elapsed Time: 3m 58s
********** 53 **********
Average Fitness: 0.14466666666666667
Maximum Fitness: 0.3666666666666667
Average Pen Distance: 0.5534884477059382
Maximum Pen Distance: 0.8533906299660984
Average Dog Distance: 0.553001282096061
Maximum Dog Distance: 0.8900585592381117
Average Sheep Distance: 0.342385883193873
Maximum Sheep Distance: 0.5065795263703877
Elapsed Time: 3m 55s
********** 54 **********
Average Fitness: 0.149
Maximum Fitness: 0.3666666666666667
Average Pen Distance: 0.5478354441517943
Maximum Pen Distance: 0.8533906299660984
Average Dog Distance: 0.5506709143576678
Maximum Dog Distance: 0.8900585592381117
Average Sheep Distance: 0.34351892939205647
Maximum Sheep Distance: 0.5065795263703877
Elapsed Time: 4m 5s
********** 55 **********
Average Fitness: 0.153
Maximum Fitness: 0.3666666666666667
Average Pen Distance: 0.5416645193365782
Maximum Pen Distance: 0.8533906299660984
Average Dog Distance: 0.5539229307440667
Maximum Dog Distance: 0.8900585592381117
Average Sheep Distance: 0.3425006328057995
Maximum Sheep Distance: 0.5065795263703877
Elapsed Time: 3m 52s
********** 56 **********
Average Fitness: 0.154
Maximum Fitness: 0.3666666666666667
Average Pen Distance: 0.5413853308104131
Maximum Pen Distance: 0.8533906299660984
Average Dog Distance: 0.5464825581284533
Maximum Dog Distance: 0.8900585592381117
Average Sheep Distance: 0.34237356510360206
Maximum Sheep Distance: 0.5065795263703877
Elapsed Time: 3m 46s
********** 57 **********
Average Fitness: 0.15233333333333335
Maximum Fitness: 0.3666666666666667
Average Pen Distance: 0.5466409800217386
Maximum Pen Distance: 0.8533906299660984
Average Dog Distance: 0.5534145176522858
Maximum Dog Distance: 0.8900585592381117
Average Sheep Distance: 0.3432297364982774
Maximum Sheep Distance: 0.5065795263703877
Elapsed Time: 4m 5s
********** 58 **********
Average Fitness: 0.15499999999999997
Maximum Fitness: 0.3666666666666667
Average Pen Distance: 0.5413102266054797
Maximum Pen Distance: 0.8533906299660984
Average Dog Distance: 0.553700319094399
Maximum Dog Distance: 0.8900585592381117
Average Sheep Distance: 0.34255750760159254
Maximum Sheep Distance: 0.5065795263703877
Elapsed Time: 3m 53s
********** 59 **********
Average Fitness: 0.15966666666666665
Maximum Fitness: 0.3666666666666667
Average Pen Distance: 0.534306231051987
Maximum Pen Distance: 0.8533906299660984
Average Dog Distance: 0.5573908927589588
Maximum Dog Distance: 0.8900585592381117
Average Sheep Distance: 0.3460057473547041
Maximum Sheep Distance: 0.5065795263703877
Elapsed Time: 3m 44s
********** 60 **********
Average Fitness: 0.157
Maximum Fitness: 0.3666666666666667
Average Pen Distance: 0.5421300657473294
Maximum Pen Distance: 0.8533906299660984
Average Dog Distance: 0.5509492233554826
Maximum Dog Distance: 0.8900585592381117
Average Sheep Distance: 0.34583196754179424
Maximum Sheep Distance: 0.5065795263703877
Elapsed Time: 3m 45s
********** 61 **********
Average Fitness: 0.15633333333333332
Maximum Fitness: 0.3666666666666667
Average Pen Distance: 0.5454550197633216
Maximum Pen Distance: 0.8533906299660984
Average Dog Distance: 0.5505405470744015
Maximum Dog Distance: 0.8900585592381117
Average Sheep Distance: 0.3451276078835238
Maximum Sheep Distance: 0.49475973242031374
Elapsed Time: 4m 5s
********** 62 **********
Average Fitness: 0.15733333333333335
Maximum Fitness: 0.3666666666666667
Average Pen Distance: 0.5425239116046358
Maximum Pen Distance: 0.8533906299660984
Average Dog Distance: 0.5454154386611045
Maximum Dog Distance: 0.8900585592381117
Average Sheep Distance: 0.34417239844331715
Maximum Sheep Distance: 0.49475973242031374
Elapsed Time: 4m 13s
********** 63 **********
Average Fitness: 0.15433333333333332
Maximum Fitness: 0.43333333333333335
Average Pen Distance: 0.5507837237294393
Maximum Pen Distance: 0.8533906299660984
Average Dog Distance: 0.5522536019054906
Maximum Dog Distance: 0.8900585592381117
Average Sheep Distance: 0.3413529540857971
Maximum Sheep Distance: 0.49475973242031374
Elapsed Time: 4m 9s
********** 64 **********
Average Fitness: 0.15466666666666667
Maximum Fitness: 0.43333333333333335
Average Pen Distance: 0.5535329598564482
Maximum Pen Distance: 0.8533906299660984
Average Dog Distance: 0.5538383604180328
Maximum Dog Distance: 0.8900585592381117
Average Sheep Distance: 0.34262134097287594
Maximum Sheep Distance: 0.49475973242031374
Elapsed Time: 3m 38s
********** 65 **********
Average Fitness: 0.15833333333333333
Maximum Fitness: 0.43333333333333335
Average Pen Distance: 0.549663667026866
Maximum Pen Distance: 0.8533906299660984
Average Dog Distance: 0.5546234828596307
Maximum Dog Distance: 0.8900585592381117
Average Sheep Distance: 0.3438945225706787
Maximum Sheep Distance: 0.49475973242031374
Elapsed Time: 3m 39s
********** 66 **********
Average Fitness: 0.15866666666666665
Maximum Fitness: 0.43333333333333335
Average Pen Distance: 0.5554975321417612
Maximum Pen Distance: 0.8533906299660984
Average Dog Distance: 0.5532164525510715
Maximum Dog Distance: 0.8900585592381117
Average Sheep Distance: 0.34217282872610766
Maximum Sheep Distance: 0.49475973242031374
Elapsed Time: 3m 54s
********** 67 **********
Average Fitness: 0.15866666666666665
Maximum Fitness: 0.43333333333333335
Average Pen Distance: 0.5575267913086536
Maximum Pen Distance: 0.8533906299660984
Average Dog Distance: 0.5527285534896826
Maximum Dog Distance: 0.8900585592381117
Average Sheep Distance: 0.3441591128771351
Maximum Sheep Distance: 0.49475973242031374
Elapsed Time: 3m 51s
********** 68 **********
Average Fitness: 0.15866666666666668
Maximum Fitness: 0.43333333333333335
Average Pen Distance: 0.5585393351700912
Maximum Pen Distance: 0.8533906299660984
Average Dog Distance: 0.5521194486726787
Maximum Dog Distance: 0.8900585592381117
Average Sheep Distance: 0.34401052927915154
Maximum Sheep Distance: 0.49475973242031374
Elapsed Time: 3m 52s
********** 69 **********
Average Fitness: 0.15966666666666668
Maximum Fitness: 0.43333333333333335
Average Pen Distance: 0.5454916008317309
Maximum Pen Distance: 0.8106716663462379
Average Dog Distance: 0.5475323324117721
Maximum Dog Distance: 0.8900585592381117
Average Sheep Distance: 0.34327937377176937
Maximum Sheep Distance: 0.49475973242031374
Elapsed Time: 4m 0s
********** 70 **********
Average Fitness: 0.15966666666666668
Maximum Fitness: 0.43333333333333335
Average Pen Distance: 0.5456031838692433
Maximum Pen Distance: 0.8080045557440577
Average Dog Distance: 0.5491298224295328
Maximum Dog Distance: 0.8900585592381117
Average Sheep Distance: 0.3457949043150456
Maximum Sheep Distance: 0.49475973242031374
Elapsed Time: 3m 56s
********** 71 **********
Average Fitness: 0.16233333333333338
Maximum Fitness: 0.43333333333333335
Average Pen Distance: 0.5413529809460256
Maximum Pen Distance: 0.8080045557440577
Average Dog Distance: 0.5544147974055104
Maximum Dog Distance: 0.8900585592381117
Average Sheep Distance: 0.3437113252183923
Maximum Sheep Distance: 0.49475973242031374
Elapsed Time: 3m 58s
********** 72 **********
Average Fitness: 0.16266666666666668
Maximum Fitness: 0.43333333333333335
Average Pen Distance: 0.5441025177436152
Maximum Pen Distance: 0.8080045557440577
Average Dog Distance: 0.554753571764981
Maximum Dog Distance: 0.8900585592381117
Average Sheep Distance: 0.34677405692597973
Maximum Sheep Distance: 0.49475973242031374
Elapsed Time: 4m 7s
********** 73 **********
Average Fitness: 0.16266666666666668
Maximum Fitness: 0.43333333333333335
Average Pen Distance: 0.5392770399977072
Maximum Pen Distance: 0.8080045557440577
Average Dog Distance: 0.552559879927614
Maximum Dog Distance: 0.8900585592381117
Average Sheep Distance: 0.3438903309678617
Maximum Sheep Distance: 0.49475973242031374
Elapsed Time: 4m 5s
********** 74 **********
Average Fitness: 0.166
Maximum Fitness: 0.43333333333333335
Average Pen Distance: 0.5390972107831685
Maximum Pen Distance: 0.8080045557440577
Average Dog Distance: 0.548314537864027
Maximum Dog Distance: 0.8900585592381117
Average Sheep Distance: 0.3401890905017568
Maximum Sheep Distance: 0.47811914863358224
Elapsed Time: 4m 31s
********** 75 **********
Average Fitness: 0.16599999999999998
Maximum Fitness: 0.43333333333333335
Average Pen Distance: 0.5370701000819728
Maximum Pen Distance: 0.8080045557440577
Average Dog Distance: 0.5495695405204194
Maximum Dog Distance: 0.8900585592381117
Average Sheep Distance: 0.3416466074353255
Maximum Sheep Distance: 0.47811914863358224
Elapsed Time: 3m 42s
********** 76 **********
Average Fitness: 0.16566666666666666
Maximum Fitness: 0.43333333333333335
Average Pen Distance: 0.5411726767127014
Maximum Pen Distance: 0.8861807145957625
Average Dog Distance: 0.5473118019909091
Maximum Dog Distance: 0.8900585592381117
Average Sheep Distance: 0.3413872324418778
Maximum Sheep Distance: 0.47811914863358224
Elapsed Time: 4m 6s
********** 77 **********
Average Fitness: 0.16633333333333336
Maximum Fitness: 0.43333333333333335
Average Pen Distance: 0.5409020778217255
Maximum Pen Distance: 0.8861807145957625
Average Dog Distance: 0.5525152910590186
Maximum Dog Distance: 0.8900585592381117
Average Sheep Distance: 0.3423670828944316
Maximum Sheep Distance: 0.47811914863358224
Elapsed Time: 3m 40s
********** 78 **********
Average Fitness: 0.16600000000000004
Maximum Fitness: 0.43333333333333335
Average Pen Distance: 0.5471606880173298
Maximum Pen Distance: 0.8861807145957625
Average Dog Distance: 0.5554914136705884
Maximum Dog Distance: 0.8900585592381117
Average Sheep Distance: 0.34194311129223753
Maximum Sheep Distance: 0.47811914863358224
Elapsed Time: 3m 51s
********** 79 **********
Average Fitness: 0.16500000000000004
Maximum Fitness: 0.43333333333333335
Average Pen Distance: 0.5434138374570754
Maximum Pen Distance: 0.8861807145957625
Average Dog Distance: 0.5530961635577277
Maximum Dog Distance: 0.8994533804133965
Average Sheep Distance: 0.34380427607592007
Maximum Sheep Distance: 0.47811914863358224
Elapsed Time: 4m 21s
********** 80 **********
Average Fitness: 0.169
Maximum Fitness: 0.43333333333333335
Average Pen Distance: 0.5316616842236485
Maximum Pen Distance: 0.8861807145957625
Average Dog Distance: 0.5508742518899478
Maximum Dog Distance: 0.8994533804133965
Average Sheep Distance: 0.3454598166976546
Maximum Sheep Distance: 0.47811914863358224
Elapsed Time: 3m 40s
********** 81 **********
Average Fitness: 0.17300000000000004
Maximum Fitness: 0.43333333333333335
Average Pen Distance: 0.5335529856996317
Maximum Pen Distance: 0.8861807145957625
Average Dog Distance: 0.5514290321409101
Maximum Dog Distance: 0.8994533804133965
Average Sheep Distance: 0.3466928201314549
Maximum Sheep Distance: 0.47811914863358224
Elapsed Time: 4m 21s
********** 82 **********
Average Fitness: 0.17300000000000001
Maximum Fitness: 0.43333333333333335
Average Pen Distance: 0.5335529856996316
Maximum Pen Distance: 0.8861807145957625
Average Dog Distance: 0.5514290321409101
Maximum Dog Distance: 0.8994533804133965
Average Sheep Distance: 0.3466928201314549
Maximum Sheep Distance: 0.47811914863358224
Elapsed Time: 3m 57s
********** 83 **********
Average Fitness: 0.17566666666666667
Maximum Fitness: 0.43333333333333335
Average Pen Distance: 0.5346356355453434
Maximum Pen Distance: 0.8861807145957625
Average Dog Distance: 0.5561337806051391
Maximum Dog Distance: 0.8994533804133965
Average Sheep Distance: 0.3441427425999949
Maximum Sheep Distance: 0.47811914863358224
Elapsed Time: 3m 57s
********** 84 **********
Average Fitness: 0.1756666666666667
Maximum Fitness: 0.43333333333333335
Average Pen Distance: 0.5369899262893866
Maximum Pen Distance: 0.8861807145957625
Average Dog Distance: 0.5481726642072821
Maximum Dog Distance: 0.8994533804133965
Average Sheep Distance: 0.3406302595269046
Maximum Sheep Distance: 0.47811914863358224
Elapsed Time: 4m 15s
********** 85 **********
Average Fitness: 0.17500000000000004
Maximum Fitness: 0.43333333333333335
Average Pen Distance: 0.5395036737543032
Maximum Pen Distance: 0.8861807145957625
Average Dog Distance: 0.5455518978898545
Maximum Dog Distance: 0.8994533804133965
Average Sheep Distance: 0.33978298324230916
Maximum Sheep Distance: 0.47811914863358224
Elapsed Time: 4m 12s
********** 86 **********
Average Fitness: 0.1716666666666667
Maximum Fitness: 0.43333333333333335
Average Pen Distance: 0.5379837128506886
Maximum Pen Distance: 0.8861807145957625
Average Dog Distance: 0.5425629985618862
Maximum Dog Distance: 0.8994533804133965
Average Sheep Distance: 0.34246479838894367
Maximum Sheep Distance: 0.47811914863358224
Elapsed Time: 4m 26s
********** 87 **********
Average Fitness: 0.17266666666666677
Maximum Fitness: 0.43333333333333335
Average Pen Distance: 0.5370335875291206
Maximum Pen Distance: 0.8861807145957625
Average Dog Distance: 0.5411333647887736
Maximum Dog Distance: 0.8994533804133965
Average Sheep Distance: 0.3428324732985511
Maximum Sheep Distance: 0.47811914863358224
Elapsed Time: 4m 3s
********** 88 **********
Average Fitness: 0.17366666666666672
Maximum Fitness: 0.43333333333333335
Average Pen Distance: 0.537303596753763
Maximum Pen Distance: 0.8861807145957625
Average Dog Distance: 0.535889409555369
Maximum Dog Distance: 0.8994533804133965
Average Sheep Distance: 0.34139584552106605
Maximum Sheep Distance: 0.4771139215146956
Elapsed Time: 4m 13s
********** 89 **********
Average Fitness: 0.175
Maximum Fitness: 0.43333333333333335
Average Pen Distance: 0.5417616764242879
Maximum Pen Distance: 0.8861807145957625
Average Dog Distance: 0.5424190136750198
Maximum Dog Distance: 0.8994533804133965
Average Sheep Distance: 0.34041005320736173
Maximum Sheep Distance: 0.4771139215146956
Elapsed Time: 4m 12s
********** 90 **********
Average Fitness: 0.17800000000000005
Maximum Fitness: 0.43333333333333335
Average Pen Distance: 0.5410632781601972
Maximum Pen Distance: 0.8861807145957625
Average Dog Distance: 0.5450984329014903
Maximum Dog Distance: 0.8994533804133965
Average Sheep Distance: 0.3406163650364983
Maximum Sheep Distance: 0.4771139215146956
Elapsed Time: 4m 5s
********** 91 **********
Average Fitness: 0.18033333333333335
Maximum Fitness: 0.43333333333333335
Average Pen Distance: 0.5380366685112828
Maximum Pen Distance: 0.8861807145957625
Average Dog Distance: 0.5402852650899438
Maximum Dog Distance: 0.8994533804133965
Average Sheep Distance: 0.34046776295500963
Maximum Sheep Distance: 0.4771139215146956
Elapsed Time: 3m 58s
********** 92 **********
Average Fitness: 0.18333333333333332
Maximum Fitness: 0.43333333333333335
Average Pen Distance: 0.5438716227540191
Maximum Pen Distance: 0.8861807145957625
Average Dog Distance: 0.548547866179545
Maximum Dog Distance: 0.8994533804133965
Average Sheep Distance: 0.3432260455687441
Maximum Sheep Distance: 0.4771139215146956
Elapsed Time: 4m 30s
********** 93 **********
Average Fitness: 0.183
Maximum Fitness: 0.43333333333333335
Average Pen Distance: 0.5411029546710084
Maximum Pen Distance: 0.8861807145957625
Average Dog Distance: 0.5468314992982464
Maximum Dog Distance: 0.8994533804133965
Average Sheep Distance: 0.3425705691652775
Maximum Sheep Distance: 0.4771139215146956
Elapsed Time: 4m 19s
********** 94 **********
Average Fitness: 0.18566666666666667
Maximum Fitness: 0.43333333333333335
Average Pen Distance: 0.5293111580021638
Maximum Pen Distance: 0.8861807145957625
Average Dog Distance: 0.5523604619291389
Maximum Dog Distance: 0.8994533804133965
Average Sheep Distance: 0.3423275943895209
Maximum Sheep Distance: 0.4771139215146956
Elapsed Time: 4m 27s
********** 95 **********
Average Fitness: 0.18233333333333332
Maximum Fitness: 0.43333333333333335
Average Pen Distance: 0.5322428999737652
Maximum Pen Distance: 0.8861807145957625
Average Dog Distance: 0.5507409902197096
Maximum Dog Distance: 0.8994533804133965
Average Sheep Distance: 0.3411063294423293
Maximum Sheep Distance: 0.4771139215146956
Elapsed Time: 4m 9s
********** 96 **********
Average Fitness: 0.18366666666666664
Maximum Fitness: 0.43333333333333335
Average Pen Distance: 0.5366057422137614
Maximum Pen Distance: 0.8861807145957625
Average Dog Distance: 0.5557750137930697
Maximum Dog Distance: 0.8994533804133965
Average Sheep Distance: 0.3406169470294414
Maximum Sheep Distance: 0.4771139215146956
Elapsed Time: 3m 53s
********** 97 **********
Average Fitness: 0.18666666666666665
Maximum Fitness: 0.43333333333333335
Average Pen Distance: 0.5316631942771837
Maximum Pen Distance: 0.8861807145957625
Average Dog Distance: 0.5574263677029389
Maximum Dog Distance: 0.8994533804133965
Average Sheep Distance: 0.3436684894218817
Maximum Sheep Distance: 0.4771139215146956
Elapsed Time: 3m 46s
********** 98 **********
Average Fitness: 0.18833333333333332
Maximum Fitness: 0.43333333333333335
Average Pen Distance: 0.5328109511208041
Maximum Pen Distance: 0.8861807145957625
Average Dog Distance: 0.5556452359724753
Maximum Dog Distance: 0.8994533804133965
Average Sheep Distance: 0.34475544613937353
Maximum Sheep Distance: 0.4771139215146956
Elapsed Time: 3m 49s
********** 99 **********
Average Fitness: 0.1866666666666667
Maximum Fitness: 0.43333333333333335
Average Pen Distance: 0.5267897483262466
Maximum Pen Distance: 0.8861807145957625
Average Dog Distance: 0.5523415823431348
Maximum Dog Distance: 0.8994533804133965
Average Sheep Distance: 0.3436539591633326
Maximum Sheep Distance: 0.4771139215146956
Elapsed Time: 3m 51s
********** 100 **********
Average Fitness: 0.18400000000000005
Maximum Fitness: 0.43333333333333335
Average Pen Distance: 0.5310875157731566
Maximum Pen Distance: 0.8861807145957625
Average Dog Distance: 0.55897549540242
Maximum Dog Distance: 0.8994533804133965
Average Sheep Distance: 0.34307186610414414
Maximum Sheep Distance: 0.4771139215146956
Elapsed Time: 3m 49s
