nproc is 1
cnode0806.cm.cluster
********** 65 **********
Average Fitness: 0.11950000000000001
Maximum Fitness: 0.3333333333333333
Average Pen Distance: 0.5082760751080881
Maximum Pen Distance: 0.8708335816129233
Average Dog Distance: 0.6620209284281644
Maximum Dog Distance: 0.9694823638533787
Average Sheep Distance: 0.27116415959022433
Maximum Sheep Distance: 0.3904155530338344
Elapsed Time: 11m 46s
********** 66 **********
Average Fitness: 0.11983333333333332
Maximum Fitness: 0.3333333333333333
Average Pen Distance: 0.5059721500514657
Maximum Pen Distance: 0.867573054707138
Average Dog Distance: 0.6552855642737743
Maximum Dog Distance: 0.9694823638533787
Average Sheep Distance: 0.2679524987949737
Maximum Sheep Distance: 0.3904155530338344
Elapsed Time: 11m 9s
********** 67 **********
Average Fitness: 0.11916666666666666
Maximum Fitness: 0.3333333333333333
Average Pen Distance: 0.5112547140069236
Maximum Pen Distance: 0.867573054707138
Average Dog Distance: 0.660404227977304
Maximum Dog Distance: 0.9694823638533787
Average Sheep Distance: 0.2707218400579721
Maximum Sheep Distance: 0.3904155530338344
Elapsed Time: 11m 12s
********** 68 **********
Average Fitness: 0.11766666666666667
Maximum Fitness: 0.3333333333333333
Average Pen Distance: 0.5018295703054793
Maximum Pen Distance: 0.867573054707138
Average Dog Distance: 0.6504229663389702
Maximum Dog Distance: 0.9694823638533787
Average Sheep Distance: 0.2708809565164699
Maximum Sheep Distance: 0.3904155530338344
Elapsed Time: 11m 3s
********** 69 **********
Average Fitness: 0.11933333333333333
Maximum Fitness: 0.3333333333333333
Average Pen Distance: 0.5005614614382476
Maximum Pen Distance: 0.867573054707138
Average Dog Distance: 0.652882641767887
Maximum Dog Distance: 0.9694823638533787
Average Sheep Distance: 0.2702780631447205
Maximum Sheep Distance: 0.3904155530338344
Elapsed Time: 11m 32s
********** 70 **********
Average Fitness: 0.11900000000000001
Maximum Fitness: 0.3333333333333333
Average Pen Distance: 0.5022863638387846
Maximum Pen Distance: 0.8600414457591317
Average Dog Distance: 0.651492405641181
Maximum Dog Distance: 0.9694823638533787
Average Sheep Distance: 0.27137768868047
Maximum Sheep Distance: 0.3904155530338344
Elapsed Time: 12m 17s
********** 71 **********
Average Fitness: 0.12050000000000002
Maximum Fitness: 0.3333333333333333
Average Pen Distance: 0.5074990649447179
Maximum Pen Distance: 0.8600414457591317
Average Dog Distance: 0.6545848189041602
Maximum Dog Distance: 0.9694823638533787
Average Sheep Distance: 0.26996395760973424
Maximum Sheep Distance: 0.3904155530338344
Elapsed Time: 11m 41s
********** 72 **********
Average Fitness: 0.12216666666666669
Maximum Fitness: 0.3333333333333333
Average Pen Distance: 0.5084458777723595
Maximum Pen Distance: 0.8600414457591317
Average Dog Distance: 0.6541448416326772
Maximum Dog Distance: 0.9694823638533787
Average Sheep Distance: 0.2721714923279638
Maximum Sheep Distance: 0.3904155530338344
Elapsed Time: 10m 50s
********** 73 **********
Average Fitness: 0.12216666666666669
Maximum Fitness: 0.3333333333333333
Average Pen Distance: 0.5094296731033514
Maximum Pen Distance: 0.8600414457591317
Average Dog Distance: 0.6626232201309022
Maximum Dog Distance: 0.9694823638533787
Average Sheep Distance: 0.26859348424733226
Maximum Sheep Distance: 0.3904155530338344
Elapsed Time: 11m 29s
********** 74 **********
Average Fitness: 0.12300000000000001
Maximum Fitness: 0.3333333333333333
Average Pen Distance: 0.5080295560941362
Maximum Pen Distance: 0.8600414457591317
Average Dog Distance: 0.6633755574002841
Maximum Dog Distance: 0.9710695856858865
Average Sheep Distance: 0.26723612336076646
Maximum Sheep Distance: 0.3904155530338344
Elapsed Time: 11m 53s
********** 75 **********
Average Fitness: 0.1235
Maximum Fitness: 0.3333333333333333
Average Pen Distance: 0.5055897707949718
Maximum Pen Distance: 0.8600414457591317
Average Dog Distance: 0.6676775934211336
Maximum Dog Distance: 0.9694823638533787
Average Sheep Distance: 0.2689857121009902
Maximum Sheep Distance: 0.3904155530338344
Elapsed Time: 11m 41s
********** 76 **********
Average Fitness: 0.12583333333333335
Maximum Fitness: 0.3333333333333333
Average Pen Distance: 0.503828063478192
Maximum Pen Distance: 0.8600414457591317
Average Dog Distance: 0.6640677333505545
Maximum Dog Distance: 0.9694823638533787
Average Sheep Distance: 0.26951293901365303
Maximum Sheep Distance: 0.3904155530338344
Elapsed Time: 11m 38s
********** 77 **********
Average Fitness: 0.12466666666666666
Maximum Fitness: 0.3333333333333333
Average Pen Distance: 0.5062742426703593
Maximum Pen Distance: 0.8600414457591317
Average Dog Distance: 0.6608124972558919
Maximum Dog Distance: 0.9694823638533787
Average Sheep Distance: 0.26981823907049796
Maximum Sheep Distance: 0.3904155530338344
Elapsed Time: 11m 35s
********** 78 **********
Average Fitness: 0.12566666666666668
Maximum Fitness: 0.3333333333333333
Average Pen Distance: 0.5005347198025627
Maximum Pen Distance: 0.8600414457591317
Average Dog Distance: 0.6652356450781923
Maximum Dog Distance: 0.9694823638533787
Average Sheep Distance: 0.2671106634564994
Maximum Sheep Distance: 0.3904155530338344
Elapsed Time: 11m 17s
********** 79 **********
Average Fitness: 0.12666666666666665
Maximum Fitness: 0.3333333333333333
Average Pen Distance: 0.5042834439941956
Maximum Pen Distance: 0.862229956307703
Average Dog Distance: 0.6680563160893087
Maximum Dog Distance: 0.9694823638533787
Average Sheep Distance: 0.26731589585818505
Maximum Sheep Distance: 0.3904155530338344
Elapsed Time: 11m 52s
********** 80 **********
Average Fitness: 0.12733333333333335
Maximum Fitness: 0.3333333333333333
Average Pen Distance: 0.5101145817096662
Maximum Pen Distance: 0.862229956307703
Average Dog Distance: 0.6774326678745201
Maximum Dog Distance: 0.9694823638533787
Average Sheep Distance: 0.2668604170247573
Maximum Sheep Distance: 0.3904155530338344
Elapsed Time: 11m 30s
********** 81 **********
Average Fitness: 0.12566666666666668
Maximum Fitness: 0.3333333333333333
Average Pen Distance: 0.508770189203018
Maximum Pen Distance: 0.862229956307703
Average Dog Distance: 0.676895964683521
Maximum Dog Distance: 0.9753857724491564
Average Sheep Distance: 0.26911825938558964
Maximum Sheep Distance: 0.3904155530338344
Elapsed Time: 11m 49s
********** 82 **********
Average Fitness: 0.12433333333333335
Maximum Fitness: 0.3333333333333333
Average Pen Distance: 0.5122145579842694
Maximum Pen Distance: 0.862229956307703
Average Dog Distance: 0.6736781192237333
Maximum Dog Distance: 0.9753857724491564
Average Sheep Distance: 0.2690627118911982
Maximum Sheep Distance: 0.3904155530338344
Elapsed Time: 11m 15s
********** 83 **********
Average Fitness: 0.12416666666666668
Maximum Fitness: 0.3333333333333333
Average Pen Distance: 0.5075622528293499
Maximum Pen Distance: 0.862229956307703
Average Dog Distance: 0.6689647832173792
Maximum Dog Distance: 0.9753857724491564
Average Sheep Distance: 0.2693479666840054
Maximum Sheep Distance: 0.3904155530338344
Elapsed Time: 13m 0s
********** 84 **********
Average Fitness: 0.12333333333333335
Maximum Fitness: 0.3333333333333333
Average Pen Distance: 0.5049978910281961
Maximum Pen Distance: 0.862229956307703
Average Dog Distance: 0.6617876454339888
Maximum Dog Distance: 0.9753857724491564
Average Sheep Distance: 0.2656981193709569
Maximum Sheep Distance: 0.3904155530338344
Elapsed Time: 11m 12s
********** 85 **********
Average Fitness: 0.12616666666666668
Maximum Fitness: 0.3333333333333333
Average Pen Distance: 0.5037044120073979
Maximum Pen Distance: 0.862229956307703
Average Dog Distance: 0.6653624581353833
Maximum Dog Distance: 0.9753857724491564
Average Sheep Distance: 0.26430003298192617
Maximum Sheep Distance: 0.383009178084754
Elapsed Time: 11m 17s
********** 86 **********
Average Fitness: 0.12716666666666668
Maximum Fitness: 0.3333333333333333
Average Pen Distance: 0.509904511761524
Maximum Pen Distance: 0.862229956307703
Average Dog Distance: 0.6676163262067827
Maximum Dog Distance: 0.9694823638533787
Average Sheep Distance: 0.2649253216646869
Maximum Sheep Distance: 0.383009178084754
Elapsed Time: 12m 6s
********** 87 **********
Average Fitness: 0.12649999999999997
Maximum Fitness: 0.3333333333333333
Average Pen Distance: 0.5097630099028505
Maximum Pen Distance: 0.862229956307703
Average Dog Distance: 0.6658689911614779
Maximum Dog Distance: 0.9694823638533787
Average Sheep Distance: 0.2662071838003286
Maximum Sheep Distance: 0.383009178084754
Elapsed Time: 11m 45s
********** 88 **********
Average Fitness: 0.12833333333333333
Maximum Fitness: 0.3333333333333333
Average Pen Distance: 0.5071418955234085
Maximum Pen Distance: 0.862229956307703
Average Dog Distance: 0.6617717751102642
Maximum Dog Distance: 0.9694823638533787
Average Sheep Distance: 0.2663940384845751
Maximum Sheep Distance: 0.383009178084754
Elapsed Time: 11m 44s
********** 89 **********
Average Fitness: 0.1325
Maximum Fitness: 0.3333333333333333
Average Pen Distance: 0.4972606505345229
Maximum Pen Distance: 0.862229956307703
Average Dog Distance: 0.6594255730794225
Maximum Dog Distance: 0.9694823638533787
Average Sheep Distance: 0.2649249606594517
Maximum Sheep Distance: 0.383009178084754
Elapsed Time: 10m 50s
********** 90 **********
Average Fitness: 0.1315
Maximum Fitness: 0.3333333333333333
Average Pen Distance: 0.4980024313412048
Maximum Pen Distance: 0.862229956307703
Average Dog Distance: 0.6581388807135841
Maximum Dog Distance: 0.9694823638533787
Average Sheep Distance: 0.26678258511727704
Maximum Sheep Distance: 0.383009178084754
Elapsed Time: 10m 39s
********** 91 **********
Average Fitness: 0.13116666666666668
Maximum Fitness: 0.3333333333333333
Average Pen Distance: 0.5035656338875424
Maximum Pen Distance: 0.862229956307703
Average Dog Distance: 0.6590138500308362
Maximum Dog Distance: 0.9694823638533787
Average Sheep Distance: 0.26657160396542007
Maximum Sheep Distance: 0.383009178084754
Elapsed Time: 11m 36s
********** 92 **********
Average Fitness: 0.1305
Maximum Fitness: 0.3333333333333333
Average Pen Distance: 0.504913021547477
Maximum Pen Distance: 0.862229956307703
Average Dog Distance: 0.6632950241225062
Maximum Dog Distance: 0.9694823638533787
Average Sheep Distance: 0.26566108576613656
Maximum Sheep Distance: 0.383009178084754
Elapsed Time: 12m 29s
********** 93 **********
Average Fitness: 0.12966666666666668
Maximum Fitness: 0.3333333333333333
Average Pen Distance: 0.513609964513394
Maximum Pen Distance: 0.862229956307703
Average Dog Distance: 0.6638658349541512
Maximum Dog Distance: 0.9694823638533787
Average Sheep Distance: 0.26632496043694087
Maximum Sheep Distance: 0.383009178084754
Elapsed Time: 11m 57s
********** 94 **********
Average Fitness: 0.12933333333333333
Maximum Fitness: 0.3333333333333333
Average Pen Distance: 0.5047576210845173
Maximum Pen Distance: 0.862229956307703
Average Dog Distance: 0.6585155545240924
Maximum Dog Distance: 0.9694823638533787
Average Sheep Distance: 0.2671580894754974
Maximum Sheep Distance: 0.383009178084754
Elapsed Time: 11m 14s
********** 95 **********
Average Fitness: 0.13066666666666665
Maximum Fitness: 0.3333333333333333
Average Pen Distance: 0.5070265862506064
Maximum Pen Distance: 0.862229956307703
Average Dog Distance: 0.6655537057436461
Maximum Dog Distance: 0.9694823638533787
Average Sheep Distance: 0.266898989790769
Maximum Sheep Distance: 0.383009178084754
Elapsed Time: 11m 28s
********** 96 **********
Average Fitness: 0.13266666666666668
Maximum Fitness: 0.3333333333333333
Average Pen Distance: 0.5031555250450898
Maximum Pen Distance: 0.862229956307703
Average Dog Distance: 0.6651255492830953
Maximum Dog Distance: 0.9694823638533787
Average Sheep Distance: 0.266199322582452
Maximum Sheep Distance: 0.383009178084754
Elapsed Time: 11m 41s
********** 97 **********
Average Fitness: 0.13066666666666668
Maximum Fitness: 0.3333333333333333
Average Pen Distance: 0.5065626593949872
Maximum Pen Distance: 0.862229956307703
Average Dog Distance: 0.6693662468999091
Maximum Dog Distance: 0.9694823638533787
Average Sheep Distance: 0.26412027238807595
Maximum Sheep Distance: 0.383009178084754
Elapsed Time: 11m 24s
********** 98 **********
Average Fitness: 0.13150000000000003
Maximum Fitness: 0.3333333333333333
Average Pen Distance: 0.5061338401229986
Maximum Pen Distance: 0.862229956307703
Average Dog Distance: 0.664554432553039
Maximum Dog Distance: 0.9694823638533787
Average Sheep Distance: 0.2666346490409961
Maximum Sheep Distance: 0.383009178084754
Elapsed Time: 11m 39s
********** 99 **********
Average Fitness: 0.12966666666666668
Maximum Fitness: 0.3333333333333333
Average Pen Distance: 0.520960138301523
Maximum Pen Distance: 0.8769118807609083
Average Dog Distance: 0.6660421766302109
Maximum Dog Distance: 0.9694823638533787
Average Sheep Distance: 0.26658521320070006
Maximum Sheep Distance: 0.383009178084754
Elapsed Time: 11m 45s
********** 100 **********
Average Fitness: 0.1305
Maximum Fitness: 0.3333333333333333
Average Pen Distance: 0.5243897584726545
Maximum Pen Distance: 0.8769118807609083
Average Dog Distance: 0.6664380590264295
Maximum Dog Distance: 0.9694823638533787
Average Sheep Distance: 0.26646500069427714
Maximum Sheep Distance: 0.383009178084754
Elapsed Time: 11m 45s
********** 1 **********
Average Fitness: 0.049
Maximum Fitness: 0.16666666666666666
Average Pen Distance: 0.5134394857135434
Maximum Pen Distance: 0.7632071998643468
Average Dog Distance: 0.7440764682473459
Maximum Dog Distance: 0.9408331641613589
Average Sheep Distance: 0.2576817875080541
Maximum Sheep Distance: 0.331901906120702
Elapsed Time: 23m 33s
********** 2 **********
Average Fitness: 0.058499999999999996
Maximum Fitness: 0.18333333333333335
Average Pen Distance: 0.5093701212676001
Maximum Pen Distance: 0.7710885576745762
Average Dog Distance: 0.7402876967138216
Maximum Dog Distance: 0.9408331641613589
Average Sheep Distance: 0.26002812151361604
Maximum Sheep Distance: 0.331901906120702
Elapsed Time: 11m 35s
********** 3 **********
Average Fitness: 0.06216666666666667
Maximum Fitness: 0.18333333333333335
Average Pen Distance: 0.5142207910668481
Maximum Pen Distance: 0.8668609077136216
Average Dog Distance: 0.7246594455202354
Maximum Dog Distance: 0.9408331641613589
Average Sheep Distance: 0.26465042651917003
Maximum Sheep Distance: 0.3761506860883925
Elapsed Time: 11m 55s
********** 4 **********
Average Fitness: 0.06633333333333334
Maximum Fitness: 0.2833333333333334
Average Pen Distance: 0.4963821017308526
Maximum Pen Distance: 0.8668609077136216
Average Dog Distance: 0.7166464686913467
Maximum Dog Distance: 0.9698597610745009
Average Sheep Distance: 0.2634958133203863
Maximum Sheep Distance: 0.3761506860883925
Elapsed Time: 11m 36s
********** 5 **********
Average Fitness: 0.06833333333333333
Maximum Fitness: 0.2833333333333334
Average Pen Distance: 0.5052953554179757
Maximum Pen Distance: 0.8668609077136216
Average Dog Distance: 0.708150271373303
Maximum Dog Distance: 0.9698597610745009
Average Sheep Distance: 0.2646905658205949
Maximum Sheep Distance: 0.3761506860883925
Elapsed Time: 11m 31s
********** 6 **********
Average Fitness: 0.0705
Maximum Fitness: 0.2833333333333334
Average Pen Distance: 0.5174991398053272
Maximum Pen Distance: 0.8668609077136216
Average Dog Distance: 0.7105990630531823
Maximum Dog Distance: 0.9698597610745009
Average Sheep Distance: 0.266115352586994
Maximum Sheep Distance: 0.3761506860883925
Elapsed Time: 11m 3s
********** 7 **********
Average Fitness: 0.07216666666666666
Maximum Fitness: 0.2833333333333334
Average Pen Distance: 0.5089353136027502
Maximum Pen Distance: 0.8668609077136216
Average Dog Distance: 0.7094407421364677
Maximum Dog Distance: 0.9698597610745009
Average Sheep Distance: 0.264843182716513
Maximum Sheep Distance: 0.3761506860883925
Elapsed Time: 11m 57s
********** 8 **********
Average Fitness: 0.077
Maximum Fitness: 0.2833333333333334
Average Pen Distance: 0.4961778984749209
Maximum Pen Distance: 0.8668609077136216
Average Dog Distance: 0.6994287247469769
Maximum Dog Distance: 0.9408331641613589
Average Sheep Distance: 0.2660168986224482
Maximum Sheep Distance: 0.3761506860883925
Elapsed Time: 10m 52s
********** 9 **********
Average Fitness: 0.079
Maximum Fitness: 0.2833333333333334
Average Pen Distance: 0.500334973344246
Maximum Pen Distance: 0.8668609077136216
Average Dog Distance: 0.6927041974613889
Maximum Dog Distance: 0.9408331641613589
Average Sheep Distance: 0.26580973177270895
Maximum Sheep Distance: 0.3761506860883925
Elapsed Time: 11m 16s
********** 10 **********
Average Fitness: 0.08016666666666668
Maximum Fitness: 0.2833333333333334
Average Pen Distance: 0.5000108926857619
Maximum Pen Distance: 0.8668609077136216
Average Dog Distance: 0.6920320234463442
Maximum Dog Distance: 0.9408331641613589
Average Sheep Distance: 0.2656730594006083
Maximum Sheep Distance: 0.3761506860883925
Elapsed Time: 11m 40s
********** 11 **********
Average Fitness: 0.08166666666666672
Maximum Fitness: 0.2833333333333334
Average Pen Distance: 0.49682400226854284
Maximum Pen Distance: 0.8668609077136216
Average Dog Distance: 0.688869197024695
Maximum Dog Distance: 0.9415759964302732
Average Sheep Distance: 0.26776731812342475
Maximum Sheep Distance: 0.3761506860883925
Elapsed Time: 11m 45s
********** 12 **********
Average Fitness: 0.08266666666666668
Maximum Fitness: 0.2833333333333334
Average Pen Distance: 0.5023533081624144
Maximum Pen Distance: 0.8668609077136216
Average Dog Distance: 0.6810353223861505
Maximum Dog Distance: 0.9415759964302732
Average Sheep Distance: 0.2686828157537751
Maximum Sheep Distance: 0.3761506860883925
Elapsed Time: 11m 51s
********** 13 **********
Average Fitness: 0.086
Maximum Fitness: 0.2833333333333334
Average Pen Distance: 0.5066641462668341
Maximum Pen Distance: 0.8668609077136216
Average Dog Distance: 0.6860102356325818
Maximum Dog Distance: 0.9415759964302732
Average Sheep Distance: 0.27058167922461984
Maximum Sheep Distance: 0.3815616348430198
Elapsed Time: 12m 8s
********** 14 **********
Average Fitness: 0.08683333333333336
Maximum Fitness: 0.2833333333333334
Average Pen Distance: 0.5124319581924683
Maximum Pen Distance: 0.8668609077136216
Average Dog Distance: 0.6907945694900017
Maximum Dog Distance: 0.9415759964302732
Average Sheep Distance: 0.27292670236350847
Maximum Sheep Distance: 0.3815616348430198
Elapsed Time: 11m 15s
********** 15 **********
Average Fitness: 0.09050000000000002
Maximum Fitness: 0.2833333333333334
Average Pen Distance: 0.5105836253115307
Maximum Pen Distance: 0.8668609077136216
Average Dog Distance: 0.6775849836897982
Maximum Dog Distance: 0.9415759964302732
Average Sheep Distance: 0.2726190515862743
Maximum Sheep Distance: 0.3815616348430198
Elapsed Time: 11m 40s
********** 16 **********
Average Fitness: 0.09350000000000001
Maximum Fitness: 0.2833333333333334
Average Pen Distance: 0.5045756244793743
Maximum Pen Distance: 0.8379754194663676
Average Dog Distance: 0.6773306869387372
Maximum Dog Distance: 0.9498592716070683
Average Sheep Distance: 0.27064888854380287
Maximum Sheep Distance: 0.3815616348430198
Elapsed Time: 11m 44s
********** 17 **********
Average Fitness: 0.09266666666666667
Maximum Fitness: 0.2833333333333334
Average Pen Distance: 0.5011384160060213
Maximum Pen Distance: 0.8847915077704102
Average Dog Distance: 0.6682125733445647
Maximum Dog Distance: 0.9498592716070683
Average Sheep Distance: 0.26964213824602945
Maximum Sheep Distance: 0.3815616348430198
Elapsed Time: 11m 14s
********** 18 **********
Average Fitness: 0.09250000000000001
Maximum Fitness: 0.2833333333333334
Average Pen Distance: 0.5105587811065603
Maximum Pen Distance: 0.8847915077704102
Average Dog Distance: 0.6681522553381728
Maximum Dog Distance: 0.9498592716070683
Average Sheep Distance: 0.27231682180858113
Maximum Sheep Distance: 0.3815616348430198
Elapsed Time: 11m 21s
********** 19 **********
Average Fitness: 0.09366666666666669
Maximum Fitness: 0.2833333333333334
Average Pen Distance: 0.523435377910333
Maximum Pen Distance: 0.8847915077704102
Average Dog Distance: 0.6734856802031226
Maximum Dog Distance: 0.9498592716070683
Average Sheep Distance: 0.2717347386436974
Maximum Sheep Distance: 0.3815616348430198
Elapsed Time: 11m 57s
********** 20 **********
Average Fitness: 0.09383333333333332
Maximum Fitness: 0.2833333333333334
Average Pen Distance: 0.5258540032350776
Maximum Pen Distance: 0.8847915077704102
Average Dog Distance: 0.6739209845796001
Maximum Dog Distance: 0.9498592716070683
Average Sheep Distance: 0.27287325766131626
Maximum Sheep Distance: 0.3815616348430198
Elapsed Time: 11m 41s
********** 21 **********
Average Fitness: 0.096
Maximum Fitness: 0.2833333333333334
Average Pen Distance: 0.5254805093003735
Maximum Pen Distance: 0.8847915077704102
Average Dog Distance: 0.66489153909221
Maximum Dog Distance: 0.9460942526049562
Average Sheep Distance: 0.2725133286055849
Maximum Sheep Distance: 0.3815616348430198
Elapsed Time: 11m 11s
********** 22 **********
Average Fitness: 0.09450000000000003
Maximum Fitness: 0.2833333333333334
Average Pen Distance: 0.5410261149821758
Maximum Pen Distance: 0.8847915077704102
Average Dog Distance: 0.6713728974849067
Maximum Dog Distance: 0.9460942526049562
Average Sheep Distance: 0.27434948363379735
Maximum Sheep Distance: 0.4057258370297736
Elapsed Time: 11m 23s
********** 23 **********
Average Fitness: 0.09516666666666668
Maximum Fitness: 0.2833333333333334
Average Pen Distance: 0.5440711970292298
Maximum Pen Distance: 0.8847915077704102
Average Dog Distance: 0.6694220397479058
Maximum Dog Distance: 0.9460942526049562
Average Sheep Distance: 0.2761771059086777
Maximum Sheep Distance: 0.4057258370297736
Elapsed Time: 11m 53s
********** 24 **********
Average Fitness: 0.0956666666666667
Maximum Fitness: 0.2833333333333334
Average Pen Distance: 0.5376391596535344
Maximum Pen Distance: 0.8847915077704102
Average Dog Distance: 0.6706249786767167
Maximum Dog Distance: 0.9415759964302732
Average Sheep Distance: 0.27747767284012154
Maximum Sheep Distance: 0.4057258370297736
Elapsed Time: 11m 19s
********** 25 **********
Average Fitness: 0.09700000000000003
Maximum Fitness: 0.2833333333333334
Average Pen Distance: 0.5239539020403882
Maximum Pen Distance: 0.8847915077704102
Average Dog Distance: 0.6684339855954601
Maximum Dog Distance: 0.9415759964302732
Average Sheep Distance: 0.273918593503665
Maximum Sheep Distance: 0.4057258370297736
Elapsed Time: 11m 23s
********** 26 **********
Average Fitness: 0.09816666666666668
Maximum Fitness: 0.2833333333333334
Average Pen Distance: 0.5206130234424561
Maximum Pen Distance: 0.8847915077704102
Average Dog Distance: 0.6693812974755172
Maximum Dog Distance: 0.9415759964302732
Average Sheep Distance: 0.27237155739157637
Maximum Sheep Distance: 0.4057258370297736
Elapsed Time: 11m 23s
********** 27 **********
Average Fitness: 0.09799999999999999
Maximum Fitness: 0.2833333333333334
Average Pen Distance: 0.5220048523797209
Maximum Pen Distance: 0.8847915077704102
Average Dog Distance: 0.6707474270242496
Maximum Dog Distance: 0.9415759964302732
Average Sheep Distance: 0.2731249963401646
Maximum Sheep Distance: 0.4057258370297736
Elapsed Time: 11m 51s
********** 28 **********
Average Fitness: 0.09749999999999998
Maximum Fitness: 0.2833333333333334
Average Pen Distance: 0.5165807930527236
Maximum Pen Distance: 0.8847915077704102
Average Dog Distance: 0.6596067308001237
Maximum Dog Distance: 0.9415759964302732
Average Sheep Distance: 0.2743131820913281
Maximum Sheep Distance: 0.4057258370297736
Elapsed Time: 11m 23s
********** 29 **********
Average Fitness: 0.10033333333333334
Maximum Fitness: 0.2833333333333334
Average Pen Distance: 0.5163945160640386
Maximum Pen Distance: 0.8847915077704102
Average Dog Distance: 0.661693956069406
Maximum Dog Distance: 0.9442069978069223
Average Sheep Distance: 0.2741463903944983
Maximum Sheep Distance: 0.4057258370297736
Elapsed Time: 11m 46s
********** 30 **********
Average Fitness: 0.10183333333333336
Maximum Fitness: 0.2833333333333334
Average Pen Distance: 0.5144354222237673
Maximum Pen Distance: 0.8847915077704102
Average Dog Distance: 0.6545733076438612
Maximum Dog Distance: 0.9415759964302732
Average Sheep Distance: 0.2750402518463478
Maximum Sheep Distance: 0.4057258370297736
Elapsed Time: 11m 50s
********** 31 **********
Average Fitness: 0.10083333333333332
Maximum Fitness: 0.2833333333333334
Average Pen Distance: 0.5265469904154234
Maximum Pen Distance: 0.8847915077704102
Average Dog Distance: 0.6593676703839425
Maximum Dog Distance: 0.9667412746778726
Average Sheep Distance: 0.27401979027339907
Maximum Sheep Distance: 0.4057258370297736
Elapsed Time: 11m 58s
********** 32 **********
Average Fitness: 0.10333333333333336
Maximum Fitness: 0.2833333333333334
Average Pen Distance: 0.5117845144690846
Maximum Pen Distance: 0.8847915077704102
Average Dog Distance: 0.6529537239560697
Maximum Dog Distance: 0.9667412746778726
Average Sheep Distance: 0.2724926155779012
Maximum Sheep Distance: 0.4057258370297736
Elapsed Time: 11m 49s
********** 33 **********
Average Fitness: 0.10266666666666667
Maximum Fitness: 0.2833333333333334
Average Pen Distance: 0.5253322213123429
Maximum Pen Distance: 0.8847915077704102
Average Dog Distance: 0.6535191778982374
Maximum Dog Distance: 0.9667412746778726
Average Sheep Distance: 0.2762010668482629
Maximum Sheep Distance: 0.4057258370297736
Elapsed Time: 11m 49s
********** 34 **********
Average Fitness: 0.10350000000000001
Maximum Fitness: 0.2833333333333334
Average Pen Distance: 0.5246412027478781
Maximum Pen Distance: 0.8847915077704102
Average Dog Distance: 0.6553195007614679
Maximum Dog Distance: 0.9415759964302732
Average Sheep Distance: 0.27650303415556904
Maximum Sheep Distance: 0.4057258370297736
Elapsed Time: 11m 47s
********** 35 **********
Average Fitness: 0.1045
Maximum Fitness: 0.2833333333333334
Average Pen Distance: 0.5210433682275825
Maximum Pen Distance: 0.8847915077704102
Average Dog Distance: 0.650542902673718
Maximum Dog Distance: 0.9415759964302732
Average Sheep Distance: 0.2757735184344169
Maximum Sheep Distance: 0.4057258370297736
Elapsed Time: 11m 56s
********** 36 **********
Average Fitness: 0.10533333333333335
Maximum Fitness: 0.2833333333333334
Average Pen Distance: 0.5228703586224253
Maximum Pen Distance: 0.8847915077704102
Average Dog Distance: 0.655603600240583
Maximum Dog Distance: 0.9616616384753459
Average Sheep Distance: 0.27508747548748647
Maximum Sheep Distance: 0.4057258370297736
Elapsed Time: 11m 59s
********** 37 **********
Average Fitness: 0.10533333333333333
Maximum Fitness: 0.2833333333333334
Average Pen Distance: 0.5266422002215024
Maximum Pen Distance: 0.8847915077704102
Average Dog Distance: 0.6592174639167423
Maximum Dog Distance: 0.9616616384753459
Average Sheep Distance: 0.27466583324858856
Maximum Sheep Distance: 0.4057258370297736
Elapsed Time: 11m 27s
********** 38 **********
Average Fitness: 0.10883333333333332
Maximum Fitness: 0.2833333333333334
Average Pen Distance: 0.5234357769904008
Maximum Pen Distance: 0.8847915077704102
Average Dog Distance: 0.6595100842863431
Maximum Dog Distance: 0.9616616384753459
Average Sheep Distance: 0.27513281851585747
Maximum Sheep Distance: 0.4057258370297736
Elapsed Time: 11m 24s
********** 39 **********
Average Fitness: 0.10899999999999999
Maximum Fitness: 0.2833333333333334
Average Pen Distance: 0.5268388028015994
Maximum Pen Distance: 0.8847915077704102
Average Dog Distance: 0.6557905852908348
Maximum Dog Distance: 0.9616616384753459
Average Sheep Distance: 0.2766284464930132
Maximum Sheep Distance: 0.4057258370297736
Elapsed Time: 11m 39s
********** 40 **********
Average Fitness: 0.10800000000000001
Maximum Fitness: 0.2833333333333334
Average Pen Distance: 0.5306370312178207
Maximum Pen Distance: 0.8847915077704102
Average Dog Distance: 0.6534893287147032
Maximum Dog Distance: 0.9616616384753459
Average Sheep Distance: 0.2758587782484966
Maximum Sheep Distance: 0.4057258370297736
Elapsed Time: 11m 48s
********** 41 **********
Average Fitness: 0.11066666666666668
Maximum Fitness: 0.2833333333333334
Average Pen Distance: 0.5316443932676185
Maximum Pen Distance: 0.9005922451089758
Average Dog Distance: 0.6556290452489235
Maximum Dog Distance: 0.9616616384753459
Average Sheep Distance: 0.2747004497478519
Maximum Sheep Distance: 0.4057258370297736
Elapsed Time: 11m 40s
********** 42 **********
Average Fitness: 0.10833333333333335
Maximum Fitness: 0.2833333333333334
Average Pen Distance: 0.5566910864910393
Maximum Pen Distance: 0.9005922451089758
Average Dog Distance: 0.6527553643151609
Maximum Dog Distance: 0.9616616384753459
Average Sheep Distance: 0.2769253128328755
Maximum Sheep Distance: 0.4057258370297736
Elapsed Time: 11m 40s
********** 43 **********
Average Fitness: 0.10816666666666666
Maximum Fitness: 0.2833333333333334
Average Pen Distance: 0.5483657163130115
Maximum Pen Distance: 0.9005922451089758
Average Dog Distance: 0.6526401587145032
Maximum Dog Distance: 0.9616616384753459
Average Sheep Distance: 0.27421132363814954
Maximum Sheep Distance: 0.4057258370297736
Elapsed Time: 11m 20s
********** 44 **********
Average Fitness: 0.10716666666666667
Maximum Fitness: 0.2833333333333334
Average Pen Distance: 0.5543256499906122
Maximum Pen Distance: 0.9005922451089758
Average Dog Distance: 0.6579060143263155
Maximum Dog Distance: 0.9719655630454419
Average Sheep Distance: 0.27531367197638446
Maximum Sheep Distance: 0.4057258370297736
Elapsed Time: 10m 53s
********** 45 **********
Average Fitness: 0.10716666666666667
Maximum Fitness: 0.2833333333333334
Average Pen Distance: 0.5570905646819813
Maximum Pen Distance: 0.9005922451089758
Average Dog Distance: 0.6570000256836126
Maximum Dog Distance: 0.9719655630454419
Average Sheep Distance: 0.27829369189127634
Maximum Sheep Distance: 0.41745620787927
Elapsed Time: 11m 56s
********** 46 **********
Average Fitness: 0.11016666666666668
Maximum Fitness: 0.2833333333333334
Average Pen Distance: 0.5502299501177927
Maximum Pen Distance: 0.9005922451089758
Average Dog Distance: 0.6568006755575568
Maximum Dog Distance: 0.9719655630454419
Average Sheep Distance: 0.2780197948687477
Maximum Sheep Distance: 0.41745620787927
Elapsed Time: 11m 53s
********** 47 **********
Average Fitness: 0.10883333333333332
Maximum Fitness: 0.2833333333333334
Average Pen Distance: 0.5473106684971816
Maximum Pen Distance: 0.9005922451089758
Average Dog Distance: 0.6689830889318185
Maximum Dog Distance: 0.9719655630454419
Average Sheep Distance: 0.2785025884764577
Maximum Sheep Distance: 0.41745620787927
Elapsed Time: 11m 9s
********** 48 **********
Average Fitness: 0.1105
Maximum Fitness: 0.2833333333333334
Average Pen Distance: 0.5462744436680564
Maximum Pen Distance: 0.9105053231841369
Average Dog Distance: 0.667319240912173
Maximum Dog Distance: 0.9719655630454419
Average Sheep Distance: 0.2773290319950864
Maximum Sheep Distance: 0.41745620787927
Elapsed Time: 10m 51s
********** 49 **********
Average Fitness: 0.1115
Maximum Fitness: 0.2833333333333334
Average Pen Distance: 0.5492755551901953
Maximum Pen Distance: 0.9105053231841369
Average Dog Distance: 0.6614107123285927
Maximum Dog Distance: 0.9719655630454419
Average Sheep Distance: 0.2786726210815168
Maximum Sheep Distance: 0.3815616348430198
Elapsed Time: 5m 48s
********** 50 **********
Average Fitness: 0.11316666666666668
Maximum Fitness: 0.2833333333333334
Average Pen Distance: 0.5421934716057212
Maximum Pen Distance: 0.9105053231841369
Average Dog Distance: 0.6599650361328426
Maximum Dog Distance: 0.9719655630454419
Average Sheep Distance: 0.27627581502975507
Maximum Sheep Distance: 0.3815616348430198
Elapsed Time: 5m 50s
********** 51 **********
Average Fitness: 0.11383333333333334
Maximum Fitness: 0.2833333333333334
Average Pen Distance: 0.5415591149900365
Maximum Pen Distance: 0.9105053231841369
Average Dog Distance: 0.6540205334152961
Maximum Dog Distance: 0.9719655630454419
Average Sheep Distance: 0.2788713392727513
Maximum Sheep Distance: 0.3815616348430198
Elapsed Time: 5m 54s
********** 52 **********
Average Fitness: 0.11433333333333336
Maximum Fitness: 0.2833333333333334
Average Pen Distance: 0.5332126630742094
Maximum Pen Distance: 0.9105053231841369
Average Dog Distance: 0.6602989028847783
Maximum Dog Distance: 0.9719655630454419
Average Sheep Distance: 0.2781349784944815
Maximum Sheep Distance: 0.3815616348430198
Elapsed Time: 6m 21s
********** 53 **********
Average Fitness: 0.11616666666666667
Maximum Fitness: 0.2833333333333334
Average Pen Distance: 0.5348054707431806
Maximum Pen Distance: 0.9105053231841369
Average Dog Distance: 0.6595886286414422
Maximum Dog Distance: 0.9719655630454419
Average Sheep Distance: 0.278569788733712
Maximum Sheep Distance: 0.3815616348430198
Elapsed Time: 5m 48s
********** 54 **********
Average Fitness: 0.11400000000000002
Maximum Fitness: 0.2833333333333334
Average Pen Distance: 0.5459111681748783
Maximum Pen Distance: 0.9105053231841369
Average Dog Distance: 0.669802444157586
Maximum Dog Distance: 0.9719655630454419
Average Sheep Distance: 0.2796787467640175
Maximum Sheep Distance: 0.3815616348430198
Elapsed Time: 5m 47s
********** 55 **********
Average Fitness: 0.11183333333333335
Maximum Fitness: 0.2833333333333334
Average Pen Distance: 0.5522471301877286
Maximum Pen Distance: 0.9105053231841369
Average Dog Distance: 0.6705305589141662
Maximum Dog Distance: 0.9719655630454419
Average Sheep Distance: 0.27810810131524677
Maximum Sheep Distance: 0.3815616348430198
Elapsed Time: 5m 48s
********** 56 **********
Average Fitness: 0.1106666666666667
Maximum Fitness: 0.2833333333333334
Average Pen Distance: 0.5490698877962905
Maximum Pen Distance: 0.9105053231841369
Average Dog Distance: 0.6558671336468724
Maximum Dog Distance: 0.9719655630454419
Average Sheep Distance: 0.27779248086498814
Maximum Sheep Distance: 0.3815616348430198
Elapsed Time: 5m 45s
********** 57 **********
Average Fitness: 0.11166666666666669
Maximum Fitness: 0.2833333333333334
Average Pen Distance: 0.5400590286440673
Maximum Pen Distance: 0.9105053231841369
Average Dog Distance: 0.6439966551636441
Maximum Dog Distance: 0.9719655630454419
Average Sheep Distance: 0.2790613787733307
Maximum Sheep Distance: 0.3815616348430198
Elapsed Time: 6m 14s
********** 58 **********
Average Fitness: 0.11500000000000002
Maximum Fitness: 0.2833333333333334
Average Pen Distance: 0.5159560795752438
Maximum Pen Distance: 0.9105053231841369
Average Dog Distance: 0.6421974497143229
Maximum Dog Distance: 0.9719655630454419
Average Sheep Distance: 0.2765592267343151
Maximum Sheep Distance: 0.3815616348430198
Elapsed Time: 5m 52s
********** 59 **********
Average Fitness: 0.11416666666666667
Maximum Fitness: 0.2833333333333334
Average Pen Distance: 0.538883493443915
Maximum Pen Distance: 0.9105053231841369
Average Dog Distance: 0.6607674272708965
Maximum Dog Distance: 0.9719655630454419
Average Sheep Distance: 0.27779224850203854
Maximum Sheep Distance: 0.3815616348430198
Elapsed Time: 5m 51s
********** 60 **********
Average Fitness: 0.11483333333333336
Maximum Fitness: 0.2833333333333334
Average Pen Distance: 0.5397012604017859
Maximum Pen Distance: 0.9105053231841369
Average Dog Distance: 0.658447947819612
Maximum Dog Distance: 0.9754720769078351
Average Sheep Distance: 0.2786579950945256
Maximum Sheep Distance: 0.3815616348430198
Elapsed Time: 5m 46s
********** 61 **********
Average Fitness: 0.11866666666666667
Maximum Fitness: 0.2833333333333334
Average Pen Distance: 0.5240160715036855
Maximum Pen Distance: 0.9105053231841369
Average Dog Distance: 0.6454732605272773
Maximum Dog Distance: 0.9754720769078351
Average Sheep Distance: 0.27402421604004884
Maximum Sheep Distance: 0.3815616348430198
Elapsed Time: 5m 45s
********** 62 **********
Average Fitness: 0.11933333333333335
Maximum Fitness: 0.2833333333333334
Average Pen Distance: 0.5326882766168555
Maximum Pen Distance: 0.9105053231841369
Average Dog Distance: 0.6437541017906467
Maximum Dog Distance: 0.9754720769078351
Average Sheep Distance: 0.27704565740461784
Maximum Sheep Distance: 0.4057061329593647
Elapsed Time: 5m 53s
********** 63 **********
Average Fitness: 0.11916666666666668
Maximum Fitness: 0.2833333333333334
Average Pen Distance: 0.5421745012169402
Maximum Pen Distance: 0.9105053231841369
Average Dog Distance: 0.6458853181340842
Maximum Dog Distance: 0.9754720769078351
Average Sheep Distance: 0.2786169713078821
Maximum Sheep Distance: 0.4057061329593647
Elapsed Time: 5m 51s
********** 64 **********
Average Fitness: 0.12016666666666667
Maximum Fitness: 0.2833333333333334
Average Pen Distance: 0.5491813388616544
Maximum Pen Distance: 0.9105053231841369
Average Dog Distance: 0.6448392353916975
Maximum Dog Distance: 0.9754720769078351
Average Sheep Distance: 0.2771563910610065
Maximum Sheep Distance: 0.4057061329593647
Elapsed Time: 5m 49s
********** 65 **********
Average Fitness: 0.124
Maximum Fitness: 0.2833333333333334
Average Pen Distance: 0.5452667725483364
Maximum Pen Distance: 0.9105053231841369
Average Dog Distance: 0.6479931305942714
Maximum Dog Distance: 0.9754720769078351
Average Sheep Distance: 0.2772006404071716
Maximum Sheep Distance: 0.4057061329593647
Elapsed Time: 5m 56s
********** 66 **********
Average Fitness: 0.12533333333333335
Maximum Fitness: 0.3
Average Pen Distance: 0.5398579472380303
Maximum Pen Distance: 0.9171007473218481
Average Dog Distance: 0.6447947876499964
Maximum Dog Distance: 0.9754720769078351
Average Sheep Distance: 0.27744952384343835
Maximum Sheep Distance: 0.4057061329593647
Elapsed Time: 5m 52s
********** 67 **********
Average Fitness: 0.12416666666666668
Maximum Fitness: 0.3
Average Pen Distance: 0.5458953094243482
Maximum Pen Distance: 0.9171007473218481
Average Dog Distance: 0.6460471616621666
Maximum Dog Distance: 0.9754720769078351
Average Sheep Distance: 0.27838329419333285
Maximum Sheep Distance: 0.4057061329593647
Elapsed Time: 5m 49s
********** 68 **********
Average Fitness: 0.12250000000000001
Maximum Fitness: 0.3
Average Pen Distance: 0.5428141725294285
Maximum Pen Distance: 0.9105053231841369
Average Dog Distance: 0.6418499576806085
Maximum Dog Distance: 0.9754720769078351
Average Sheep Distance: 0.2788952802052242
Maximum Sheep Distance: 0.4057061329593647
Elapsed Time: 5m 49s
********** 69 **********
Average Fitness: 0.12333333333333334
Maximum Fitness: 0.3
Average Pen Distance: 0.5355820673649629
Maximum Pen Distance: 0.8980890517862732
Average Dog Distance: 0.6354850476658627
Maximum Dog Distance: 0.9754720769078351
Average Sheep Distance: 0.2764639152435595
Maximum Sheep Distance: 0.4057061329593647
Elapsed Time: 5m 46s
********** 70 **********
Average Fitness: 0.12633333333333335
Maximum Fitness: 0.3
Average Pen Distance: 0.5317019708543044
Maximum Pen Distance: 0.907782214337573
Average Dog Distance: 0.6264255535969534
Maximum Dog Distance: 0.9754720769078351
Average Sheep Distance: 0.2787885960555435
Maximum Sheep Distance: 0.43049944814032
Elapsed Time: 6m 21s
********** 71 **********
Average Fitness: 0.12350000000000001
Maximum Fitness: 0.3
Average Pen Distance: 0.5519357459950796
Maximum Pen Distance: 0.9376905988691965
Average Dog Distance: 0.6283123833176812
Maximum Dog Distance: 0.9647580403073639
Average Sheep Distance: 0.2789065572363699
Maximum Sheep Distance: 0.43049944814032
Elapsed Time: 5m 51s
********** 72 **********
Average Fitness: 0.12566666666666668
Maximum Fitness: 0.3
Average Pen Distance: 0.550809450819981
Maximum Pen Distance: 0.9376905988691965
Average Dog Distance: 0.6303187809591883
Maximum Dog Distance: 0.9647580403073639
Average Sheep Distance: 0.2790886818376197
Maximum Sheep Distance: 0.43049944814032
Elapsed Time: 5m 57s
********** 73 **********
Average Fitness: 0.12533333333333335
Maximum Fitness: 0.3
Average Pen Distance: 0.5621795531330552
Maximum Pen Distance: 0.9376905988691965
Average Dog Distance: 0.634498870887038
Maximum Dog Distance: 0.9647580403073639
Average Sheep Distance: 0.2813755811046557
Maximum Sheep Distance: 0.43049944814032
Elapsed Time: 5m 54s
********** 74 **********
Average Fitness: 0.12750000000000003
Maximum Fitness: 0.3
Average Pen Distance: 0.5500963049229016
Maximum Pen Distance: 0.9376905988691965
Average Dog Distance: 0.6299239669219664
Maximum Dog Distance: 0.9210142429201994
Average Sheep Distance: 0.27840803311191525
Maximum Sheep Distance: 0.3989570376507215
Elapsed Time: 6m 7s
********** 75 **********
Average Fitness: 0.1285
Maximum Fitness: 0.3
Average Pen Distance: 0.5500106308431572
Maximum Pen Distance: 0.9376905988691965
Average Dog Distance: 0.633441908770219
Maximum Dog Distance: 0.9210142429201994
Average Sheep Distance: 0.28025002412024913
Maximum Sheep Distance: 0.3989570376507215
Elapsed Time: 5m 54s
********** 76 **********
Average Fitness: 0.1276666666666667
Maximum Fitness: 0.3
Average Pen Distance: 0.553100485910765
Maximum Pen Distance: 0.9376905988691965
Average Dog Distance: 0.6351991443425292
Maximum Dog Distance: 0.9210142429201994
Average Sheep Distance: 0.27904606091310774
Maximum Sheep Distance: 0.3989570376507215
Elapsed Time: 5m 44s
********** 77 **********
Average Fitness: 0.12800000000000003
Maximum Fitness: 0.3
Average Pen Distance: 0.5529912907038412
Maximum Pen Distance: 0.9376905988691965
Average Dog Distance: 0.6364550325376186
Maximum Dog Distance: 0.9210142429201994
Average Sheep Distance: 0.2778727370393874
Maximum Sheep Distance: 0.3989570376507215
Elapsed Time: 6m 27s
********** 78 **********
Average Fitness: 0.1281666666666667
Maximum Fitness: 0.3
Average Pen Distance: 0.5578544342183968
Maximum Pen Distance: 0.9376905988691965
Average Dog Distance: 0.6406659569295602
Maximum Dog Distance: 0.9210142429201994
Average Sheep Distance: 0.2803441818990088
Maximum Sheep Distance: 0.3989570376507215
Elapsed Time: 6m 7s
********** 79 **********
Average Fitness: 0.1295
Maximum Fitness: 0.3
Average Pen Distance: 0.5582824124286677
Maximum Pen Distance: 0.9311321188487628
Average Dog Distance: 0.6387146904708132
Maximum Dog Distance: 0.9210142429201994
Average Sheep Distance: 0.2794534191751714
Maximum Sheep Distance: 0.3989570376507215
Elapsed Time: 5m 49s
********** 80 **********
Average Fitness: 0.129
Maximum Fitness: 0.3
Average Pen Distance: 0.5481723893450386
Maximum Pen Distance: 0.9311321188487628
Average Dog Distance: 0.633555607654568
Maximum Dog Distance: 0.9210142429201994
Average Sheep Distance: 0.27921457099119396
Maximum Sheep Distance: 0.3989570376507215
Elapsed Time: 5m 53s
********** 81 **********
Average Fitness: 0.13016666666666668
Maximum Fitness: 0.3
Average Pen Distance: 0.5479642275051453
Maximum Pen Distance: 0.9311321188487628
Average Dog Distance: 0.638800407040133
Maximum Dog Distance: 0.9210142429201994
Average Sheep Distance: 0.2783102683529958
Maximum Sheep Distance: 0.3989570376507215
Elapsed Time: 5m 55s
********** 82 **********
Average Fitness: 0.12916666666666668
Maximum Fitness: 0.3
Average Pen Distance: 0.5528402590510644
Maximum Pen Distance: 0.9311321188487628
Average Dog Distance: 0.6348809258501555
Maximum Dog Distance: 0.9210142429201994
Average Sheep Distance: 0.27803126954921464
Maximum Sheep Distance: 0.3989570376507215
Elapsed Time: 6m 6s
********** 83 **********
Average Fitness: 0.13
Maximum Fitness: 0.3
Average Pen Distance: 0.555327053132136
Maximum Pen Distance: 0.9311321188487628
Average Dog Distance: 0.6366884914137061
Maximum Dog Distance: 0.9210142429201994
Average Sheep Distance: 0.2781736904554712
Maximum Sheep Distance: 0.3989570376507215
Elapsed Time: 5m 50s
********** 84 **********
Average Fitness: 0.12850000000000003
Maximum Fitness: 0.3
Average Pen Distance: 0.5529590410201698
Maximum Pen Distance: 0.9311321188487628
Average Dog Distance: 0.6313384044013322
Maximum Dog Distance: 0.9210142429201994
Average Sheep Distance: 0.2778119476728899
Maximum Sheep Distance: 0.3989570376507215
Elapsed Time: 5m 53s
********** 85 **********
Average Fitness: 0.12683333333333335
Maximum Fitness: 0.3
Average Pen Distance: 0.5617315347142914
Maximum Pen Distance: 0.9311321188487628
Average Dog Distance: 0.6373473649012507
Maximum Dog Distance: 0.9481288661729822
Average Sheep Distance: 0.280635090020252
Maximum Sheep Distance: 0.41621893388877207
Elapsed Time: 5m 53s
********** 86 **********
Average Fitness: 0.1276666666666667
Maximum Fitness: 0.3
Average Pen Distance: 0.5611556146555849
Maximum Pen Distance: 0.9311321188487628
Average Dog Distance: 0.6364419996525084
Maximum Dog Distance: 0.9210142429201994
Average Sheep Distance: 0.2806518058632638
Maximum Sheep Distance: 0.41621893388877207
Elapsed Time: 5m 49s
********** 87 **********
Average Fitness: 0.12733333333333335
Maximum Fitness: 0.3
Average Pen Distance: 0.5596228586682358
Maximum Pen Distance: 0.9311321188487628
Average Dog Distance: 0.6319414836762371
Maximum Dog Distance: 0.9210142429201994
Average Sheep Distance: 0.27938709828672914
Maximum Sheep Distance: 0.41621893388877207
Elapsed Time: 5m 56s
********** 88 **********
Average Fitness: 0.12816666666666665
Maximum Fitness: 0.3
Average Pen Distance: 0.5550507304827454
Maximum Pen Distance: 0.9311321188487628
Average Dog Distance: 0.6366097047712195
Maximum Dog Distance: 0.9210142429201994
Average Sheep Distance: 0.2785408097126287
Maximum Sheep Distance: 0.41621893388877207
Elapsed Time: 5m 50s
********** 89 **********
Average Fitness: 0.12733333333333335
Maximum Fitness: 0.3
Average Pen Distance: 0.5563863145159774
Maximum Pen Distance: 0.9311321188487628
Average Dog Distance: 0.6301909419667469
Maximum Dog Distance: 0.9210142429201994
Average Sheep Distance: 0.277816284617894
Maximum Sheep Distance: 0.41621893388877207
Elapsed Time: 5m 52s
********** 90 **********
Average Fitness: 0.12766666666666668
Maximum Fitness: 0.3
Average Pen Distance: 0.5652233854505571
Maximum Pen Distance: 0.9447127629773185
Average Dog Distance: 0.6327556068246988
Maximum Dog Distance: 0.9210142429201994
Average Sheep Distance: 0.2790643940987652
Maximum Sheep Distance: 0.41621893388877207
Elapsed Time: 6m 3s
********** 91 **********
Average Fitness: 0.12950000000000003
Maximum Fitness: 0.3
Average Pen Distance: 0.5676528922834086
Maximum Pen Distance: 0.9447127629773185
Average Dog Distance: 0.6376298356221807
Maximum Dog Distance: 0.9210142429201994
Average Sheep Distance: 0.27873032298543643
Maximum Sheep Distance: 0.41621893388877207
Elapsed Time: 5m 47s
********** 92 **********
Average Fitness: 0.1276666666666667
Maximum Fitness: 0.3
Average Pen Distance: 0.5622626069525309
Maximum Pen Distance: 0.9447127629773185
Average Dog Distance: 0.6401083929015161
Maximum Dog Distance: 0.9658492489746116
Average Sheep Distance: 0.27761234099471177
Maximum Sheep Distance: 0.41621893388877207
Elapsed Time: 6m 2s
********** 93 **********
Average Fitness: 0.13033333333333336
Maximum Fitness: 0.3
Average Pen Distance: 0.5598315605611172
Maximum Pen Distance: 0.9447127629773185
Average Dog Distance: 0.6354903939387423
Maximum Dog Distance: 0.9210142429201994
Average Sheep Distance: 0.27897282078634594
Maximum Sheep Distance: 0.41621893388877207
Elapsed Time: 5m 49s
********** 94 **********
Average Fitness: 0.13033333333333336
Maximum Fitness: 0.3
Average Pen Distance: 0.5606607367497585
Maximum Pen Distance: 0.9447127629773185
Average Dog Distance: 0.6376672390435972
Maximum Dog Distance: 0.9210142429201994
Average Sheep Distance: 0.2790118186372041
Maximum Sheep Distance: 0.41621893388877207
Elapsed Time: 5m 54s
********** 95 **********
Average Fitness: 0.13
Maximum Fitness: 0.3
Average Pen Distance: 0.5665735071613147
Maximum Pen Distance: 0.9447127629773185
Average Dog Distance: 0.6386568261984109
Maximum Dog Distance: 0.9210142429201994
Average Sheep Distance: 0.2804217071734396
Maximum Sheep Distance: 0.41621893388877207
Elapsed Time: 6m 35s
********** 96 **********
Average Fitness: 0.131
Maximum Fitness: 0.3
Average Pen Distance: 0.5667500492053242
Maximum Pen Distance: 0.9447127629773185
Average Dog Distance: 0.6374309095721302
Maximum Dog Distance: 0.9210142429201994
Average Sheep Distance: 0.2828461221767252
Maximum Sheep Distance: 0.41621893388877207
Elapsed Time: 5m 49s
********** 97 **********
Average Fitness: 0.13366666666666668
Maximum Fitness: 0.3
Average Pen Distance: 0.5611532180492483
Maximum Pen Distance: 0.9447127629773185
Average Dog Distance: 0.6328719803378199
Maximum Dog Distance: 0.9210142429201994
Average Sheep Distance: 0.28148082425365867
Maximum Sheep Distance: 0.41621893388877207
Elapsed Time: 5m 48s
********** 98 **********
Average Fitness: 0.13416666666666668
Maximum Fitness: 0.3
Average Pen Distance: 0.5589874055147004
Maximum Pen Distance: 0.9447127629773185
Average Dog Distance: 0.634250861312465
Maximum Dog Distance: 0.9210142429201994
Average Sheep Distance: 0.28083857000079193
Maximum Sheep Distance: 0.41621893388877207
Elapsed Time: 5m 50s
********** 99 **********
Average Fitness: 0.13533333333333333
Maximum Fitness: 0.3
Average Pen Distance: 0.556540790618612
Maximum Pen Distance: 0.9447127629773185
Average Dog Distance: 0.6374689396181757
Maximum Dog Distance: 0.9210142429201994
Average Sheep Distance: 0.2812557257222127
Maximum Sheep Distance: 0.41621893388877207
Elapsed Time: 6m 10s
********** 100 **********
Average Fitness: 0.134
Maximum Fitness: 0.3
Average Pen Distance: 0.5639396229903204
Maximum Pen Distance: 0.9447127629773185
Average Dog Distance: 0.642466184341161
Maximum Dog Distance: 0.9497341035223648
Average Sheep Distance: 0.27997135626805625
Maximum Sheep Distance: 0.41621893388877207
Elapsed Time: 6m 3s
********** 1 **********
Average Fitness: 0.050333333333333334
Maximum Fitness: 0.11666666666666668
Average Pen Distance: 0.5127084607153923
Maximum Pen Distance: 0.814053244208922
Average Dog Distance: 0.775748250115814
Maximum Dog Distance: 0.9508674278698339
Average Sheep Distance: 0.264266047658237
Maximum Sheep Distance: 0.3292835336638704
Elapsed Time: 11m 33s
********** 2 **********
Average Fitness: 0.057666666666666665
Maximum Fitness: 0.16666666666666666
Average Pen Distance: 0.5135794127866135
Maximum Pen Distance: 0.814053244208922
Average Dog Distance: 0.7571525815142729
Maximum Dog Distance: 0.9508674278698339
Average Sheep Distance: 0.2639487555446813
Maximum Sheep Distance: 0.32815840103511096
Elapsed Time: 5m 50s
********** 3 **********
Average Fitness: 0.06583333333333333
Maximum Fitness: 0.16666666666666666
Average Pen Distance: 0.50570820476833
Maximum Pen Distance: 0.814053244208922
Average Dog Distance: 0.7438969029308593
Maximum Dog Distance: 0.9508674278698339
Average Sheep Distance: 0.26389788108129886
Maximum Sheep Distance: 0.3644900147981143
Elapsed Time: 5m 45s
********** 4 **********
Average Fitness: 0.06633333333333333
Maximum Fitness: 0.16666666666666666
Average Pen Distance: 0.5081555924506677
Maximum Pen Distance: 0.8462521403012929
Average Dog Distance: 0.7274214073927836
Maximum Dog Distance: 0.9508674278698339
Average Sheep Distance: 0.2677982117199025
Maximum Sheep Distance: 0.3644900147981143
Elapsed Time: 5m 47s
********** 5 **********
Average Fitness: 0.06733333333333333
Maximum Fitness: 0.16666666666666666
Average Pen Distance: 0.5158335551936043
Maximum Pen Distance: 0.8462521403012929
Average Dog Distance: 0.7311950092002962
Maximum Dog Distance: 0.9508674278698339
Average Sheep Distance: 0.2671008240002672
Maximum Sheep Distance: 0.3644900147981143
Elapsed Time: 5m 47s
********** 6 **********
Average Fitness: 0.06816666666666667
Maximum Fitness: 0.16666666666666666
Average Pen Distance: 0.5107524272346634
Maximum Pen Distance: 0.8462521403012929
Average Dog Distance: 0.7264054952846395
Maximum Dog Distance: 0.9508674278698339
Average Sheep Distance: 0.2710073529745465
Maximum Sheep Distance: 0.3644900147981143
Elapsed Time: 6m 17s
********** 7 **********
Average Fitness: 0.06966666666666667
Maximum Fitness: 0.16666666666666666
Average Pen Distance: 0.5247110805692112
Maximum Pen Distance: 0.8561243061089505
Average Dog Distance: 0.7196485736354371
Maximum Dog Distance: 0.9555771537976466
Average Sheep Distance: 0.27030773871776137
Maximum Sheep Distance: 0.3644900147981143
Elapsed Time: 5m 48s
********** 8 **********
Average Fitness: 0.074
Maximum Fitness: 0.16666666666666666
Average Pen Distance: 0.5166745957229919
Maximum Pen Distance: 0.8561243061089505
Average Dog Distance: 0.7120023818044875
Maximum Dog Distance: 0.9555771537976466
Average Sheep Distance: 0.27026675205653233
Maximum Sheep Distance: 0.3644900147981143
Elapsed Time: 5m 55s
********** 9 **********
Average Fitness: 0.077
Maximum Fitness: 0.16666666666666666
Average Pen Distance: 0.520123275987747
Maximum Pen Distance: 0.8733136114371449
Average Dog Distance: 0.7103610313556417
Maximum Dog Distance: 0.9555771537976466
Average Sheep Distance: 0.27146739955010346
Maximum Sheep Distance: 0.3644900147981143
Elapsed Time: 5m 50s
********** 10 **********
Average Fitness: 0.07833333333333332
Maximum Fitness: 0.21666666666666667
Average Pen Distance: 0.5278673730621265
Maximum Pen Distance: 0.8733136114371449
Average Dog Distance: 0.7147183914478314
Maximum Dog Distance: 0.9555771537976466
Average Sheep Distance: 0.26943982856523474
Maximum Sheep Distance: 0.3644900147981143
Elapsed Time: 6m 9s
********** 11 **********
Average Fitness: 0.07933333333333333
Maximum Fitness: 0.21666666666666667
Average Pen Distance: 0.5312889170938309
Maximum Pen Distance: 0.8733136114371449
Average Dog Distance: 0.7133731023436937
Maximum Dog Distance: 0.9555771537976466
Average Sheep Distance: 0.27176338850574006
Maximum Sheep Distance: 0.3644900147981143
Elapsed Time: 5m 56s
********** 12 **********
Average Fitness: 0.08033333333333333
Maximum Fitness: 0.21666666666666667
Average Pen Distance: 0.5306609353016507
Maximum Pen Distance: 0.8733136114371449
Average Dog Distance: 0.7097242033735128
Maximum Dog Distance: 0.9555771537976466
Average Sheep Distance: 0.2734772075262496
Maximum Sheep Distance: 0.3644900147981143
Elapsed Time: 5m 51s
********** 13 **********
Average Fitness: 0.08466666666666671
Maximum Fitness: 0.21666666666666667
Average Pen Distance: 0.5231475793315794
Maximum Pen Distance: 0.8733136114371449
Average Dog Distance: 0.6897707813878946
Maximum Dog Distance: 0.9555771537976466
Average Sheep Distance: 0.27096817369348447
Maximum Sheep Distance: 0.3644900147981143
Elapsed Time: 6m 28s
********** 14 **********
Average Fitness: 0.08416666666666668
Maximum Fitness: 0.21666666666666667
Average Pen Distance: 0.5213645322708647
Maximum Pen Distance: 0.8733136114371449
Average Dog Distance: 0.6853208677458469
Maximum Dog Distance: 0.9555771537976466
Average Sheep Distance: 0.27225792358513135
Maximum Sheep Distance: 0.4028595884149382
Elapsed Time: 5m 52s
********** 15 **********
Average Fitness: 0.08350000000000003
Maximum Fitness: 0.21666666666666667
Average Pen Distance: 0.5201305792629661
Maximum Pen Distance: 0.8733136114371449
Average Dog Distance: 0.6750627456747986
Maximum Dog Distance: 0.9555771537976466
Average Sheep Distance: 0.2754569038368198
Maximum Sheep Distance: 0.4028595884149382
Elapsed Time: 5m 48s
********** 16 **********
Average Fitness: 0.08616666666666667
Maximum Fitness: 0.21666666666666667
Average Pen Distance: 0.5102062937276169
Maximum Pen Distance: 0.8733136114371449
Average Dog Distance: 0.6696872403932378
Maximum Dog Distance: 0.9555771537976466
Average Sheep Distance: 0.2744742189638363
Maximum Sheep Distance: 0.4028595884149382
Elapsed Time: 5m 56s
********** 17 **********
Average Fitness: 0.08483333333333334
Maximum Fitness: 0.21666666666666667
Average Pen Distance: 0.5110671286935142
Maximum Pen Distance: 0.8733136114371449
Average Dog Distance: 0.6605036927895478
Maximum Dog Distance: 0.9555771537976466
Average Sheep Distance: 0.2754623986997331
Maximum Sheep Distance: 0.4028595884149382
Elapsed Time: 5m 46s
********** 18 **********
Average Fitness: 0.08533333333333337
Maximum Fitness: 0.21666666666666667
Average Pen Distance: 0.5081817710855432
Maximum Pen Distance: 0.8733136114371449
Average Dog Distance: 0.658421892406419
Maximum Dog Distance: 0.9555771537976466
Average Sheep Distance: 0.2751548512965869
Maximum Sheep Distance: 0.4028595884149382
Elapsed Time: 5m 51s
********** 19 **********
Average Fitness: 0.08600000000000002
Maximum Fitness: 0.21666666666666667
Average Pen Distance: 0.5097088764047752
Maximum Pen Distance: 0.8733136114371449
Average Dog Distance: 0.6683085485462544
Maximum Dog Distance: 0.9555771537976466
Average Sheep Distance: 0.27457485012513255
Maximum Sheep Distance: 0.4028595884149382
Elapsed Time: 5m 51s
********** 20 **********
Average Fitness: 0.08883333333333333
Maximum Fitness: 0.21666666666666667
Average Pen Distance: 0.4960569883850999
Maximum Pen Distance: 0.8733136114371449
Average Dog Distance: 0.6557661329779769
Maximum Dog Distance: 0.9555771537976466
Average Sheep Distance: 0.2745231789014177
Maximum Sheep Distance: 0.4028595884149382
Elapsed Time: 5m 46s
********** 21 **********
Average Fitness: 0.088
Maximum Fitness: 0.2833333333333333
Average Pen Distance: 0.5057019540638095
Maximum Pen Distance: 0.8733136114371449
Average Dog Distance: 0.6566200298690221
Maximum Dog Distance: 0.9602703438561297
Average Sheep Distance: 0.27516138985273125
Maximum Sheep Distance: 0.4028595884149382
Elapsed Time: 5m 45s
********** 22 **********
Average Fitness: 0.08900000000000001
Maximum Fitness: 0.2833333333333333
Average Pen Distance: 0.5042581760797432
Maximum Pen Distance: 0.8733136114371449
Average Dog Distance: 0.6620495140823386
Maximum Dog Distance: 0.9602703438561297
Average Sheep Distance: 0.27507202383856805
Maximum Sheep Distance: 0.4028595884149382
Elapsed Time: 5m 54s
********** 23 **********
Average Fitness: 0.08833333333333332
Maximum Fitness: 0.2833333333333333
Average Pen Distance: 0.5133124292583481
Maximum Pen Distance: 0.8733136114371449
Average Dog Distance: 0.6619003432075538
Maximum Dog Distance: 0.9602703438561297
Average Sheep Distance: 0.27294680186049197
Maximum Sheep Distance: 0.4028595884149382
Elapsed Time: 5m 50s
********** 24 **********
Average Fitness: 0.09066666666666666
Maximum Fitness: 0.2833333333333333
Average Pen Distance: 0.5107593908407636
Maximum Pen Distance: 0.8733136114371449
Average Dog Distance: 0.6652822532400602
Maximum Dog Distance: 0.9602703438561297
Average Sheep Distance: 0.27363066870214253
Maximum Sheep Distance: 0.4028595884149382
Elapsed Time: 5m 52s
********** 25 **********
Average Fitness: 0.09116666666666667
Maximum Fitness: 0.2833333333333333
Average Pen Distance: 0.5056455179713699
Maximum Pen Distance: 0.8733136114371449
Average Dog Distance: 0.6558444115606538
Maximum Dog Distance: 0.9602703438561297
Average Sheep Distance: 0.27366259395389453
Maximum Sheep Distance: 0.4028595884149382
Elapsed Time: 5m 53s
********** 26 **********
Average Fitness: 0.09316666666666666
Maximum Fitness: 0.2833333333333333
Average Pen Distance: 0.5051730907397531
Maximum Pen Distance: 0.8733136114371449
Average Dog Distance: 0.6576945416782192
Maximum Dog Distance: 0.9602703438561297
Average Sheep Distance: 0.27242815663749465
Maximum Sheep Distance: 0.4028595884149382
Elapsed Time: 6m 19s
********** 27 **********
Average Fitness: 0.09100000000000001
Maximum Fitness: 0.2833333333333333
Average Pen Distance: 0.527041839558546
Maximum Pen Distance: 0.8733136114371449
Average Dog Distance: 0.6621164489316304
Maximum Dog Distance: 0.9602703438561297
Average Sheep Distance: 0.2740254718396754
Maximum Sheep Distance: 0.4028595884149382
Elapsed Time: 5m 52s
********** 28 **********
Average Fitness: 0.0925
Maximum Fitness: 0.2833333333333333
Average Pen Distance: 0.5136074352846218
Maximum Pen Distance: 0.8733136114371449
Average Dog Distance: 0.6630775145339212
Maximum Dog Distance: 0.9602703438561297
Average Sheep Distance: 0.2733804152679806
Maximum Sheep Distance: 0.4028595884149382
Elapsed Time: 14m 52s
********** 29 **********
Average Fitness: 0.09416666666666666
Maximum Fitness: 0.2833333333333333
Average Pen Distance: 0.5149427989589197
Maximum Pen Distance: 0.8733136114371449
Average Dog Distance: 0.6644235615766166
Maximum Dog Distance: 0.9602703438561297
Average Sheep Distance: 0.27490515988584
Maximum Sheep Distance: 0.4028595884149382
Elapsed Time: 17m 9s
********** 30 **********
Average Fitness: 0.09566666666666668
Maximum Fitness: 0.2833333333333333
Average Pen Distance: 0.516658551576083
Maximum Pen Distance: 0.8878937513028756
Average Dog Distance: 0.6685044762042444
Maximum Dog Distance: 0.9602703438561297
Average Sheep Distance: 0.27427248911755403
Maximum Sheep Distance: 0.4028595884149382
Elapsed Time: 31m 32s
********** 31 **********
Average Fitness: 0.09649999999999999
Maximum Fitness: 0.2833333333333333
Average Pen Distance: 0.5140854070318392
Maximum Pen Distance: 0.8878937513028756
Average Dog Distance: 0.6633922406087417
Maximum Dog Distance: 0.9602703438561297
Average Sheep Distance: 0.274829305972715
Maximum Sheep Distance: 0.4028595884149382
Elapsed Time: 25m 56s
********** 32 **********
Average Fitness: 0.09733333333333336
Maximum Fitness: 0.2833333333333333
Average Pen Distance: 0.509093415582894
Maximum Pen Distance: 0.8878937513028756
Average Dog Distance: 0.6629282212072941
Maximum Dog Distance: 0.9602703438561297
Average Sheep Distance: 0.2739965327093912
Maximum Sheep Distance: 0.4028595884149382
Elapsed Time: 17m 15s
********** 33 **********
Average Fitness: 0.09566666666666666
Maximum Fitness: 0.2833333333333333
Average Pen Distance: 0.5076473074350292
Maximum Pen Distance: 0.8878937513028756
Average Dog Distance: 0.659830213057521
Maximum Dog Distance: 0.9602703438561297
Average Sheep Distance: 0.27543269935044024
Maximum Sheep Distance: 0.4028595884149382
Elapsed Time: 30m 14s
********** 34 **********
Average Fitness: 0.09633333333333333
Maximum Fitness: 0.2833333333333333
Average Pen Distance: 0.5157881584785802
Maximum Pen Distance: 0.8878937513028756
Average Dog Distance: 0.6645784394109688
Maximum Dog Distance: 0.9602703438561297
Average Sheep Distance: 0.27532888078373935
Maximum Sheep Distance: 0.4028595884149382
Elapsed Time: 18m 19s
********** 35 **********
Average Fitness: 0.09666666666666666
Maximum Fitness: 0.2833333333333333
Average Pen Distance: 0.5157818848490898
Maximum Pen Distance: 0.8878937513028756
Average Dog Distance: 0.6658335610229933
Maximum Dog Distance: 0.9602703438561297
Average Sheep Distance: 0.27655933247392783
Maximum Sheep Distance: 0.4028595884149382
Elapsed Time: 16m 54s
********** 36 **********
Average Fitness: 0.09766666666666668
Maximum Fitness: 0.2833333333333333
Average Pen Distance: 0.5203468471720075
Maximum Pen Distance: 0.8878937513028756
Average Dog Distance: 0.6697295110962536
Maximum Dog Distance: 0.9602703438561297
Average Sheep Distance: 0.27689442698115857
Maximum Sheep Distance: 0.4028595884149382
Elapsed Time: 23m 17s
********** 37 **********
Average Fitness: 0.10050000000000002
Maximum Fitness: 0.2833333333333333
Average Pen Distance: 0.5100732820691243
Maximum Pen Distance: 0.9206455661775692
Average Dog Distance: 0.6601386817639313
Maximum Dog Distance: 0.9602703438561297
Average Sheep Distance: 0.2774844439649095
Maximum Sheep Distance: 0.4028595884149382
Elapsed Time: 16m 36s
********** 38 **********
Average Fitness: 0.10316666666666668
Maximum Fitness: 0.2833333333333333
Average Pen Distance: 0.5112980784362474
Maximum Pen Distance: 0.9206455661775692
Average Dog Distance: 0.6589749561185052
Maximum Dog Distance: 0.9602703438561297
Average Sheep Distance: 0.2778856315223311
Maximum Sheep Distance: 0.4028595884149382
Elapsed Time: 27m 3s
********** 39 **********
Average Fitness: 0.1025
Maximum Fitness: 0.2833333333333333
Average Pen Distance: 0.49913078024055546
Maximum Pen Distance: 0.9206455661775692
Average Dog Distance: 0.6456511763282812
Maximum Dog Distance: 0.9602703438561297
Average Sheep Distance: 0.2764764078407562
Maximum Sheep Distance: 0.4028595884149382
Elapsed Time: 17m 46s
********** 40 **********
Average Fitness: 0.10083333333333334
Maximum Fitness: 0.2833333333333333
Average Pen Distance: 0.5103652308278595
Maximum Pen Distance: 0.9206455661775692
Average Dog Distance: 0.6548426164777525
Maximum Dog Distance: 0.9602703438561297
Average Sheep Distance: 0.2800505870318436
Maximum Sheep Distance: 0.418069708549595
Elapsed Time: 18m 38s
********** 41 **********
Received termination signal 15, exiting
Received termination signal 15, exiting
