nproc is 1
cnode0132.cm.cluster
********** 66 **********
Average Fitness: 0.20433333333333334
Maximum Fitness: 0.39999999999999997
Average Pen Distance: 0.5020575999279844
Maximum Pen Distance: 0.8279888417032367
Average Dog Distance: 0.5390118633042399
Maximum Dog Distance: 0.8722049083413728
Average Sheep Distance: 0.3719213814640792
Maximum Sheep Distance: 0.49645037217979143
Elapsed Time: 5m 15s
********** 67 **********
Average Fitness: 0.20500000000000007
Maximum Fitness: 0.39999999999999997
Average Pen Distance: 0.5018024499270566
Maximum Pen Distance: 0.8279888417032367
Average Dog Distance: 0.5342082680485764
Maximum Dog Distance: 0.8689433514173066
Average Sheep Distance: 0.372068340811148
Maximum Sheep Distance: 0.49645037217979143
Elapsed Time: 5m 16s
********** 68 **********
Average Fitness: 0.19966666666666671
Maximum Fitness: 0.39999999999999997
Average Pen Distance: 0.4970666743581284
Maximum Pen Distance: 0.8320616530021191
Average Dog Distance: 0.5287947834125086
Maximum Dog Distance: 0.8689433514173066
Average Sheep Distance: 0.37229950799533634
Maximum Sheep Distance: 0.49645037217979143
Elapsed Time: 5m 13s
********** 69 **********
Average Fitness: 0.2
Maximum Fitness: 0.39999999999999997
Average Pen Distance: 0.5012610016030411
Maximum Pen Distance: 0.8320616530021191
Average Dog Distance: 0.5302084767481191
Maximum Dog Distance: 0.8537424347120797
Average Sheep Distance: 0.37398908815785087
Maximum Sheep Distance: 0.49645037217979143
Elapsed Time: 5m 10s
********** 70 **********
Average Fitness: 0.19900000000000007
Maximum Fitness: 0.39999999999999997
Average Pen Distance: 0.5046543362120357
Maximum Pen Distance: 0.8320616530021191
Average Dog Distance: 0.5294179241595878
Maximum Dog Distance: 0.8537424347120797
Average Sheep Distance: 0.3750359665560459
Maximum Sheep Distance: 0.49645037217979143
Elapsed Time: 5m 15s
********** 71 **********
Average Fitness: 0.2003333333333334
Maximum Fitness: 0.39999999999999997
Average Pen Distance: 0.5042567671208594
Maximum Pen Distance: 0.823514704601242
Average Dog Distance: 0.5394962584797834
Maximum Dog Distance: 0.8537424347120797
Average Sheep Distance: 0.3713668060631743
Maximum Sheep Distance: 0.49645037217979143
Elapsed Time: 5m 13s
********** 72 **********
Average Fitness: 0.20100000000000004
Maximum Fitness: 0.39999999999999997
Average Pen Distance: 0.4984565238834858
Maximum Pen Distance: 0.823514704601242
Average Dog Distance: 0.5306082793916583
Maximum Dog Distance: 0.8537424347120797
Average Sheep Distance: 0.3722287298162767
Maximum Sheep Distance: 0.49645037217979143
Elapsed Time: 5m 9s
********** 73 **********
Average Fitness: 0.20300000000000004
Maximum Fitness: 0.39999999999999997
Average Pen Distance: 0.4955417792548441
Maximum Pen Distance: 0.823514704601242
Average Dog Distance: 0.5343388441588289
Maximum Dog Distance: 0.8537424347120797
Average Sheep Distance: 0.3725185198754207
Maximum Sheep Distance: 0.49645037217979143
Elapsed Time: 5m 14s
********** 74 **********
Average Fitness: 0.20400000000000001
Maximum Fitness: 0.39999999999999997
Average Pen Distance: 0.4902365714650748
Maximum Pen Distance: 0.823514704601242
Average Dog Distance: 0.5301155453074177
Maximum Dog Distance: 0.8537424347120797
Average Sheep Distance: 0.3684614130170767
Maximum Sheep Distance: 0.49645037217979143
Elapsed Time: 5m 11s
********** 75 **********
Average Fitness: 0.20400000000000001
Maximum Fitness: 0.39999999999999997
Average Pen Distance: 0.48702450590026414
Maximum Pen Distance: 0.823514704601242
Average Dog Distance: 0.5284672568628761
Maximum Dog Distance: 0.8537424347120797
Average Sheep Distance: 0.3681980111659181
Maximum Sheep Distance: 0.49645037217979143
Elapsed Time: 5m 11s
********** 76 **********
Average Fitness: 0.205
Maximum Fitness: 0.39999999999999997
Average Pen Distance: 0.4888369374173257
Maximum Pen Distance: 0.823514704601242
Average Dog Distance: 0.5298182004841056
Maximum Dog Distance: 0.8537424347120797
Average Sheep Distance: 0.3687083487799774
Maximum Sheep Distance: 0.49645037217979143
Elapsed Time: 5m 12s
********** 77 **********
Average Fitness: 0.20300000000000004
Maximum Fitness: 0.39999999999999997
Average Pen Distance: 0.4885645485421792
Maximum Pen Distance: 0.823514704601242
Average Dog Distance: 0.5321937833551906
Maximum Dog Distance: 0.8537424347120797
Average Sheep Distance: 0.3678850386082408
Maximum Sheep Distance: 0.49645037217979143
Elapsed Time: 5m 7s
********** 78 **********
Average Fitness: 0.20633333333333337
Maximum Fitness: 0.39999999999999997
Average Pen Distance: 0.4899062128495467
Maximum Pen Distance: 0.823514704601242
Average Dog Distance: 0.5309029472748904
Maximum Dog Distance: 0.8537424347120797
Average Sheep Distance: 0.36848796028958597
Maximum Sheep Distance: 0.49645037217979143
Elapsed Time: 5m 16s
********** 79 **********
Average Fitness: 0.21
Maximum Fitness: 0.39999999999999997
Average Pen Distance: 0.48635716859803246
Maximum Pen Distance: 0.823514704601242
Average Dog Distance: 0.5301549607425582
Maximum Dog Distance: 0.8537424347120797
Average Sheep Distance: 0.3670057730176363
Maximum Sheep Distance: 0.49645037217979143
Elapsed Time: 5m 20s
********** 80 **********
Average Fitness: 0.2083333333333334
Maximum Fitness: 0.39999999999999997
Average Pen Distance: 0.49202024023361696
Maximum Pen Distance: 0.823514704601242
Average Dog Distance: 0.5278055043264921
Maximum Dog Distance: 0.8537424347120797
Average Sheep Distance: 0.36736014681959284
Maximum Sheep Distance: 0.49645037217979143
Elapsed Time: 5m 12s
********** 81 **********
Average Fitness: 0.2086666666666667
Maximum Fitness: 0.39999999999999997
Average Pen Distance: 0.49216769255826376
Maximum Pen Distance: 0.823514704601242
Average Dog Distance: 0.5288097145782065
Maximum Dog Distance: 0.8537424347120797
Average Sheep Distance: 0.3639372171745122
Maximum Sheep Distance: 0.49645037217979143
Elapsed Time: 5m 12s
********** 82 **********
Average Fitness: 0.205
Maximum Fitness: 0.39999999999999997
Average Pen Distance: 0.48694278229839993
Maximum Pen Distance: 0.853219605659928
Average Dog Distance: 0.5335230621706003
Maximum Dog Distance: 0.8870178609716861
Average Sheep Distance: 0.36631100866578087
Maximum Sheep Distance: 0.49645037217979143
Elapsed Time: 5m 12s
********** 83 **********
Average Fitness: 0.20366666666666666
Maximum Fitness: 0.39999999999999997
Average Pen Distance: 0.49827064135363314
Maximum Pen Distance: 0.853219605659928
Average Dog Distance: 0.5377833131831742
Maximum Dog Distance: 0.8870178609716861
Average Sheep Distance: 0.36889477736340526
Maximum Sheep Distance: 0.49645037217979143
Elapsed Time: 5m 12s
********** 84 **********
Average Fitness: 0.20933333333333337
Maximum Fitness: 0.39999999999999997
Average Pen Distance: 0.5015803110000473
Maximum Pen Distance: 0.853219605659928
Average Dog Distance: 0.5383099884447973
Maximum Dog Distance: 0.8537424347120797
Average Sheep Distance: 0.36795841190273393
Maximum Sheep Distance: 0.49645037217979143
Elapsed Time: 5m 20s
********** 85 **********
Average Fitness: 0.20766666666666672
Maximum Fitness: 0.39999999999999997
Average Pen Distance: 0.5137320346803669
Maximum Pen Distance: 0.853219605659928
Average Dog Distance: 0.541124160779913
Maximum Dog Distance: 0.8537424347120797
Average Sheep Distance: 0.368500166983456
Maximum Sheep Distance: 0.49645037217979143
Elapsed Time: 5m 10s
********** 86 **********
Average Fitness: 0.20633333333333337
Maximum Fitness: 0.39999999999999997
Average Pen Distance: 0.5035337651013048
Maximum Pen Distance: 0.853219605659928
Average Dog Distance: 0.5349453954986475
Maximum Dog Distance: 0.8537424347120797
Average Sheep Distance: 0.3671328935734114
Maximum Sheep Distance: 0.49645037217979143
Elapsed Time: 5m 14s
********** 87 **********
Average Fitness: 0.20666666666666672
Maximum Fitness: 0.39999999999999997
Average Pen Distance: 0.4945374971208773
Maximum Pen Distance: 0.853219605659928
Average Dog Distance: 0.524840156702623
Maximum Dog Distance: 0.8537424347120797
Average Sheep Distance: 0.3638907283164551
Maximum Sheep Distance: 0.49645037217979143
Elapsed Time: 5m 10s
********** 88 **********
Average Fitness: 0.20633333333333337
Maximum Fitness: 0.39999999999999997
Average Pen Distance: 0.5001240350737277
Maximum Pen Distance: 0.853219605659928
Average Dog Distance: 0.5211056429380859
Maximum Dog Distance: 0.8537424347120797
Average Sheep Distance: 0.3637060026024428
Maximum Sheep Distance: 0.49645037217979143
Elapsed Time: 5m 17s
********** 89 **********
Average Fitness: 0.20500000000000004
Maximum Fitness: 0.39999999999999997
Average Pen Distance: 0.5091777905216684
Maximum Pen Distance: 0.853219605659928
Average Dog Distance: 0.522324732757652
Maximum Dog Distance: 0.8537424347120797
Average Sheep Distance: 0.3675337942809662
Maximum Sheep Distance: 0.49645037217979143
Elapsed Time: 5m 7s
********** 90 **********
Average Fitness: 0.2063333333333334
Maximum Fitness: 0.39999999999999997
Average Pen Distance: 0.5017605534462009
Maximum Pen Distance: 0.853219605659928
Average Dog Distance: 0.5226148904524812
Maximum Dog Distance: 0.8537424347120797
Average Sheep Distance: 0.36794174300418747
Maximum Sheep Distance: 0.49645037217979143
Elapsed Time: 5m 7s
********** 91 **********
Average Fitness: 0.207
Maximum Fitness: 0.39999999999999997
Average Pen Distance: 0.5040576485675958
Maximum Pen Distance: 0.853219605659928
Average Dog Distance: 0.523193017557761
Maximum Dog Distance: 0.8537424347120797
Average Sheep Distance: 0.3690918559883486
Maximum Sheep Distance: 0.49645037217979143
Elapsed Time: 5m 26s
********** 92 **********
Average Fitness: 0.20633333333333337
Maximum Fitness: 0.39999999999999997
Average Pen Distance: 0.5170013120966541
Maximum Pen Distance: 0.8855208001554589
Average Dog Distance: 0.5309894803464412
Maximum Dog Distance: 0.8537424347120797
Average Sheep Distance: 0.37034543592251895
Maximum Sheep Distance: 0.49645037217979143
Elapsed Time: 5m 13s
********** 93 **********
Average Fitness: 0.2106666666666667
Maximum Fitness: 0.39999999999999997
Average Pen Distance: 0.507865768985038
Maximum Pen Distance: 0.853219605659928
Average Dog Distance: 0.5313290933508577
Maximum Dog Distance: 0.8537424347120797
Average Sheep Distance: 0.36920073059423764
Maximum Sheep Distance: 0.49645037217979143
Elapsed Time: 5m 17s
********** 94 **********
Average Fitness: 0.21200000000000002
Maximum Fitness: 0.39999999999999997
Average Pen Distance: 0.5084874641571947
Maximum Pen Distance: 0.853219605659928
Average Dog Distance: 0.5283272868962606
Maximum Dog Distance: 0.8537424347120797
Average Sheep Distance: 0.36942914762484735
Maximum Sheep Distance: 0.49645037217979143
Elapsed Time: 5m 21s
********** 95 **********
Average Fitness: 0.21233333333333337
Maximum Fitness: 0.39999999999999997
Average Pen Distance: 0.5122869233715103
Maximum Pen Distance: 0.853219605659928
Average Dog Distance: 0.5184397242752669
Maximum Dog Distance: 0.8537424347120797
Average Sheep Distance: 0.37161461048292777
Maximum Sheep Distance: 0.49645037217979143
Elapsed Time: 5m 6s
********** 96 **********
Average Fitness: 0.21200000000000008
Maximum Fitness: 0.39999999999999997
Average Pen Distance: 0.5168556752158353
Maximum Pen Distance: 0.853219605659928
Average Dog Distance: 0.5241162628438929
Maximum Dog Distance: 0.8537424347120797
Average Sheep Distance: 0.37114509160550957
Maximum Sheep Distance: 0.49645037217979143
Elapsed Time: 5m 16s
********** 97 **********
Average Fitness: 0.2086666666666667
Maximum Fitness: 0.39999999999999997
Average Pen Distance: 0.5204128082530239
Maximum Pen Distance: 0.853219605659928
Average Dog Distance: 0.5216673767709953
Maximum Dog Distance: 0.8537424347120797
Average Sheep Distance: 0.371859744461766
Maximum Sheep Distance: 0.49645037217979143
Elapsed Time: 5m 10s
********** 98 **********
Average Fitness: 0.2096666666666667
Maximum Fitness: 0.39999999999999997
Average Pen Distance: 0.523185023911445
Maximum Pen Distance: 0.8729519913863948
Average Dog Distance: 0.5246374356850168
Maximum Dog Distance: 0.8537424347120797
Average Sheep Distance: 0.3729449982570172
Maximum Sheep Distance: 0.49645037217979143
Elapsed Time: 5m 6s
********** 99 **********
Average Fitness: 0.21133333333333332
Maximum Fitness: 0.39999999999999997
Average Pen Distance: 0.5225633353446781
Maximum Pen Distance: 0.8729519913863948
Average Dog Distance: 0.5302953395203174
Maximum Dog Distance: 0.8537424347120797
Average Sheep Distance: 0.37241037808658445
Maximum Sheep Distance: 0.49645037217979143
Elapsed Time: 5m 11s
********** 100 **********
Average Fitness: 0.20733333333333334
Maximum Fitness: 0.39999999999999997
Average Pen Distance: 0.5163405067264649
Maximum Pen Distance: 0.8729519913863948
Average Dog Distance: 0.5272972411146033
Maximum Dog Distance: 0.8537424347120797
Average Sheep Distance: 0.37186403627623404
Maximum Sheep Distance: 0.49645037217979143
Elapsed Time: 5m 8s
