nproc is 1
cnode0694.cm.cluster
********** 1 **********
Average Fitness: 0.048999999999999995
Maximum Fitness: 0.15
Average Pen Distance: 0.5003707168283436
Maximum Pen Distance: 0.7512221317626997
Average Dog Distance: 0.7663084709468532
Maximum Dog Distance: 0.9816590681911642
Average Sheep Distance: 0.25950993927565347
Maximum Sheep Distance: 0.3285362976022917
Elapsed Time: 21m 46s
********** 2 **********
Average Fitness: 0.05766666666666666
Maximum Fitness: 0.15
Average Pen Distance: 0.48707765422232924
Maximum Pen Distance: 0.7856390443241202
Average Dog Distance: 0.7461216336131692
Maximum Dog Distance: 0.9816590681911642
Average Sheep Distance: 0.26027610739465884
Maximum Sheep Distance: 0.3285362976022917
Elapsed Time: 10m 53s
********** 3 **********
Average Fitness: 0.059333333333333335
Maximum Fitness: 0.15
Average Pen Distance: 0.492465344288925
Maximum Pen Distance: 0.7874861279572899
Average Dog Distance: 0.7353985743286351
Maximum Dog Distance: 0.9816590681911642
Average Sheep Distance: 0.26180986873711115
Maximum Sheep Distance: 0.3285362976022917
Elapsed Time: 10m 50s
********** 4 **********
Average Fitness: 0.06699999999999999
Maximum Fitness: 0.16666666666666666
Average Pen Distance: 0.48635489842238633
Maximum Pen Distance: 0.8008054014417075
Average Dog Distance: 0.7273126458067558
Maximum Dog Distance: 0.9816590681911642
Average Sheep Distance: 0.2618569944097341
Maximum Sheep Distance: 0.3285362976022917
Elapsed Time: 10m 47s
********** 5 **********
Average Fitness: 0.06849999999999999
Maximum Fitness: 0.16666666666666666
Average Pen Distance: 0.4811869331706074
Maximum Pen Distance: 0.8089861902502413
Average Dog Distance: 0.7167888224196283
Maximum Dog Distance: 0.9816590681911642
Average Sheep Distance: 0.263801810175003
Maximum Sheep Distance: 0.33627733180188724
Elapsed Time: 10m 52s
********** 6 **********
Average Fitness: 0.0735
Maximum Fitness: 0.16666666666666666
Average Pen Distance: 0.48085316503310244
Maximum Pen Distance: 0.8089861902502413
Average Dog Distance: 0.7239927809052561
Maximum Dog Distance: 0.9816590681911642
Average Sheep Distance: 0.26349019316246935
Maximum Sheep Distance: 0.33627733180188724
Elapsed Time: 10m 47s
********** 7 **********
Average Fitness: 0.07316666666666666
Maximum Fitness: 0.16666666666666666
Average Pen Distance: 0.48329075478620565
Maximum Pen Distance: 0.8089861902502413
Average Dog Distance: 0.721796433457969
Maximum Dog Distance: 0.9816590681911642
Average Sheep Distance: 0.261636289513676
Maximum Sheep Distance: 0.33627733180188724
Elapsed Time: 10m 51s
********** 8 **********
Average Fitness: 0.07466666666666667
Maximum Fitness: 0.2333333333333333
Average Pen Distance: 0.4873734045783325
Maximum Pen Distance: 0.8089861902502413
Average Dog Distance: 0.7156296461737109
Maximum Dog Distance: 0.9816590681911642
Average Sheep Distance: 0.26059653398402594
Maximum Sheep Distance: 0.3315643792478128
Elapsed Time: 10m 52s
********** 9 **********
Average Fitness: 0.07816666666666666
Maximum Fitness: 0.2333333333333333
Average Pen Distance: 0.48580061556166143
Maximum Pen Distance: 0.8089861902502413
Average Dog Distance: 0.7146158170197705
Maximum Dog Distance: 0.9816590681911642
Average Sheep Distance: 0.25958181743809794
Maximum Sheep Distance: 0.3315643792478128
Elapsed Time: 11m 2s
********** 10 **********
Average Fitness: 0.08150000000000002
Maximum Fitness: 0.2333333333333333
Average Pen Distance: 0.48732085373074824
Maximum Pen Distance: 0.8089861902502413
Average Dog Distance: 0.7055862224474506
Maximum Dog Distance: 0.9816590681911642
Average Sheep Distance: 0.2587352300226682
Maximum Sheep Distance: 0.3315643792478128
Elapsed Time: 10m 56s
********** 11 **********
Average Fitness: 0.0805
Maximum Fitness: 0.2333333333333333
Average Pen Distance: 0.5081612449070337
Maximum Pen Distance: 0.8089861902502413
Average Dog Distance: 0.7068964173759504
Maximum Dog Distance: 0.9816590681911642
Average Sheep Distance: 0.25999975578678336
Maximum Sheep Distance: 0.3315643792478128
Elapsed Time: 10m 59s
********** 12 **********
Average Fitness: 0.08216666666666668
Maximum Fitness: 0.2333333333333333
Average Pen Distance: 0.5115002080479895
Maximum Pen Distance: 0.8089861902502413
Average Dog Distance: 0.7162379724447656
Maximum Dog Distance: 0.9816590681911642
Average Sheep Distance: 0.2624631658538932
Maximum Sheep Distance: 0.3510936873999289
Elapsed Time: 10m 51s
********** 13 **********
Average Fitness: 0.08983333333333332
Maximum Fitness: 0.2333333333333333
Average Pen Distance: 0.4982823313818438
Maximum Pen Distance: 0.8089861902502413
Average Dog Distance: 0.7152949143095274
Maximum Dog Distance: 0.9816590681911642
Average Sheep Distance: 0.26262981259033863
Maximum Sheep Distance: 0.3510936873999289
Elapsed Time: 10m 47s
********** 14 **********
Average Fitness: 0.09133333333333335
Maximum Fitness: 0.2333333333333333
Average Pen Distance: 0.49616000694925966
Maximum Pen Distance: 0.831711257814889
Average Dog Distance: 0.7071175804778145
Maximum Dog Distance: 0.9816590681911642
Average Sheep Distance: 0.262319046504001
Maximum Sheep Distance: 0.3510936873999289
Elapsed Time: 10m 50s
********** 15 **********
Average Fitness: 0.09216666666666667
Maximum Fitness: 0.2333333333333333
Average Pen Distance: 0.504179765762654
Maximum Pen Distance: 0.831711257814889
Average Dog Distance: 0.7106520736991948
Maximum Dog Distance: 0.9816590681911642
Average Sheep Distance: 0.2598193682657093
Maximum Sheep Distance: 0.3510936873999289
Elapsed Time: 10m 42s
********** 16 **********
Average Fitness: 0.0925
Maximum Fitness: 0.2333333333333333
Average Pen Distance: 0.5090975775732938
Maximum Pen Distance: 0.8380554054382273
Average Dog Distance: 0.7036404333997404
Maximum Dog Distance: 0.9816590681911642
Average Sheep Distance: 0.25973620692998267
Maximum Sheep Distance: 0.33753823948527933
Elapsed Time: 10m 40s
********** 17 **********
Average Fitness: 0.09133333333333336
Maximum Fitness: 0.23333333333333336
Average Pen Distance: 0.5250363908339832
Maximum Pen Distance: 0.8380554054382273
Average Dog Distance: 0.6956897424247052
Maximum Dog Distance: 0.9378225185557155
Average Sheep Distance: 0.26209322847951044
Maximum Sheep Distance: 0.33753823948527933
Elapsed Time: 11m 1s
********** 18 **********
Average Fitness: 0.09450000000000001
Maximum Fitness: 0.23333333333333336
Average Pen Distance: 0.5134289134614
Maximum Pen Distance: 0.8380554054382273
Average Dog Distance: 0.6900489452150832
Maximum Dog Distance: 0.9378225185557155
Average Sheep Distance: 0.2616395881323623
Maximum Sheep Distance: 0.34479238627333264
Elapsed Time: 10m 50s
********** 19 **********
Average Fitness: 0.09833333333333333
Maximum Fitness: 0.23333333333333336
Average Pen Distance: 0.5015179800357724
Maximum Pen Distance: 0.8446863094054965
Average Dog Distance: 0.6809744124022091
Maximum Dog Distance: 0.9378225185557155
Average Sheep Distance: 0.2621184856177356
Maximum Sheep Distance: 0.3499944177883035
Elapsed Time: 10m 38s
********** 20 **********
Average Fitness: 0.10133333333333334
Maximum Fitness: 0.23333333333333336
Average Pen Distance: 0.4992054843556835
Maximum Pen Distance: 0.8446863094054965
Average Dog Distance: 0.6873992762639454
Maximum Dog Distance: 0.9378225185557155
Average Sheep Distance: 0.2636935822221444
Maximum Sheep Distance: 0.3499944177883035
Elapsed Time: 9m 12s
********** 21 **********
Average Fitness: 0.1001666666666667
Maximum Fitness: 0.23333333333333336
Average Pen Distance: 0.4957258639493377
Maximum Pen Distance: 0.8446863094054965
Average Dog Distance: 0.6807341062154881
Maximum Dog Distance: 0.9378225185557155
Average Sheep Distance: 0.25973934320422915
Maximum Sheep Distance: 0.3499944177883035
Elapsed Time: 12m 57s
********** 22 **********
Average Fitness: 0.1016666666666667
Maximum Fitness: 0.23333333333333336
Average Pen Distance: 0.5043390180406008
Maximum Pen Distance: 0.8488548724645065
Average Dog Distance: 0.6769823466530154
Maximum Dog Distance: 0.9378225185557155
Average Sheep Distance: 0.2578133207772311
Maximum Sheep Distance: 0.3499944177883035
Elapsed Time: 12m 57s
********** 23 **********
Average Fitness: 0.10216666666666668
Maximum Fitness: 0.23333333333333336
Average Pen Distance: 0.5202199257633223
Maximum Pen Distance: 0.8585127162528489
Average Dog Distance: 0.680962993240099
Maximum Dog Distance: 0.9378225185557155
Average Sheep Distance: 0.259986438427435
Maximum Sheep Distance: 0.3793595084226875
Elapsed Time: 12m 51s
********** 24 **********
Average Fitness: 0.10533333333333335
Maximum Fitness: 0.3
Average Pen Distance: 0.5118153104214904
Maximum Pen Distance: 0.8585127162528489
Average Dog Distance: 0.6803448385853792
Maximum Dog Distance: 0.9378225185557155
Average Sheep Distance: 0.2600282583510484
Maximum Sheep Distance: 0.3793595084226875
Elapsed Time: 30m 52s
********** 25 **********
Average Fitness: 0.10950000000000001
Maximum Fitness: 0.3
Average Pen Distance: 0.5038988850368054
Maximum Pen Distance: 0.8585127162528489
Average Dog Distance: 0.6787188492103432
Maximum Dog Distance: 0.9378225185557155
Average Sheep Distance: 0.2580065705685447
Maximum Sheep Distance: 0.3793595084226875
Elapsed Time: 13m 9s
********** 26 **********
Average Fitness: 0.1075
Maximum Fitness: 0.3
Average Pen Distance: 0.5125146698448211
Maximum Pen Distance: 0.8585127162528489
Average Dog Distance: 0.6846005691778453
Maximum Dog Distance: 0.9378225185557155
Average Sheep Distance: 0.26058566055741184
Maximum Sheep Distance: 0.3793595084226875
Elapsed Time: 12m 58s
********** 27 **********
Average Fitness: 0.10766666666666666
Maximum Fitness: 0.3
Average Pen Distance: 0.518615985795873
Maximum Pen Distance: 0.8585127162528489
Average Dog Distance: 0.681550399762483
Maximum Dog Distance: 0.9378225185557155
Average Sheep Distance: 0.26044337527634076
Maximum Sheep Distance: 0.3793595084226875
Elapsed Time: 12m 44s
********** 28 **********
Average Fitness: 0.10850000000000003
Maximum Fitness: 0.3
Average Pen Distance: 0.5094483883464487
Maximum Pen Distance: 0.8585127162528489
Average Dog Distance: 0.6784990097035893
Maximum Dog Distance: 0.9378225185557155
Average Sheep Distance: 0.25810697924090337
Maximum Sheep Distance: 0.3793595084226875
Elapsed Time: 13m 5s
********** 29 **********
Average Fitness: 0.11183333333333335
Maximum Fitness: 0.3
Average Pen Distance: 0.5071972747486189
Maximum Pen Distance: 0.8585127162528489
Average Dog Distance: 0.6754541369761791
Maximum Dog Distance: 0.9378225185557155
Average Sheep Distance: 0.2568025184378411
Maximum Sheep Distance: 0.3793595084226875
Elapsed Time: 12m 55s
********** 30 **********
Average Fitness: 0.11266666666666668
Maximum Fitness: 0.3
Average Pen Distance: 0.5125945803175469
Maximum Pen Distance: 0.8585127162528489
Average Dog Distance: 0.6784996760750454
Maximum Dog Distance: 0.9378225185557155
Average Sheep Distance: 0.2572233632766519
Maximum Sheep Distance: 0.3793595084226875
Elapsed Time: 12m 58s
********** 31 **********
Average Fitness: 0.11733333333333336
Maximum Fitness: 0.3
Average Pen Distance: 0.5115815384751657
Maximum Pen Distance: 0.8585127162528489
Average Dog Distance: 0.6830035163072489
Maximum Dog Distance: 0.9378225185557155
Average Sheep Distance: 0.25231863271624055
Maximum Sheep Distance: 0.3793595084226875
Elapsed Time: 13m 19s
********** 32 **********
Average Fitness: 0.12233333333333336
Maximum Fitness: 0.3
Average Pen Distance: 0.5038914336920309
Maximum Pen Distance: 0.8585127162528489
Average Dog Distance: 0.6828591127236611
Maximum Dog Distance: 0.9378225185557155
Average Sheep Distance: 0.2479679316776978
Maximum Sheep Distance: 0.3793595084226875
Elapsed Time: 14m 0s
********** 33 **********
Average Fitness: 0.12316666666666669
Maximum Fitness: 0.3
Average Pen Distance: 0.5094985808779668
Maximum Pen Distance: 0.8585127162528489
Average Dog Distance: 0.6905225993570706
Maximum Dog Distance: 0.9378225185557155
Average Sheep Distance: 0.25063243873560337
Maximum Sheep Distance: 0.3793595084226875
Elapsed Time: 14m 19s
********** 34 **********
Average Fitness: 0.1241666666666667
Maximum Fitness: 0.3
Average Pen Distance: 0.5067307095620746
Maximum Pen Distance: 0.8585127162528489
Average Dog Distance: 0.6926263314866563
Maximum Dog Distance: 0.9378225185557155
Average Sheep Distance: 0.24865378489713474
Maximum Sheep Distance: 0.3793595084226875
Elapsed Time: 14m 3s
********** 35 **********
Average Fitness: 0.12450000000000003
Maximum Fitness: 0.3
Average Pen Distance: 0.5083250993770349
Maximum Pen Distance: 0.8585127162528489
Average Dog Distance: 0.6855638212384864
Maximum Dog Distance: 0.9378225185557155
Average Sheep Distance: 0.24646341627134255
Maximum Sheep Distance: 0.3793595084226875
Elapsed Time: 13m 59s
********** 36 **********
Average Fitness: 0.12766666666666668
Maximum Fitness: 0.3
Average Pen Distance: 0.5095249275920666
Maximum Pen Distance: 0.8585127162528489
Average Dog Distance: 0.6898635513043326
Maximum Dog Distance: 0.9378225185557155
Average Sheep Distance: 0.24715564117438887
Maximum Sheep Distance: 0.3793595084226875
Elapsed Time: 13m 43s
********** 37 **********
Average Fitness: 0.12716666666666668
Maximum Fitness: 0.31666666666666665
Average Pen Distance: 0.5056994523810292
Maximum Pen Distance: 0.8585127162528489
Average Dog Distance: 0.6886566625175626
Maximum Dog Distance: 0.9378225185557155
Average Sheep Distance: 0.24863106226271
Maximum Sheep Distance: 0.3793595084226875
Elapsed Time: 14m 0s
********** 38 **********
Average Fitness: 0.12949999999999998
Maximum Fitness: 0.31666666666666665
Average Pen Distance: 0.5144637960723688
Maximum Pen Distance: 0.8585127162528489
Average Dog Distance: 0.6850030749516742
Maximum Dog Distance: 0.9378225185557155
Average Sheep Distance: 0.24896084285122247
Maximum Sheep Distance: 0.3793595084226875
Elapsed Time: 13m 57s
********** 39 **********
Average Fitness: 0.12833333333333333
Maximum Fitness: 0.31666666666666665
Average Pen Distance: 0.5231912527849683
Maximum Pen Distance: 0.8585127162528489
Average Dog Distance: 0.6804744731842538
Maximum Dog Distance: 0.9378225185557155
Average Sheep Distance: 0.2482948983979224
Maximum Sheep Distance: 0.3793595084226875
Elapsed Time: 13m 55s
********** 40 **********
Average Fitness: 0.12433333333333335
Maximum Fitness: 0.31666666666666665
Average Pen Distance: 0.534900237883289
Maximum Pen Distance: 0.8585127162528489
Average Dog Distance: 0.6768021148745571
Maximum Dog Distance: 0.9378225185557155
Average Sheep Distance: 0.25024966268030563
Maximum Sheep Distance: 0.3793595084226875
Elapsed Time: 13m 54s
********** 41 **********
Average Fitness: 0.12833333333333333
Maximum Fitness: 0.31666666666666665
Average Pen Distance: 0.5339396570671625
Maximum Pen Distance: 0.8585127162528489
Average Dog Distance: 0.6772042156853147
Maximum Dog Distance: 0.9378225185557155
Average Sheep Distance: 0.25053010482205346
Maximum Sheep Distance: 0.3793595084226875
Elapsed Time: 13m 10s
********** 42 **********
Average Fitness: 0.12833333333333333
Maximum Fitness: 0.31666666666666665
Average Pen Distance: 0.5339634374670248
Maximum Pen Distance: 0.8585127162528489
Average Dog Distance: 0.6799073566438952
Maximum Dog Distance: 0.9378225185557155
Average Sheep Distance: 0.25133702195006347
Maximum Sheep Distance: 0.3793595084226875
Elapsed Time: 12m 58s
********** 43 **********
Average Fitness: 0.12750000000000003
Maximum Fitness: 0.31666666666666665
Average Pen Distance: 0.5346781811455884
Maximum Pen Distance: 0.8585127162528489
Average Dog Distance: 0.6734928142291412
Maximum Dog Distance: 0.9378225185557155
Average Sheep Distance: 0.25066368689711327
Maximum Sheep Distance: 0.3793595084226875
Elapsed Time: 13m 7s
********** 44 **********
Average Fitness: 0.12483333333333334
Maximum Fitness: 0.31666666666666665
Average Pen Distance: 0.544688732548564
Maximum Pen Distance: 0.8585127162528489
Average Dog Distance: 0.6735054319205678
Maximum Dog Distance: 0.9378225185557155
Average Sheep Distance: 0.2523632112450267
Maximum Sheep Distance: 0.3793595084226875
Elapsed Time: 13m 7s
********** 45 **********
Average Fitness: 0.12766666666666668
Maximum Fitness: 0.31666666666666665
Average Pen Distance: 0.5380854805901037
Maximum Pen Distance: 0.8585127162528489
Average Dog Distance: 0.6695574941405066
Maximum Dog Distance: 0.9378225185557155
Average Sheep Distance: 0.2516307813775045
Maximum Sheep Distance: 0.3793595084226875
Elapsed Time: 13m 36s
********** 46 **********
Average Fitness: 0.1266666666666667
Maximum Fitness: 0.31666666666666665
Average Pen Distance: 0.5327315542701127
Maximum Pen Distance: 0.8585127162528489
Average Dog Distance: 0.673436956845467
Maximum Dog Distance: 0.9378225185557155
Average Sheep Distance: 0.2542855222834548
Maximum Sheep Distance: 0.3793595084226875
Elapsed Time: 14m 24s
********** 47 **********
Average Fitness: 0.12933333333333336
Maximum Fitness: 0.31666666666666665
Average Pen Distance: 0.5338458601330709
Maximum Pen Distance: 0.8585127162528489
Average Dog Distance: 0.6781399438840264
Maximum Dog Distance: 0.9378225185557155
Average Sheep Distance: 0.2521103508176423
Maximum Sheep Distance: 0.3793595084226875
Elapsed Time: 15m 23s
********** 48 **********
Average Fitness: 0.13016666666666668
Maximum Fitness: 0.31666666666666665
Average Pen Distance: 0.5350069080276103
Maximum Pen Distance: 0.8585127162528489
Average Dog Distance: 0.6769812054857622
Maximum Dog Distance: 0.9378225185557155
Average Sheep Distance: 0.25214073862750375
Maximum Sheep Distance: 0.3793595084226875
Elapsed Time: 14m 1s
********** 49 **********
Average Fitness: 0.132
Maximum Fitness: 0.31666666666666665
Average Pen Distance: 0.536438172764237
Maximum Pen Distance: 0.8585127162528489
Average Dog Distance: 0.6770867113036769
Maximum Dog Distance: 0.9378225185557155
Average Sheep Distance: 0.25155942180126023
Maximum Sheep Distance: 0.3793595084226875
Elapsed Time: 14m 1s
********** 50 **********
Average Fitness: 0.12933333333333333
Maximum Fitness: 0.31666666666666665
Average Pen Distance: 0.5399048865424824
Maximum Pen Distance: 0.8749198608880561
Average Dog Distance: 0.6757556515465314
Maximum Dog Distance: 0.9378225185557155
Average Sheep Distance: 0.2537953839507104
Maximum Sheep Distance: 0.3793595084226875
Elapsed Time: 14m 10s
********** 51 **********
Average Fitness: 0.13099999999999998
Maximum Fitness: 0.31666666666666665
Average Pen Distance: 0.5369385081558317
Maximum Pen Distance: 0.8749198608880561
Average Dog Distance: 0.6672798341807866
Maximum Dog Distance: 0.9378225185557155
Average Sheep Distance: 0.2505947985571613
Maximum Sheep Distance: 0.3793595084226875
Elapsed Time: 14m 0s
********** 52 **********
Average Fitness: 0.12933333333333333
Maximum Fitness: 0.31666666666666665
Average Pen Distance: 0.5397078948404742
Maximum Pen Distance: 0.8749198608880561
Average Dog Distance: 0.669044413446542
Maximum Dog Distance: 0.9378225185557155
Average Sheep Distance: 0.25450461510298594
Maximum Sheep Distance: 0.3793595084226875
Elapsed Time: 15m 0s
********** 53 **********
Average Fitness: 0.12883333333333336
Maximum Fitness: 0.31666666666666665
Average Pen Distance: 0.5459479680700221
Maximum Pen Distance: 0.8749198608880561
Average Dog Distance: 0.6664105467932037
Maximum Dog Distance: 0.9378225185557155
Average Sheep Distance: 0.25437740465801106
Maximum Sheep Distance: 0.3793595084226875
Elapsed Time: 14m 3s
********** 54 **********
Average Fitness: 0.13066666666666668
Maximum Fitness: 0.31666666666666665
Average Pen Distance: 0.5483362492838997
Maximum Pen Distance: 0.8749198608880561
Average Dog Distance: 0.6737600164908337
Maximum Dog Distance: 0.9378225185557155
Average Sheep Distance: 0.25459078660106665
Maximum Sheep Distance: 0.3793595084226875
Elapsed Time: 14m 40s
********** 55 **********
Average Fitness: 0.13316666666666668
Maximum Fitness: 0.31666666666666665
Average Pen Distance: 0.5413671941947445
Maximum Pen Distance: 0.8749198608880561
Average Dog Distance: 0.6689887771737975
Maximum Dog Distance: 0.9378225185557155
Average Sheep Distance: 0.2550096296153195
Maximum Sheep Distance: 0.3793595084226875
Elapsed Time: 8m 38s
********** 56 **********
Average Fitness: 0.13166666666666668
Maximum Fitness: 0.31666666666666665
Average Pen Distance: 0.5441265705687701
Maximum Pen Distance: 0.8749198608880561
Average Dog Distance: 0.6645060096894164
Maximum Dog Distance: 0.9378225185557155
Average Sheep Distance: 0.25544280701387195
Maximum Sheep Distance: 0.3793595084226875
Elapsed Time: 21m 2s
********** 57 **********
Average Fitness: 0.13566666666666666
Maximum Fitness: 0.31666666666666665
Average Pen Distance: 0.5307874606361926
Maximum Pen Distance: 0.8749198608880561
Average Dog Distance: 0.6591789380275987
Maximum Dog Distance: 0.9378225185557155
Average Sheep Distance: 0.2517440470361895
Maximum Sheep Distance: 0.3793595084226875
Elapsed Time: 26m 48s
********** 58 **********
Average Fitness: 0.1383333333333333
Maximum Fitness: 0.31666666666666665
Average Pen Distance: 0.5224280134142081
Maximum Pen Distance: 0.8749198608880561
Average Dog Distance: 0.6584674495544174
Maximum Dog Distance: 0.9378225185557155
Average Sheep Distance: 0.24952238471657331
Maximum Sheep Distance: 0.3793595084226875
Elapsed Time: 24m 38s
********** 59 **********
Average Fitness: 0.1396666666666667
Maximum Fitness: 0.31666666666666665
Average Pen Distance: 0.5094872631252507
Maximum Pen Distance: 0.8749198608880561
Average Dog Distance: 0.6541976894081633
Maximum Dog Distance: 0.9378225185557155
Average Sheep Distance: 0.24600046659209515
Maximum Sheep Distance: 0.3793595084226875
Elapsed Time: 18m 57s
********** 60 **********
Average Fitness: 0.137
Maximum Fitness: 0.31666666666666665
Average Pen Distance: 0.5168240506813838
Maximum Pen Distance: 0.8749198608880561
Average Dog Distance: 0.6480966429460948
Maximum Dog Distance: 0.9378225185557155
Average Sheep Distance: 0.24814363474324083
Maximum Sheep Distance: 0.3793595084226875
Elapsed Time: 26m 38s
********** 61 **********
Average Fitness: 0.1381666666666667
Maximum Fitness: 0.31666666666666665
Average Pen Distance: 0.5216020892370637
Maximum Pen Distance: 0.8749198608880561
Average Dog Distance: 0.6501262219157584
Maximum Dog Distance: 0.9378225185557155
Average Sheep Distance: 0.24675008460049594
Maximum Sheep Distance: 0.3793595084226875
Elapsed Time: 24m 36s
********** 62 **********
Average Fitness: 0.1378333333333333
Maximum Fitness: 0.31666666666666665
Average Pen Distance: 0.5215809647333356
Maximum Pen Distance: 0.8749198608880561
Average Dog Distance: 0.653439427599781
Maximum Dog Distance: 0.9378225185557155
Average Sheep Distance: 0.24843425369128727
Maximum Sheep Distance: 0.3793595084226875
Elapsed Time: 29m 10s
********** 63 **********
Average Fitness: 0.13883333333333334
Maximum Fitness: 0.31666666666666665
Average Pen Distance: 0.5245970103894441
Maximum Pen Distance: 0.8749198608880561
Average Dog Distance: 0.6583156133776416
Maximum Dog Distance: 0.9378225185557155
Average Sheep Distance: 0.2480317660981647
Maximum Sheep Distance: 0.3793595084226875
Elapsed Time: 21m 9s
********** 64 **********
Average Fitness: 0.13899999999999996
Maximum Fitness: 0.31666666666666665
Average Pen Distance: 0.5271707896425837
Maximum Pen Distance: 0.8749198608880561
Average Dog Distance: 0.6552335238378012
Maximum Dog Distance: 0.9378225185557155
Average Sheep Distance: 0.24535544269814238
Maximum Sheep Distance: 0.3793595084226875
Elapsed Time: 20m 49s
********** 65 **********
Average Fitness: 0.1375
Maximum Fitness: 0.31666666666666665
Average Pen Distance: 0.5286235554848188
Maximum Pen Distance: 0.8749198608880561
Average Dog Distance: 0.6557803355512095
Maximum Dog Distance: 0.9378225185557155
Average Sheep Distance: 0.24630268360507185
Maximum Sheep Distance: 0.3793595084226875
Elapsed Time: 21m 29s
********** 66 **********
Average Fitness: 0.1388333333333333
Maximum Fitness: 0.31666666666666665
Average Pen Distance: 0.5307284651806852
Maximum Pen Distance: 0.8749198608880561
Average Dog Distance: 0.6589613993733099
Maximum Dog Distance: 0.9477341094441175
Average Sheep Distance: 0.24612262177528266
Maximum Sheep Distance: 0.3793595084226875
Elapsed Time: 19m 40s
********** 67 **********
Average Fitness: 0.13816666666666666
Maximum Fitness: 0.31666666666666665
Average Pen Distance: 0.5321696801220035
Maximum Pen Distance: 0.8749198608880561
Average Dog Distance: 0.655592658833594
Maximum Dog Distance: 0.9477341094441175
Average Sheep Distance: 0.2472557672648694
Maximum Sheep Distance: 0.3793595084226875
Elapsed Time: 21m 37s
********** 68 **********
Average Fitness: 0.1408333333333333
Maximum Fitness: 0.31666666666666665
Average Pen Distance: 0.5248499715701023
Maximum Pen Distance: 0.8749198608880561
Average Dog Distance: 0.6552743536370248
Maximum Dog Distance: 0.9477341094441175
Average Sheep Distance: 0.24722356595923695
Maximum Sheep Distance: 0.3793595084226875
Elapsed Time: 20m 18s
********** 69 **********
Average Fitness: 0.13799999999999998
Maximum Fitness: 0.31666666666666665
Average Pen Distance: 0.5302730847473002
Maximum Pen Distance: 0.8749198608880561
Average Dog Distance: 0.65267692512857
Maximum Dog Distance: 0.9477341094441175
Average Sheep Distance: 0.24785160767413003
Maximum Sheep Distance: 0.3793595084226875
Elapsed Time: 25m 20s
********** 70 **********
Average Fitness: 0.13999999999999999
Maximum Fitness: 0.31666666666666665
Average Pen Distance: 0.530363319876113
Maximum Pen Distance: 0.8749198608880561
Average Dog Distance: 0.652975548758779
Maximum Dog Distance: 0.9477341094441175
Average Sheep Distance: 0.2473370073622222
Maximum Sheep Distance: 0.3793595084226875
Elapsed Time: 20m 32s
********** 71 **********
Average Fitness: 0.14216666666666666
Maximum Fitness: 0.31666666666666665
Average Pen Distance: 0.5220054051562293
Maximum Pen Distance: 0.8749198608880561
Average Dog Distance: 0.6462688042933884
Maximum Dog Distance: 0.9378225185557155
Average Sheep Distance: 0.24461185810576022
Maximum Sheep Distance: 0.3793595084226875
Elapsed Time: 25m 2s
********** 72 **********
Average Fitness: 0.1418333333333333
Maximum Fitness: 0.31666666666666665
Average Pen Distance: 0.5237444510723935
Maximum Pen Distance: 0.8749198608880561
Average Dog Distance: 0.6407072217099585
Maximum Dog Distance: 0.9378225185557155
Average Sheep Distance: 0.24469886646848985
Maximum Sheep Distance: 0.3793595084226875
Elapsed Time: 21m 18s
********** 73 **********
Average Fitness: 0.14083333333333334
Maximum Fitness: 0.31666666666666665
Average Pen Distance: 0.5253670022404441
Maximum Pen Distance: 0.8749198608880561
Average Dog Distance: 0.6472325552794426
Maximum Dog Distance: 0.9378225185557155
Average Sheep Distance: 0.24625296302738373
Maximum Sheep Distance: 0.3793595084226875
Elapsed Time: 25m 11s
********** 74 **********
Average Fitness: 0.1406666666666667
Maximum Fitness: 0.31666666666666665
Average Pen Distance: 0.5254178040057276
Maximum Pen Distance: 0.8749198608880561
Average Dog Distance: 0.647551781175558
Maximum Dog Distance: 0.9378225185557155
Average Sheep Distance: 0.24713594752949927
Maximum Sheep Distance: 0.3793595084226875
Elapsed Time: 22m 3s
********** 75 **********
Average Fitness: 0.14300000000000002
Maximum Fitness: 0.31666666666666665
Average Pen Distance: 0.5274941638340487
Maximum Pen Distance: 0.8749198608880561
Average Dog Distance: 0.6559335362339873
Maximum Dog Distance: 0.9378225185557155
Average Sheep Distance: 0.24753257554935165
Maximum Sheep Distance: 0.3793595084226875
Elapsed Time: 23m 35s
********** 76 **********
Average Fitness: 0.14283333333333334
Maximum Fitness: 0.31666666666666665
Average Pen Distance: 0.5293043998243
Maximum Pen Distance: 0.8749198608880561
Average Dog Distance: 0.6524868871747154
Maximum Dog Distance: 0.9378225185557155
Average Sheep Distance: 0.24838870214844236
Maximum Sheep Distance: 0.3793595084226875
Elapsed Time: 6m 12s
********** 77 **********
Average Fitness: 0.14116666666666666
Maximum Fitness: 0.31666666666666665
Average Pen Distance: 0.5309477292283432
Maximum Pen Distance: 0.8749198608880561
Average Dog Distance: 0.6529931096993649
Maximum Dog Distance: 0.9378225185557155
Average Sheep Distance: 0.24787574335299276
Maximum Sheep Distance: 0.3793595084226875
Elapsed Time: 10m 51s
********** 78 **********
Average Fitness: 0.1421666666666667
Maximum Fitness: 0.31666666666666665
Average Pen Distance: 0.5245086026122081
Maximum Pen Distance: 0.8749198608880561
Average Dog Distance: 0.6427736142369347
Maximum Dog Distance: 0.9378225185557155
Average Sheep Distance: 0.2482624825599623
Maximum Sheep Distance: 0.4003122277464572
Elapsed Time: 8m 3s
********** 79 **********
Average Fitness: 0.1435
Maximum Fitness: 0.31666666666666665
Average Pen Distance: 0.5304669783750247
Maximum Pen Distance: 0.8749198608880561
Average Dog Distance: 0.6474105995707703
Maximum Dog Distance: 0.9634076981517691
Average Sheep Distance: 0.2481053767723226
Maximum Sheep Distance: 0.4003122277464572
Elapsed Time: 17m 10s
********** 80 **********
Average Fitness: 0.144
Maximum Fitness: 0.31666666666666665
Average Pen Distance: 0.5306562366989271
Maximum Pen Distance: 0.8749198608880561
Average Dog Distance: 0.647700166064058
Maximum Dog Distance: 0.9634076981517691
Average Sheep Distance: 0.24826735608856965
Maximum Sheep Distance: 0.4003122277464572
Elapsed Time: 22m 42s
********** 81 **********
Average Fitness: 0.147
Maximum Fitness: 0.31666666666666665
Average Pen Distance: 0.5340861956747923
Maximum Pen Distance: 0.8961035584619891
Average Dog Distance: 0.6539190773817767
Maximum Dog Distance: 0.9634076981517691
Average Sheep Distance: 0.2493929174508549
Maximum Sheep Distance: 0.4003122277464572
Elapsed Time: 22m 9s
********** 82 **********
Average Fitness: 0.14933333333333335
Maximum Fitness: 0.3666666666666667
Average Pen Distance: 0.5283386445817005
Maximum Pen Distance: 0.8961035584619891
Average Dog Distance: 0.6493328217413837
Maximum Dog Distance: 0.9634076981517691
Average Sheep Distance: 0.25074885099852423
Maximum Sheep Distance: 0.4003122277464572
Elapsed Time: 22m 49s
********** 83 **********
Average Fitness: 0.1495
Maximum Fitness: 0.3666666666666667
Average Pen Distance: 0.5277541988323605
Maximum Pen Distance: 0.8961035584619891
Average Dog Distance: 0.6540858819170654
Maximum Dog Distance: 0.9634076981517691
Average Sheep Distance: 0.25064223647800793
Maximum Sheep Distance: 0.4003122277464572
Elapsed Time: 22m 16s
********** 84 **********
Average Fitness: 0.14933333333333335
Maximum Fitness: 0.3666666666666667
Average Pen Distance: 0.5316814269878417
Maximum Pen Distance: 0.8961035584619891
Average Dog Distance: 0.646492252317459
Maximum Dog Distance: 0.9634076981517691
Average Sheep Distance: 0.2512940245759238
Maximum Sheep Distance: 0.4003122277464572
Elapsed Time: 22m 44s
********** 85 **********
Average Fitness: 0.1451666666666667
Maximum Fitness: 0.3666666666666667
Average Pen Distance: 0.541328478051227
Maximum Pen Distance: 0.8961035584619891
Average Dog Distance: 0.6442550952657089
Maximum Dog Distance: 0.9634076981517691
Average Sheep Distance: 0.2516698799773907
Maximum Sheep Distance: 0.3839421483834154
Elapsed Time: 20m 49s
********** 86 **********
Average Fitness: 0.147
Maximum Fitness: 0.3666666666666667
Average Pen Distance: 0.535556064750072
Maximum Pen Distance: 0.8961035584619891
Average Dog Distance: 0.6398397938212546
Maximum Dog Distance: 0.9160262298839866
Average Sheep Distance: 0.25064697534088
Maximum Sheep Distance: 0.3839421483834154
Elapsed Time: 9m 11s
********** 87 **********
Average Fitness: 0.14783333333333334
Maximum Fitness: 0.3666666666666667
Average Pen Distance: 0.5371365016151494
Maximum Pen Distance: 0.8961035584619891
Average Dog Distance: 0.6438658899651979
Maximum Dog Distance: 0.9160262298839866
Average Sheep Distance: 0.25131630497308965
Maximum Sheep Distance: 0.3839421483834154
Elapsed Time: 11m 43s
********** 88 **********
Average Fitness: 0.14866666666666664
Maximum Fitness: 0.3666666666666667
Average Pen Distance: 0.5413361198856507
Maximum Pen Distance: 0.8961035584619891
Average Dog Distance: 0.6409076046899764
Maximum Dog Distance: 0.9160262298839866
Average Sheep Distance: 0.24978330189134057
Maximum Sheep Distance: 0.3839421483834154
Elapsed Time: 11m 33s
********** 89 **********
Average Fitness: 0.14750000000000002
Maximum Fitness: 0.3666666666666667
Average Pen Distance: 0.5460621378170049
Maximum Pen Distance: 0.8961035584619891
Average Dog Distance: 0.6519832964143352
Maximum Dog Distance: 0.9160262298839866
Average Sheep Distance: 0.2517219199628596
Maximum Sheep Distance: 0.3839421483834154
Elapsed Time: 10m 59s
********** 90 **********
Average Fitness: 0.14916666666666667
Maximum Fitness: 0.3666666666666667
Average Pen Distance: 0.5434892967007784
Maximum Pen Distance: 0.8961035584619891
Average Dog Distance: 0.655952970076238
Maximum Dog Distance: 0.9402891817005309
Average Sheep Distance: 0.2514967779583491
Maximum Sheep Distance: 0.3839421483834154
Elapsed Time: 12m 10s
********** 91 **********
Average Fitness: 0.14800000000000002
Maximum Fitness: 0.3666666666666667
Average Pen Distance: 0.5497109076601726
Maximum Pen Distance: 0.8961035584619891
Average Dog Distance: 0.6529543141122417
Maximum Dog Distance: 0.9402891817005309
Average Sheep Distance: 0.25240156350666854
Maximum Sheep Distance: 0.3839421483834154
Elapsed Time: 10m 40s
********** 92 **********
Average Fitness: 0.14916666666666667
Maximum Fitness: 0.3666666666666667
Average Pen Distance: 0.5556732540099784
Maximum Pen Distance: 0.8961035584619891
Average Dog Distance: 0.6593791222047433
Maximum Dog Distance: 0.9397606498268098
Average Sheep Distance: 0.24978657605843096
Maximum Sheep Distance: 0.3839421483834154
Elapsed Time: 11m 34s
********** 93 **********
Average Fitness: 0.15116666666666664
Maximum Fitness: 0.3666666666666667
Average Pen Distance: 0.5487229236550252
Maximum Pen Distance: 0.8961035584619891
Average Dog Distance: 0.6602308268833176
Maximum Dog Distance: 0.9397606498268098
Average Sheep Distance: 0.24764585342189915
Maximum Sheep Distance: 0.3839421483834154
Elapsed Time: 11m 58s
********** 94 **********
Average Fitness: 0.1496666666666667
Maximum Fitness: 0.3666666666666667
Average Pen Distance: 0.5548663974484304
Maximum Pen Distance: 0.8961035584619891
Average Dog Distance: 0.6610569013333044
Maximum Dog Distance: 0.9234609907983145
Average Sheep Distance: 0.24896551922550259
Maximum Sheep Distance: 0.3839421483834154
Elapsed Time: 6m 14s
********** 95 **********
Average Fitness: 0.14916666666666667
Maximum Fitness: 0.3666666666666667
Average Pen Distance: 0.5462892626221298
Maximum Pen Distance: 0.8961035584619891
Average Dog Distance: 0.6543825881309315
Maximum Dog Distance: 0.9234609907983145
Average Sheep Distance: 0.24596020157762322
Maximum Sheep Distance: 0.3839421483834154
Elapsed Time: 13m 34s
********** 96 **********
Average Fitness: 0.1495
Maximum Fitness: 0.3666666666666667
Average Pen Distance: 0.5443370253575829
Maximum Pen Distance: 0.8961035584619891
Average Dog Distance: 0.6548325992476148
Maximum Dog Distance: 0.9234609907983145
Average Sheep Distance: 0.24657546952379117
Maximum Sheep Distance: 0.3839421483834154
Elapsed Time: 13m 17s
********** 97 **********
Average Fitness: 0.14916666666666667
Maximum Fitness: 0.3666666666666667
Average Pen Distance: 0.5392822356131965
Maximum Pen Distance: 0.8961035584619891
Average Dog Distance: 0.6535252119923065
Maximum Dog Distance: 0.9234609907983145
Average Sheep Distance: 0.2472480532582865
Maximum Sheep Distance: 0.3839421483834154
Elapsed Time: 7m 37s
********** 98 **********
Average Fitness: 0.14833333333333334
Maximum Fitness: 0.3666666666666667
Average Pen Distance: 0.5324717699664081
Maximum Pen Distance: 0.8961035584619891
Average Dog Distance: 0.6507337890730918
Maximum Dog Distance: 0.9234609907983145
Average Sheep Distance: 0.24788051314227247
Maximum Sheep Distance: 0.3839421483834154
Elapsed Time: 6m 8s
********** 99 **********
Average Fitness: 0.14666666666666667
Maximum Fitness: 0.3666666666666667
Average Pen Distance: 0.5411201486368811
Maximum Pen Distance: 0.8961035584619891
Average Dog Distance: 0.6478160225931024
Maximum Dog Distance: 0.9593053668388128
Average Sheep Distance: 0.24990167227873575
Maximum Sheep Distance: 0.3839421483834154
Elapsed Time: 14m 54s
********** 100 **********
Average Fitness: 0.14450000000000002
Maximum Fitness: 0.3666666666666667
Average Pen Distance: 0.5440983456322889
Maximum Pen Distance: 0.8961035584619891
Average Dog Distance: 0.6432345484790679
Maximum Dog Distance: 0.9234609907983145
Average Sheep Distance: 0.2519654324982213
Maximum Sheep Distance: 0.3839421483834154
Elapsed Time: 14m 15s
********** 1 **********
Average Fitness: 0.04916666666666667
Maximum Fitness: 0.18333333333333335
Average Pen Distance: 0.5075246496193322
Maximum Pen Distance: 0.7748984889986678
Average Dog Distance: 0.7598715158890339
Maximum Dog Distance: 0.9513706910017206
Average Sheep Distance: 0.26226955650958017
Maximum Sheep Distance: 0.35829666713794106
Elapsed Time: 28m 54s
********** 2 **********
Average Fitness: 0.05483333333333333
Maximum Fitness: 0.18333333333333335
Average Pen Distance: 0.5036254345297632
Maximum Pen Distance: 0.7748984889986678
Average Dog Distance: 0.7429651337683663
Maximum Dog Distance: 0.9513706910017206
Average Sheep Distance: 0.2644721402693212
Maximum Sheep Distance: 0.35829666713794106
Elapsed Time: 14m 1s
********** 3 **********
Average Fitness: 0.06333333333333332
Maximum Fitness: 0.18333333333333335
Average Pen Distance: 0.48549736327967635
Maximum Pen Distance: 0.7748984889986678
Average Dog Distance: 0.7340535546595435
Maximum Dog Distance: 0.9513706910017206
Average Sheep Distance: 0.263173880629706
Maximum Sheep Distance: 0.35829666713794106
Elapsed Time: 13m 55s
********** 4 **********
Average Fitness: 0.06783333333333333
Maximum Fitness: 0.18333333333333335
Average Pen Distance: 0.4970159908598388
Maximum Pen Distance: 0.8064099554629678
Average Dog Distance: 0.7345406600610259
Maximum Dog Distance: 0.9545652699773464
Average Sheep Distance: 0.26373174243531156
Maximum Sheep Distance: 0.35829666713794106
Elapsed Time: 14m 9s
********** 5 **********
Average Fitness: 0.06999999999999999
Maximum Fitness: 0.18333333333333335
Average Pen Distance: 0.4926675216030157
Maximum Pen Distance: 0.8064099554629678
Average Dog Distance: 0.7278804263849439
Maximum Dog Distance: 0.9545652699773464
Average Sheep Distance: 0.26410958305792465
Maximum Sheep Distance: 0.36487269763133484
Elapsed Time: 13m 43s
********** 6 **********
Average Fitness: 0.06999999999999999
Maximum Fitness: 0.18333333333333335
Average Pen Distance: 0.5008475618206428
Maximum Pen Distance: 0.8272344846551936
Average Dog Distance: 0.7239003544395705
Maximum Dog Distance: 0.9545652699773464
Average Sheep Distance: 0.26458400891964795
Maximum Sheep Distance: 0.36487269763133484
Elapsed Time: 14m 14s
********** 7 **********
Average Fitness: 0.07066666666666667
Maximum Fitness: 0.18333333333333335
Average Pen Distance: 0.5130814543771286
Maximum Pen Distance: 0.8307939501837218
Average Dog Distance: 0.7183626384089042
Maximum Dog Distance: 0.9545652699773464
Average Sheep Distance: 0.26742086245236224
Maximum Sheep Distance: 0.367916700616004
Elapsed Time: 14m 27s
********** 8 **********
Average Fitness: 0.07
Maximum Fitness: 0.18333333333333335
Average Pen Distance: 0.5115884939422799
Maximum Pen Distance: 0.8433076500693449
Average Dog Distance: 0.7074942427664268
Maximum Dog Distance: 0.9545652699773464
Average Sheep Distance: 0.2703335370802673
Maximum Sheep Distance: 0.367916700616004
Elapsed Time: 13m 47s
********** 9 **********
Average Fitness: 0.07116666666666668
Maximum Fitness: 0.18333333333333335
Average Pen Distance: 0.4998685116176765
Maximum Pen Distance: 0.8433076500693449
Average Dog Distance: 0.6991683809823449
Maximum Dog Distance: 0.9545652699773464
Average Sheep Distance: 0.26973128658263495
Maximum Sheep Distance: 0.367916700616004
Elapsed Time: 14m 25s
********** 10 **********
Average Fitness: 0.07333333333333333
Maximum Fitness: 0.18333333333333335
Average Pen Distance: 0.5071966638999114
Maximum Pen Distance: 0.8433076500693449
Average Dog Distance: 0.7029186354598083
Maximum Dog Distance: 0.9545652699773464
Average Sheep Distance: 0.2693956824839658
Maximum Sheep Distance: 0.367916700616004
Elapsed Time: 14m 25s
********** 11 **********
Average Fitness: 0.0765
Maximum Fitness: 0.18333333333333335
Average Pen Distance: 0.5101844260462459
Maximum Pen Distance: 0.8433076500693449
Average Dog Distance: 0.7119070565268018
Maximum Dog Distance: 0.9545652699773464
Average Sheep Distance: 0.2699177285420482
Maximum Sheep Distance: 0.367916700616004
Elapsed Time: 14m 3s
********** 12 **********
Average Fitness: 0.07933333333333334
Maximum Fitness: 0.18333333333333335
Average Pen Distance: 0.5084388559607828
Maximum Pen Distance: 0.8433076500693449
Average Dog Distance: 0.6944091981147568
Maximum Dog Distance: 0.9545652699773464
Average Sheep Distance: 0.27308186406077967
Maximum Sheep Distance: 0.367916700616004
Elapsed Time: 14m 9s
********** 13 **********
Average Fitness: 0.079
Maximum Fitness: 0.18333333333333335
Average Pen Distance: 0.49301625637145546
Maximum Pen Distance: 0.8433076500693449
Average Dog Distance: 0.6837471237994017
Maximum Dog Distance: 0.9545652699773464
Average Sheep Distance: 0.2716029508768337
Maximum Sheep Distance: 0.367916700616004
Elapsed Time: 15m 24s
********** 14 **********
Average Fitness: 0.08116666666666669
Maximum Fitness: 0.18333333333333335
Average Pen Distance: 0.48778206427773496
Maximum Pen Distance: 0.8433076500693449
Average Dog Distance: 0.6817834484660084
Maximum Dog Distance: 0.9545652699773464
Average Sheep Distance: 0.27010110219413397
Maximum Sheep Distance: 0.367916700616004
Elapsed Time: 14m 29s
********** 15 **********
Average Fitness: 0.08199999999999999
Maximum Fitness: 0.18333333333333335
Average Pen Distance: 0.4932272167081739
Maximum Pen Distance: 0.8433076500693449
Average Dog Distance: 0.6773093539944297
Maximum Dog Distance: 0.9545652699773464
Average Sheep Distance: 0.27442960284052104
Maximum Sheep Distance: 0.367916700616004
Elapsed Time: 14m 57s
********** 16 **********
Average Fitness: 0.08166666666666668
Maximum Fitness: 0.18333333333333335
Average Pen Distance: 0.4946936630184059
Maximum Pen Distance: 0.8433076500693449
Average Dog Distance: 0.6732269537392831
Maximum Dog Distance: 0.9545652699773464
Average Sheep Distance: 0.27509667381463543
Maximum Sheep Distance: 0.367916700616004
Elapsed Time: 14m 29s
********** 17 **********
Average Fitness: 0.0841666666666667
Maximum Fitness: 0.18333333333333335
Average Pen Distance: 0.4991670885887609
Maximum Pen Distance: 0.8433076500693449
Average Dog Distance: 0.6755551130417851
Maximum Dog Distance: 0.9545652699773464
Average Sheep Distance: 0.273803159591274
Maximum Sheep Distance: 0.367916700616004
Elapsed Time: 14m 40s
********** 18 **********
Average Fitness: 0.08233333333333336
Maximum Fitness: 0.19999999999999998
Average Pen Distance: 0.5022479350342928
Maximum Pen Distance: 0.8542039812729819
Average Dog Distance: 0.6728358196735458
Maximum Dog Distance: 0.9545652699773464
Average Sheep Distance: 0.2736820067742961
Maximum Sheep Distance: 0.37606780107912563
Elapsed Time: 14m 11s
********** 19 **********
Average Fitness: 0.08450000000000003
Maximum Fitness: 0.19999999999999998
Average Pen Distance: 0.506283301201726
Maximum Pen Distance: 0.8542039812729819
Average Dog Distance: 0.675543474689754
Maximum Dog Distance: 0.9545652699773464
Average Sheep Distance: 0.27439636901003067
Maximum Sheep Distance: 0.37606780107912563
Elapsed Time: 14m 9s
********** 20 **********
Average Fitness: 0.08583333333333332
Maximum Fitness: 0.19999999999999998
Average Pen Distance: 0.5049077923089422
Maximum Pen Distance: 0.882982257326571
Average Dog Distance: 0.6730350535817662
Maximum Dog Distance: 0.9545652699773464
Average Sheep Distance: 0.2735538821513852
Maximum Sheep Distance: 0.3816949020796944
Elapsed Time: 14m 12s
********** 21 **********
Average Fitness: 0.08616666666666668
Maximum Fitness: 0.19999999999999998
Average Pen Distance: 0.5093306398288935
Maximum Pen Distance: 0.882982257326571
Average Dog Distance: 0.6757546139978219
Maximum Dog Distance: 0.9545652699773464
Average Sheep Distance: 0.27326627620447175
Maximum Sheep Distance: 0.3816949020796944
Elapsed Time: 14m 37s
********** 22 **********
Average Fitness: 0.08750000000000002
Maximum Fitness: 0.19999999999999998
Average Pen Distance: 0.5126613020530906
Maximum Pen Distance: 0.882982257326571
Average Dog Distance: 0.6745439312180931
Maximum Dog Distance: 0.9545652699773464
Average Sheep Distance: 0.2735440596915688
Maximum Sheep Distance: 0.3816949020796944
Elapsed Time: 14m 4s
********** 23 **********
Average Fitness: 0.08633333333333335
Maximum Fitness: 0.19999999999999998
Average Pen Distance: 0.5134270837677338
Maximum Pen Distance: 0.882982257326571
Average Dog Distance: 0.6761565689109491
Maximum Dog Distance: 0.9545652699773464
Average Sheep Distance: 0.27232514347676523
Maximum Sheep Distance: 0.3816949020796944
Elapsed Time: 6m 48s
********** 24 **********
Average Fitness: 0.08966666666666667
Maximum Fitness: 0.19999999999999998
Average Pen Distance: 0.5162191815545029
Maximum Pen Distance: 0.882982257326571
Average Dog Distance: 0.6769983685783021
Maximum Dog Distance: 0.9545652699773464
Average Sheep Distance: 0.2741114179458928
Maximum Sheep Distance: 0.3816949020796944
Elapsed Time: 6m 9s
********** 25 **********
Average Fitness: 0.08933333333333338
Maximum Fitness: 0.19999999999999998
Average Pen Distance: 0.5267037460764746
Maximum Pen Distance: 0.9258195474315549
Average Dog Distance: 0.671104947875634
Maximum Dog Distance: 0.9545652699773464
Average Sheep Distance: 0.2761044597881379
Maximum Sheep Distance: 0.3816949020796944
Elapsed Time: 6m 9s
********** 26 **********
Average Fitness: 0.09033333333333335
Maximum Fitness: 0.19999999999999998
Average Pen Distance: 0.5241995040744563
Maximum Pen Distance: 0.9258195474315549
Average Dog Distance: 0.6628893386129304
Maximum Dog Distance: 0.9545652699773464
Average Sheep Distance: 0.2753431325592438
Maximum Sheep Distance: 0.3816949020796944
Elapsed Time: 6m 4s
********** 27 **********
Average Fitness: 0.09033333333333333
Maximum Fitness: 0.19999999999999998
Average Pen Distance: 0.5306269611863861
Maximum Pen Distance: 0.9258195474315549
Average Dog Distance: 0.6596749465565245
Maximum Dog Distance: 0.9545652699773464
Average Sheep Distance: 0.2775549304281487
Maximum Sheep Distance: 0.3816949020796944
Elapsed Time: 6m 10s
********** 28 **********
Average Fitness: 0.09183333333333334
Maximum Fitness: 0.19999999999999998
Average Pen Distance: 0.5274748291349599
Maximum Pen Distance: 0.9258195474315549
Average Dog Distance: 0.6519717768562685
Maximum Dog Distance: 0.9545652699773464
Average Sheep Distance: 0.27840559878035803
Maximum Sheep Distance: 0.3816949020796944
Elapsed Time: 6m 6s
********** 29 **********
Average Fitness: 0.08833333333333333
Maximum Fitness: 0.19999999999999998
Average Pen Distance: 0.5476393318945078
Maximum Pen Distance: 0.9258195474315549
Average Dog Distance: 0.6504072534871113
Maximum Dog Distance: 0.9545652699773464
Average Sheep Distance: 0.28140489097848614
Maximum Sheep Distance: 0.37606780107912563
Elapsed Time: 6m 6s
********** 30 **********
Average Fitness: 0.08983333333333335
Maximum Fitness: 0.19999999999999998
Average Pen Distance: 0.5290648205465409
Maximum Pen Distance: 0.9258195474315549
Average Dog Distance: 0.6373989644626672
Maximum Dog Distance: 0.9486073657091417
Average Sheep Distance: 0.28057217500101106
Maximum Sheep Distance: 0.37606780107912563
Elapsed Time: 6m 14s
********** 31 **********
Average Fitness: 0.08816666666666668
Maximum Fitness: 0.19999999999999998
Average Pen Distance: 0.5370898554797567
Maximum Pen Distance: 0.9258195474315549
Average Dog Distance: 0.6389055432767939
Maximum Dog Distance: 0.9486073657091417
Average Sheep Distance: 0.28102301648103883
Maximum Sheep Distance: 0.37606780107912563
Elapsed Time: 6m 33s
********** 32 **********
Average Fitness: 0.08916666666666667
Maximum Fitness: 0.19999999999999998
Average Pen Distance: 0.5402819463811742
Maximum Pen Distance: 0.9258195474315549
Average Dog Distance: 0.6392745454447715
Maximum Dog Distance: 0.9486073657091417
Average Sheep Distance: 0.2804521393432693
Maximum Sheep Distance: 0.37606780107912563
Elapsed Time: 6m 6s
********** 33 **********
Average Fitness: 0.0916666666666667
Maximum Fitness: 0.19999999999999998
Average Pen Distance: 0.5274774253000162
Maximum Pen Distance: 0.9290144568718021
Average Dog Distance: 0.6257262685117279
Maximum Dog Distance: 0.9486073657091417
Average Sheep Distance: 0.2810672347800561
Maximum Sheep Distance: 0.37606780107912563
Elapsed Time: 6m 9s
********** 34 **********
Average Fitness: 0.09416666666666668
Maximum Fitness: 0.20000000000000004
Average Pen Distance: 0.5321902590680051
Maximum Pen Distance: 0.9290144568718021
Average Dog Distance: 0.6346439301155897
Maximum Dog Distance: 0.9486073657091417
Average Sheep Distance: 0.2777178939350986
Maximum Sheep Distance: 0.37606780107912563
Elapsed Time: 6m 46s
********** 35 **********
Average Fitness: 0.09483333333333334
Maximum Fitness: 0.21666666666666667
Average Pen Distance: 0.5360777474165218
Maximum Pen Distance: 0.9290144568718021
Average Dog Distance: 0.6385495125290788
Maximum Dog Distance: 0.9486073657091417
Average Sheep Distance: 0.281257809917428
Maximum Sheep Distance: 0.37606780107912563
Elapsed Time: 6m 42s
********** 36 **********
Average Fitness: 0.09616666666666668
Maximum Fitness: 0.21666666666666667
Average Pen Distance: 0.5314239638518148
Maximum Pen Distance: 0.9290144568718021
Average Dog Distance: 0.6346374261852558
Maximum Dog Distance: 0.9486073657091417
Average Sheep Distance: 0.2824448651609562
Maximum Sheep Distance: 0.37606780107912563
Elapsed Time: 11m 17s
********** 37 **********
Average Fitness: 0.09883333333333333
Maximum Fitness: 0.21666666666666667
Average Pen Distance: 0.5323908309716477
Maximum Pen Distance: 0.9290144568718021
Average Dog Distance: 0.6342591158285673
Maximum Dog Distance: 0.9486073657091417
Average Sheep Distance: 0.28207073640982633
Maximum Sheep Distance: 0.38089478518465203
Elapsed Time: 12m 11s
********** 38 **********
Average Fitness: 0.09866666666666667
Maximum Fitness: 0.21666666666666667
Average Pen Distance: 0.5367504409555623
Maximum Pen Distance: 0.9290144568718021
Average Dog Distance: 0.6381671197810262
Maximum Dog Distance: 0.9486073657091417
Average Sheep Distance: 0.2827105305307123
Maximum Sheep Distance: 0.38550551605663824
Elapsed Time: 12m 52s
********** 39 **********
Average Fitness: 0.09750000000000002
Maximum Fitness: 0.21666666666666667
Average Pen Distance: 0.542261902654188
Maximum Pen Distance: 0.9290144568718021
Average Dog Distance: 0.6385295359492652
Maximum Dog Distance: 0.9590767462446169
Average Sheep Distance: 0.2830941262782735
Maximum Sheep Distance: 0.38550551605663824
Elapsed Time: 12m 25s
********** 40 **********
Average Fitness: 0.09566666666666668
Maximum Fitness: 0.21666666666666667
Average Pen Distance: 0.5473481963968901
Maximum Pen Distance: 0.9290144568718021
Average Dog Distance: 0.6299987149985855
Maximum Dog Distance: 0.9590767462446169
Average Sheep Distance: 0.2839605332775572
Maximum Sheep Distance: 0.38550551605663824
Elapsed Time: 13m 7s
********** 41 **********
Average Fitness: 0.09716666666666668
Maximum Fitness: 0.26666666666666666
Average Pen Distance: 0.5432944885109867
Maximum Pen Distance: 0.9290144568718021
Average Dog Distance: 0.6259761497385539
Maximum Dog Distance: 0.9590767462446169
Average Sheep Distance: 0.28314304971219195
Maximum Sheep Distance: 0.38550551605663824
Elapsed Time: 7m 55s
********** 42 **********
Average Fitness: 0.09966666666666668
Maximum Fitness: 0.26666666666666666
Average Pen Distance: 0.5492299157815438
Maximum Pen Distance: 0.9290144568718021
Average Dog Distance: 0.6311862403885307
Maximum Dog Distance: 0.9590767462446169
Average Sheep Distance: 0.282339120693512
Maximum Sheep Distance: 0.38550551605663824
Elapsed Time: 18m 49s
********** 43 **********
Average Fitness: 0.10033333333333334
Maximum Fitness: 0.26666666666666666
Average Pen Distance: 0.5457125887677179
Maximum Pen Distance: 0.9290144568718021
Average Dog Distance: 0.6303054133921285
Maximum Dog Distance: 0.9590767462446169
Average Sheep Distance: 0.28242819465033114
Maximum Sheep Distance: 0.38550551605663824
Elapsed Time: 18m 36s
********** 44 **********
Average Fitness: 0.10116666666666667
Maximum Fitness: 0.26666666666666666
Average Pen Distance: 0.5446036670849054
Maximum Pen Distance: 0.9151063480079032
Average Dog Distance: 0.6306279731901446
Maximum Dog Distance: 0.9590767462446169
Average Sheep Distance: 0.28199411158506626
Maximum Sheep Distance: 0.3976721463598951
Elapsed Time: 19m 41s
********** 45 **********
Average Fitness: 0.10266666666666666
Maximum Fitness: 0.26666666666666666
Average Pen Distance: 0.546472364337334
Maximum Pen Distance: 0.9151063480079032
Average Dog Distance: 0.6302414641400538
Maximum Dog Distance: 0.9590767462446169
Average Sheep Distance: 0.2825301453635044
Maximum Sheep Distance: 0.3976721463598951
Elapsed Time: 18m 34s
********** 46 **********
Average Fitness: 0.10400000000000001
Maximum Fitness: 0.26666666666666666
Average Pen Distance: 0.5427286428015144
Maximum Pen Distance: 0.9151063480079032
Average Dog Distance: 0.627901609672087
Maximum Dog Distance: 0.9590767462446169
Average Sheep Distance: 0.28209494522072354
Maximum Sheep Distance: 0.3976721463598951
Elapsed Time: 18m 41s
********** 47 **********
Average Fitness: 0.10466666666666669
Maximum Fitness: 0.26666666666666666
Average Pen Distance: 0.5451110412002905
Maximum Pen Distance: 0.9151063480079032
Average Dog Distance: 0.6272275230841248
Maximum Dog Distance: 0.9590767462446169
Average Sheep Distance: 0.2815093406079645
Maximum Sheep Distance: 0.3976721463598951
Elapsed Time: 23m 19s
********** 48 **********
Average Fitness: 0.10683333333333335
Maximum Fitness: 0.26666666666666666
Average Pen Distance: 0.5378710501584298
Maximum Pen Distance: 0.9151063480079032
Average Dog Distance: 0.6312792523032784
Maximum Dog Distance: 0.9590767462446169
Average Sheep Distance: 0.28124166922858607
Maximum Sheep Distance: 0.3976721463598951
Elapsed Time: 20m 8s
********** 49 **********
Average Fitness: 0.10783333333333336
Maximum Fitness: 0.26666666666666666
Average Pen Distance: 0.5435345067277608
Maximum Pen Distance: 0.9303908945611287
Average Dog Distance: 0.6357791467634235
Maximum Dog Distance: 0.9590767462446169
Average Sheep Distance: 0.2808865819002115
Maximum Sheep Distance: 0.3976721463598951
Elapsed Time: 15m 38s
********** 50 **********
Average Fitness: 0.10733333333333332
Maximum Fitness: 0.26666666666666666
Average Pen Distance: 0.5503977460943222
Maximum Pen Distance: 0.9303908945611287
Average Dog Distance: 0.6401479508945747
Maximum Dog Distance: 0.9590767462446169
Average Sheep Distance: 0.28110514683319127
Maximum Sheep Distance: 0.40336106313631387
Elapsed Time: 20m 51s
********** 51 **********
Average Fitness: 0.1075
Maximum Fitness: 0.26666666666666666
Average Pen Distance: 0.5423484308782581
Maximum Pen Distance: 0.9303908945611287
Average Dog Distance: 0.6420437147349993
Maximum Dog Distance: 0.9590767462446169
Average Sheep Distance: 0.282768521967353
Maximum Sheep Distance: 0.40336106313631387
Elapsed Time: 8m 20s
********** 52 **********
Average Fitness: 0.10833333333333332
Maximum Fitness: 0.26666666666666666
Average Pen Distance: 0.5465289852993994
Maximum Pen Distance: 0.9303908945611287
Average Dog Distance: 0.6406205412808856
Maximum Dog Distance: 0.9590767462446169
Average Sheep Distance: 0.28247889540936977
Maximum Sheep Distance: 0.4160027322073135
Elapsed Time: 9m 38s
********** 53 **********
Average Fitness: 0.10866666666666669
Maximum Fitness: 0.26666666666666666
Average Pen Distance: 0.5414041200087542
Maximum Pen Distance: 0.9303908945611287
Average Dog Distance: 0.6436452597219988
Maximum Dog Distance: 0.9590767462446169
Average Sheep Distance: 0.28052192971899687
Maximum Sheep Distance: 0.4160027322073135
Elapsed Time: 9m 56s
********** 54 **********
Average Fitness: 0.10916666666666668
Maximum Fitness: 0.26666666666666666
Average Pen Distance: 0.5412227290364136
Maximum Pen Distance: 0.9303908945611287
Average Dog Distance: 0.6444939264445299
Maximum Dog Distance: 0.9590767462446169
Average Sheep Distance: 0.2801611164246269
Maximum Sheep Distance: 0.4160027322073135
Elapsed Time: 10m 4s
********** 55 **********
Average Fitness: 0.11483333333333333
Maximum Fitness: 0.26666666666666666
Average Pen Distance: 0.5271827500944332
Maximum Pen Distance: 0.9303908945611287
Average Dog Distance: 0.640792838423188
Maximum Dog Distance: 0.9590767462446169
Average Sheep Distance: 0.2815020001384509
Maximum Sheep Distance: 0.4160027322073135
Elapsed Time: 10m 5s
********** 56 **********
Average Fitness: 0.11416666666666667
Maximum Fitness: 0.26666666666666666
Average Pen Distance: 0.5299053869653474
Maximum Pen Distance: 0.934523333665891
Average Dog Distance: 0.646066024443231
Maximum Dog Distance: 0.9590767462446169
Average Sheep Distance: 0.2838222854167796
Maximum Sheep Distance: 0.4160027322073135
Elapsed Time: 10m 1s
********** 57 **********
Average Fitness: 0.11449999999999999
Maximum Fitness: 0.26666666666666666
Average Pen Distance: 0.5300241692703509
Maximum Pen Distance: 0.934523333665891
Average Dog Distance: 0.6437025552895773
Maximum Dog Distance: 0.9590767462446169
Average Sheep Distance: 0.28328814848926326
Maximum Sheep Distance: 0.4160027322073135
Elapsed Time: 9m 57s
********** 58 **********
Average Fitness: 0.11566666666666667
Maximum Fitness: 0.26666666666666666
Average Pen Distance: 0.5246406872964139
Maximum Pen Distance: 0.934523333665891
Average Dog Distance: 0.6453377357640103
Maximum Dog Distance: 0.9590767462446169
Average Sheep Distance: 0.28234223201669817
Maximum Sheep Distance: 0.4160027322073135
Elapsed Time: 10m 28s
********** 59 **********
Average Fitness: 0.1161666666666667
Maximum Fitness: 0.26666666666666666
Average Pen Distance: 0.5348558908585965
Maximum Pen Distance: 0.934523333665891
Average Dog Distance: 0.6443561290043422
Maximum Dog Distance: 0.9590767462446169
Average Sheep Distance: 0.2832683677493019
Maximum Sheep Distance: 0.4160027322073135
Elapsed Time: 10m 9s
********** 60 **********
Average Fitness: 0.11766666666666666
Maximum Fitness: 0.26666666666666666
Average Pen Distance: 0.521212075948003
Maximum Pen Distance: 0.934523333665891
Average Dog Distance: 0.6407298532698408
Maximum Dog Distance: 0.9590767462446169
Average Sheep Distance: 0.2817096459623909
Maximum Sheep Distance: 0.4160027322073135
Elapsed Time: 10m 19s
********** 61 **********
Average Fitness: 0.11666666666666665
Maximum Fitness: 0.26666666666666666
Average Pen Distance: 0.5152982316194861
Maximum Pen Distance: 0.934523333665891
Average Dog Distance: 0.6388303886905021
Maximum Dog Distance: 0.9590767462446169
Average Sheep Distance: 0.28014164843910105
Maximum Sheep Distance: 0.4160027322073135
Elapsed Time: 10m 11s
********** 62 **********
Average Fitness: 0.11833333333333332
Maximum Fitness: 0.26666666666666666
Average Pen Distance: 0.5121321757845438
Maximum Pen Distance: 0.9293148343516032
Average Dog Distance: 0.6487828936038005
Maximum Dog Distance: 0.9590767462446169
Average Sheep Distance: 0.27719885015943624
Maximum Sheep Distance: 0.4160027322073135
Elapsed Time: 10m 4s
********** 63 **********
Average Fitness: 0.11733333333333336
Maximum Fitness: 0.26666666666666666
Average Pen Distance: 0.5225641592873249
Maximum Pen Distance: 0.9293148343516032
Average Dog Distance: 0.6435857987247608
Maximum Dog Distance: 0.9590767462446169
Average Sheep Distance: 0.2788805709783226
Maximum Sheep Distance: 0.4160027322073135
Elapsed Time: 10m 9s
********** 64 **********
Average Fitness: 0.1175
Maximum Fitness: 0.26666666666666666
Average Pen Distance: 0.5257861269082472
Maximum Pen Distance: 0.9293148343516032
Average Dog Distance: 0.6410934212905726
Maximum Dog Distance: 0.9590767462446169
Average Sheep Distance: 0.28099703029704665
Maximum Sheep Distance: 0.4160027322073135
Elapsed Time: 10m 27s
********** 65 **********
Average Fitness: 0.11616666666666667
Maximum Fitness: 0.26666666666666666
Average Pen Distance: 0.5265284593988152
Maximum Pen Distance: 0.9293148343516032
Average Dog Distance: 0.6401769737766029
Maximum Dog Distance: 0.9590767462446169
Average Sheep Distance: 0.2803101462877309
Maximum Sheep Distance: 0.4160027322073135
Elapsed Time: 10m 13s
********** 66 **********
Average Fitness: 0.11833333333333336
Maximum Fitness: 0.26666666666666666
Average Pen Distance: 0.5255783137997476
Maximum Pen Distance: 0.9293148343516032
Average Dog Distance: 0.6353278251539597
Maximum Dog Distance: 0.9590767462446169
Average Sheep Distance: 0.2800939231362855
Maximum Sheep Distance: 0.4160027322073135
Elapsed Time: 10m 5s
********** 67 **********
Average Fitness: 0.1205
Maximum Fitness: 0.26666666666666666
Average Pen Distance: 0.5177005416287503
Maximum Pen Distance: 0.9293148343516032
Average Dog Distance: 0.6397832375174807
Maximum Dog Distance: 0.9590767462446169
Average Sheep Distance: 0.2789408484320823
Maximum Sheep Distance: 0.4160027322073135
Elapsed Time: 9m 52s
********** 68 **********
Average Fitness: 0.11883333333333333
Maximum Fitness: 0.26666666666666666
Average Pen Distance: 0.5104643989914878
Maximum Pen Distance: 0.9293148343516032
Average Dog Distance: 0.6328373473056667
Maximum Dog Distance: 0.9590767462446169
Average Sheep Distance: 0.2776563250279291
Maximum Sheep Distance: 0.4160027322073135
Elapsed Time: 9m 58s
********** 69 **********
Average Fitness: 0.11666666666666668
Maximum Fitness: 0.26666666666666666
Average Pen Distance: 0.5228333029495178
Maximum Pen Distance: 0.9293148343516032
Average Dog Distance: 0.6403188525632035
Maximum Dog Distance: 0.9590767462446169
Average Sheep Distance: 0.2797167286645331
Maximum Sheep Distance: 0.417888530714075
Elapsed Time: 10m 8s
********** 70 **********
Average Fitness: 0.11683333333333336
Maximum Fitness: 0.26666666666666666
Average Pen Distance: 0.5175092819926426
Maximum Pen Distance: 0.9293148343516032
Average Dog Distance: 0.6337799168431943
Maximum Dog Distance: 0.9590767462446169
Average Sheep Distance: 0.27753151394713366
Maximum Sheep Distance: 0.417888530714075
Elapsed Time: 10m 4s
********** 71 **********
Average Fitness: 0.11816666666666668
Maximum Fitness: 0.26666666666666666
Average Pen Distance: 0.5208886812888631
Maximum Pen Distance: 0.9293148343516032
Average Dog Distance: 0.6441061797978103
Maximum Dog Distance: 0.9590767462446169
Average Sheep Distance: 0.27732916285230474
Maximum Sheep Distance: 0.417888530714075
Elapsed Time: 10m 17s
********** 72 **********
Average Fitness: 0.1185
Maximum Fitness: 0.26666666666666666
Average Pen Distance: 0.5225234742767738
Maximum Pen Distance: 0.9293148343516032
Average Dog Distance: 0.6419897084164472
Maximum Dog Distance: 0.9590767462446169
Average Sheep Distance: 0.276601173320121
Maximum Sheep Distance: 0.417888530714075
Elapsed Time: 10m 9s
********** 73 **********
Average Fitness: 0.11966666666666667
Maximum Fitness: 0.26666666666666666
Average Pen Distance: 0.5131294584685953
Maximum Pen Distance: 0.9293148343516032
Average Dog Distance: 0.63876049380077
Maximum Dog Distance: 0.9590767462446169
Average Sheep Distance: 0.2755251976961229
Maximum Sheep Distance: 0.4160027322073135
Elapsed Time: 10m 10s
********** 74 **********
Average Fitness: 0.12083333333333336
Maximum Fitness: 0.26666666666666666
Average Pen Distance: 0.5069850259806148
Maximum Pen Distance: 0.9293148343516032
Average Dog Distance: 0.6349460282039824
Maximum Dog Distance: 0.9590767462446169
Average Sheep Distance: 0.27642800447136523
Maximum Sheep Distance: 0.4160027322073135
Elapsed Time: 10m 20s
********** 75 **********
Average Fitness: 0.12116666666666669
Maximum Fitness: 0.26666666666666666
Average Pen Distance: 0.5089011958592369
Maximum Pen Distance: 0.9293148343516032
Average Dog Distance: 0.6337404202539505
Maximum Dog Distance: 0.9590767462446169
Average Sheep Distance: 0.27851607683961677
Maximum Sheep Distance: 0.4160027322073135
Elapsed Time: 10m 19s
********** 76 **********
Average Fitness: 0.12083333333333336
Maximum Fitness: 0.26666666666666666
Average Pen Distance: 0.5102054361919585
Maximum Pen Distance: 0.9293148343516032
Average Dog Distance: 0.631969727724161
Maximum Dog Distance: 0.9590767462446169
Average Sheep Distance: 0.27812290608630175
Maximum Sheep Distance: 0.4160027322073135
Elapsed Time: 10m 12s
********** 77 **********
Average Fitness: 0.12033333333333335
Maximum Fitness: 0.26666666666666666
Average Pen Distance: 0.5143094589738351
Maximum Pen Distance: 0.9293148343516032
Average Dog Distance: 0.6355903217762137
Maximum Dog Distance: 0.9590767462446169
Average Sheep Distance: 0.27885676917280056
Maximum Sheep Distance: 0.4160027322073135
Elapsed Time: 10m 24s
********** 78 **********
Average Fitness: 0.12466666666666669
Maximum Fitness: 0.3
Average Pen Distance: 0.5057795357113258
Maximum Pen Distance: 0.9293148343516032
Average Dog Distance: 0.6368038830848763
Maximum Dog Distance: 0.9590767462446169
Average Sheep Distance: 0.2764660937222374
Maximum Sheep Distance: 0.4160027322073135
Elapsed Time: 10m 6s
********** 79 **********
Average Fitness: 0.12466666666666669
Maximum Fitness: 0.3
Average Pen Distance: 0.5132376618658019
Maximum Pen Distance: 0.9293148343516032
Average Dog Distance: 0.6409500192652839
Maximum Dog Distance: 0.9590767462446169
Average Sheep Distance: 0.2755446339091506
Maximum Sheep Distance: 0.4160027322073135
Elapsed Time: 10m 18s
********** 80 **********
Average Fitness: 0.12400000000000003
Maximum Fitness: 0.3
Average Pen Distance: 0.5144244355912129
Maximum Pen Distance: 0.9293148343516032
Average Dog Distance: 0.6472649187898014
Maximum Dog Distance: 0.9590767462446169
Average Sheep Distance: 0.2743880251154635
Maximum Sheep Distance: 0.4160027322073135
Elapsed Time: 10m 18s
********** 81 **********
Average Fitness: 0.12416666666666666
Maximum Fitness: 0.3
Average Pen Distance: 0.5003336854246809
Maximum Pen Distance: 0.9293148343516032
Average Dog Distance: 0.6405788920792673
Maximum Dog Distance: 0.9590767462446169
Average Sheep Distance: 0.2752284761433322
Maximum Sheep Distance: 0.4160027322073135
Elapsed Time: 9m 59s
********** 82 **********
Average Fitness: 0.12433333333333335
Maximum Fitness: 0.3
Average Pen Distance: 0.5055224720329128
Maximum Pen Distance: 0.9293148343516032
Average Dog Distance: 0.6414885434190688
Maximum Dog Distance: 0.9590767462446169
Average Sheep Distance: 0.27686923993709245
Maximum Sheep Distance: 0.4160027322073135
Elapsed Time: 10m 14s
********** 83 **********
Average Fitness: 0.12283333333333335
Maximum Fitness: 0.3
Average Pen Distance: 0.5117785195151922
Maximum Pen Distance: 0.9293148343516032
Average Dog Distance: 0.6308717770501137
Maximum Dog Distance: 0.9486073657091417
Average Sheep Distance: 0.2790588067719927
Maximum Sheep Distance: 0.4705242193003339
Elapsed Time: 9m 57s
********** 84 **********
Average Fitness: 0.12266666666666667
Maximum Fitness: 0.3
Average Pen Distance: 0.5167176563424908
Maximum Pen Distance: 0.9293148343516032
Average Dog Distance: 0.6348677722101546
Maximum Dog Distance: 0.9486073657091417
Average Sheep Distance: 0.2781396961316428
Maximum Sheep Distance: 0.4705242193003339
Elapsed Time: 10m 1s
********** 85 **********
Average Fitness: 0.12233333333333332
Maximum Fitness: 0.3
Average Pen Distance: 0.5214509546176619
Maximum Pen Distance: 0.9293148343516032
Average Dog Distance: 0.6347763104849409
Maximum Dog Distance: 0.9486073657091417
Average Sheep Distance: 0.2806613323601583
Maximum Sheep Distance: 0.4705242193003339
Elapsed Time: 10m 4s
********** 86 **********
Average Fitness: 0.12200000000000001
Maximum Fitness: 0.3
Average Pen Distance: 0.522529027595769
Maximum Pen Distance: 0.9293148343516032
Average Dog Distance: 0.6353149357147788
Maximum Dog Distance: 0.949900212372823
Average Sheep Distance: 0.27991739726471665
Maximum Sheep Distance: 0.4705242193003339
Elapsed Time: 10m 13s
********** 87 **********
Average Fitness: 0.12166666666666666
Maximum Fitness: 0.3
Average Pen Distance: 0.5212246577339336
Maximum Pen Distance: 0.9293148343516032
Average Dog Distance: 0.6367848541600751
Maximum Dog Distance: 0.9486073657091417
Average Sheep Distance: 0.28017720102550414
Maximum Sheep Distance: 0.4705242193003339
Elapsed Time: 10m 8s
********** 88 **********
Average Fitness: 0.12200000000000001
Maximum Fitness: 0.3
Average Pen Distance: 0.5180463487160606
Maximum Pen Distance: 0.9293148343516032
Average Dog Distance: 0.6377736929320023
Maximum Dog Distance: 0.9486073657091417
Average Sheep Distance: 0.2806745562936681
Maximum Sheep Distance: 0.4705242193003339
Elapsed Time: 10m 11s
********** 89 **********
Average Fitness: 0.11933333333333335
Maximum Fitness: 0.3
Average Pen Distance: 0.5348019967722183
Maximum Pen Distance: 0.9293148343516032
Average Dog Distance: 0.6368951650658193
Maximum Dog Distance: 0.9486073657091417
Average Sheep Distance: 0.28120056608600685
Maximum Sheep Distance: 0.4705242193003339
Elapsed Time: 10m 26s
********** 90 **********
Average Fitness: 0.12066666666666666
Maximum Fitness: 0.3
Average Pen Distance: 0.5301033165490949
Maximum Pen Distance: 0.9293148343516032
Average Dog Distance: 0.6376066798734117
Maximum Dog Distance: 0.9486073657091417
Average Sheep Distance: 0.28099779802835845
Maximum Sheep Distance: 0.4705242193003339
Elapsed Time: 10m 17s
********** 91 **********
Average Fitness: 0.12133333333333335
Maximum Fitness: 0.3
Average Pen Distance: 0.5247262005000833
Maximum Pen Distance: 0.9293148343516032
Average Dog Distance: 0.6334738302008889
Maximum Dog Distance: 0.9486073657091417
Average Sheep Distance: 0.2800444933346941
Maximum Sheep Distance: 0.4705242193003339
Elapsed Time: 10m 7s
********** 92 **********
Average Fitness: 0.12183333333333335
Maximum Fitness: 0.3
Average Pen Distance: 0.5256139822397414
Maximum Pen Distance: 0.9293148343516032
Average Dog Distance: 0.6333065427437662
Maximum Dog Distance: 0.9486073657091417
Average Sheep Distance: 0.2804095960933167
Maximum Sheep Distance: 0.4705242193003339
Elapsed Time: 10m 8s
********** 93 **********
Average Fitness: 0.12266666666666667
Maximum Fitness: 0.3
Average Pen Distance: 0.5258488416474312
Maximum Pen Distance: 0.9293148343516032
Average Dog Distance: 0.6307586582715702
Maximum Dog Distance: 0.9486073657091417
Average Sheep Distance: 0.28072412943425834
Maximum Sheep Distance: 0.4705242193003339
Elapsed Time: 10m 12s
********** 94 **********
Average Fitness: 0.12316666666666669
Maximum Fitness: 0.3
Average Pen Distance: 0.5299251235525313
Maximum Pen Distance: 0.9293148343516032
Average Dog Distance: 0.630508193042325
Maximum Dog Distance: 0.9486073657091417
Average Sheep Distance: 0.28169319465462167
Maximum Sheep Distance: 0.4705242193003339
Elapsed Time: 10m 21s
********** 95 **********
Average Fitness: 0.12366666666666667
Maximum Fitness: 0.3
Average Pen Distance: 0.5252791983559211
Maximum Pen Distance: 0.9293148343516032
Average Dog Distance: 0.6307625049028754
Maximum Dog Distance: 0.9486073657091417
Average Sheep Distance: 0.28110569407538927
Maximum Sheep Distance: 0.4705242193003339
Elapsed Time: 10m 29s
********** 96 **********
Average Fitness: 0.1225
Maximum Fitness: 0.3
Average Pen Distance: 0.5307742452396749
Maximum Pen Distance: 0.9293148343516032
Average Dog Distance: 0.6327257060255729
Maximum Dog Distance: 0.9486073657091417
Average Sheep Distance: 0.28264225393890646
Maximum Sheep Distance: 0.4705242193003339
Elapsed Time: 10m 3s
********** 97 **********
Average Fitness: 0.1221666666666667
Maximum Fitness: 0.3
Average Pen Distance: 0.5277700575241357
Maximum Pen Distance: 0.9293148343516032
Average Dog Distance: 0.6320342384133124
Maximum Dog Distance: 0.9486073657091417
Average Sheep Distance: 0.2815708155790943
Maximum Sheep Distance: 0.4705242193003339
Elapsed Time: 9m 56s
********** 98 **********
Average Fitness: 0.12266666666666669
Maximum Fitness: 0.3
Average Pen Distance: 0.5290293691412262
Maximum Pen Distance: 0.9293148343516032
Average Dog Distance: 0.6371742504349815
Maximum Dog Distance: 0.9486073657091417
Average Sheep Distance: 0.2819249322062198
Maximum Sheep Distance: 0.4705242193003339
Elapsed Time: 9m 58s
********** 99 **********
Average Fitness: 0.12283333333333334
Maximum Fitness: 0.3
Average Pen Distance: 0.5267819084511348
Maximum Pen Distance: 0.9293148343516032
Average Dog Distance: 0.6276368011091213
Maximum Dog Distance: 0.9486073657091417
Average Sheep Distance: 0.28216944262973703
Maximum Sheep Distance: 0.4705242193003339
Elapsed Time: 10m 1s
********** 100 **********
Average Fitness: 0.124
Maximum Fitness: 0.3
Average Pen Distance: 0.5305765030407127
Maximum Pen Distance: 0.9293148343516032
Average Dog Distance: 0.6330510578852887
Maximum Dog Distance: 0.9486073657091417
Average Sheep Distance: 0.2819736238469867
Maximum Sheep Distance: 0.4705242193003339
Elapsed Time: 10m 1s
********** 1 **********
Average Fitness: 0.051166666666666666
Maximum Fitness: 0.15
Average Pen Distance: 0.5173349618492239
Maximum Pen Distance: 0.7635335673696874
Average Dog Distance: 0.7722173596509898
Maximum Dog Distance: 0.9805326667906868
Average Sheep Distance: 0.2628052247660002
Maximum Sheep Distance: 0.3237690137700766
Elapsed Time: 20m 31s
********** 2 **********
Average Fitness: 0.061
Maximum Fitness: 0.16666666666666666
Average Pen Distance: 0.5084103025326467
Maximum Pen Distance: 0.7512671333976667
Average Dog Distance: 0.7567510100371159
Maximum Dog Distance: 0.9805326667906868
Average Sheep Distance: 0.26649884901294607
Maximum Sheep Distance: 0.3345070312652499
Elapsed Time: 10m 20s
********** 3 **********
Average Fitness: 0.06683333333333333
Maximum Fitness: 0.16666666666666666
Average Pen Distance: 0.5067335907910006
Maximum Pen Distance: 0.7907749330369294
Average Dog Distance: 0.7556159886724056
Maximum Dog Distance: 0.9805326667906868
Average Sheep Distance: 0.2671365024387566
Maximum Sheep Distance: 0.3345070312652499
Elapsed Time: 10m 19s
********** 4 **********
Average Fitness: 0.0685
Maximum Fitness: 0.18333333333333335
Average Pen Distance: 0.4955612768399108
Maximum Pen Distance: 0.8060783611631143
Average Dog Distance: 0.7341657104330283
Maximum Dog Distance: 0.9805326667906868
Average Sheep Distance: 0.2673076164504788
Maximum Sheep Distance: 0.3345070312652499
Elapsed Time: 10m 21s
********** 5 **********
Average Fitness: 0.07150000000000001
Maximum Fitness: 0.18333333333333335
Average Pen Distance: 0.4870530060503458
Maximum Pen Distance: 0.8191514667335467
Average Dog Distance: 0.7275628058047187
Maximum Dog Distance: 0.9805326667906868
Average Sheep Distance: 0.2685219125553539
Maximum Sheep Distance: 0.3282734216993592
Elapsed Time: 10m 20s
********** 6 **********
Average Fitness: 0.0745
Maximum Fitness: 0.18333333333333335
Average Pen Distance: 0.48962656973735585
Maximum Pen Distance: 0.8729824939598773
Average Dog Distance: 0.7296010277620006
Maximum Dog Distance: 0.9805326667906868
Average Sheep Distance: 0.269920644471437
Maximum Sheep Distance: 0.337562659948033
Elapsed Time: 10m 15s
********** 7 **********
Average Fitness: 0.07533333333333334
Maximum Fitness: 0.18333333333333335
Average Pen Distance: 0.4899544381165201
Maximum Pen Distance: 0.8729824939598773
Average Dog Distance: 0.7247859101864792
Maximum Dog Distance: 0.9805326667906868
Average Sheep Distance: 0.26828799904901346
Maximum Sheep Distance: 0.331163539187008
Elapsed Time: 10m 29s
********** 8 **********
Average Fitness: 0.075
Maximum Fitness: 0.18333333333333335
Average Pen Distance: 0.4862201276937299
Maximum Pen Distance: 0.8729824939598773
Average Dog Distance: 0.7079377889441251
Maximum Dog Distance: 0.9805326667906868
Average Sheep Distance: 0.26764522255208223
Maximum Sheep Distance: 0.331163539187008
Elapsed Time: 10m 27s
********** 9 **********
Average Fitness: 0.07833333333333332
Maximum Fitness: 0.18333333333333335
Average Pen Distance: 0.4934763525432862
Maximum Pen Distance: 0.8729824939598773
Average Dog Distance: 0.7096026621189359
Maximum Dog Distance: 0.9805326667906868
Average Sheep Distance: 0.2708841018689683
Maximum Sheep Distance: 0.33839008243878416
Elapsed Time: 10m 14s
********** 10 **********
Average Fitness: 0.0815
Maximum Fitness: 0.18333333333333335
Average Pen Distance: 0.4924195016366001
Maximum Pen Distance: 0.8729824939598773
Average Dog Distance: 0.7056459383205456
Maximum Dog Distance: 0.9956097215391849
Average Sheep Distance: 0.2709514790228269
Maximum Sheep Distance: 0.33839008243878416
Elapsed Time: 10m 20s
********** 11 **********
Average Fitness: 0.08449999999999999
Maximum Fitness: 0.18333333333333335
Average Pen Distance: 0.4830696667650773
Maximum Pen Distance: 0.8729824939598773
Average Dog Distance: 0.6957459990483456
Maximum Dog Distance: 0.9956097215391849
Average Sheep Distance: 0.2706071475082907
Maximum Sheep Distance: 0.35180568279803387
Elapsed Time: 10m 22s
********** 12 **********
Average Fitness: 0.08483333333333333
Maximum Fitness: 0.18333333333333335
Average Pen Distance: 0.4893753578115696
Maximum Pen Distance: 0.8729824939598773
Average Dog Distance: 0.6981576182179277
Maximum Dog Distance: 0.9956097215391849
Average Sheep Distance: 0.2716929638959548
Maximum Sheep Distance: 0.35180568279803387
Elapsed Time: 10m 9s
********** 13 **********
Average Fitness: 0.08666666666666668
Maximum Fitness: 0.18333333333333335
Average Pen Distance: 0.48928389860538396
Maximum Pen Distance: 0.8729824939598773
Average Dog Distance: 0.6960015610603943
Maximum Dog Distance: 0.9956097215391849
Average Sheep Distance: 0.2704813334965952
Maximum Sheep Distance: 0.35180568279803387
Elapsed Time: 10m 5s
********** 14 **********
Average Fitness: 0.08683333333333336
Maximum Fitness: 0.18333333333333335
Average Pen Distance: 0.4863039247697784
Maximum Pen Distance: 0.8729824939598773
Average Dog Distance: 0.6871833313256684
Maximum Dog Distance: 0.9956097215391849
Average Sheep Distance: 0.27340344133399974
Maximum Sheep Distance: 0.36486924491065587
Elapsed Time: 9m 51s
********** 15 **********
Average Fitness: 0.08783333333333335
Maximum Fitness: 0.18333333333333335
Average Pen Distance: 0.49206230922495964
Maximum Pen Distance: 0.8729824939598773
Average Dog Distance: 0.681622241471921
Maximum Dog Distance: 0.9956097215391849
Average Sheep Distance: 0.27427622287391956
Maximum Sheep Distance: 0.36486924491065587
Elapsed Time: 7m 49s
********** 16 **********
Average Fitness: 0.08833333333333333
Maximum Fitness: 0.18333333333333335
Average Pen Distance: 0.48418568196649114
Maximum Pen Distance: 0.8729824939598773
Average Dog Distance: 0.6825231841354094
Maximum Dog Distance: 0.9956097215391849
Average Sheep Distance: 0.2712623667071557
Maximum Sheep Distance: 0.36486924491065587
Elapsed Time: 7m 53s
********** 17 **********
Average Fitness: 0.08483333333333334
Maximum Fitness: 0.18333333333333335
Average Pen Distance: 0.49929967553529975
Maximum Pen Distance: 0.8729824939598773
Average Dog Distance: 0.6907386992793697
Maximum Dog Distance: 0.9956097215391849
Average Sheep Distance: 0.27442061480723445
Maximum Sheep Distance: 0.3702633821233022
Elapsed Time: 8m 29s
********** 18 **********
Average Fitness: 0.0875
Maximum Fitness: 0.20000000000000004
Average Pen Distance: 0.5034948889579876
Maximum Pen Distance: 0.8729824939598773
Average Dog Distance: 0.7006950344011257
Maximum Dog Distance: 0.9956097215391849
Average Sheep Distance: 0.2754668508156611
Maximum Sheep Distance: 0.3702633821233022
Elapsed Time: 8m 11s
********** 19 **********
Average Fitness: 0.08816666666666667
Maximum Fitness: 0.20000000000000004
Average Pen Distance: 0.49972523083876597
Maximum Pen Distance: 0.8729824939598773
Average Dog Distance: 0.6948049303128859
Maximum Dog Distance: 0.9956097215391849
Average Sheep Distance: 0.274351247401131
Maximum Sheep Distance: 0.3702633821233022
Elapsed Time: 8m 19s
********** 20 **********
Average Fitness: 0.08900000000000002
Maximum Fitness: 0.20000000000000004
Average Pen Distance: 0.5014796530840337
Maximum Pen Distance: 0.8729824939598773
Average Dog Distance: 0.695167833762673
Maximum Dog Distance: 0.9956097215391849
Average Sheep Distance: 0.2733841256624623
Maximum Sheep Distance: 0.3702633821233022
Elapsed Time: 7m 58s
********** 21 **********
Average Fitness: 0.09183333333333334
Maximum Fitness: 0.20000000000000004
Average Pen Distance: 0.504071281592315
Maximum Pen Distance: 0.8729824939598773
Average Dog Distance: 0.6904665597025796
Maximum Dog Distance: 0.9956097215391849
Average Sheep Distance: 0.275246120008834
Maximum Sheep Distance: 0.3702633821233022
Elapsed Time: 8m 11s
********** 22 **********
Average Fitness: 0.09183333333333335
Maximum Fitness: 0.20000000000000004
Average Pen Distance: 0.5041966887649173
Maximum Pen Distance: 0.8729824939598773
Average Dog Distance: 0.689431979454304
Maximum Dog Distance: 0.9956097215391849
Average Sheep Distance: 0.27665510280617567
Maximum Sheep Distance: 0.3702633821233022
Elapsed Time: 8m 19s
********** 23 **********
Average Fitness: 0.09216666666666669
Maximum Fitness: 0.20000000000000004
Average Pen Distance: 0.5042523076103054
Maximum Pen Distance: 0.8729824939598773
Average Dog Distance: 0.6888623204035693
Maximum Dog Distance: 0.9956097215391849
Average Sheep Distance: 0.2767124624716817
Maximum Sheep Distance: 0.3702633821233022
Elapsed Time: 6m 55s
********** 24 **********
Average Fitness: 0.09533333333333335
Maximum Fitness: 0.20000000000000004
Average Pen Distance: 0.4923150148762787
Maximum Pen Distance: 0.8987620844433092
Average Dog Distance: 0.6912525208842303
Maximum Dog Distance: 0.9956097215391849
Average Sheep Distance: 0.2754326026966847
Maximum Sheep Distance: 0.3702633821233022
Elapsed Time: 6m 45s
********** 25 **********
Average Fitness: 0.09666666666666668
Maximum Fitness: 0.20000000000000004
Average Pen Distance: 0.49074262493063836
Maximum Pen Distance: 0.8987620844433092
Average Dog Distance: 0.6993464225366962
Maximum Dog Distance: 0.9956097215391849
Average Sheep Distance: 0.27305155817385846
Maximum Sheep Distance: 0.3702633821233022
Elapsed Time: 6m 49s
********** 26 **********
Average Fitness: 0.09833333333333334
Maximum Fitness: 0.20000000000000004
Average Pen Distance: 0.5040617390557607
Maximum Pen Distance: 0.8987620844433092
Average Dog Distance: 0.7031762454421784
Maximum Dog Distance: 0.9956097215391849
Average Sheep Distance: 0.27398177161805415
Maximum Sheep Distance: 0.3702633821233022
Elapsed Time: 7m 3s
********** 27 **********
Average Fitness: 0.10083333333333336
Maximum Fitness: 0.21666666666666667
Average Pen Distance: 0.4976818599354791
Maximum Pen Distance: 0.8987620844433092
Average Dog Distance: 0.697459320324012
Maximum Dog Distance: 0.9956097215391849
Average Sheep Distance: 0.27414595084730137
Maximum Sheep Distance: 0.3702633821233022
Elapsed Time: 7m 9s
********** 28 **********
Average Fitness: 0.10033333333333334
Maximum Fitness: 0.21666666666666667
Average Pen Distance: 0.49994921311204854
Maximum Pen Distance: 0.8729824939598773
Average Dog Distance: 0.6947570582185995
Maximum Dog Distance: 0.9956097215391849
Average Sheep Distance: 0.2735791760264594
Maximum Sheep Distance: 0.3702633821233022
Elapsed Time: 7m 3s
********** 29 **********
Average Fitness: 0.0975
Maximum Fitness: 0.21666666666666667
Average Pen Distance: 0.5055104548053528
Maximum Pen Distance: 0.8729824939598773
Average Dog Distance: 0.6868971490874668
Maximum Dog Distance: 0.9884430634305543
Average Sheep Distance: 0.27596959605489246
Maximum Sheep Distance: 0.3702633821233022
Elapsed Time: 6m 55s
********** 30 **********
Average Fitness: 0.09516666666666668
Maximum Fitness: 0.21666666666666667
Average Pen Distance: 0.5188005240843896
Maximum Pen Distance: 0.8729824939598773
Average Dog Distance: 0.6839143902237561
Maximum Dog Distance: 0.9884430634305543
Average Sheep Distance: 0.2772601377018133
Maximum Sheep Distance: 0.36486924491065587
Elapsed Time: 6m 45s
********** 31 **********
Average Fitness: 0.09483333333333337
Maximum Fitness: 0.21666666666666667
Average Pen Distance: 0.519333299473969
Maximum Pen Distance: 0.8729824939598773
Average Dog Distance: 0.6852955031939832
Maximum Dog Distance: 0.9884430634305543
Average Sheep Distance: 0.2762568612715158
Maximum Sheep Distance: 0.36486924491065587
Elapsed Time: 6m 28s
********** 32 **********
Average Fitness: 0.09316666666666668
Maximum Fitness: 0.21666666666666667
Average Pen Distance: 0.520012017376399
Maximum Pen Distance: 0.8729824939598773
Average Dog Distance: 0.6739294710367869
Maximum Dog Distance: 0.9884430634305543
Average Sheep Distance: 0.2769331852907478
Maximum Sheep Distance: 0.36486924491065587
Elapsed Time: 6m 42s
********** 33 **********
Average Fitness: 0.09216666666666669
Maximum Fitness: 0.21666666666666667
Average Pen Distance: 0.5278730780969872
Maximum Pen Distance: 0.8729824939598773
Average Dog Distance: 0.6796364405551765
Maximum Dog Distance: 0.9884430634305543
Average Sheep Distance: 0.2772194275684198
Maximum Sheep Distance: 0.36486924491065587
Elapsed Time: 6m 27s
********** 34 **********
Average Fitness: 0.09450000000000003
Maximum Fitness: 0.2333333333333333
Average Pen Distance: 0.5192279167694451
Maximum Pen Distance: 0.8729824939598773
Average Dog Distance: 0.6673035217021491
Maximum Dog Distance: 0.9694823638533787
Average Sheep Distance: 0.27560567093987576
Maximum Sheep Distance: 0.36486924491065587
Elapsed Time: 7m 51s
********** 35 **********
Average Fitness: 0.0931666666666667
Maximum Fitness: 0.2333333333333333
Average Pen Distance: 0.5269628467038732
Maximum Pen Distance: 0.8729824939598773
Average Dog Distance: 0.6745492771650674
Maximum Dog Distance: 0.9694823638533787
Average Sheep Distance: 0.27607463820024386
Maximum Sheep Distance: 0.36486924491065587
Elapsed Time: 6m 29s
********** 36 **********
Average Fitness: 0.09450000000000001
Maximum Fitness: 0.2333333333333333
Average Pen Distance: 0.5135918479233846
Maximum Pen Distance: 0.8729824939598773
Average Dog Distance: 0.6731002779149672
Maximum Dog Distance: 0.9694823638533787
Average Sheep Distance: 0.27588900674549655
Maximum Sheep Distance: 0.35245541160470156
Elapsed Time: 6m 39s
********** 37 **********
Average Fitness: 0.0975
Maximum Fitness: 0.25
Average Pen Distance: 0.5155546422877414
Maximum Pen Distance: 0.8729824939598773
Average Dog Distance: 0.6771912601739716
Maximum Dog Distance: 0.9694823638533787
Average Sheep Distance: 0.27628714916615116
Maximum Sheep Distance: 0.35245541160470156
Elapsed Time: 6m 45s
********** 38 **********
Average Fitness: 0.09766666666666668
Maximum Fitness: 0.25
Average Pen Distance: 0.5137839703690563
Maximum Pen Distance: 0.8729824939598773
Average Dog Distance: 0.6726256622630286
Maximum Dog Distance: 0.9694823638533787
Average Sheep Distance: 0.2738897953467038
Maximum Sheep Distance: 0.35245541160470156
Elapsed Time: 7m 3s
********** 39 **********
Average Fitness: 0.09816666666666668
Maximum Fitness: 0.25
Average Pen Distance: 0.508968932612497
Maximum Pen Distance: 0.867573054707138
Average Dog Distance: 0.6657213281165606
Maximum Dog Distance: 0.9694823638533787
Average Sheep Distance: 0.2729572293643908
Maximum Sheep Distance: 0.35245541160470156
Elapsed Time: 7m 40s
********** 40 **********
Average Fitness: 0.10083333333333334
Maximum Fitness: 0.25
Average Pen Distance: 0.5030936838510012
Maximum Pen Distance: 0.867573054707138
Average Dog Distance: 0.6657151167803912
Maximum Dog Distance: 0.9694823638533787
Average Sheep Distance: 0.2730688914046091
Maximum Sheep Distance: 0.35245541160470156
Elapsed Time: 7m 6s
********** 41 **********
Average Fitness: 0.10216666666666666
Maximum Fitness: 0.25
Average Pen Distance: 0.5051538734957627
Maximum Pen Distance: 0.867573054707138
Average Dog Distance: 0.6679657010424553
Maximum Dog Distance: 0.9694823638533787
Average Sheep Distance: 0.2725276067489169
Maximum Sheep Distance: 0.35245541160470156
Elapsed Time: 6m 36s
********** 42 **********
Average Fitness: 0.10250000000000002
Maximum Fitness: 0.25
Average Pen Distance: 0.5057384526964164
Maximum Pen Distance: 0.867573054707138
Average Dog Distance: 0.6695136018202374
Maximum Dog Distance: 0.9694823638533787
Average Sheep Distance: 0.2717982048865047
Maximum Sheep Distance: 0.35245541160470156
Elapsed Time: 6m 47s
********** 43 **********
Average Fitness: 0.10400000000000002
Maximum Fitness: 0.25
Average Pen Distance: 0.5114684682795896
Maximum Pen Distance: 0.867573054707138
Average Dog Distance: 0.6721858345392718
Maximum Dog Distance: 0.9694823638533787
Average Sheep Distance: 0.27145352965235603
Maximum Sheep Distance: 0.35180568279803387
Elapsed Time: 7m 7s
********** 44 **********
Average Fitness: 0.10416666666666669
Maximum Fitness: 0.25
Average Pen Distance: 0.5153587044050875
Maximum Pen Distance: 0.867573054707138
Average Dog Distance: 0.675575722570725
Maximum Dog Distance: 0.9694823638533787
Average Sheep Distance: 0.2726670283362768
Maximum Sheep Distance: 0.35180568279803387
Elapsed Time: 6m 50s
********** 45 **********
Average Fitness: 0.10416666666666669
Maximum Fitness: 0.25
Average Pen Distance: 0.5124922504785708
Maximum Pen Distance: 0.867573054707138
Average Dog Distance: 0.6718560552135651
Maximum Dog Distance: 0.9694823638533787
Average Sheep Distance: 0.2712123009380402
Maximum Sheep Distance: 0.35180568279803387
Elapsed Time: 8m 51s
********** 46 **********
Average Fitness: 0.10616666666666669
Maximum Fitness: 0.25
Average Pen Distance: 0.5048667320178467
Maximum Pen Distance: 0.867573054707138
Average Dog Distance: 0.6694171712287562
Maximum Dog Distance: 0.9694823638533787
Average Sheep Distance: 0.2711481826460797
Maximum Sheep Distance: 0.35180568279803387
Elapsed Time: 12m 19s
********** 47 **********
Average Fitness: 0.10683333333333335
Maximum Fitness: 0.25
Average Pen Distance: 0.5019106929454953
Maximum Pen Distance: 0.867573054707138
Average Dog Distance: 0.6673193146090931
Maximum Dog Distance: 0.9694823638533787
Average Sheep Distance: 0.26989507966210385
Maximum Sheep Distance: 0.35180568279803387
Elapsed Time: 12m 23s
********** 48 **********
Average Fitness: 0.10733333333333336
Maximum Fitness: 0.25
Average Pen Distance: 0.5060310659073138
Maximum Pen Distance: 0.867573054707138
Average Dog Distance: 0.6686730918508971
Maximum Dog Distance: 0.9694823638533787
Average Sheep Distance: 0.2692050752461931
Maximum Sheep Distance: 0.35180568279803387
Elapsed Time: 12m 40s
********** 49 **********
Average Fitness: 0.10966666666666669
Maximum Fitness: 0.25
Average Pen Distance: 0.5091916081544189
Maximum Pen Distance: 0.867573054707138
Average Dog Distance: 0.6719194237754453
Maximum Dog Distance: 0.9694823638533787
Average Sheep Distance: 0.2677921853562242
Maximum Sheep Distance: 0.35180568279803387
Elapsed Time: 12m 25s
********** 50 **********
Average Fitness: 0.11100000000000003
Maximum Fitness: 0.25
Average Pen Distance: 0.5080807344594978
Maximum Pen Distance: 0.867573054707138
Average Dog Distance: 0.675395141127363
Maximum Dog Distance: 0.9694823638533787
Average Sheep Distance: 0.27019834091229195
Maximum Sheep Distance: 0.35180568279803387
Elapsed Time: 12m 29s
********** 51 **********
Average Fitness: 0.11283333333333337
Maximum Fitness: 0.25
Average Pen Distance: 0.5071285226374677
Maximum Pen Distance: 0.867573054707138
Average Dog Distance: 0.6728729166439258
Maximum Dog Distance: 0.9694823638533787
Average Sheep Distance: 0.26954569993886485
Maximum Sheep Distance: 0.35180568279803387
Elapsed Time: 7m 10s
********** 52 **********
Average Fitness: 0.11116666666666669
Maximum Fitness: 0.25
Average Pen Distance: 0.514309712765426
Maximum Pen Distance: 0.867573054707138
Average Dog Distance: 0.6688368556737272
Maximum Dog Distance: 0.9694823638533787
Average Sheep Distance: 0.2728538591218355
Maximum Sheep Distance: 0.3904155530338344
Elapsed Time: 6m 3s
********** 53 **********
Average Fitness: 0.11483333333333338
Maximum Fitness: 0.25
Average Pen Distance: 0.5040918450105472
Maximum Pen Distance: 0.867573054707138
Average Dog Distance: 0.667230469792422
Maximum Dog Distance: 0.9694823638533787
Average Sheep Distance: 0.2718552551572893
Maximum Sheep Distance: 0.3904155530338344
Elapsed Time: 6m 10s
********** 54 **********
Average Fitness: 0.11633333333333336
Maximum Fitness: 0.25
Average Pen Distance: 0.4992334400732086
Maximum Pen Distance: 0.867573054707138
Average Dog Distance: 0.6662042008498602
Maximum Dog Distance: 0.9694823638533787
Average Sheep Distance: 0.2697635853536383
Maximum Sheep Distance: 0.3904155530338344
Elapsed Time: 6m 6s
********** 55 **********
Average Fitness: 0.11466666666666668
Maximum Fitness: 0.25
Average Pen Distance: 0.5019769044028094
Maximum Pen Distance: 0.8708335816129233
Average Dog Distance: 0.6708808019321952
Maximum Dog Distance: 0.9694823638533787
Average Sheep Distance: 0.2696829322912404
Maximum Sheep Distance: 0.3904155530338344
Elapsed Time: 10m 27s
********** 56 **********
Average Fitness: 0.11383333333333334
Maximum Fitness: 0.25
Average Pen Distance: 0.5019524563876492
Maximum Pen Distance: 0.8708335816129233
Average Dog Distance: 0.666590713355571
Maximum Dog Distance: 0.9694823638533787
Average Sheep Distance: 0.27085772189784796
Maximum Sheep Distance: 0.3904155530338344
Elapsed Time: 14m 33s
********** 57 **********
Average Fitness: 0.11266666666666665
Maximum Fitness: 0.3333333333333333
Average Pen Distance: 0.5101855149816703
Maximum Pen Distance: 0.8708335816129233
Average Dog Distance: 0.6697273352846699
Maximum Dog Distance: 0.9694823638533787
Average Sheep Distance: 0.271492251943137
Maximum Sheep Distance: 0.3904155530338344
Elapsed Time: 14m 36s
********** 58 **********
Average Fitness: 0.11550000000000002
Maximum Fitness: 0.3333333333333333
Average Pen Distance: 0.5080246357396397
Maximum Pen Distance: 0.8708335816129233
Average Dog Distance: 0.6708698470724473
Maximum Dog Distance: 0.9694823638533787
Average Sheep Distance: 0.2713197181670733
Maximum Sheep Distance: 0.3904155530338344
Elapsed Time: 14m 43s
********** 59 **********
Average Fitness: 0.11966666666666664
Maximum Fitness: 0.3333333333333333
Average Pen Distance: 0.507330413806233
Maximum Pen Distance: 0.8708335816129233
Average Dog Distance: 0.6692023844047467
Maximum Dog Distance: 0.9694823638533787
Average Sheep Distance: 0.27159725367963616
Maximum Sheep Distance: 0.3904155530338344
Elapsed Time: 13m 53s
********** 60 **********
Average Fitness: 0.11666666666666665
Maximum Fitness: 0.3333333333333333
Average Pen Distance: 0.5127882026167349
Maximum Pen Distance: 0.8708335816129233
Average Dog Distance: 0.6675063048645788
Maximum Dog Distance: 0.9694823638533787
Average Sheep Distance: 0.27371536991984885
Maximum Sheep Distance: 0.3904155530338344
Elapsed Time: 14m 5s
********** 61 **********
Average Fitness: 0.11833333333333335
Maximum Fitness: 0.3333333333333333
Average Pen Distance: 0.5121718559818982
Maximum Pen Distance: 0.8708335816129233
Average Dog Distance: 0.6667493709706305
Maximum Dog Distance: 0.9694823638533787
Average Sheep Distance: 0.27255235047421367
Maximum Sheep Distance: 0.3904155530338344
Elapsed Time: 15m 14s
********** 62 **********
Average Fitness: 0.11666666666666665
Maximum Fitness: 0.3333333333333333
Average Pen Distance: 0.5201215406454064
Maximum Pen Distance: 0.8708335816129233
Average Dog Distance: 0.6667845082037326
Maximum Dog Distance: 0.9694823638533787
Average Sheep Distance: 0.27391461451207255
Maximum Sheep Distance: 0.3904155530338344
Elapsed Time: 13m 34s
********** 63 **********
Average Fitness: 0.11550000000000002
Maximum Fitness: 0.3333333333333333
Average Pen Distance: 0.5152653660898177
Maximum Pen Distance: 0.8708335816129233
Average Dog Distance: 0.6664916535683432
Maximum Dog Distance: 0.9694823638533787
Average Sheep Distance: 0.2738233975310975
Maximum Sheep Distance: 0.3904155530338344
Elapsed Time: 13m 51s
********** 64 **********
Average Fitness: 0.11716666666666668
Maximum Fitness: 0.3333333333333333
Average Pen Distance: 0.5146938272006686
Maximum Pen Distance: 0.8708335816129233
Average Dog Distance: 0.6670788359921482
Maximum Dog Distance: 0.9694823638533787
Average Sheep Distance: 0.272464808405819
Maximum Sheep Distance: 0.3904155530338344
Elapsed Time: 13m 9s
********** 65 **********
Received termination signal 15, exiting
Received termination signal 15, exiting
