nproc is 1
cnode0673.cm.cluster
********** 41 **********
Average Fitness: 0.10116666666666667
Maximum Fitness: 0.2833333333333333
Average Pen Distance: 0.5127390686103953
Maximum Pen Distance: 0.9206455661775692
Average Dog Distance: 0.6542854281474869
Maximum Dog Distance: 0.9602703438561297
Average Sheep Distance: 0.2809656709208293
Maximum Sheep Distance: 0.418069708549595
Elapsed Time: 5m 45s
********** 42 **********
Average Fitness: 0.10016666666666668
Maximum Fitness: 0.2833333333333333
Average Pen Distance: 0.5119642422192898
Maximum Pen Distance: 0.9206455661775692
Average Dog Distance: 0.6526092786606115
Maximum Dog Distance: 0.9602703438561297
Average Sheep Distance: 0.28057615806438635
Maximum Sheep Distance: 0.418069708549595
Elapsed Time: 5m 40s
********** 43 **********
Average Fitness: 0.09983333333333333
Maximum Fitness: 0.2833333333333333
Average Pen Distance: 0.5186827142889864
Maximum Pen Distance: 0.9206455661775692
Average Dog Distance: 0.6575560202242505
Maximum Dog Distance: 0.9602703438561297
Average Sheep Distance: 0.28097199714078763
Maximum Sheep Distance: 0.418069708549595
Elapsed Time: 5m 38s
********** 44 **********
Average Fitness: 0.09866666666666667
Maximum Fitness: 0.2833333333333333
Average Pen Distance: 0.5229345252267369
Maximum Pen Distance: 0.9206455661775692
Average Dog Distance: 0.6610218917276935
Maximum Dog Distance: 0.9602703438561297
Average Sheep Distance: 0.28249908309362
Maximum Sheep Distance: 0.418069708549595
Elapsed Time: 5m 38s
********** 45 **********
Average Fitness: 0.09950000000000003
Maximum Fitness: 0.2833333333333333
Average Pen Distance: 0.5107663187692024
Maximum Pen Distance: 0.9206455661775692
Average Dog Distance: 0.651602151489526
Maximum Dog Distance: 0.9602703438561297
Average Sheep Distance: 0.2797316426453348
Maximum Sheep Distance: 0.418069708549595
Elapsed Time: 5m 49s
********** 46 **********
Average Fitness: 0.09983333333333334
Maximum Fitness: 0.2833333333333333
Average Pen Distance: 0.5163809163215493
Maximum Pen Distance: 0.9206455661775692
Average Dog Distance: 0.6499951626795593
Maximum Dog Distance: 0.9602703438561297
Average Sheep Distance: 0.28052962138530924
Maximum Sheep Distance: 0.418069708549595
Elapsed Time: 5m 51s
********** 47 **********
Average Fitness: 0.09699999999999999
Maximum Fitness: 0.2833333333333333
Average Pen Distance: 0.5214917951561112
Maximum Pen Distance: 0.9206455661775692
Average Dog Distance: 0.6528721756312333
Maximum Dog Distance: 0.9613705222054021
Average Sheep Distance: 0.2805966004362006
Maximum Sheep Distance: 0.418069708549595
Elapsed Time: 5m 45s
********** 48 **********
Average Fitness: 0.09783333333333337
Maximum Fitness: 0.2833333333333333
Average Pen Distance: 0.5247851647979024
Maximum Pen Distance: 0.9206455661775692
Average Dog Distance: 0.6585395960580032
Maximum Dog Distance: 0.9613705222054021
Average Sheep Distance: 0.280884393941994
Maximum Sheep Distance: 0.418069708549595
Elapsed Time: 5m 42s
********** 49 **********
Average Fitness: 0.10216666666666668
Maximum Fitness: 0.2833333333333333
Average Pen Distance: 0.5185079053013949
Maximum Pen Distance: 0.9206455661775692
Average Dog Distance: 0.6593743051151983
Maximum Dog Distance: 0.9613705222054021
Average Sheep Distance: 0.2797742996371599
Maximum Sheep Distance: 0.418069708549595
Elapsed Time: 5m 48s
********** 50 **********
Average Fitness: 0.10466666666666667
Maximum Fitness: 0.2833333333333333
Average Pen Distance: 0.5166955775736846
Maximum Pen Distance: 0.9206455661775692
Average Dog Distance: 0.6519167601798483
Maximum Dog Distance: 0.9613705222054021
Average Sheep Distance: 0.2804817817660848
Maximum Sheep Distance: 0.418069708549595
Elapsed Time: 5m 45s
********** 51 **********
Average Fitness: 0.10399999999999998
Maximum Fitness: 0.2833333333333333
Average Pen Distance: 0.5098926965181668
Maximum Pen Distance: 0.9206455661775692
Average Dog Distance: 0.6482687144826272
Maximum Dog Distance: 0.9613705222054021
Average Sheep Distance: 0.279812053112529
Maximum Sheep Distance: 0.418069708549595
Elapsed Time: 5m 41s
********** 52 **********
Average Fitness: 0.10566666666666669
Maximum Fitness: 0.2833333333333333
Average Pen Distance: 0.5055514393845107
Maximum Pen Distance: 0.9206455661775692
Average Dog Distance: 0.6472725448063125
Maximum Dog Distance: 0.9613705222054021
Average Sheep Distance: 0.27928537808090526
Maximum Sheep Distance: 0.418069708549595
Elapsed Time: 5m 45s
********** 53 **********
Average Fitness: 0.10766666666666667
Maximum Fitness: 0.2833333333333333
Average Pen Distance: 0.5191235303695969
Maximum Pen Distance: 0.9206455661775692
Average Dog Distance: 0.6651438878948882
Maximum Dog Distance: 0.9613705222054021
Average Sheep Distance: 0.2804594323340011
Maximum Sheep Distance: 0.418069708549595
Elapsed Time: 5m 42s
********** 54 **********
Average Fitness: 0.10766666666666667
Maximum Fitness: 0.2833333333333333
Average Pen Distance: 0.5225322857307153
Maximum Pen Distance: 0.9206455661775692
Average Dog Distance: 0.6666583406519968
Maximum Dog Distance: 0.9613705222054021
Average Sheep Distance: 0.28108548923079235
Maximum Sheep Distance: 0.418069708549595
Elapsed Time: 5m 41s
********** 55 **********
Average Fitness: 0.1066666666666667
Maximum Fitness: 0.2833333333333333
Average Pen Distance: 0.5277008353069533
Maximum Pen Distance: 0.9206455661775692
Average Dog Distance: 0.6664088719829684
Maximum Dog Distance: 0.9613705222054021
Average Sheep Distance: 0.2829898911358865
Maximum Sheep Distance: 0.418069708549595
Elapsed Time: 5m 43s
********** 56 **********
Average Fitness: 0.1066666666666667
Maximum Fitness: 0.2833333333333333
Average Pen Distance: 0.5242205248953341
Maximum Pen Distance: 0.9206455661775692
Average Dog Distance: 0.6650185889861449
Maximum Dog Distance: 0.9613705222054021
Average Sheep Distance: 0.2820897414740039
Maximum Sheep Distance: 0.418069708549595
Elapsed Time: 5m 51s
********** 57 **********
Average Fitness: 0.10533333333333335
Maximum Fitness: 0.2833333333333333
Average Pen Distance: 0.5116596985229601
Maximum Pen Distance: 0.9206455661775692
Average Dog Distance: 0.6598558944404754
Maximum Dog Distance: 0.9613705222054021
Average Sheep Distance: 0.2807398909473371
Maximum Sheep Distance: 0.418069708549595
Elapsed Time: 5m 42s
********** 58 **********
Average Fitness: 0.10566666666666669
Maximum Fitness: 0.2833333333333333
Average Pen Distance: 0.5103561827673441
Maximum Pen Distance: 0.9206455661775692
Average Dog Distance: 0.6590307910054475
Maximum Dog Distance: 0.9613705222054021
Average Sheep Distance: 0.2802960457413229
Maximum Sheep Distance: 0.418069708549595
Elapsed Time: 5m 43s
********** 59 **********
Average Fitness: 0.10516666666666666
Maximum Fitness: 0.2833333333333333
Average Pen Distance: 0.5137796271503009
Maximum Pen Distance: 0.9206455661775692
Average Dog Distance: 0.6577472829376171
Maximum Dog Distance: 0.9613705222054021
Average Sheep Distance: 0.2808096778312845
Maximum Sheep Distance: 0.418069708549595
Elapsed Time: 5m 53s
********** 60 **********
Average Fitness: 0.10516666666666666
Maximum Fitness: 0.2833333333333333
Average Pen Distance: 0.5085150521859759
Maximum Pen Distance: 0.9206455661775692
Average Dog Distance: 0.6463655129484988
Maximum Dog Distance: 0.9613705222054021
Average Sheep Distance: 0.2791256494093265
Maximum Sheep Distance: 0.418069708549595
Elapsed Time: 5m 41s
********** 61 **********
Average Fitness: 0.10533333333333335
Maximum Fitness: 0.2833333333333333
Average Pen Distance: 0.5165046906991215
Maximum Pen Distance: 0.9206455661775692
Average Dog Distance: 0.649737826297952
Maximum Dog Distance: 0.9613705222054021
Average Sheep Distance: 0.27974292754851704
Maximum Sheep Distance: 0.418069708549595
Elapsed Time: 5m 44s
********** 62 **********
Average Fitness: 0.10366666666666666
Maximum Fitness: 0.2833333333333333
Average Pen Distance: 0.5213387513920492
Maximum Pen Distance: 0.9206455661775692
Average Dog Distance: 0.6519101754370848
Maximum Dog Distance: 0.9613705222054021
Average Sheep Distance: 0.2798664234706221
Maximum Sheep Distance: 0.418069708549595
Elapsed Time: 5m 42s
********** 63 **********
Average Fitness: 0.10483333333333335
Maximum Fitness: 0.2833333333333333
Average Pen Distance: 0.5142095647573606
Maximum Pen Distance: 0.9206455661775692
Average Dog Distance: 0.6397304832679908
Maximum Dog Distance: 0.9613705222054021
Average Sheep Distance: 0.2818068314879548
Maximum Sheep Distance: 0.418069708549595
Elapsed Time: 5m 42s
********** 64 **********
Average Fitness: 0.10683333333333334
Maximum Fitness: 0.2833333333333333
Average Pen Distance: 0.5192543862648737
Maximum Pen Distance: 0.9206455661775692
Average Dog Distance: 0.6439476102631794
Maximum Dog Distance: 0.9613705222054021
Average Sheep Distance: 0.2820115330183394
Maximum Sheep Distance: 0.418069708549595
Elapsed Time: 5m 46s
********** 65 **********
Average Fitness: 0.10383333333333335
Maximum Fitness: 0.2833333333333333
Average Pen Distance: 0.5368380755953029
Maximum Pen Distance: 0.9206455661775692
Average Dog Distance: 0.6543436422963106
Maximum Dog Distance: 0.9613705222054021
Average Sheep Distance: 0.28157869172841943
Maximum Sheep Distance: 0.418069708549595
Elapsed Time: 5m 43s
********** 66 **********
Average Fitness: 0.10400000000000002
Maximum Fitness: 0.2833333333333333
Average Pen Distance: 0.5352692036441955
Maximum Pen Distance: 0.9206455661775692
Average Dog Distance: 0.6521875278405392
Maximum Dog Distance: 0.9613705222054021
Average Sheep Distance: 0.2827575663549807
Maximum Sheep Distance: 0.418069708549595
Elapsed Time: 5m 45s
********** 67 **********
Average Fitness: 0.10616666666666667
Maximum Fitness: 0.2833333333333333
Average Pen Distance: 0.5318109479929369
Maximum Pen Distance: 0.9206455661775692
Average Dog Distance: 0.6487966301594251
Maximum Dog Distance: 0.9613705222054021
Average Sheep Distance: 0.2814737073234011
Maximum Sheep Distance: 0.418069708549595
Elapsed Time: 5m 43s
********** 68 **********
Average Fitness: 0.10566666666666669
Maximum Fitness: 0.2833333333333333
Average Pen Distance: 0.5233380345779266
Maximum Pen Distance: 0.9206455661775692
Average Dog Distance: 0.6388195168614811
Maximum Dog Distance: 0.9613705222054021
Average Sheep Distance: 0.2813428143790854
Maximum Sheep Distance: 0.418069708549595
Elapsed Time: 5m 40s
********** 69 **********
Average Fitness: 0.10833333333333334
Maximum Fitness: 0.2833333333333333
Average Pen Distance: 0.5332074138222079
Maximum Pen Distance: 0.9206455661775692
Average Dog Distance: 0.6431309902503729
Maximum Dog Distance: 0.9613705222054021
Average Sheep Distance: 0.2807488151745381
Maximum Sheep Distance: 0.418069708549595
Elapsed Time: 5m 40s
********** 70 **********
Average Fitness: 0.10983333333333332
Maximum Fitness: 0.2833333333333333
Average Pen Distance: 0.5368097598963139
Maximum Pen Distance: 0.9206455661775692
Average Dog Distance: 0.6503998122662509
Maximum Dog Distance: 0.9613705222054021
Average Sheep Distance: 0.28176837134041344
Maximum Sheep Distance: 0.418069708549595
Elapsed Time: 5m 45s
********** 71 **********
Average Fitness: 0.10833333333333335
Maximum Fitness: 0.2833333333333333
Average Pen Distance: 0.5372951533452333
Maximum Pen Distance: 0.9206455661775692
Average Dog Distance: 0.6442658727789443
Maximum Dog Distance: 0.9613705222054021
Average Sheep Distance: 0.28053752826579686
Maximum Sheep Distance: 0.418069708549595
Elapsed Time: 5m 44s
********** 72 **********
Average Fitness: 0.10850000000000001
Maximum Fitness: 0.2833333333333333
Average Pen Distance: 0.5327033449366605
Maximum Pen Distance: 0.9206455661775692
Average Dog Distance: 0.6424747754899144
Maximum Dog Distance: 0.9613705222054021
Average Sheep Distance: 0.2807649851218898
Maximum Sheep Distance: 0.418069708549595
Elapsed Time: 5m 44s
********** 73 **********
Average Fitness: 0.11200000000000004
Maximum Fitness: 0.2833333333333333
Average Pen Distance: 0.5346485643784745
Maximum Pen Distance: 0.9206455661775692
Average Dog Distance: 0.6538151635189391
Maximum Dog Distance: 0.9613705222054021
Average Sheep Distance: 0.2798798074359744
Maximum Sheep Distance: 0.418069708549595
Elapsed Time: 5m 42s
********** 74 **********
Average Fitness: 0.1105
Maximum Fitness: 0.2833333333333333
Average Pen Distance: 0.5374247520063515
Maximum Pen Distance: 0.9240268586552207
Average Dog Distance: 0.6536307337453241
Maximum Dog Distance: 0.9613705222054021
Average Sheep Distance: 0.2816268631481209
Maximum Sheep Distance: 0.418069708549595
Elapsed Time: 5m 41s
********** 75 **********
Average Fitness: 0.11100000000000002
Maximum Fitness: 0.2833333333333333
Average Pen Distance: 0.5276327632913229
Maximum Pen Distance: 0.9240268586552207
Average Dog Distance: 0.6516211284644681
Maximum Dog Distance: 0.9613705222054021
Average Sheep Distance: 0.28234746557268015
Maximum Sheep Distance: 0.418069708549595
Elapsed Time: 5m 45s
********** 76 **********
Average Fitness: 0.11216666666666666
Maximum Fitness: 0.2833333333333333
Average Pen Distance: 0.5294717188933245
Maximum Pen Distance: 0.9240268586552207
Average Dog Distance: 0.6555078702221241
Maximum Dog Distance: 0.9613705222054021
Average Sheep Distance: 0.2808379739757055
Maximum Sheep Distance: 0.418069708549595
Elapsed Time: 5m 55s
********** 77 **********
Average Fitness: 0.11100000000000003
Maximum Fitness: 0.2833333333333333
Average Pen Distance: 0.5293661772758234
Maximum Pen Distance: 0.9240268586552207
Average Dog Distance: 0.6543398299306281
Maximum Dog Distance: 0.9613705222054021
Average Sheep Distance: 0.28176321633355444
Maximum Sheep Distance: 0.418069708549595
Elapsed Time: 5m 52s
********** 78 **********
Average Fitness: 0.11233333333333334
Maximum Fitness: 0.2833333333333333
Average Pen Distance: 0.5258454512318199
Maximum Pen Distance: 0.9240268586552207
Average Dog Distance: 0.6483457056811663
Maximum Dog Distance: 0.9613705222054021
Average Sheep Distance: 0.28112490403548596
Maximum Sheep Distance: 0.418069708549595
Elapsed Time: 5m 44s
********** 79 **********
Average Fitness: 0.11283333333333335
Maximum Fitness: 0.2833333333333333
Average Pen Distance: 0.5170960205326073
Maximum Pen Distance: 0.9240268586552207
Average Dog Distance: 0.6454072197544165
Maximum Dog Distance: 0.9613705222054021
Average Sheep Distance: 0.2799744572066068
Maximum Sheep Distance: 0.418069708549595
Elapsed Time: 5m 42s
********** 80 **********
Average Fitness: 0.1145
Maximum Fitness: 0.2833333333333333
Average Pen Distance: 0.5148675690042144
Maximum Pen Distance: 0.9240268586552207
Average Dog Distance: 0.6456974097860761
Maximum Dog Distance: 0.9613705222054021
Average Sheep Distance: 0.27906273495844824
Maximum Sheep Distance: 0.418069708549595
Elapsed Time: 5m 50s
********** 81 **********
Average Fitness: 0.1175
Maximum Fitness: 0.2833333333333333
Average Pen Distance: 0.507628719898243
Maximum Pen Distance: 0.9240268586552207
Average Dog Distance: 0.637344544667723
Maximum Dog Distance: 0.9555771537976466
Average Sheep Distance: 0.27825410857645366
Maximum Sheep Distance: 0.418069708549595
Elapsed Time: 5m 45s
********** 82 **********
Average Fitness: 0.1151666666666667
Maximum Fitness: 0.2833333333333333
Average Pen Distance: 0.5208902445379059
Maximum Pen Distance: 0.9240268586552207
Average Dog Distance: 0.6390355622677347
Maximum Dog Distance: 0.9555771537976466
Average Sheep Distance: 0.27900812251166146
Maximum Sheep Distance: 0.418069708549595
Elapsed Time: 5m 41s
********** 83 **********
Average Fitness: 0.11433333333333334
Maximum Fitness: 0.2833333333333333
Average Pen Distance: 0.5256914273762968
Maximum Pen Distance: 0.9240268586552207
Average Dog Distance: 0.6388222363496553
Maximum Dog Distance: 0.9555771537976466
Average Sheep Distance: 0.2800365964861938
Maximum Sheep Distance: 0.418069708549595
Elapsed Time: 5m 43s
********** 84 **********
Average Fitness: 0.11566666666666668
Maximum Fitness: 0.2833333333333333
Average Pen Distance: 0.5227910698902777
Maximum Pen Distance: 0.9240268586552207
Average Dog Distance: 0.6360039973528869
Maximum Dog Distance: 0.9555771537976466
Average Sheep Distance: 0.2789321124044578
Maximum Sheep Distance: 0.418069708549595
Elapsed Time: 5m 49s
********** 85 **********
Average Fitness: 0.11616666666666667
Maximum Fitness: 0.2833333333333333
Average Pen Distance: 0.516919241453213
Maximum Pen Distance: 0.9240268586552207
Average Dog Distance: 0.6301194064831079
Maximum Dog Distance: 0.9555771537976466
Average Sheep Distance: 0.2789947209977553
Maximum Sheep Distance: 0.418069708549595
Elapsed Time: 5m 41s
********** 86 **********
Average Fitness: 0.11683333333333332
Maximum Fitness: 0.2833333333333333
Average Pen Distance: 0.5276471954873194
Maximum Pen Distance: 0.9240268586552207
Average Dog Distance: 0.6430294032340456
Maximum Dog Distance: 0.9555771537976466
Average Sheep Distance: 0.27846412790064123
Maximum Sheep Distance: 0.418069708549595
Elapsed Time: 5m 45s
********** 87 **********
Average Fitness: 0.1175
Maximum Fitness: 0.2833333333333333
Average Pen Distance: 0.5272070956334848
Maximum Pen Distance: 0.9240268586552207
Average Dog Distance: 0.6424911734244677
Maximum Dog Distance: 0.9555771537976466
Average Sheep Distance: 0.278839269243948
Maximum Sheep Distance: 0.418069708549595
Elapsed Time: 5m 54s
********** 88 **********
Average Fitness: 0.12050000000000001
Maximum Fitness: 0.2833333333333333
Average Pen Distance: 0.5265630379478161
Maximum Pen Distance: 0.9240268586552207
Average Dog Distance: 0.6418446714409376
Maximum Dog Distance: 0.9555771537976466
Average Sheep Distance: 0.2769136986575554
Maximum Sheep Distance: 0.418069708549595
Elapsed Time: 5m 52s
********** 89 **********
Average Fitness: 0.12183333333333335
Maximum Fitness: 0.2833333333333333
Average Pen Distance: 0.5228026029326798
Maximum Pen Distance: 0.9240268586552207
Average Dog Distance: 0.6427351042296323
Maximum Dog Distance: 0.9555771537976466
Average Sheep Distance: 0.27695232954186577
Maximum Sheep Distance: 0.418069708549595
Elapsed Time: 5m 41s
********** 90 **********
Average Fitness: 0.11983333333333335
Maximum Fitness: 0.2833333333333333
Average Pen Distance: 0.5290816486853318
Maximum Pen Distance: 0.9240268586552207
Average Dog Distance: 0.639462301250966
Maximum Dog Distance: 0.9555771537976466
Average Sheep Distance: 0.2783307724561772
Maximum Sheep Distance: 0.418069708549595
Elapsed Time: 5m 49s
********** 91 **********
Average Fitness: 0.11866666666666668
Maximum Fitness: 0.2833333333333333
Average Pen Distance: 0.5318552307198093
Maximum Pen Distance: 0.9240268586552207
Average Dog Distance: 0.6470825791066946
Maximum Dog Distance: 0.9555771537976466
Average Sheep Distance: 0.2796837228678234
Maximum Sheep Distance: 0.418069708549595
Elapsed Time: 5m 49s
********** 92 **********
Average Fitness: 0.1176666666666667
Maximum Fitness: 0.2833333333333333
Average Pen Distance: 0.5378647642101205
Maximum Pen Distance: 0.9240268586552207
Average Dog Distance: 0.648622659395759
Maximum Dog Distance: 0.9555771537976466
Average Sheep Distance: 0.280844509863145
Maximum Sheep Distance: 0.418069708549595
Elapsed Time: 5m 51s
********** 93 **********
Average Fitness: 0.1191666666666667
Maximum Fitness: 0.2833333333333333
Average Pen Distance: 0.5331066541821698
Maximum Pen Distance: 0.9240268586552207
Average Dog Distance: 0.6477317486036295
Maximum Dog Distance: 0.9555771537976466
Average Sheep Distance: 0.28153313850223477
Maximum Sheep Distance: 0.418069708549595
Elapsed Time: 5m 47s
********** 94 **********
Average Fitness: 0.11916666666666668
Maximum Fitness: 0.2833333333333333
Average Pen Distance: 0.5271519634899622
Maximum Pen Distance: 0.9240268586552207
Average Dog Distance: 0.6453398618141969
Maximum Dog Distance: 0.9555771537976466
Average Sheep Distance: 0.28084391479874155
Maximum Sheep Distance: 0.418069708549595
Elapsed Time: 5m 39s
********** 95 **********
Average Fitness: 0.1215
Maximum Fitness: 0.2833333333333333
Average Pen Distance: 0.5230260616321307
Maximum Pen Distance: 0.9240268586552207
Average Dog Distance: 0.6395861786616021
Maximum Dog Distance: 0.9555771537976466
Average Sheep Distance: 0.2788009120547026
Maximum Sheep Distance: 0.418069708549595
Elapsed Time: 5m 41s
********** 96 **********
Average Fitness: 0.12266666666666669
Maximum Fitness: 0.2833333333333333
Average Pen Distance: 0.5293181198685756
Maximum Pen Distance: 0.9240268586552207
Average Dog Distance: 0.6342014957644279
Maximum Dog Distance: 0.933877537353577
Average Sheep Distance: 0.27845671797709637
Maximum Sheep Distance: 0.418069708549595
Elapsed Time: 5m 46s
********** 97 **********
Average Fitness: 0.1225
Maximum Fitness: 0.2833333333333333
Average Pen Distance: 0.526403510675366
Maximum Pen Distance: 0.9240268586552207
Average Dog Distance: 0.6326498065686873
Maximum Dog Distance: 0.933877537353577
Average Sheep Distance: 0.2788640646525586
Maximum Sheep Distance: 0.418069708549595
Elapsed Time: 5m 40s
********** 98 **********
Average Fitness: 0.12399999999999999
Maximum Fitness: 0.2833333333333333
Average Pen Distance: 0.5224804927172342
Maximum Pen Distance: 0.9240268586552207
Average Dog Distance: 0.6302388331016211
Maximum Dog Distance: 0.933877537353577
Average Sheep Distance: 0.27740404580442957
Maximum Sheep Distance: 0.418069708549595
Elapsed Time: 5m 40s
********** 99 **********
Average Fitness: 0.12216666666666665
Maximum Fitness: 0.2833333333333333
Average Pen Distance: 0.5303580166704907
Maximum Pen Distance: 0.9240268586552207
Average Dog Distance: 0.6314387974751665
Maximum Dog Distance: 0.933877537353577
Average Sheep Distance: 0.27811863441932383
Maximum Sheep Distance: 0.418069708549595
Elapsed Time: 5m 58s
********** 100 **********
Average Fitness: 0.12149999999999998
Maximum Fitness: 0.2833333333333333
Average Pen Distance: 0.5355498082229344
Maximum Pen Distance: 0.9240268586552207
Average Dog Distance: 0.6332207738429824
Maximum Dog Distance: 0.933877537353577
Average Sheep Distance: 0.27812870119576255
Maximum Sheep Distance: 0.418069708549595
Elapsed Time: 5m 41s
