nproc is 1
cnode0063.cm.cluster
********** 19 **********
Average Fitness: 0.09416666666666666
Maximum Fitness: 0.25
Average Pen Distance: 0.3909634195107002
Maximum Pen Distance: 0.8083759314787852
Average Dog Distance: 0.7305940837122408
Maximum Dog Distance: 0.9420775145954616
Average Sheep Distance: 0.3373881493296906
Maximum Sheep Distance: 0.45431232551291095
Elapsed Time: 5m 41s
********** 20 **********
Average Fitness: 0.09700000000000002
Maximum Fitness: 0.3333333333333333
Average Pen Distance: 0.3798376634168045
Maximum Pen Distance: 0.7992138914917156
Average Dog Distance: 0.7160183203923737
Maximum Dog Distance: 0.9617580023696758
Average Sheep Distance: 0.33131921882165716
Maximum Sheep Distance: 0.485518006257665
Elapsed Time: 5m 37s
********** 21 **********
Average Fitness: 0.106
Maximum Fitness: 0.3666666666666667
Average Pen Distance: 0.35809983247443644
Maximum Pen Distance: 0.8187360899813192
Average Dog Distance: 0.684687984240936
Maximum Dog Distance: 0.9619309669141719
Average Sheep Distance: 0.3238554744439965
Maximum Sheep Distance: 0.4655840312426667
Elapsed Time: 5m 41s
********** 22 **********
Average Fitness: 0.09766666666666668
Maximum Fitness: 0.3
Average Pen Distance: 0.3535537753299724
Maximum Pen Distance: 0.8844547362553694
Average Dog Distance: 0.6848477527401019
Maximum Dog Distance: 0.9323576220536879
Average Sheep Distance: 0.3413394596849048
Maximum Sheep Distance: 0.45036740515819657
Elapsed Time: 5m 38s
********** 23 **********
Average Fitness: 0.10816666666666669
Maximum Fitness: 0.3833333333333333
Average Pen Distance: 0.3841730631235643
Maximum Pen Distance: 0.8550552084857971
Average Dog Distance: 0.7026366654755601
Maximum Dog Distance: 0.9048019601162304
Average Sheep Distance: 0.3312160796581666
Maximum Sheep Distance: 0.4457260449344078
Elapsed Time: 5m 37s
********** 24 **********
Average Fitness: 0.1165
Maximum Fitness: 0.3833333333333333
Average Pen Distance: 0.3862297454217562
Maximum Pen Distance: 0.7864710151218817
Average Dog Distance: 0.7221061537989074
Maximum Dog Distance: 0.9498881858442649
Average Sheep Distance: 0.31683331473712334
Maximum Sheep Distance: 0.4622080570885094
Elapsed Time: 5m 30s
********** 25 **********
Average Fitness: 0.11333333333333334
Maximum Fitness: 0.3666666666666667
Average Pen Distance: 0.38461098323014903
Maximum Pen Distance: 0.8742272218485224
Average Dog Distance: 0.7090636120886415
Maximum Dog Distance: 0.921018057092501
Average Sheep Distance: 0.3186336925926875
Maximum Sheep Distance: 0.4390195946482158
Elapsed Time: 5m 41s
********** 26 **********
Average Fitness: 0.131
Maximum Fitness: 0.3166666666666667
Average Pen Distance: 0.3570147449818557
Maximum Pen Distance: 0.7808111632227318
Average Dog Distance: 0.7108763089996739
Maximum Dog Distance: 0.9293592667353819
Average Sheep Distance: 0.3110172794261995
Maximum Sheep Distance: 0.4756182611073287
Elapsed Time: 5m 34s
********** 27 **********
Average Fitness: 0.1315
Maximum Fitness: 0.3333333333333333
Average Pen Distance: 0.3534443543002335
Maximum Pen Distance: 0.6411655739764265
Average Dog Distance: 0.7204447224131608
Maximum Dog Distance: 0.9048945337195938
Average Sheep Distance: 0.3167217185313547
Maximum Sheep Distance: 0.4101123478124613
Elapsed Time: 5m 30s
********** 28 **********
Average Fitness: 0.1475
Maximum Fitness: 0.3333333333333333
Average Pen Distance: 0.3504664958354624
Maximum Pen Distance: 0.760234474521693
Average Dog Distance: 0.7155532106784291
Maximum Dog Distance: 0.8839093351194981
Average Sheep Distance: 0.3193585397318604
Maximum Sheep Distance: 0.41290807173493843
Elapsed Time: 5m 35s
********** 29 **********
Average Fitness: 0.15583333333333335
Maximum Fitness: 0.3333333333333333
Average Pen Distance: 0.3365027349938664
Maximum Pen Distance: 0.7228575784367061
Average Dog Distance: 0.7289582479248766
Maximum Dog Distance: 0.9221629936112897
Average Sheep Distance: 0.317151924525008
Maximum Sheep Distance: 0.41435587808981494
Elapsed Time: 5m 32s
********** 30 **********
Average Fitness: 0.15400000000000003
Maximum Fitness: 0.4666666666666666
Average Pen Distance: 0.325915541574137
Maximum Pen Distance: 0.7620145435766728
Average Dog Distance: 0.7193698042157753
Maximum Dog Distance: 0.89236800973219
Average Sheep Distance: 0.32084733634095486
Maximum Sheep Distance: 0.42100935926937577
Elapsed Time: 5m 29s
********** 31 **********
Average Fitness: 0.16899999999999998
Maximum Fitness: 0.3333333333333333
Average Pen Distance: 0.3181331658639681
Maximum Pen Distance: 0.7004057387582696
Average Dog Distance: 0.7299223191420791
Maximum Dog Distance: 0.8799971925675557
Average Sheep Distance: 0.3123915509265258
Maximum Sheep Distance: 0.41904959071721254
Elapsed Time: 5m 25s
********** 32 **********
Average Fitness: 0.17016666666666666
Maximum Fitness: 0.3499999999999999
Average Pen Distance: 0.3204650985910826
Maximum Pen Distance: 0.5848025365573184
Average Dog Distance: 0.7282409284652652
Maximum Dog Distance: 0.8952832405103711
Average Sheep Distance: 0.32030502990657694
Maximum Sheep Distance: 0.41134720727158197
Elapsed Time: 5m 32s
********** 33 **********
Average Fitness: 0.14683333333333332
Maximum Fitness: 0.4166666666666667
Average Pen Distance: 0.3338188105457371
Maximum Pen Distance: 0.6715706106948357
Average Dog Distance: 0.7258632407274515
Maximum Dog Distance: 0.898359410795076
Average Sheep Distance: 0.3182577177420499
Maximum Sheep Distance: 0.4459786149612232
Elapsed Time: 5m 29s
********** 34 **********
Average Fitness: 0.15083333333333332
Maximum Fitness: 0.31666666666666665
Average Pen Distance: 0.3647425392949792
Maximum Pen Distance: 0.792116863832439
Average Dog Distance: 0.7568489002436272
Maximum Dog Distance: 0.9330743021053111
Average Sheep Distance: 0.31637959256279125
Maximum Sheep Distance: 0.43846376604462156
Elapsed Time: 5m 26s
********** 35 **********
Average Fitness: 0.1691666666666667
Maximum Fitness: 0.39999999999999997
Average Pen Distance: 0.3473908639551266
Maximum Pen Distance: 0.6052458988922278
Average Dog Distance: 0.7533203063900247
Maximum Dog Distance: 0.9107003754659516
Average Sheep Distance: 0.30736593403725226
Maximum Sheep Distance: 0.43469363268787253
Elapsed Time: 5m 43s
********** 36 **********
Average Fitness: 0.17199999999999996
Maximum Fitness: 0.3833333333333333
Average Pen Distance: 0.3552728059646798
Maximum Pen Distance: 0.8417738434402143
Average Dog Distance: 0.7427505139922297
Maximum Dog Distance: 0.8858816312720629
Average Sheep Distance: 0.30971674987851455
Maximum Sheep Distance: 0.4506752951006711
Elapsed Time: 5m 34s
********** 37 **********
Average Fitness: 0.16516666666666668
Maximum Fitness: 0.3499999999999999
Average Pen Distance: 0.3471983912814382
Maximum Pen Distance: 0.6421628306298794
Average Dog Distance: 0.7414403077505518
Maximum Dog Distance: 0.8850331433480662
Average Sheep Distance: 0.3049750973135742
Maximum Sheep Distance: 0.40872739043018447
Elapsed Time: 5m 28s
********** 38 **********
Average Fitness: 0.15733333333333333
Maximum Fitness: 0.3333333333333333
Average Pen Distance: 0.3518650297836832
Maximum Pen Distance: 0.6389376105654478
Average Dog Distance: 0.7309945604077286
Maximum Dog Distance: 0.9132577764745626
Average Sheep Distance: 0.3068481756447659
Maximum Sheep Distance: 0.4200440218476576
Elapsed Time: 5m 22s
********** 39 **********
Average Fitness: 0.16750000000000004
Maximum Fitness: 0.3333333333333333
Average Pen Distance: 0.3604488331138807
Maximum Pen Distance: 0.7051877435129849
Average Dog Distance: 0.7498714424808766
Maximum Dog Distance: 0.9160349553938607
Average Sheep Distance: 0.30617393638776697
Maximum Sheep Distance: 0.3960144048865848
Elapsed Time: 5m 28s
********** 40 **********
Average Fitness: 0.17799999999999996
Maximum Fitness: 0.3666666666666667
Average Pen Distance: 0.36263370944059076
Maximum Pen Distance: 0.6533278690957417
Average Dog Distance: 0.7359459969531543
Maximum Dog Distance: 0.8766473702415517
Average Sheep Distance: 0.3050065163803776
Maximum Sheep Distance: 0.44450564566332695
Elapsed Time: 5m 23s
********** 41 **********
Average Fitness: 0.17633333333333337
Maximum Fitness: 0.3666666666666667
Average Pen Distance: 0.35341368966766773
Maximum Pen Distance: 0.605661823326696
Average Dog Distance: 0.7322088798202608
Maximum Dog Distance: 0.8633967120773264
Average Sheep Distance: 0.30129972769515384
Maximum Sheep Distance: 0.46171927909781046
Elapsed Time: 5m 16s
********** 42 **********
Average Fitness: 0.16583333333333333
Maximum Fitness: 0.38333333333333336
Average Pen Distance: 0.3471749839433085
Maximum Pen Distance: 0.7934830954604845
Average Dog Distance: 0.7303446594840699
Maximum Dog Distance: 0.861305993688147
Average Sheep Distance: 0.3056473338288581
Maximum Sheep Distance: 0.4228926113204016
Elapsed Time: 5m 24s
********** 43 **********
Average Fitness: 0.17366666666666666
Maximum Fitness: 0.3333333333333333
Average Pen Distance: 0.36424905723309153
Maximum Pen Distance: 0.6275831898026248
Average Dog Distance: 0.7565474728825027
Maximum Dog Distance: 0.9049932263835334
Average Sheep Distance: 0.302312938953512
Maximum Sheep Distance: 0.4039467788697666
Elapsed Time: 5m 26s
********** 44 **********
Average Fitness: 0.18133333333333337
Maximum Fitness: 0.35000000000000003
Average Pen Distance: 0.3683127240562926
Maximum Pen Distance: 0.5722818257189767
Average Dog Distance: 0.7628433163076379
Maximum Dog Distance: 0.9152167143920801
Average Sheep Distance: 0.2953831511211036
Maximum Sheep Distance: 0.38053040703255864
Elapsed Time: 5m 30s
********** 45 **********
Average Fitness: 0.1733333333333333
Maximum Fitness: 0.35000000000000003
Average Pen Distance: 0.3678136571422567
Maximum Pen Distance: 0.6567444634669112
Average Dog Distance: 0.7728473514182924
Maximum Dog Distance: 0.8988519420154977
Average Sheep Distance: 0.2945787979603145
Maximum Sheep Distance: 0.3958775063881972
Elapsed Time: 5m 16s
********** 46 **********
Average Fitness: 0.1716666666666667
Maximum Fitness: 0.35000000000000003
Average Pen Distance: 0.3879672519732679
Maximum Pen Distance: 0.6743197518149643
Average Dog Distance: 0.7710838748019975
Maximum Dog Distance: 0.8842946804112041
Average Sheep Distance: 0.2866382002782506
Maximum Sheep Distance: 0.4108960491223699
Elapsed Time: 5m 24s
********** 47 **********
Average Fitness: 0.18100000000000002
Maximum Fitness: 0.35000000000000003
Average Pen Distance: 0.39557370579347567
Maximum Pen Distance: 0.6025011314292553
Average Dog Distance: 0.7651432254401546
Maximum Dog Distance: 0.8849315324531761
Average Sheep Distance: 0.2814675688793498
Maximum Sheep Distance: 0.37138836428238653
Elapsed Time: 5m 28s
********** 48 **********
Average Fitness: 0.19200000000000006
Maximum Fitness: 0.3833333333333333
Average Pen Distance: 0.406027107336422
Maximum Pen Distance: 0.5662112306377547
Average Dog Distance: 0.7780005461940455
Maximum Dog Distance: 0.8833722748883401
Average Sheep Distance: 0.27958141152276156
Maximum Sheep Distance: 0.3829175949663306
Elapsed Time: 5m 17s
********** 49 **********
Average Fitness: 0.17583333333333337
Maximum Fitness: 0.35000000000000003
Average Pen Distance: 0.4265160575685067
Maximum Pen Distance: 0.6048628778768191
Average Dog Distance: 0.7765898927152481
Maximum Dog Distance: 0.8981279115583566
Average Sheep Distance: 0.27274122108421506
Maximum Sheep Distance: 0.3814631366306071
Elapsed Time: 5m 22s
********** 50 **********
Average Fitness: 0.19383333333333333
Maximum Fitness: 0.35000000000000003
Average Pen Distance: 0.4179679829067834
Maximum Pen Distance: 0.5256796876964138
Average Dog Distance: 0.7764835068424729
Maximum Dog Distance: 0.8773910233609615
Average Sheep Distance: 0.2745268768879185
Maximum Sheep Distance: 0.3830284692008295
Elapsed Time: 5m 18s
********** 51 **********
Average Fitness: 0.19816666666666663
Maximum Fitness: 0.4000000000000001
Average Pen Distance: 0.41729829010842406
Maximum Pen Distance: 0.6643640532505483
Average Dog Distance: 0.7702196471019179
Maximum Dog Distance: 0.8990524977612369
Average Sheep Distance: 0.27341276300346634
Maximum Sheep Distance: 0.4242380253537024
Elapsed Time: 5m 13s
********** 52 **********
Average Fitness: 0.18383333333333332
Maximum Fitness: 0.35000000000000003
Average Pen Distance: 0.4304507122286323
Maximum Pen Distance: 0.6403298271504937
Average Dog Distance: 0.7749450643137394
Maximum Dog Distance: 0.9092188952574173
Average Sheep Distance: 0.2703475844505747
Maximum Sheep Distance: 0.4033496318723436
Elapsed Time: 5m 13s
********** 53 **********
Average Fitness: 0.2188333333333334
Maximum Fitness: 0.4666666666666666
Average Pen Distance: 0.4124392000834453
Maximum Pen Distance: 0.6558835743437917
Average Dog Distance: 0.768127482536566
Maximum Dog Distance: 0.904124507258509
Average Sheep Distance: 0.272243432295436
Maximum Sheep Distance: 0.38734262201560826
Elapsed Time: 5m 14s
********** 54 **********
Average Fitness: 0.19366666666666668
Maximum Fitness: 0.46666666666666673
Average Pen Distance: 0.4215583006557505
Maximum Pen Distance: 0.6570415304912586
Average Dog Distance: 0.7714104808365512
Maximum Dog Distance: 0.9111098632365712
Average Sheep Distance: 0.2757974876768893
Maximum Sheep Distance: 0.40643751693020747
Elapsed Time: 5m 31s
********** 55 **********
Average Fitness: 0.19283333333333327
Maximum Fitness: 0.3666666666666667
Average Pen Distance: 0.42841654923225697
Maximum Pen Distance: 0.7420965545311802
Average Dog Distance: 0.7734820763312724
Maximum Dog Distance: 0.9300508258025667
Average Sheep Distance: 0.2747463341412767
Maximum Sheep Distance: 0.398309193546265
Elapsed Time: 5m 18s
********** 56 **********
Average Fitness: 0.20550000000000002
Maximum Fitness: 0.3833333333333333
Average Pen Distance: 0.40697226683708393
Maximum Pen Distance: 0.7322495316580894
Average Dog Distance: 0.7736939229019028
Maximum Dog Distance: 0.9177702020994527
Average Sheep Distance: 0.2760983122342016
Maximum Sheep Distance: 0.38412304686425286
Elapsed Time: 5m 23s
********** 57 **********
Average Fitness: 0.19566666666666666
Maximum Fitness: 0.3833333333333333
Average Pen Distance: 0.39912158568268935
Maximum Pen Distance: 0.7603615921648513
Average Dog Distance: 0.7687705865528132
Maximum Dog Distance: 0.8906914185520206
Average Sheep Distance: 0.27377893535448095
Maximum Sheep Distance: 0.3746058780352744
Elapsed Time: 5m 24s
********** 58 **********
Average Fitness: 0.18366666666666667
Maximum Fitness: 0.3333333333333333
Average Pen Distance: 0.41062212034961587
Maximum Pen Distance: 0.660123019036318
Average Dog Distance: 0.7694785372711337
Maximum Dog Distance: 0.9109182759503209
Average Sheep Distance: 0.2710066898817108
Maximum Sheep Distance: 0.37585035824534724
Elapsed Time: 5m 27s
********** 59 **********
Average Fitness: 0.17549999999999996
Maximum Fitness: 0.3833333333333333
Average Pen Distance: 0.4294973140967106
Maximum Pen Distance: 0.662301094964363
Average Dog Distance: 0.777725431926395
Maximum Dog Distance: 0.8921770704481983
Average Sheep Distance: 0.27069628238459725
Maximum Sheep Distance: 0.3685883885356038
Elapsed Time: 5m 34s
********** 60 **********
Average Fitness: 0.18166666666666667
Maximum Fitness: 0.3666666666666667
Average Pen Distance: 0.4105891517907125
Maximum Pen Distance: 0.6348218409303256
Average Dog Distance: 0.7714758866985586
Maximum Dog Distance: 0.9260086028720275
Average Sheep Distance: 0.2737506048582595
Maximum Sheep Distance: 0.38839564750253813
Elapsed Time: 5m 25s
********** 61 **********
Average Fitness: 0.1831666666666667
Maximum Fitness: 0.4333333333333333
Average Pen Distance: 0.4012473372974047
Maximum Pen Distance: 0.6293813991173295
Average Dog Distance: 0.7720626765169705
Maximum Dog Distance: 0.8698486113514812
Average Sheep Distance: 0.27656873305223517
Maximum Sheep Distance: 0.3782480129231353
Elapsed Time: 5m 23s
********** 62 **********
Average Fitness: 0.1943333333333333
Maximum Fitness: 0.4166666666666667
Average Pen Distance: 0.42238206315681287
Maximum Pen Distance: 0.7277867680490252
Average Dog Distance: 0.7693544185610253
Maximum Dog Distance: 0.875117974719415
Average Sheep Distance: 0.26863230860182785
Maximum Sheep Distance: 0.3616640237181092
Elapsed Time: 5m 18s
********** 63 **********
Average Fitness: 0.1928333333333333
Maximum Fitness: 0.35000000000000003
Average Pen Distance: 0.4252918697423577
Maximum Pen Distance: 0.805103575984357
Average Dog Distance: 0.7731586460355182
Maximum Dog Distance: 0.8993023079625067
Average Sheep Distance: 0.2693425539303118
Maximum Sheep Distance: 0.3683755532553987
Elapsed Time: 5m 27s
********** 64 **********
Average Fitness: 0.18333333333333332
Maximum Fitness: 0.35000000000000003
Average Pen Distance: 0.4108589665189484
Maximum Pen Distance: 0.8181787082961528
Average Dog Distance: 0.7546977303672675
Maximum Dog Distance: 0.8828692942267762
Average Sheep Distance: 0.2655439966147944
Maximum Sheep Distance: 0.3872606005745389
Elapsed Time: 5m 19s
********** 65 **********
Average Fitness: 0.19116666666666662
Maximum Fitness: 0.3666666666666667
Average Pen Distance: 0.3932705110329675
Maximum Pen Distance: 0.643757617697013
Average Dog Distance: 0.744076969028522
Maximum Dog Distance: 0.8899850148919634
Average Sheep Distance: 0.2777250255453516
Maximum Sheep Distance: 0.38626865240654334
Elapsed Time: 5m 20s
********** 66 **********
Average Fitness: 0.19649999999999998
Maximum Fitness: 0.35000000000000003
Average Pen Distance: 0.3967766056987444
Maximum Pen Distance: 0.7193886087170206
Average Dog Distance: 0.7544163037223699
Maximum Dog Distance: 0.921107683792671
Average Sheep Distance: 0.27394393191304767
Maximum Sheep Distance: 0.35561860381439114
Elapsed Time: 5m 23s
********** 67 **********
Average Fitness: 0.19500000000000003
Maximum Fitness: 0.4000000000000001
Average Pen Distance: 0.4103744679330304
Maximum Pen Distance: 0.6202461488718415
Average Dog Distance: 0.7715530541717751
Maximum Dog Distance: 0.9018193666555834
Average Sheep Distance: 0.26603077342161124
Maximum Sheep Distance: 0.35075359622421715
Elapsed Time: 5m 25s
********** 68 **********
Average Fitness: 0.1895
Maximum Fitness: 0.3666666666666667
Average Pen Distance: 0.4143777880866121
Maximum Pen Distance: 0.8011908647855325
Average Dog Distance: 0.7629570206037077
Maximum Dog Distance: 0.9051241571381174
Average Sheep Distance: 0.27656005606521167
Maximum Sheep Distance: 0.43998481878403317
Elapsed Time: 5m 30s
********** 69 **********
Average Fitness: 0.20249999999999996
Maximum Fitness: 0.3333333333333333
Average Pen Distance: 0.40741661044769373
Maximum Pen Distance: 0.7590560667631187
Average Dog Distance: 0.7614270930367215
Maximum Dog Distance: 0.9009188315666558
Average Sheep Distance: 0.27042745326010975
Maximum Sheep Distance: 0.36373557506013876
Elapsed Time: 5m 23s
********** 70 **********
Average Fitness: 0.1901666666666667
Maximum Fitness: 0.3833333333333333
Average Pen Distance: 0.4042834353273227
Maximum Pen Distance: 0.7819818941127288
Average Dog Distance: 0.7448469225570199
Maximum Dog Distance: 0.9158591671142225
Average Sheep Distance: 0.27807255281662724
Maximum Sheep Distance: 0.45476717507444514
Elapsed Time: 5m 20s
********** 71 **********
Average Fitness: 0.19316666666666663
Maximum Fitness: 0.3833333333333333
Average Pen Distance: 0.4160779398900713
Maximum Pen Distance: 0.5738718323132609
Average Dog Distance: 0.766304064248869
Maximum Dog Distance: 0.9136481273436313
Average Sheep Distance: 0.26990395761276914
Maximum Sheep Distance: 0.39072463244504463
Elapsed Time: 5m 22s
********** 72 **********
Average Fitness: 0.19333333333333333
Maximum Fitness: 0.3666666666666667
Average Pen Distance: 0.40396787758911806
Maximum Pen Distance: 0.57820527903811
Average Dog Distance: 0.7588628548787255
Maximum Dog Distance: 0.8949438176875737
Average Sheep Distance: 0.26697194752659753
Maximum Sheep Distance: 0.4208222954664651
Elapsed Time: 5m 18s
********** 73 **********
Average Fitness: 0.20249999999999996
Maximum Fitness: 0.5
Average Pen Distance: 0.41962858132856423
Maximum Pen Distance: 0.7067797088499104
Average Dog Distance: 0.7666987459961021
Maximum Dog Distance: 0.9019553182828878
Average Sheep Distance: 0.2694391239980619
Maximum Sheep Distance: 0.43714319764097603
Elapsed Time: 5m 25s
********** 74 **********
Average Fitness: 0.19883333333333333
Maximum Fitness: 0.4166666666666667
Average Pen Distance: 0.4000608671370256
Maximum Pen Distance: 0.5401901071040353
Average Dog Distance: 0.7582662266491634
Maximum Dog Distance: 0.9065733707540024
Average Sheep Distance: 0.27315006480408693
Maximum Sheep Distance: 0.36864462198110326
Elapsed Time: 5m 29s
********** 75 **********
Average Fitness: 0.1948333333333333
Maximum Fitness: 0.3833333333333333
Average Pen Distance: 0.4124888732542468
Maximum Pen Distance: 0.5591282352309062
Average Dog Distance: 0.7642707046813321
Maximum Dog Distance: 0.9010237536018609
Average Sheep Distance: 0.2676941391396891
Maximum Sheep Distance: 0.35756212330085896
Elapsed Time: 5m 18s
********** 76 **********
Average Fitness: 0.20550000000000002
Maximum Fitness: 0.3499999999999999
Average Pen Distance: 0.4321599014003511
Maximum Pen Distance: 0.6167308659054137
Average Dog Distance: 0.7750074629961
Maximum Dog Distance: 0.9197506575077302
Average Sheep Distance: 0.26544221969287674
Maximum Sheep Distance: 0.3502357110345912
Elapsed Time: 5m 19s
********** 77 **********
Average Fitness: 0.2008333333333333
Maximum Fitness: 0.39999999999999997
Average Pen Distance: 0.42942095656628076
Maximum Pen Distance: 0.604154044259366
Average Dog Distance: 0.7724357528981649
Maximum Dog Distance: 0.9148307236639209
Average Sheep Distance: 0.27216374385029196
Maximum Sheep Distance: 0.3709521350029667
Elapsed Time: 5m 26s
********** 78 **********
Average Fitness: 0.19283333333333336
Maximum Fitness: 0.48333333333333334
Average Pen Distance: 0.43073908108203307
Maximum Pen Distance: 0.719730336253971
Average Dog Distance: 0.7827788187228921
Maximum Dog Distance: 0.9010110083716182
Average Sheep Distance: 0.26937848853266494
Maximum Sheep Distance: 0.35643826077177954
Elapsed Time: 5m 33s
********** 79 **********
Average Fitness: 0.20683333333333334
Maximum Fitness: 0.39999999999999997
Average Pen Distance: 0.40610543248886033
Maximum Pen Distance: 0.5581110024758648
Average Dog Distance: 0.7567662120503573
Maximum Dog Distance: 0.8930679543547589
Average Sheep Distance: 0.27968822607621857
Maximum Sheep Distance: 0.40136231511809894
Elapsed Time: 5m 14s
********** 80 **********
Average Fitness: 0.20316666666666675
Maximum Fitness: 0.3833333333333333
Average Pen Distance: 0.3986899631051902
Maximum Pen Distance: 0.6328757063374414
Average Dog Distance: 0.7490916440079924
Maximum Dog Distance: 0.8927712964619992
Average Sheep Distance: 0.27504528182265203
Maximum Sheep Distance: 0.3848732114511957
Elapsed Time: 5m 25s
********** 81 **********
Average Fitness: 0.19483333333333333
Maximum Fitness: 0.3666666666666667
Average Pen Distance: 0.40275446643274426
Maximum Pen Distance: 0.7746799880109952
Average Dog Distance: 0.746297344769391
Maximum Dog Distance: 0.914373010478549
Average Sheep Distance: 0.2802809616338126
Maximum Sheep Distance: 0.3755702458978815
Elapsed Time: 5m 24s
********** 82 **********
Average Fitness: 0.20983333333333334
Maximum Fitness: 0.3833333333333333
Average Pen Distance: 0.3990010636035859
Maximum Pen Distance: 0.6556253671985742
Average Dog Distance: 0.7375373295067491
Maximum Dog Distance: 0.8642677898802837
Average Sheep Distance: 0.2764871359013224
Maximum Sheep Distance: 0.4152003423917221
Elapsed Time: 5m 26s
********** 83 **********
Average Fitness: 0.19683333333333336
Maximum Fitness: 0.43333333333333335
Average Pen Distance: 0.3974667365918272
Maximum Pen Distance: 0.6384359656262257
Average Dog Distance: 0.741687303422343
Maximum Dog Distance: 0.9360435592325991
Average Sheep Distance: 0.2850922034625969
Maximum Sheep Distance: 0.4174254196094071
Elapsed Time: 5m 19s
********** 84 **********
Average Fitness: 0.21566666666666667
Maximum Fitness: 0.4166666666666667
Average Pen Distance: 0.41112852817015016
Maximum Pen Distance: 0.6013949388878371
Average Dog Distance: 0.748355039268951
Maximum Dog Distance: 0.8644175308932206
Average Sheep Distance: 0.2774842194380438
Maximum Sheep Distance: 0.3864882832593692
Elapsed Time: 5m 28s
********** 85 **********
Average Fitness: 0.20616666666666666
Maximum Fitness: 0.45
Average Pen Distance: 0.40811480755745705
Maximum Pen Distance: 0.6372159613658801
Average Dog Distance: 0.7295648772471561
Maximum Dog Distance: 0.83698443445833
Average Sheep Distance: 0.27815896134206314
Maximum Sheep Distance: 0.409595569272013
Elapsed Time: 5m 24s
********** 86 **********
Average Fitness: 0.2138333333333333
Maximum Fitness: 0.4000000000000001
Average Pen Distance: 0.4015638073919906
Maximum Pen Distance: 0.8241559826285298
Average Dog Distance: 0.7361822927885063
Maximum Dog Distance: 0.8627481197246923
Average Sheep Distance: 0.2830693170367479
Maximum Sheep Distance: 0.43074926172738187
Elapsed Time: 5m 18s
********** 87 **********
Average Fitness: 0.21350000000000005
Maximum Fitness: 0.39999999999999997
Average Pen Distance: 0.37920135721273196
Maximum Pen Distance: 0.8213242904098413
Average Dog Distance: 0.708569367245783
Maximum Dog Distance: 0.8637023274839765
Average Sheep Distance: 0.2886702067363775
Maximum Sheep Distance: 0.41826346077172927
Elapsed Time: 5m 21s
********** 88 **********
Average Fitness: 0.19933333333333336
Maximum Fitness: 0.43333333333333335
Average Pen Distance: 0.4044208471887694
Maximum Pen Distance: 0.8587045690209872
Average Dog Distance: 0.7220105945604183
Maximum Dog Distance: 0.8609247154439963
Average Sheep Distance: 0.2804532823831305
Maximum Sheep Distance: 0.3890600716689805
Elapsed Time: 5m 30s
********** 89 **********
Average Fitness: 0.19783333333333336
Maximum Fitness: 0.4000000000000001
Average Pen Distance: 0.42783143208250785
Maximum Pen Distance: 0.7337111962633623
Average Dog Distance: 0.7286397274842494
Maximum Dog Distance: 0.9084822881297926
Average Sheep Distance: 0.27747371880270877
Maximum Sheep Distance: 0.4499457536930113
Elapsed Time: 5m 23s
********** 90 **********
Average Fitness: 0.2026666666666667
Maximum Fitness: 0.39999999999999997
Average Pen Distance: 0.4122837610300226
Maximum Pen Distance: 0.7751663245880844
Average Dog Distance: 0.7253729936505614
Maximum Dog Distance: 0.8744520729537916
Average Sheep Distance: 0.28083801400428493
Maximum Sheep Distance: 0.3974386470252372
Elapsed Time: 5m 19s
********** 91 **********
Average Fitness: 0.213
Maximum Fitness: 0.3833333333333333
Average Pen Distance: 0.3986188879819367
Maximum Pen Distance: 0.6954888287486215
Average Dog Distance: 0.7238417181001313
Maximum Dog Distance: 0.8637638016790895
Average Sheep Distance: 0.27673988348700745
Maximum Sheep Distance: 0.4214249177066361
Elapsed Time: 5m 22s
********** 92 **********
Average Fitness: 0.2163333333333333
Maximum Fitness: 0.4333333333333333
Average Pen Distance: 0.4017595659319181
Maximum Pen Distance: 0.5822312016302008
Average Dog Distance: 0.73922019638384
Maximum Dog Distance: 0.86972111129024
Average Sheep Distance: 0.27784792741499953
Maximum Sheep Distance: 0.37738997953532744
Elapsed Time: 5m 17s
********** 93 **********
Average Fitness: 0.20833333333333337
Maximum Fitness: 0.3333333333333333
Average Pen Distance: 0.4216669466747346
Maximum Pen Distance: 0.6200156649818847
Average Dog Distance: 0.7351248428157742
Maximum Dog Distance: 0.9157784467250204
Average Sheep Distance: 0.2676425013681823
Maximum Sheep Distance: 0.36153129454649635
Elapsed Time: 5m 14s
********** 94 **********
Average Fitness: 0.2201666666666667
Maximum Fitness: 0.43333333333333335
Average Pen Distance: 0.4028779024939027
Maximum Pen Distance: 0.6113977440390365
Average Dog Distance: 0.7084752311659257
Maximum Dog Distance: 0.8249095450403839
Average Sheep Distance: 0.2769166001128179
Maximum Sheep Distance: 0.4235025085905552
Elapsed Time: 5m 24s
********** 95 **********
Average Fitness: 0.21666666666666667
Maximum Fitness: 0.3833333333333333
Average Pen Distance: 0.4033031271613987
Maximum Pen Distance: 0.6910037544233777
Average Dog Distance: 0.7224310782486565
Maximum Dog Distance: 0.8643990975949043
Average Sheep Distance: 0.2709020535361347
Maximum Sheep Distance: 0.43116980753311224
Elapsed Time: 5m 17s
********** 96 **********
Average Fitness: 0.2111666666666667
Maximum Fitness: 0.39999999999999997
Average Pen Distance: 0.40033738165774013
Maximum Pen Distance: 0.5782876267635247
Average Dog Distance: 0.7280903082434166
Maximum Dog Distance: 0.8365674317854804
Average Sheep Distance: 0.2756240305260114
Maximum Sheep Distance: 0.39324541178006883
Elapsed Time: 5m 21s
********** 97 **********
Average Fitness: 0.22566666666666663
Maximum Fitness: 0.45
Average Pen Distance: 0.4025332679697647
Maximum Pen Distance: 0.6890278391954663
Average Dog Distance: 0.7287438388042561
Maximum Dog Distance: 0.8724957566809088
Average Sheep Distance: 0.269069052617662
Maximum Sheep Distance: 0.36866742768410593
Elapsed Time: 5m 18s
********** 98 **********
Average Fitness: 0.21799999999999997
Maximum Fitness: 0.4166666666666667
Average Pen Distance: 0.390073677170772
Maximum Pen Distance: 0.5532126908214445
Average Dog Distance: 0.7165470984820023
Maximum Dog Distance: 0.8770055442457386
Average Sheep Distance: 0.27356446461400863
Maximum Sheep Distance: 0.4128481156676547
Elapsed Time: 5m 18s
********** 99 **********
Average Fitness: 0.2165
Maximum Fitness: 0.4000000000000001
Average Pen Distance: 0.4038996065958857
Maximum Pen Distance: 0.571425113965327
Average Dog Distance: 0.7309714357627664
Maximum Dog Distance: 0.8762989937059364
Average Sheep Distance: 0.2664459620217972
Maximum Sheep Distance: 0.4098174884409884
Elapsed Time: 5m 11s
********** 100 **********
Average Fitness: 0.23116666666666671
Maximum Fitness: 0.4666666666666666
Average Pen Distance: 0.39713563863604223
Maximum Pen Distance: 0.7179125407575285
Average Dog Distance: 0.7319254580102721
Maximum Dog Distance: 0.8736068687455409
Average Sheep Distance: 0.2699401135773052
Maximum Sheep Distance: 0.40240490636856424
Elapsed Time: 5m 18s
********** 21 **********
Average Fitness: 0.059500000000000004
Maximum Fitness: 0.19999999999999998
Average Pen Distance: 0.40231779015479996
Maximum Pen Distance: 0.809420758314045
Average Dog Distance: 0.6838058203345166
Maximum Dog Distance: 0.9555256091659933
Average Sheep Distance: 0.34710575193114435
Maximum Sheep Distance: 0.4751630102072785
Elapsed Time: 5m 43s
********** 22 **********
Average Fitness: 0.08633333333333333
Maximum Fitness: 0.2333333333333333
Average Pen Distance: 0.3777160571266056
Maximum Pen Distance: 0.8873855288203357
Average Dog Distance: 0.7156331894697998
Maximum Dog Distance: 0.9371754087506404
Average Sheep Distance: 0.33453302565029325
Maximum Sheep Distance: 0.48097459514933627
Elapsed Time: 5m 50s
********** 23 **********
Average Fitness: 0.09383333333333335
Maximum Fitness: 0.25
Average Pen Distance: 0.39182370110211595
Maximum Pen Distance: 0.8641282983482452
Average Dog Distance: 0.7277626479112763
Maximum Dog Distance: 0.9291413871602144
Average Sheep Distance: 0.32343994747060073
Maximum Sheep Distance: 0.4452717307310783
Elapsed Time: 5m 39s
********** 24 **********
Average Fitness: 0.09133333333333332
Maximum Fitness: 0.26666666666666666
Average Pen Distance: 0.37541607910771707
Maximum Pen Distance: 0.8631814770193426
Average Dog Distance: 0.7221403916922331
Maximum Dog Distance: 0.9320444507082812
Average Sheep Distance: 0.3273931295531545
Maximum Sheep Distance: 0.45292116556908235
Elapsed Time: 5m 42s
********** 25 **********
Average Fitness: 0.09966666666666665
Maximum Fitness: 0.25
Average Pen Distance: 0.3642765732156538
Maximum Pen Distance: 0.7283437062066498
Average Dog Distance: 0.7278761209430652
Maximum Dog Distance: 0.9498837726138657
Average Sheep Distance: 0.3176948575997744
Maximum Sheep Distance: 0.42561933846987193
Elapsed Time: 5m 36s
********** 26 **********
Average Fitness: 0.09183333333333335
Maximum Fitness: 0.25
Average Pen Distance: 0.37035750788117106
Maximum Pen Distance: 0.8407558706553822
Average Dog Distance: 0.7239539447032248
Maximum Dog Distance: 0.9134703375129085
Average Sheep Distance: 0.316018490574421
Maximum Sheep Distance: 0.45417136689506793
Elapsed Time: 12m 59s
********** 27 **********
Average Fitness: 0.09133333333333332
Maximum Fitness: 0.3166666666666667
Average Pen Distance: 0.3819606162896859
Maximum Pen Distance: 0.8286317555789143
Average Dog Distance: 0.7340465355191503
Maximum Dog Distance: 0.9338426148818413
Average Sheep Distance: 0.3163062955546341
Maximum Sheep Distance: 0.44212777629177763
Elapsed Time: 5m 39s
********** 28 **********
Average Fitness: 0.098
Maximum Fitness: 0.26666666666666666
Average Pen Distance: 0.38141111025519314
Maximum Pen Distance: 0.7858390705623567
Average Dog Distance: 0.7151340800939364
Maximum Dog Distance: 0.9318885399695608
Average Sheep Distance: 0.31596114482038096
Maximum Sheep Distance: 0.4493599207408791
Elapsed Time: 5m 30s
********** 29 **********
Average Fitness: 0.1025
Maximum Fitness: 0.3333333333333333
Average Pen Distance: 0.416040455565674
Maximum Pen Distance: 0.9054786173065456
Average Dog Distance: 0.7589793121990768
Maximum Dog Distance: 0.9324162800149814
Average Sheep Distance: 0.30923594003065885
Maximum Sheep Distance: 0.4262238275939927
Elapsed Time: 5m 43s
********** 30 **********
Average Fitness: 0.11816666666666668
Maximum Fitness: 0.25
Average Pen Distance: 0.4092769248828436
Maximum Pen Distance: 0.8261156331434801
Average Dog Distance: 0.78009524504206
Maximum Dog Distance: 0.9306528204672427
Average Sheep Distance: 0.30026027432815944
Maximum Sheep Distance: 0.4269042677119163
Elapsed Time: 5m 39s
********** 31 **********
Average Fitness: 0.12649999999999997
Maximum Fitness: 0.3666666666666667
Average Pen Distance: 0.4339545821890467
Maximum Pen Distance: 0.899489815434752
Average Dog Distance: 0.7760076216995847
Maximum Dog Distance: 0.9379788193209468
Average Sheep Distance: 0.29332812395508184
Maximum Sheep Distance: 0.43933338435656594
Elapsed Time: 5m 38s
********** 32 **********
Average Fitness: 0.156
Maximum Fitness: 0.3333333333333333
Average Pen Distance: 0.4006121640279759
Maximum Pen Distance: 0.7448814618941073
Average Dog Distance: 0.7874453492592566
Maximum Dog Distance: 0.909404860399881
Average Sheep Distance: 0.28098629270295
Maximum Sheep Distance: 0.4220464639574331
Elapsed Time: 5m 26s
********** 33 **********
Average Fitness: 0.16716666666666669
Maximum Fitness: 0.3833333333333333
Average Pen Distance: 0.3894299019116916
Maximum Pen Distance: 0.6042645193821007
Average Dog Distance: 0.7772713577482354
Maximum Dog Distance: 0.9074555788694715
Average Sheep Distance: 0.2768080276873135
Maximum Sheep Distance: 0.4177735366882492
Elapsed Time: 5m 27s
********** 34 **********
Average Fitness: 0.16266666666666674
Maximum Fitness: 0.39999999999999997
Average Pen Distance: 0.42562236308402057
Maximum Pen Distance: 0.7438929305960081
Average Dog Distance: 0.7873772470834554
Maximum Dog Distance: 0.8999925671871992
Average Sheep Distance: 0.27209400064652917
Maximum Sheep Distance: 0.4042431850985037
Elapsed Time: 5m 35s
********** 35 **********
Average Fitness: 0.1655
Maximum Fitness: 0.3833333333333333
Average Pen Distance: 0.4365931676546059
Maximum Pen Distance: 0.8575568107863273
Average Dog Distance: 0.7873575290821309
Maximum Dog Distance: 0.8972982466476918
Average Sheep Distance: 0.27531249231319344
Maximum Sheep Distance: 0.395033691292688
Elapsed Time: 5m 34s
********** 36 **********
Average Fitness: 0.15899999999999997
Maximum Fitness: 0.3833333333333333
Average Pen Distance: 0.4168457332311906
Maximum Pen Distance: 0.7641805117911137
Average Dog Distance: 0.7874888926013662
Maximum Dog Distance: 0.9240469243386246
Average Sheep Distance: 0.273078857875545
Maximum Sheep Distance: 0.4176855783441195
Elapsed Time: 5m 33s
********** 37 **********
Average Fitness: 0.17583333333333326
Maximum Fitness: 0.39999999999999997
Average Pen Distance: 0.42528359352291
Maximum Pen Distance: 0.8869641831356931
Average Dog Distance: 0.7781689679270992
Maximum Dog Distance: 0.9096624137977886
Average Sheep Distance: 0.2696328494088847
Maximum Sheep Distance: 0.38377325750329705
Elapsed Time: 5m 19s
********** 38 **********
Average Fitness: 0.17549999999999996
Maximum Fitness: 0.35000000000000003
Average Pen Distance: 0.4273862361505543
Maximum Pen Distance: 0.8312625267083958
Average Dog Distance: 0.7668438273456186
Maximum Dog Distance: 0.901417051324844
Average Sheep Distance: 0.26855532946875227
Maximum Sheep Distance: 0.385596499020284
Elapsed Time: 5m 23s
********** 39 **********
Average Fitness: 0.16949999999999998
Maximum Fitness: 0.35000000000000003
Average Pen Distance: 0.43244384463611035
Maximum Pen Distance: 0.8459816175173662
Average Dog Distance: 0.7837189276952193
Maximum Dog Distance: 0.9170801450344119
Average Sheep Distance: 0.26240960364672
Maximum Sheep Distance: 0.36871061590658494
Elapsed Time: 5m 33s
********** 40 **********
Average Fitness: 0.17466666666666664
Maximum Fitness: 0.3666666666666667
Average Pen Distance: 0.43741852539651854
Maximum Pen Distance: 0.8096725298938053
Average Dog Distance: 0.7705526654496063
Maximum Dog Distance: 0.9057384250013102
Average Sheep Distance: 0.25775506038441703
Maximum Sheep Distance: 0.38074897002276087
Elapsed Time: 5m 27s
********** 41 **********
Average Fitness: 0.18633333333333332
Maximum Fitness: 0.39999999999999997
Average Pen Distance: 0.4506355044861443
Maximum Pen Distance: 0.8962663545872287
Average Dog Distance: 0.7773378333356685
Maximum Dog Distance: 0.8883327048484428
Average Sheep Distance: 0.2535437786263013
Maximum Sheep Distance: 0.38836461324836
Elapsed Time: 5m 20s
********** 42 **********
Average Fitness: 0.196
Maximum Fitness: 0.3833333333333333
Average Pen Distance: 0.4457151984338203
Maximum Pen Distance: 0.7031032944934328
Average Dog Distance: 0.777591696871924
Maximum Dog Distance: 0.9447220213160686
Average Sheep Distance: 0.25632604431125533
Maximum Sheep Distance: 0.34892646457578386
Elapsed Time: 5m 25s
********** 43 **********
Average Fitness: 0.20433333333333337
Maximum Fitness: 0.4166666666666667
Average Pen Distance: 0.44524926744085486
Maximum Pen Distance: 0.6903935567452132
Average Dog Distance: 0.7839310322953655
Maximum Dog Distance: 0.8896694987182586
Average Sheep Distance: 0.25517441834097665
Maximum Sheep Distance: 0.36293559515495466
Elapsed Time: 5m 33s
********** 44 **********
Average Fitness: 0.20733333333333331
Maximum Fitness: 0.4166666666666667
Average Pen Distance: 0.4562434745960141
Maximum Pen Distance: 0.7367645247776323
Average Dog Distance: 0.7954023870851604
Maximum Dog Distance: 0.8872841655746225
Average Sheep Distance: 0.24802101702441384
Maximum Sheep Distance: 0.3641279123462607
Elapsed Time: 5m 23s
********** 45 **********
Average Fitness: 0.2133333333333333
Maximum Fitness: 0.35000000000000003
Average Pen Distance: 0.45273752428370606
Maximum Pen Distance: 0.800989077273012
Average Dog Distance: 0.787930977237593
Maximum Dog Distance: 0.9007566434719809
Average Sheep Distance: 0.24476162252958744
Maximum Sheep Distance: 0.3382061543428816
Elapsed Time: 5m 22s
********** 46 **********
Average Fitness: 0.207
Maximum Fitness: 0.4166666666666667
Average Pen Distance: 0.4504750369782309
Maximum Pen Distance: 0.6584345600650515
Average Dog Distance: 0.7850325163472236
Maximum Dog Distance: 0.8687504373542576
Average Sheep Distance: 0.24644977367082913
Maximum Sheep Distance: 0.38211082892404624
Elapsed Time: 5m 22s
********** 47 **********
Average Fitness: 0.20883333333333337
Maximum Fitness: 0.45
Average Pen Distance: 0.46413379034068497
Maximum Pen Distance: 0.7004752546591808
Average Dog Distance: 0.7867695818106756
Maximum Dog Distance: 0.8976543406053518
Average Sheep Distance: 0.24740335119041693
Maximum Sheep Distance: 0.36113268086039313
Elapsed Time: 5m 25s
********** 48 **********
Average Fitness: 0.19899999999999998
Maximum Fitness: 0.3833333333333333
Average Pen Distance: 0.4585720742518668
Maximum Pen Distance: 0.806957899218962
Average Dog Distance: 0.7965599337640935
Maximum Dog Distance: 0.8708755110742663
Average Sheep Distance: 0.24610169516627167
Maximum Sheep Distance: 0.3864740048505631
Elapsed Time: 5m 26s
********** 49 **********
Average Fitness: 0.20599999999999993
Maximum Fitness: 0.43333333333333335
Average Pen Distance: 0.4554443309305954
Maximum Pen Distance: 0.8405590238835634
Average Dog Distance: 0.7963330956132382
Maximum Dog Distance: 0.8932196364060822
Average Sheep Distance: 0.2529915183760966
Maximum Sheep Distance: 0.414908771753458
Elapsed Time: 5m 31s
********** 50 **********
Average Fitness: 0.20799999999999996
Maximum Fitness: 0.45
Average Pen Distance: 0.4537287243321704
Maximum Pen Distance: 0.8181687950974462
Average Dog Distance: 0.79549049704471
Maximum Dog Distance: 0.891116968830402
Average Sheep Distance: 0.24660257709837446
Maximum Sheep Distance: 0.34829974447356427
Elapsed Time: 5m 25s
********** 51 **********
Average Fitness: 0.20966666666666664
Maximum Fitness: 0.3833333333333333
Average Pen Distance: 0.44178582172278114
Maximum Pen Distance: 0.8827470348290437
Average Dog Distance: 0.7938602023629425
Maximum Dog Distance: 0.8676598840644925
Average Sheep Distance: 0.24905913821138662
Maximum Sheep Distance: 0.3814788151594258
Elapsed Time: 5m 19s
********** 52 **********
Average Fitness: 0.20533333333333334
Maximum Fitness: 0.3833333333333333
Average Pen Distance: 0.46155542494340474
Maximum Pen Distance: 0.8596497815888934
Average Dog Distance: 0.7896335265123982
Maximum Dog Distance: 0.8968941851578146
Average Sheep Distance: 0.24769912901838254
Maximum Sheep Distance: 0.3846165129326315
Elapsed Time: 5m 23s
********** 53 **********
Average Fitness: 0.20933333333333334
Maximum Fitness: 0.39999999999999997
Average Pen Distance: 0.4544559542226477
Maximum Pen Distance: 0.7205519709584397
Average Dog Distance: 0.7887647615850912
Maximum Dog Distance: 0.8670508709315431
Average Sheep Distance: 0.24047649600573856
Maximum Sheep Distance: 0.32688918384641275
Elapsed Time: 5m 17s
********** 54 **********
Average Fitness: 0.20916666666666664
Maximum Fitness: 0.43333333333333335
Average Pen Distance: 0.46148091280982884
Maximum Pen Distance: 0.7587292029152359
Average Dog Distance: 0.7943216150064658
Maximum Dog Distance: 0.8696298135117778
Average Sheep Distance: 0.23531130663116834
Maximum Sheep Distance: 0.3683797175911554
Elapsed Time: 5m 21s
********** 55 **********
Average Fitness: 0.21883333333333332
Maximum Fitness: 0.4000000000000001
Average Pen Distance: 0.42509152379798587
Maximum Pen Distance: 0.5948397678319047
Average Dog Distance: 0.7937297115191747
Maximum Dog Distance: 0.8690360990751079
Average Sheep Distance: 0.2516061356719661
Maximum Sheep Distance: 0.41468881943714075
Elapsed Time: 5m 13s
********** 56 **********
Average Fitness: 0.206
Maximum Fitness: 0.4166666666666667
Average Pen Distance: 0.4586474853755606
Maximum Pen Distance: 0.8359099580371705
Average Dog Distance: 0.7887838788323964
Maximum Dog Distance: 0.8910152072028629
Average Sheep Distance: 0.24339648520273183
Maximum Sheep Distance: 0.38005914734575047
Elapsed Time: 5m 28s
********** 57 **********
Average Fitness: 0.21516666666666664
Maximum Fitness: 0.43333333333333335
Average Pen Distance: 0.4563329377438382
Maximum Pen Distance: 0.8888842913969478
Average Dog Distance: 0.7864570566437646
Maximum Dog Distance: 0.8700366194387269
Average Sheep Distance: 0.2457054469047661
Maximum Sheep Distance: 0.38418827849233245
Elapsed Time: 5m 12s
********** 58 **********
Average Fitness: 0.22383333333333333
Maximum Fitness: 0.45
Average Pen Distance: 0.44647206090598
Maximum Pen Distance: 0.6937656217816855
Average Dog Distance: 0.7872972334391503
Maximum Dog Distance: 0.8869948712897373
Average Sheep Distance: 0.24681232332591352
Maximum Sheep Distance: 0.4339120519184518
Elapsed Time: 5m 28s
********** 59 **********
Average Fitness: 0.21533333333333335
Maximum Fitness: 0.4166666666666667
Average Pen Distance: 0.46503929424798807
Maximum Pen Distance: 0.8564625714384348
Average Dog Distance: 0.7948478428129647
Maximum Dog Distance: 0.921880861251137
Average Sheep Distance: 0.24082352145404826
Maximum Sheep Distance: 0.33787696569373527
Elapsed Time: 5m 13s
********** 60 **********
Average Fitness: 0.21933333333333338
Maximum Fitness: 0.5333333333333333
Average Pen Distance: 0.45310441418646524
Maximum Pen Distance: 0.7280113798011226
Average Dog Distance: 0.7871095195240894
Maximum Dog Distance: 0.9208900851879894
Average Sheep Distance: 0.2389497557097118
Maximum Sheep Distance: 0.39407772360762255
Elapsed Time: 5m 26s
********** 61 **********
Average Fitness: 0.22
Maximum Fitness: 0.39999999999999997
Average Pen Distance: 0.45625607654617684
Maximum Pen Distance: 0.6739170868354392
Average Dog Distance: 0.7908204938636965
Maximum Dog Distance: 0.9298883101668638
Average Sheep Distance: 0.23896803665718713
Maximum Sheep Distance: 0.42781724117629816
Elapsed Time: 5m 26s
********** 62 **********
Average Fitness: 0.23850000000000002
Maximum Fitness: 0.46666666666666673
Average Pen Distance: 0.4918682981136876
Maximum Pen Distance: 0.7610999514874542
Average Dog Distance: 0.7979125381504911
Maximum Dog Distance: 0.8936782003911544
Average Sheep Distance: 0.23385314867257512
Maximum Sheep Distance: 0.3204680087488632
Elapsed Time: 5m 21s
********** 63 **********
Average Fitness: 0.22083333333333335
Maximum Fitness: 0.5333333333333333
Average Pen Distance: 0.5081036261643215
Maximum Pen Distance: 0.8273797320734547
Average Dog Distance: 0.7981608221106683
Maximum Dog Distance: 0.8892452887762384
Average Sheep Distance: 0.23139732444959235
Maximum Sheep Distance: 0.3807884469558028
Elapsed Time: 5m 16s
********** 64 **********
Average Fitness: 0.22483333333333333
Maximum Fitness: 0.45
Average Pen Distance: 0.485796819761863
Maximum Pen Distance: 0.7019469851714252
Average Dog Distance: 0.8013609284316826
Maximum Dog Distance: 0.9032312427563752
Average Sheep Distance: 0.23529313510736874
Maximum Sheep Distance: 0.39726154692420423
Elapsed Time: 5m 26s
********** 65 **********
Average Fitness: 0.22799999999999998
Maximum Fitness: 0.4833333333333334
Average Pen Distance: 0.48358366256147894
Maximum Pen Distance: 0.8423061302216386
Average Dog Distance: 0.7965024299461153
Maximum Dog Distance: 0.8826705522381841
Average Sheep Distance: 0.23681314107178011
Maximum Sheep Distance: 0.37675448680201534
Elapsed Time: 5m 17s
********** 66 **********
Average Fitness: 0.24416666666666664
Maximum Fitness: 0.45
Average Pen Distance: 0.4889191748699185
Maximum Pen Distance: 0.8234022037408586
Average Dog Distance: 0.8048684570501032
Maximum Dog Distance: 0.8765695914437593
Average Sheep Distance: 0.2287149686104932
Maximum Sheep Distance: 0.3940057567998175
Elapsed Time: 5m 20s
********** 67 **********
Average Fitness: 0.22633333333333333
Maximum Fitness: 0.4000000000000001
Average Pen Distance: 0.481130247828442
Maximum Pen Distance: 0.8783292969152998
Average Dog Distance: 0.7978658331958154
Maximum Dog Distance: 0.9006703577407217
Average Sheep Distance: 0.2306826829968312
Maximum Sheep Distance: 0.37740566432614736
Elapsed Time: 5m 34s
********** 68 **********
Average Fitness: 0.21899999999999994
Maximum Fitness: 0.45
Average Pen Distance: 0.4962858317581364
Maximum Pen Distance: 0.7566937654993214
Average Dog Distance: 0.8018875374221612
Maximum Dog Distance: 0.8809881370498566
Average Sheep Distance: 0.21960695286298196
Maximum Sheep Distance: 0.34566215508953874
Elapsed Time: 5m 15s
********** 69 **********
Average Fitness: 0.2396666666666667
Maximum Fitness: 0.4333333333333333
Average Pen Distance: 0.5051178475190194
Maximum Pen Distance: 0.8127348829995235
Average Dog Distance: 0.7986503513507789
Maximum Dog Distance: 0.8810835953387182
Average Sheep Distance: 0.21516072215822313
Maximum Sheep Distance: 0.3078522892386853
Elapsed Time: 5m 17s
********** 70 **********
Average Fitness: 0.24333333333333332
Maximum Fitness: 0.4000000000000001
Average Pen Distance: 0.5006726785189833
Maximum Pen Distance: 0.8221177958871325
Average Dog Distance: 0.7972295083750062
Maximum Dog Distance: 0.9134657318594518
Average Sheep Distance: 0.2232068988369816
Maximum Sheep Distance: 0.3408557619201369
Elapsed Time: 5m 11s
********** 71 **********
Average Fitness: 0.24533333333333335
Maximum Fitness: 0.39999999999999997
Average Pen Distance: 0.502799893432467
Maximum Pen Distance: 0.8173279910786824
Average Dog Distance: 0.7961465156752636
Maximum Dog Distance: 0.8924567101864342
Average Sheep Distance: 0.22050114638899462
Maximum Sheep Distance: 0.38028228749836224
Elapsed Time: 5m 16s
********** 72 **********
Average Fitness: 0.23883333333333337
Maximum Fitness: 0.45
Average Pen Distance: 0.5252181165837626
Maximum Pen Distance: 0.9334305607737844
Average Dog Distance: 0.794409972431583
Maximum Dog Distance: 0.9004432450231498
Average Sheep Distance: 0.2223732186531703
Maximum Sheep Distance: 0.4386963095666648
Elapsed Time: 5m 11s
********** 73 **********
Average Fitness: 0.2526666666666666
Maximum Fitness: 0.4833333333333334
Average Pen Distance: 0.5111324939402369
Maximum Pen Distance: 0.6720282734224915
Average Dog Distance: 0.7905235826482013
Maximum Dog Distance: 0.8904533012178488
Average Sheep Distance: 0.2088275327429616
Maximum Sheep Distance: 0.3150964970868702
Elapsed Time: 5m 14s
********** 74 **********
Average Fitness: 0.256
Maximum Fitness: 0.5666666666666667
Average Pen Distance: 0.522284681839825
Maximum Pen Distance: 0.9098040511423905
Average Dog Distance: 0.7862213667146204
Maximum Dog Distance: 0.869613506278648
Average Sheep Distance: 0.21085699954527948
Maximum Sheep Distance: 0.4194712028934557
Elapsed Time: 5m 12s
********** 75 **********
Average Fitness: 0.2575
Maximum Fitness: 0.4166666666666667
Average Pen Distance: 0.5287959088206283
Maximum Pen Distance: 0.8124586066850851
Average Dog Distance: 0.7796493713195615
Maximum Dog Distance: 0.9017007094905866
Average Sheep Distance: 0.21266588043424428
Maximum Sheep Distance: 0.34233578492639344
Elapsed Time: 5m 10s
********** 76 **********
Average Fitness: 0.24466666666666664
Maximum Fitness: 0.45
Average Pen Distance: 0.5439037977301459
Maximum Pen Distance: 0.8395717541970503
Average Dog Distance: 0.7792838106523701
Maximum Dog Distance: 0.9159941947647727
Average Sheep Distance: 0.2082404325585394
Maximum Sheep Distance: 0.34623390887508915
Elapsed Time: 5m 19s
********** 77 **********
Average Fitness: 0.2566666666666666
Maximum Fitness: 0.46666666666666673
Average Pen Distance: 0.5437618564926484
Maximum Pen Distance: 0.7585333802211616
Average Dog Distance: 0.7788311921550861
Maximum Dog Distance: 0.8828869085943291
Average Sheep Distance: 0.2172147195019716
Maximum Sheep Distance: 0.33287647905892753
Elapsed Time: 5m 21s
********** 78 **********
Average Fitness: 0.25866666666666666
Maximum Fitness: 0.45
Average Pen Distance: 0.5183571372878943
Maximum Pen Distance: 0.8395141980064178
Average Dog Distance: 0.7816094108218162
Maximum Dog Distance: 0.8691185265426972
Average Sheep Distance: 0.21963073003274317
Maximum Sheep Distance: 0.40754712869076487
Elapsed Time: 5m 12s
********** 79 **********
Average Fitness: 0.2345
Maximum Fitness: 0.5
Average Pen Distance: 0.5199859670329926
Maximum Pen Distance: 0.8657557735175502
Average Dog Distance: 0.7819942929972548
Maximum Dog Distance: 0.8802059047808525
Average Sheep Distance: 0.22403925625336193
Maximum Sheep Distance: 0.3498785243062703
Elapsed Time: 5m 25s
********** 80 **********
Average Fitness: 0.2613333333333333
Maximum Fitness: 0.5
Average Pen Distance: 0.5223796137135456
Maximum Pen Distance: 0.7272939098768672
Average Dog Distance: 0.7845349488063278
Maximum Dog Distance: 0.8929830257146549
Average Sheep Distance: 0.21581460415943485
Maximum Sheep Distance: 0.3023426064103925
Elapsed Time: 5m 15s
********** 81 **********
Average Fitness: 0.26916666666666667
Maximum Fitness: 0.4666666666666666
Average Pen Distance: 0.5040900141066913
Maximum Pen Distance: 0.7301940409483559
Average Dog Distance: 0.7868727552368344
Maximum Dog Distance: 0.908367202932108
Average Sheep Distance: 0.2215015505929226
Maximum Sheep Distance: 0.40088850389702885
Elapsed Time: 5m 13s
********** 82 **********
Average Fitness: 0.262
Maximum Fitness: 0.5666666666666667
Average Pen Distance: 0.5187405167494873
Maximum Pen Distance: 0.7510442432480794
Average Dog Distance: 0.7746522781804753
Maximum Dog Distance: 0.8858747273473849
Average Sheep Distance: 0.22176768820447157
Maximum Sheep Distance: 0.3611420638898816
Elapsed Time: 5m 14s
********** 83 **********
Average Fitness: 0.2791666666666667
Maximum Fitness: 0.4666666666666666
Average Pen Distance: 0.531599863847681
Maximum Pen Distance: 0.7788111779339627
Average Dog Distance: 0.7815445689627524
Maximum Dog Distance: 0.8833611766839632
Average Sheep Distance: 0.22067083524856138
Maximum Sheep Distance: 0.32803127575082414
Elapsed Time: 5m 5s
********** 84 **********
Average Fitness: 0.268
Maximum Fitness: 0.5166666666666667
Average Pen Distance: 0.5631473825441404
Maximum Pen Distance: 0.8855107722470618
Average Dog Distance: 0.7816248984833123
Maximum Dog Distance: 0.8957520633067363
Average Sheep Distance: 0.21308417179576136
Maximum Sheep Distance: 0.3327377334297384
Elapsed Time: 5m 16s
********** 85 **********
Average Fitness: 0.265
Maximum Fitness: 0.4666666666666666
Average Pen Distance: 0.5474514564508514
Maximum Pen Distance: 0.7391900513105426
Average Dog Distance: 0.7804726300901963
Maximum Dog Distance: 0.8889157740404167
Average Sheep Distance: 0.20918519705599314
Maximum Sheep Distance: 0.31257438445537794
Elapsed Time: 5m 20s
********** 86 **********
Average Fitness: 0.2676666666666667
Maximum Fitness: 0.5666666666666667
Average Pen Distance: 0.5297238496182576
Maximum Pen Distance: 0.8434384843417253
Average Dog Distance: 0.7695587139459622
Maximum Dog Distance: 0.8718394358573134
Average Sheep Distance: 0.22518230749786505
Maximum Sheep Distance: 0.4016008385838865
Elapsed Time: 5m 19s
********** 87 **********
Average Fitness: 0.2733333333333333
Maximum Fitness: 0.5166666666666666
Average Pen Distance: 0.5470803116687256
Maximum Pen Distance: 0.9110586780331542
Average Dog Distance: 0.7761785101957294
Maximum Dog Distance: 0.8982401372057603
Average Sheep Distance: 0.22115350429896566
Maximum Sheep Distance: 0.309057579015655
Elapsed Time: 5m 12s
********** 88 **********
Average Fitness: 0.2720000000000001
Maximum Fitness: 0.4666666666666666
Average Pen Distance: 0.5268012124591732
Maximum Pen Distance: 0.859993750330004
Average Dog Distance: 0.7783349155901768
Maximum Dog Distance: 0.8717724955028467
Average Sheep Distance: 0.2205496578608746
Maximum Sheep Distance: 0.37619882068051175
Elapsed Time: 5m 20s
********** 89 **********
Average Fitness: 0.29433333333333334
Maximum Fitness: 0.5
Average Pen Distance: 0.5299632044970257
Maximum Pen Distance: 0.8114765728561394
Average Dog Distance: 0.787185199337949
Maximum Dog Distance: 0.8517297685608637
Average Sheep Distance: 0.2220125190828012
Maximum Sheep Distance: 0.33521760381945315
Elapsed Time: 5m 9s
********** 90 **********
Average Fitness: 0.27699999999999997
Maximum Fitness: 0.5166666666666667
Average Pen Distance: 0.5408801965283974
Maximum Pen Distance: 0.823328957112276
Average Dog Distance: 0.7783126419625691
Maximum Dog Distance: 0.8813403144845015
Average Sheep Distance: 0.2164000553383011
Maximum Sheep Distance: 0.3229028688232805
Elapsed Time: 5m 8s
********** 91 **********
Average Fitness: 0.2893333333333333
Maximum Fitness: 0.4666666666666666
Average Pen Distance: 0.5320163956215729
Maximum Pen Distance: 0.8147297129566207
Average Dog Distance: 0.7792203791060328
Maximum Dog Distance: 0.867678594715143
Average Sheep Distance: 0.21825331787999563
Maximum Sheep Distance: 0.30114555899945433
Elapsed Time: 5m 21s
********** 92 **********
Average Fitness: 0.3061666666666667
Maximum Fitness: 0.5333333333333333
Average Pen Distance: 0.5377210745639731
Maximum Pen Distance: 0.7944971022675108
Average Dog Distance: 0.7752926071611793
Maximum Dog Distance: 0.8872729499716198
Average Sheep Distance: 0.21578852301630286
Maximum Sheep Distance: 0.3320887143411761
Elapsed Time: 5m 3s
********** 93 **********
Average Fitness: 0.2645
Maximum Fitness: 0.45
Average Pen Distance: 0.5408430209938923
Maximum Pen Distance: 0.8262225123738305
Average Dog Distance: 0.7755062972920606
Maximum Dog Distance: 0.8728461078607017
Average Sheep Distance: 0.21309381479102066
Maximum Sheep Distance: 0.30690844952919266
Elapsed Time: 5m 12s
********** 94 **********
Average Fitness: 0.2815
Maximum Fitness: 0.4666666666666666
Average Pen Distance: 0.5298317127821335
Maximum Pen Distance: 0.7837474453404986
Average Dog Distance: 0.7756294857319063
Maximum Dog Distance: 0.8669583696735658
Average Sheep Distance: 0.21266981013087224
Maximum Sheep Distance: 0.30766767934517625
Elapsed Time: 5m 14s
********** 95 **********
Average Fitness: 0.29916666666666664
Maximum Fitness: 0.5
Average Pen Distance: 0.5350460678533432
Maximum Pen Distance: 0.7677116489304545
Average Dog Distance: 0.7724884966649723
Maximum Dog Distance: 0.8500686272733842
Average Sheep Distance: 0.2145969275267903
Maximum Sheep Distance: 0.30609327454677265
Elapsed Time: 5m 3s
********** 96 **********
Average Fitness: 0.297
Maximum Fitness: 0.46666666666666673
Average Pen Distance: 0.5329713501856227
Maximum Pen Distance: 0.6868293904199936
Average Dog Distance: 0.7827255770613755
Maximum Dog Distance: 0.8761492898087573
Average Sheep Distance: 0.21398766361558433
Maximum Sheep Distance: 0.3651308265649961
Elapsed Time: 5m 14s
********** 97 **********
Average Fitness: 0.28600000000000003
Maximum Fitness: 0.4833333333333334
Average Pen Distance: 0.5488975806736823
Maximum Pen Distance: 0.7580347032892684
Average Dog Distance: 0.7758523623672007
Maximum Dog Distance: 0.8550494447624087
Average Sheep Distance: 0.21211101365158685
Maximum Sheep Distance: 0.31524470669046334
Elapsed Time: 5m 13s
********** 98 **********
Average Fitness: 0.27449999999999997
Maximum Fitness: 0.5
Average Pen Distance: 0.5453533334678116
Maximum Pen Distance: 0.8549169040159955
Average Dog Distance: 0.7760105070052764
Maximum Dog Distance: 0.8386621294442703
Average Sheep Distance: 0.21055431294645782
Maximum Sheep Distance: 0.309932419228335
Elapsed Time: 5m 11s
********** 99 **********
Average Fitness: 0.2916666666666667
Maximum Fitness: 0.5166666666666667
Average Pen Distance: 0.547386990652538
Maximum Pen Distance: 0.7520131164062335
Average Dog Distance: 0.7732765424910819
Maximum Dog Distance: 0.8484099550441742
Average Sheep Distance: 0.20440370813007813
Maximum Sheep Distance: 0.3540078955026309
Elapsed Time: 5m 16s
********** 100 **********
Average Fitness: 0.2903333333333334
Maximum Fitness: 0.55
Average Pen Distance: 0.5351114481381071
Maximum Pen Distance: 0.8011412949057198
Average Dog Distance: 0.7771944224692869
Maximum Dog Distance: 0.8846003973489752
Average Sheep Distance: 0.20975884030085423
Maximum Sheep Distance: 0.3432947281816989
Elapsed Time: 5m 11s
********** 99 **********
Average Fitness: 0.3743333333333333
Maximum Fitness: 0.6333333333333333
Average Pen Distance: 0.43451050100407484
Maximum Pen Distance: 0.6828563592517596
Average Dog Distance: 0.6870648413848501
Maximum Dog Distance: 0.7606688290294769
Average Sheep Distance: 0.2929825438514153
Maximum Sheep Distance: 0.3935242990330215
Elapsed Time: 4m 40s
********** 100 **********
Average Fitness: 0.3826666666666667
Maximum Fitness: 0.6666666666666666
Average Pen Distance: 0.41970620703881123
Maximum Pen Distance: 0.7252181706323881
Average Dog Distance: 0.6866704443798143
Maximum Dog Distance: 0.7590402485969227
Average Sheep Distance: 0.29259157393506985
Maximum Sheep Distance: 0.39398851642387606
Elapsed Time: 4m 37s
