nproc is 1
cnode0490.cm.cluster
********** 92 **********
Average Fitness: 0.13733333333333334
Maximum Fitness: 0.3333333333333333
Average Pen Distance: 0.3183710467377212
Maximum Pen Distance: 0.6961318974693246
Average Dog Distance: 0.6245863006511416
Maximum Dog Distance: 0.7798412583717186
Average Sheep Distance: 0.3118681258831202
Maximum Sheep Distance: 0.4404029580459881
Elapsed Time: 5m 36s
********** 93 **********
Average Fitness: 0.13699999999999998
Maximum Fitness: 0.4000000000000001
Average Pen Distance: 0.3137616020500251
Maximum Pen Distance: 0.6937839435999598
Average Dog Distance: 0.6258582073732597
Maximum Dog Distance: 0.7550875658834199
Average Sheep Distance: 0.31590440820969046
Maximum Sheep Distance: 0.3939529907754646
Elapsed Time: 6m 5s
********** 94 **********
Average Fitness: 0.143
Maximum Fitness: 0.39999999999999997
Average Pen Distance: 0.3057833834204112
Maximum Pen Distance: 0.5459744078680111
Average Dog Distance: 0.6254162435520915
Maximum Dog Distance: 0.7606632985660563
Average Sheep Distance: 0.31566540103287577
Maximum Sheep Distance: 0.43970987128364175
Elapsed Time: 5m 24s
********** 95 **********
Average Fitness: 0.13899999999999998
Maximum Fitness: 0.3333333333333333
Average Pen Distance: 0.3187946696334346
Maximum Pen Distance: 0.6098720952521672
Average Dog Distance: 0.6250815080580532
Maximum Dog Distance: 0.7869382918846458
Average Sheep Distance: 0.3196011617682161
Maximum Sheep Distance: 0.41491190518755455
Elapsed Time: 5m 52s
********** 96 **********
Average Fitness: 0.158
Maximum Fitness: 0.3666666666666667
Average Pen Distance: 0.3107810582503767
Maximum Pen Distance: 0.5387149140156874
Average Dog Distance: 0.6202035367314498
Maximum Dog Distance: 0.8170247779612149
Average Sheep Distance: 0.3130004111458404
Maximum Sheep Distance: 0.43136220560380484
Elapsed Time: 5m 31s
********** 97 **********
Average Fitness: 0.14133333333333334
Maximum Fitness: 0.3333333333333333
Average Pen Distance: 0.32331752718729584
Maximum Pen Distance: 0.5851636132127952
Average Dog Distance: 0.630313032560892
Maximum Dog Distance: 0.7768641535519135
Average Sheep Distance: 0.31949368148217044
Maximum Sheep Distance: 0.4165516645155787
Elapsed Time: 5m 33s
********** 98 **********
Average Fitness: 0.17133333333333337
Maximum Fitness: 0.4333333333333333
Average Pen Distance: 0.3283048148063347
Maximum Pen Distance: 0.6840006583390291
Average Dog Distance: 0.6240127063143048
Maximum Dog Distance: 0.7745864936400367
Average Sheep Distance: 0.32107664399656016
Maximum Sheep Distance: 0.38148380214923655
Elapsed Time: 5m 44s
********** 99 **********
Average Fitness: 0.1403333333333333
Maximum Fitness: 0.3666666666666667
Average Pen Distance: 0.3231512525183585
Maximum Pen Distance: 0.5909226569675415
Average Dog Distance: 0.6250374806469481
Maximum Dog Distance: 0.7682598856761284
Average Sheep Distance: 0.31814298699948734
Maximum Sheep Distance: 0.39174817479577473
Elapsed Time: 5m 51s
********** 100 **********
Average Fitness: 0.15766666666666665
Maximum Fitness: 0.4666666666666666
Average Pen Distance: 0.32526694001033
Maximum Pen Distance: 0.5667005623253575
Average Dog Distance: 0.6321633002945509
Maximum Dog Distance: 0.7484818222526082
Average Sheep Distance: 0.31768325423982824
Maximum Sheep Distance: 0.38978092543982684
Elapsed Time: 5m 33s
