nproc is 1
cnode0389.cm.cluster
********** 83 **********
Average Fitness: 0.12166666666666665
Maximum Fitness: 0.4000000000000001
Average Pen Distance: 0.43841427820822715
Maximum Pen Distance: 0.6286791201785121
Average Dog Distance: 0.6084955831628416
Maximum Dog Distance: 0.7479695565923112
Average Sheep Distance: 0.27955110849233156
Maximum Sheep Distance: 0.387119556407776
Elapsed Time: 4m 5s
********** 84 **********
Average Fitness: 0.128
Maximum Fitness: 0.43333333333333335
Average Pen Distance: 0.43901764340432353
Maximum Pen Distance: 0.6345326266278536
Average Dog Distance: 0.6037988346268486
Maximum Dog Distance: 0.7312862404124494
Average Sheep Distance: 0.2805840404691374
Maximum Sheep Distance: 0.4012221604604744
Elapsed Time: 4m 20s
********** 85 **********
Average Fitness: 0.132
Maximum Fitness: 0.39999999999999997
Average Pen Distance: 0.43485667017679747
Maximum Pen Distance: 0.6259095018400206
Average Dog Distance: 0.6069867213240431
Maximum Dog Distance: 0.7207902817344397
Average Sheep Distance: 0.28156838358983216
Maximum Sheep Distance: 0.38188176432530563
Elapsed Time: 4m 22s
********** 86 **********
Average Fitness: 0.12466666666666665
Maximum Fitness: 0.43333333333333335
Average Pen Distance: 0.43625616767934905
Maximum Pen Distance: 0.6693882135286054
Average Dog Distance: 0.6042861891638627
Maximum Dog Distance: 0.7548585287616535
Average Sheep Distance: 0.2877751952376269
Maximum Sheep Distance: 0.40130907652259223
Elapsed Time: 3m 49s
********** 87 **********
Average Fitness: 0.12933333333333333
Maximum Fitness: 0.39999999999999997
Average Pen Distance: 0.4462291916013879
Maximum Pen Distance: 0.615798428290126
Average Dog Distance: 0.6144462444550426
Maximum Dog Distance: 0.7654145952559738
Average Sheep Distance: 0.2870464209209988
Maximum Sheep Distance: 0.38859331231479777
Elapsed Time: 3m 43s
********** 88 **********
Average Fitness: 0.11033333333333334
Maximum Fitness: 0.3666666666666667
Average Pen Distance: 0.4545245132347661
Maximum Pen Distance: 0.6465219874413356
Average Dog Distance: 0.6112521415471168
Maximum Dog Distance: 0.7332489762911001
Average Sheep Distance: 0.2855796521450559
Maximum Sheep Distance: 0.3718105050090106
Elapsed Time: 3m 51s
********** 89 **********
Average Fitness: 0.11066666666666666
Maximum Fitness: 0.43333333333333335
Average Pen Distance: 0.45343477851410424
Maximum Pen Distance: 0.6097675331008698
Average Dog Distance: 0.6128445470953503
Maximum Dog Distance: 0.7677893534988419
Average Sheep Distance: 0.2838504871114012
Maximum Sheep Distance: 0.4075886526062493
Elapsed Time: 3m 56s
********** 90 **********
Average Fitness: 0.12466666666666666
Maximum Fitness: 0.4666666666666666
Average Pen Distance: 0.46160129349586326
Maximum Pen Distance: 0.675983273655568
Average Dog Distance: 0.6146412248170707
Maximum Dog Distance: 0.7989204407916306
Average Sheep Distance: 0.288895564149515
Maximum Sheep Distance: 0.37662105515937877
Elapsed Time: 3m 31s
********** 91 **********
Average Fitness: 0.11333333333333333
Maximum Fitness: 0.46666666666666673
Average Pen Distance: 0.4621673927404337
Maximum Pen Distance: 0.6969785313148625
Average Dog Distance: 0.6146649457511719
Maximum Dog Distance: 0.748518871817231
Average Sheep Distance: 0.2848688028683685
Maximum Sheep Distance: 0.3773927596491709
Elapsed Time: 3m 56s
********** 92 **********
Average Fitness: 0.12566666666666665
Maximum Fitness: 0.5
Average Pen Distance: 0.46666475372613314
Maximum Pen Distance: 0.6760993553543374
Average Dog Distance: 0.6115002580845377
Maximum Dog Distance: 0.742898286316603
Average Sheep Distance: 0.29321342292456687
Maximum Sheep Distance: 0.3791760136127105
Elapsed Time: 3m 45s
********** 93 **********
Average Fitness: 0.11400000000000002
Maximum Fitness: 0.3666666666666667
Average Pen Distance: 0.47343429071641246
Maximum Pen Distance: 0.6871405586805212
Average Dog Distance: 0.6192087685690769
Maximum Dog Distance: 0.7447681353969067
Average Sheep Distance: 0.28792783739144506
Maximum Sheep Distance: 0.36380395115642544
Elapsed Time: 3m 47s
********** 94 **********
Average Fitness: 0.11733333333333333
Maximum Fitness: 0.4666666666666666
Average Pen Distance: 0.4604491436831834
Maximum Pen Distance: 0.6977903098127379
Average Dog Distance: 0.6180989141579761
Maximum Dog Distance: 0.7196989552791547
Average Sheep Distance: 0.2808429661943368
Maximum Sheep Distance: 0.3882595947842527
Elapsed Time: 4m 12s
********** 95 **********
Average Fitness: 0.10799999999999998
Maximum Fitness: 0.43333333333333335
Average Pen Distance: 0.48241106612107143
Maximum Pen Distance: 0.8294425006906359
Average Dog Distance: 0.6232215314939358
Maximum Dog Distance: 0.7567409622660843
Average Sheep Distance: 0.2762051212659481
Maximum Sheep Distance: 0.37800665682024137
Elapsed Time: 3m 55s
********** 96 **********
Average Fitness: 0.121
Maximum Fitness: 0.5
Average Pen Distance: 0.4710479476791836
Maximum Pen Distance: 0.7070290014440545
Average Dog Distance: 0.6174285451454342
Maximum Dog Distance: 0.7597000790678875
Average Sheep Distance: 0.2828532847675126
Maximum Sheep Distance: 0.35867176968753806
Elapsed Time: 3m 45s
********** 97 **********
Average Fitness: 0.11200000000000002
Maximum Fitness: 0.39999999999999997
Average Pen Distance: 0.4746943076276234
Maximum Pen Distance: 0.6194829830948791
Average Dog Distance: 0.6251177314801167
Maximum Dog Distance: 0.798334285146958
Average Sheep Distance: 0.2797233721859795
Maximum Sheep Distance: 0.3862763319511187
Elapsed Time: 3m 52s
********** 98 **********
Average Fitness: 0.11633333333333332
Maximum Fitness: 0.5
Average Pen Distance: 0.47336819463892366
Maximum Pen Distance: 0.6796658691912488
Average Dog Distance: 0.625101885892769
Maximum Dog Distance: 0.8020530442869779
Average Sheep Distance: 0.28584602866602565
Maximum Sheep Distance: 0.3743735519432887
Elapsed Time: 3m 47s
********** 99 **********
Average Fitness: 0.12166666666666666
Maximum Fitness: 0.4000000000000001
Average Pen Distance: 0.48205188061458343
Maximum Pen Distance: 0.6623030977781802
Average Dog Distance: 0.6185287974090038
Maximum Dog Distance: 0.7604328209742559
Average Sheep Distance: 0.28113886447878966
Maximum Sheep Distance: 0.3891972638938484
Elapsed Time: 3m 56s
********** 100 **********
Average Fitness: 0.121
Maximum Fitness: 0.43333333333333335
Average Pen Distance: 0.49351454000145223
Maximum Pen Distance: 0.6519919566471063
Average Dog Distance: 0.6363742294429486
Maximum Dog Distance: 0.7532879744521578
Average Sheep Distance: 0.284074016787781
Maximum Sheep Distance: 0.39006793938538514
Elapsed Time: 4m 6s
********** 1 **********
Average Fitness: 0.033999999999999996
Maximum Fitness: 0.16666666666666666
Average Pen Distance: 0.5422056621950069
Maximum Pen Distance: 0.7213694792343778
Average Dog Distance: 0.6294021641074962
Maximum Dog Distance: 0.7814327942864981
Average Sheep Distance: 0.31930863095606976
Maximum Sheep Distance: 0.41137340914413195
Elapsed Time: 4m 7s
********** 2 **********
Average Fitness: 0.03266666666666667
Maximum Fitness: 0.19999999999999998
Average Pen Distance: 0.5344175468454199
Maximum Pen Distance: 0.7167091889401812
Average Dog Distance: 0.6369222078877513
Maximum Dog Distance: 0.8077974970320362
Average Sheep Distance: 0.32044782073864797
Maximum Sheep Distance: 0.417156493916021
Elapsed Time: 4m 8s
********** 3 **********
Average Fitness: 0.038
Maximum Fitness: 0.20000000000000004
Average Pen Distance: 0.5289494931456546
Maximum Pen Distance: 0.7233033766495826
Average Dog Distance: 0.6295950562802649
Maximum Dog Distance: 0.7956417868736226
Average Sheep Distance: 0.31756012439962505
Maximum Sheep Distance: 0.3935328215928151
Elapsed Time: 4m 18s
********** 4 **********
Average Fitness: 0.04
Maximum Fitness: 0.2333333333333333
Average Pen Distance: 0.5335377983166188
Maximum Pen Distance: 0.7274296964726675
Average Dog Distance: 0.6389076934277975
Maximum Dog Distance: 0.807977005736143
Average Sheep Distance: 0.3126734932417824
Maximum Sheep Distance: 0.4210226713769552
Elapsed Time: 3m 58s
********** 5 **********
Average Fitness: 0.03133333333333333
Maximum Fitness: 0.16666666666666666
Average Pen Distance: 0.5333652506262689
Maximum Pen Distance: 0.7545597141054611
Average Dog Distance: 0.6308047676106209
Maximum Dog Distance: 0.7734921306300809
Average Sheep Distance: 0.3167322994550021
Maximum Sheep Distance: 0.43246031727097006
Elapsed Time: 4m 5s
********** 6 **********
Average Fitness: 0.03900000000000001
Maximum Fitness: 0.23333333333333336
Average Pen Distance: 0.519756383505835
Maximum Pen Distance: 0.7093777964688414
Average Dog Distance: 0.6312042141029265
Maximum Dog Distance: 0.7938434504569057
Average Sheep Distance: 0.3102986493621323
Maximum Sheep Distance: 0.38164528180921037
Elapsed Time: 3m 56s
********** 7 **********
Average Fitness: 0.03533333333333333
Maximum Fitness: 0.2333333333333333
Average Pen Distance: 0.5437845890748267
Maximum Pen Distance: 0.7590539988218667
Average Dog Distance: 0.6333083776245438
Maximum Dog Distance: 0.7739275851856178
Average Sheep Distance: 0.314955728107983
Maximum Sheep Distance: 0.3991131142157706
Elapsed Time: 4m 5s
********** 8 **********
Average Fitness: 0.03666666666666666
Maximum Fitness: 0.2333333333333333
Average Pen Distance: 0.547398633916758
Maximum Pen Distance: 0.7461342509225067
Average Dog Distance: 0.6462817489416097
Maximum Dog Distance: 0.8104352367049096
Average Sheep Distance: 0.3156940002649495
Maximum Sheep Distance: 0.4354157600272475
Elapsed Time: 3m 51s
********** 9 **********
Average Fitness: 0.03866666666666667
Maximum Fitness: 0.20000000000000004
Average Pen Distance: 0.5340262588218831
Maximum Pen Distance: 0.7160967221074012
Average Dog Distance: 0.6417324949837419
Maximum Dog Distance: 0.7925132299123314
Average Sheep Distance: 0.3088331043784343
Maximum Sheep Distance: 0.4085785772347368
Elapsed Time: 4m 27s
********** 10 **********
Average Fitness: 0.036000000000000004
Maximum Fitness: 0.20000000000000004
Average Pen Distance: 0.5343043853342911
Maximum Pen Distance: 0.7928187035271378
Average Dog Distance: 0.6457049077029895
Maximum Dog Distance: 0.8049724943055439
Average Sheep Distance: 0.31388117652155256
Maximum Sheep Distance: 0.42311923260193457
Elapsed Time: 4m 13s
********** 11 **********
Average Fitness: 0.03366666666666667
Maximum Fitness: 0.2333333333333333
Average Pen Distance: 0.5398463800139551
Maximum Pen Distance: 0.7240926771156708
Average Dog Distance: 0.6424515438083382
Maximum Dog Distance: 0.7919402783817618
Average Sheep Distance: 0.31661622086344765
Maximum Sheep Distance: 0.4257573221156525
Elapsed Time: 4m 10s
********** 12 **********
Average Fitness: 0.039999999999999994
Maximum Fitness: 0.30000000000000004
Average Pen Distance: 0.5293370541758888
Maximum Pen Distance: 0.7100067402191771
Average Dog Distance: 0.6260121985040213
Maximum Dog Distance: 0.8212719069726551
Average Sheep Distance: 0.31359127301916045
Maximum Sheep Distance: 0.40805941747200025
Elapsed Time: 4m 30s
********** 13 **********
Average Fitness: 0.038
Maximum Fitness: 0.3
Average Pen Distance: 0.542538705836434
Maximum Pen Distance: 0.8183645570257485
Average Dog Distance: 0.6366785479637108
Maximum Dog Distance: 0.8530950737951387
Average Sheep Distance: 0.3215849910389396
Maximum Sheep Distance: 0.41920832069725766
Elapsed Time: 4m 22s
********** 14 **********
Average Fitness: 0.044333333333333336
Maximum Fitness: 0.2333333333333333
Average Pen Distance: 0.5452860297530255
Maximum Pen Distance: 0.7650906732824398
Average Dog Distance: 0.6338434086909855
Maximum Dog Distance: 0.7965211726934228
Average Sheep Distance: 0.3154241728340272
Maximum Sheep Distance: 0.4054030410825283
Elapsed Time: 4m 7s
********** 15 **********
Average Fitness: 0.03733333333333333
Maximum Fitness: 0.16666666666666666
Average Pen Distance: 0.5373933210211479
Maximum Pen Distance: 0.743945540007812
Average Dog Distance: 0.6314735680821965
Maximum Dog Distance: 0.7950807949995653
Average Sheep Distance: 0.3110242895870674
Maximum Sheep Distance: 0.40970748505121474
Elapsed Time: 4m 13s
********** 16 **********
Average Fitness: 0.03933333333333334
Maximum Fitness: 0.39999999999999997
Average Pen Distance: 0.5493935318082742
Maximum Pen Distance: 0.7657778677461627
Average Dog Distance: 0.6230401814462702
Maximum Dog Distance: 0.7565287939946215
Average Sheep Distance: 0.3193263103504325
Maximum Sheep Distance: 0.4034543454398853
Elapsed Time: 4m 14s
********** 17 **********
Average Fitness: 0.044000000000000004
Maximum Fitness: 0.26666666666666666
Average Pen Distance: 0.5472379747141813
Maximum Pen Distance: 0.7760539087209722
Average Dog Distance: 0.6245198902120199
Maximum Dog Distance: 0.8048670601628736
Average Sheep Distance: 0.3148047877945572
Maximum Sheep Distance: 0.43563861271486787
Elapsed Time: 4m 37s
********** 18 **********
Average Fitness: 0.040999999999999995
Maximum Fitness: 0.2333333333333333
Average Pen Distance: 0.5462528037171347
Maximum Pen Distance: 0.7670699984049293
Average Dog Distance: 0.6195712600321402
Maximum Dog Distance: 0.7865670104770306
Average Sheep Distance: 0.3189095708573484
Maximum Sheep Distance: 0.396966000111195
Elapsed Time: 4m 12s
********** 19 **********
Average Fitness: 0.035333333333333335
Maximum Fitness: 0.23333333333333336
Average Pen Distance: 0.5373290612030454
Maximum Pen Distance: 0.7509195675037833
Average Dog Distance: 0.631084694127413
Maximum Dog Distance: 0.827996007808027
Average Sheep Distance: 0.31297447496677633
Maximum Sheep Distance: 0.45246815620697234
Elapsed Time: 4m 42s
********** 20 **********
Average Fitness: 0.04666666666666667
Maximum Fitness: 0.3666666666666667
Average Pen Distance: 0.5218532584244701
Maximum Pen Distance: 0.7949764868458185
Average Dog Distance: 0.6160842242807179
Maximum Dog Distance: 0.770691985273149
Average Sheep Distance: 0.3170350812402326
Maximum Sheep Distance: 0.43526134494718866
Elapsed Time: 4m 38s
********** 21 **********
Average Fitness: 0.04633333333333333
Maximum Fitness: 0.39999999999999997
Average Pen Distance: 0.5166288006819858
Maximum Pen Distance: 0.8410505480860269
Average Dog Distance: 0.6250540078166251
Maximum Dog Distance: 0.7713382442947697
Average Sheep Distance: 0.3161788910943364
Maximum Sheep Distance: 0.42931902209189454
Elapsed Time: 4m 14s
********** 22 **********
Average Fitness: 0.046000000000000006
Maximum Fitness: 0.23333333333333336
Average Pen Distance: 0.5183422764641283
Maximum Pen Distance: 0.7631010415223839
Average Dog Distance: 0.62694069879824
Maximum Dog Distance: 0.7753846378232371
Average Sheep Distance: 0.31600968006815927
Maximum Sheep Distance: 0.4301979511044727
Elapsed Time: 4m 6s
********** 23 **********
Average Fitness: 0.05
Maximum Fitness: 0.20000000000000004
Average Pen Distance: 0.5076458200741487
Maximum Pen Distance: 0.7053476965374198
Average Dog Distance: 0.6112922327980926
Maximum Dog Distance: 0.7464984514001797
Average Sheep Distance: 0.3125455222429894
Maximum Sheep Distance: 0.41333862021727
Elapsed Time: 4m 11s
********** 24 **********
Average Fitness: 0.045
Maximum Fitness: 0.3333333333333333
Average Pen Distance: 0.5325445196801791
Maximum Pen Distance: 0.7280918227872796
Average Dog Distance: 0.6166004484297125
Maximum Dog Distance: 0.7967224703357103
Average Sheep Distance: 0.31084953183500774
Maximum Sheep Distance: 0.4131977612130069
Elapsed Time: 4m 8s
********** 25 **********
Average Fitness: 0.04833333333333333
Maximum Fitness: 0.30000000000000004
Average Pen Distance: 0.5151460363664073
Maximum Pen Distance: 0.7597295893176609
Average Dog Distance: 0.621773557316891
Maximum Dog Distance: 0.7567381242432969
Average Sheep Distance: 0.3090671992834265
Maximum Sheep Distance: 0.42982818858626853
Elapsed Time: 4m 29s
********** 26 **********
Average Fitness: 0.047333333333333324
Maximum Fitness: 0.2333333333333333
Average Pen Distance: 0.505990893620573
Maximum Pen Distance: 0.7820760723719086
Average Dog Distance: 0.6321907493578274
Maximum Dog Distance: 0.7856410990676569
Average Sheep Distance: 0.3111757658999857
Maximum Sheep Distance: 0.407551164291213
Elapsed Time: 4m 4s
********** 27 **********
Average Fitness: 0.05166666666666666
Maximum Fitness: 0.26666666666666666
Average Pen Distance: 0.5057282632807262
Maximum Pen Distance: 0.702355265926661
Average Dog Distance: 0.6219783283055309
Maximum Dog Distance: 0.7700095583797185
Average Sheep Distance: 0.3076408260107826
Maximum Sheep Distance: 0.48632024129192625
Elapsed Time: 4m 3s
********** 28 **********
Average Fitness: 0.059
Maximum Fitness: 0.30000000000000004
Average Pen Distance: 0.4765954030307003
Maximum Pen Distance: 0.644217990171274
Average Dog Distance: 0.6253747622404738
Maximum Dog Distance: 0.7611008807173155
Average Sheep Distance: 0.3022377078277289
Maximum Sheep Distance: 0.4018223695036974
Elapsed Time: 4m 3s
********** 29 **********
Average Fitness: 0.056999999999999995
Maximum Fitness: 0.39999999999999997
Average Pen Distance: 0.47765807427408624
Maximum Pen Distance: 0.7104445462629357
Average Dog Distance: 0.6203781001749228
Maximum Dog Distance: 0.7339425573972553
Average Sheep Distance: 0.30378537561611324
Maximum Sheep Distance: 0.3764317445265943
Elapsed Time: 3m 42s
********** 30 **********
Average Fitness: 0.06866666666666667
Maximum Fitness: 0.3333333333333333
Average Pen Distance: 0.47232156559421745
Maximum Pen Distance: 0.7898641028637797
Average Dog Distance: 0.6247173894146295
Maximum Dog Distance: 0.7973428023410412
Average Sheep Distance: 0.30807008695225924
Maximum Sheep Distance: 0.39357815071570695
Elapsed Time: 4m 8s
********** 31 **********
Average Fitness: 0.07266666666666667
Maximum Fitness: 0.26666666666666666
Average Pen Distance: 0.45984782350944764
Maximum Pen Distance: 0.6227404229544972
Average Dog Distance: 0.622500036646514
Maximum Dog Distance: 0.7656154548183344
Average Sheep Distance: 0.30654869352601927
Maximum Sheep Distance: 0.4086720030658386
Elapsed Time: 3m 36s
********** 32 **********
Average Fitness: 0.065
Maximum Fitness: 0.3333333333333333
Average Pen Distance: 0.4606950687728197
Maximum Pen Distance: 0.6321417824881861
Average Dog Distance: 0.6297916462654093
Maximum Dog Distance: 0.749542758995215
Average Sheep Distance: 0.2984667920378848
Maximum Sheep Distance: 0.415640609255497
Elapsed Time: 3m 30s
********** 33 **********
Average Fitness: 0.066
Maximum Fitness: 0.3666666666666667
Average Pen Distance: 0.4665274151856152
Maximum Pen Distance: 0.6134624078468445
Average Dog Distance: 0.6356308459072154
Maximum Dog Distance: 0.8092615458382073
Average Sheep Distance: 0.30052746549647547
Maximum Sheep Distance: 0.37562241284209946
Elapsed Time: 3m 33s
********** 34 **********
Average Fitness: 0.06433333333333333
Maximum Fitness: 0.39999999999999997
Average Pen Distance: 0.47279404107333955
Maximum Pen Distance: 0.665513103179157
Average Dog Distance: 0.6182400312361017
Maximum Dog Distance: 0.7442377481274542
Average Sheep Distance: 0.3049295574134717
Maximum Sheep Distance: 0.3918911970693563
Elapsed Time: 3m 36s
********** 35 **********
Average Fitness: 0.06466666666666666
Maximum Fitness: 0.3333333333333333
Average Pen Distance: 0.46717430394098725
Maximum Pen Distance: 0.6314128087732404
Average Dog Distance: 0.6129525727775451
Maximum Dog Distance: 0.7557024961980087
Average Sheep Distance: 0.3025306063807308
Maximum Sheep Distance: 0.4017070025485315
Elapsed Time: 3m 24s
********** 36 **********
Average Fitness: 0.06566666666666666
Maximum Fitness: 0.3
Average Pen Distance: 0.47472494916067143
Maximum Pen Distance: 0.6370977437240946
Average Dog Distance: 0.6170580149397957
Maximum Dog Distance: 0.7775346493205625
Average Sheep Distance: 0.3070174143948358
Maximum Sheep Distance: 0.40055476624897607
Elapsed Time: 3m 55s
********** 37 **********
Average Fitness: 0.06499999999999999
Maximum Fitness: 0.39999999999999997
Average Pen Distance: 0.474437753681038
Maximum Pen Distance: 0.6528839869071716
Average Dog Distance: 0.6282539407530262
Maximum Dog Distance: 0.7854030103579052
Average Sheep Distance: 0.2956693582708516
Maximum Sheep Distance: 0.3973643670376727
Elapsed Time: 3m 50s
********** 38 **********
Average Fitness: 0.067
Maximum Fitness: 0.4000000000000001
Average Pen Distance: 0.47277194264316785
Maximum Pen Distance: 0.6588361618682633
Average Dog Distance: 0.630048340317504
Maximum Dog Distance: 0.7471783337719936
Average Sheep Distance: 0.2999923766488471
Maximum Sheep Distance: 0.44087362061006835
Elapsed Time: 3m 20s
********** 39 **********
Average Fitness: 0.06699999999999999
Maximum Fitness: 0.3333333333333333
Average Pen Distance: 0.4788468756097001
Maximum Pen Distance: 0.6694330785318398
Average Dog Distance: 0.625259923560715
Maximum Dog Distance: 0.8021129445160488
Average Sheep Distance: 0.3038678381844976
Maximum Sheep Distance: 0.39429770019206417
Elapsed Time: 3m 32s
********** 40 **********
Average Fitness: 0.07933333333333334
Maximum Fitness: 0.3666666666666667
Average Pen Distance: 0.48028445243426326
Maximum Pen Distance: 0.6791678675234761
Average Dog Distance: 0.6271637358608381
Maximum Dog Distance: 0.7673803613806608
Average Sheep Distance: 0.3012798508936413
Maximum Sheep Distance: 0.40956627752127767
Elapsed Time: 3m 27s
********** 41 **********
Average Fitness: 0.07
Maximum Fitness: 0.3
Average Pen Distance: 0.488998406381055
Maximum Pen Distance: 0.6595784441751752
Average Dog Distance: 0.6296814835527754
Maximum Dog Distance: 0.7822565144336983
Average Sheep Distance: 0.2949006237505653
Maximum Sheep Distance: 0.4018090152040548
Elapsed Time: 3m 41s
********** 42 **********
Average Fitness: 0.08199999999999999
Maximum Fitness: 0.43333333333333335
Average Pen Distance: 0.4942618784974681
Maximum Pen Distance: 0.6602914598338819
Average Dog Distance: 0.6404387931311837
Maximum Dog Distance: 0.7478726280388184
Average Sheep Distance: 0.30093843405893117
Maximum Sheep Distance: 0.3712255300366521
Elapsed Time: 3m 38s
********** 43 **********
Average Fitness: 0.07566666666666667
Maximum Fitness: 0.43333333333333335
Average Pen Distance: 0.4950016673168559
Maximum Pen Distance: 0.6585318744898482
Average Dog Distance: 0.6460639207003409
Maximum Dog Distance: 0.7828862156021582
Average Sheep Distance: 0.3046403874497253
Maximum Sheep Distance: 0.40694938786593676
Elapsed Time: 3m 44s
********** 44 **********
Average Fitness: 0.08233333333333333
Maximum Fitness: 0.4000000000000001
Average Pen Distance: 0.4774561688241345
Maximum Pen Distance: 0.6642471761133044
Average Dog Distance: 0.6244071989232737
Maximum Dog Distance: 0.776521746894129
Average Sheep Distance: 0.29963128808187206
Maximum Sheep Distance: 0.40999482673056437
Elapsed Time: 3m 42s
********** 45 **********
Average Fitness: 0.07600000000000001
Maximum Fitness: 0.3666666666666667
Average Pen Distance: 0.47989420226275514
Maximum Pen Distance: 0.6489688797864358
Average Dog Distance: 0.6188328623314646
Maximum Dog Distance: 0.7649797956961008
Average Sheep Distance: 0.2985069392784618
Maximum Sheep Distance: 0.35970739784672956
Elapsed Time: 3m 20s
********** 46 **********
Average Fitness: 0.067
Maximum Fitness: 0.36666666666666664
Average Pen Distance: 0.4779080301286375
Maximum Pen Distance: 0.6423717649219213
Average Dog Distance: 0.6192346744985894
Maximum Dog Distance: 0.7846311885970708
Average Sheep Distance: 0.2968238414630736
Maximum Sheep Distance: 0.37477102152643843
Elapsed Time: 3m 58s
********** 47 **********
Average Fitness: 0.07766666666666666
Maximum Fitness: 0.39999999999999997
Average Pen Distance: 0.4771031454238807
Maximum Pen Distance: 0.632804117366205
Average Dog Distance: 0.6251506258680615
Maximum Dog Distance: 0.7721902451879702
Average Sheep Distance: 0.29937600673770204
Maximum Sheep Distance: 0.3827852830765268
Elapsed Time: 3m 21s
********** 48 **********
Average Fitness: 0.07766666666666666
Maximum Fitness: 0.3666666666666667
Average Pen Distance: 0.48754780340816545
Maximum Pen Distance: 0.9118604652051071
Average Dog Distance: 0.613054209071684
Maximum Dog Distance: 0.7678759364206269
Average Sheep Distance: 0.28985673872474843
Maximum Sheep Distance: 0.3848276017526578
Elapsed Time: 3m 24s
********** 49 **********
Average Fitness: 0.07666666666666667
Maximum Fitness: 0.3666666666666667
Average Pen Distance: 0.4732387920521828
Maximum Pen Distance: 0.6634791595478156
Average Dog Distance: 0.6093734828793034
Maximum Dog Distance: 0.7833380305562029
Average Sheep Distance: 0.2980995013100214
Maximum Sheep Distance: 0.38381967564833236
Elapsed Time: 3m 41s
********** 50 **********
Average Fitness: 0.078
Maximum Fitness: 0.3333333333333333
Average Pen Distance: 0.4804255094647184
Maximum Pen Distance: 0.6993429479229878
Average Dog Distance: 0.608326750103259
Maximum Dog Distance: 0.7758834999097822
Average Sheep Distance: 0.30220646795498146
Maximum Sheep Distance: 0.4348827915489344
Elapsed Time: 3m 36s
********** 51 **********
Average Fitness: 0.08233333333333333
Maximum Fitness: 0.43333333333333335
Average Pen Distance: 0.46124775407301827
Maximum Pen Distance: 0.655178512360043
Average Dog Distance: 0.6106992151318318
Maximum Dog Distance: 0.7827139930737589
Average Sheep Distance: 0.2948430338559275
Maximum Sheep Distance: 0.3969263519074304
Elapsed Time: 3m 33s
********** 52 **********
Average Fitness: 0.07833333333333332
Maximum Fitness: 0.43333333333333335
Average Pen Distance: 0.4728438754084042
Maximum Pen Distance: 0.6376072856279774
Average Dog Distance: 0.6180491109998242
Maximum Dog Distance: 0.7757617659848824
Average Sheep Distance: 0.29623725218558644
Maximum Sheep Distance: 0.39772982955846653
Elapsed Time: 3m 30s
********** 53 **********
Average Fitness: 0.083
Maximum Fitness: 0.3333333333333333
Average Pen Distance: 0.4559041131180245
Maximum Pen Distance: 0.6218809491924414
Average Dog Distance: 0.5966714774998365
Maximum Dog Distance: 0.7408942576983364
Average Sheep Distance: 0.2955499727174751
Maximum Sheep Distance: 0.37795853983294087
Elapsed Time: 3m 38s
********** 54 **********
Average Fitness: 0.09299999999999999
Maximum Fitness: 0.3666666666666667
Average Pen Distance: 0.4724799220530311
Maximum Pen Distance: 0.6459981888077854
Average Dog Distance: 0.6111610325187007
Maximum Dog Distance: 0.7583457659457205
Average Sheep Distance: 0.29533969033034074
Maximum Sheep Distance: 0.38935600450682784
Elapsed Time: 3m 38s
********** 55 **********
Average Fitness: 0.09266666666666666
Maximum Fitness: 0.39999999999999997
Average Pen Distance: 0.48878231128520566
Maximum Pen Distance: 0.6479606208347438
Average Dog Distance: 0.6157764506012456
Maximum Dog Distance: 0.750833283990567
Average Sheep Distance: 0.29392964595835974
Maximum Sheep Distance: 0.36369988611715237
Elapsed Time: 3m 35s
********** 56 **********
Average Fitness: 0.10366666666666667
Maximum Fitness: 0.43333333333333335
Average Pen Distance: 0.48027751099425514
Maximum Pen Distance: 0.6524044847916566
Average Dog Distance: 0.6213522264787318
Maximum Dog Distance: 0.7643071493599513
Average Sheep Distance: 0.2923756794539429
Maximum Sheep Distance: 0.4242046327258076
Elapsed Time: 3m 58s
********** 57 **********
Average Fitness: 0.09866666666666665
Maximum Fitness: 0.4333333333333333
Average Pen Distance: 0.4721782329912134
Maximum Pen Distance: 0.663407884121119
Average Dog Distance: 0.6228174673709551
Maximum Dog Distance: 0.7510988134244019
Average Sheep Distance: 0.29130727203515655
Maximum Sheep Distance: 0.4335437919298579
Elapsed Time: 3m 45s
********** 58 **********
Average Fitness: 0.09799999999999999
Maximum Fitness: 0.39999999999999997
Average Pen Distance: 0.47491255055742504
Maximum Pen Distance: 0.7138720079836749
Average Dog Distance: 0.6269728260652554
Maximum Dog Distance: 0.7773428566875261
Average Sheep Distance: 0.2883965466830746
Maximum Sheep Distance: 0.3732121405377053
Elapsed Time: 3m 43s
********** 59 **********
Average Fitness: 0.10199999999999998
Maximum Fitness: 0.5
Average Pen Distance: 0.48731842005682346
Maximum Pen Distance: 0.6882532012999739
Average Dog Distance: 0.6319755057696489
Maximum Dog Distance: 0.7683471785748414
Average Sheep Distance: 0.29073872814313606
Maximum Sheep Distance: 0.38739849869920856
Elapsed Time: 3m 36s
********** 60 **********
Average Fitness: 0.09033333333333332
Maximum Fitness: 0.4333333333333333
Average Pen Distance: 0.4789741386243119
Maximum Pen Distance: 0.6340530607232121
Average Dog Distance: 0.6303349467721023
Maximum Dog Distance: 0.7380864481329036
Average Sheep Distance: 0.29157621163326053
Maximum Sheep Distance: 0.37947529365523563
Elapsed Time: 3m 44s
********** 61 **********
Average Fitness: 0.096
Maximum Fitness: 0.4000000000000001
Average Pen Distance: 0.49470947803127985
Maximum Pen Distance: 0.6832944400135443
Average Dog Distance: 0.6315187301917763
Maximum Dog Distance: 0.8061864065775596
Average Sheep Distance: 0.29724489295617446
Maximum Sheep Distance: 0.3740337638900442
Elapsed Time: 3m 41s
********** 62 **********
Average Fitness: 0.09066666666666665
Maximum Fitness: 0.3333333333333333
Average Pen Distance: 0.48733523290887687
Maximum Pen Distance: 0.6938911912594429
Average Dog Distance: 0.6326480597087437
Maximum Dog Distance: 0.8130865588730855
Average Sheep Distance: 0.29805737533649734
Maximum Sheep Distance: 0.38842718118875474
Elapsed Time: 4m 21s
********** 63 **********
Average Fitness: 0.09333333333333332
Maximum Fitness: 0.30000000000000004
Average Pen Distance: 0.4938790102149185
Maximum Pen Distance: 0.7568759789186762
Average Dog Distance: 0.6486183332986073
Maximum Dog Distance: 0.7623715441333266
Average Sheep Distance: 0.296985851183398
Maximum Sheep Distance: 0.41638761160793214
Elapsed Time: 3m 30s
********** 64 **********
Average Fitness: 0.08899999999999998
Maximum Fitness: 0.3666666666666667
Average Pen Distance: 0.46850901742444984
Maximum Pen Distance: 0.6718120137223393
Average Dog Distance: 0.6351011428515043
Maximum Dog Distance: 0.7495965062242678
Average Sheep Distance: 0.29233512778668513
Maximum Sheep Distance: 0.38270898881775767
Elapsed Time: 3m 46s
********** 65 **********
Average Fitness: 0.09799999999999999
Maximum Fitness: 0.4333333333333333
Average Pen Distance: 0.46883418554363177
Maximum Pen Distance: 0.6605255844296002
Average Dog Distance: 0.6426264378766242
Maximum Dog Distance: 0.7839132454671431
Average Sheep Distance: 0.2953290552241534
Maximum Sheep Distance: 0.39790650593965743
Elapsed Time: 3m 55s
********** 66 **********
Average Fitness: 0.07966666666666666
Maximum Fitness: 0.3666666666666667
Average Pen Distance: 0.4737897632682545
Maximum Pen Distance: 0.611140598530013
Average Dog Distance: 0.6441952218018878
Maximum Dog Distance: 0.7906867677965802
Average Sheep Distance: 0.30162416067930187
Maximum Sheep Distance: 0.3938436551208769
Elapsed Time: 3m 49s
********** 67 **********
Average Fitness: 0.08366666666666665
Maximum Fitness: 0.39999999999999997
Average Pen Distance: 0.47158642092167313
Maximum Pen Distance: 0.6484911637766875
Average Dog Distance: 0.6198022729564472
Maximum Dog Distance: 0.7883019070064058
Average Sheep Distance: 0.2926816677785923
Maximum Sheep Distance: 0.3957935297575991
Elapsed Time: 3m 52s
********** 68 **********
Average Fitness: 0.09233333333333334
Maximum Fitness: 0.43333333333333335
Average Pen Distance: 0.49268725621061293
Maximum Pen Distance: 0.6961584947027069
Average Dog Distance: 0.6414600222590847
Maximum Dog Distance: 0.7439869569089698
Average Sheep Distance: 0.2925621233925569
Maximum Sheep Distance: 0.3887802765393406
Elapsed Time: 3m 34s
********** 69 **********
Average Fitness: 0.08700000000000001
Maximum Fitness: 0.39999999999999997
Average Pen Distance: 0.48887607690108226
Maximum Pen Distance: 0.6871273060800603
Average Dog Distance: 0.6435376794806608
Maximum Dog Distance: 0.7494950004641775
Average Sheep Distance: 0.292724277497003
Maximum Sheep Distance: 0.4370491063433464
Elapsed Time: 3m 42s
********** 70 **********
Average Fitness: 0.08966666666666667
Maximum Fitness: 0.3333333333333333
Average Pen Distance: 0.48659043357536386
Maximum Pen Distance: 0.6920489643579902
Average Dog Distance: 0.6464673786143471
Maximum Dog Distance: 0.8241759766259298
Average Sheep Distance: 0.29331271666331166
Maximum Sheep Distance: 0.39654881808888137
Elapsed Time: 3m 21s
********** 71 **********
Average Fitness: 0.08933333333333333
Maximum Fitness: 0.39999999999999997
Average Pen Distance: 0.49074816331593013
Maximum Pen Distance: 0.6901901256050929
Average Dog Distance: 0.6460881489362952
Maximum Dog Distance: 0.7548721246859804
Average Sheep Distance: 0.29038794804392276
Maximum Sheep Distance: 0.4053612197637508
Elapsed Time: 3m 31s
********** 72 **********
Average Fitness: 0.10099999999999999
Maximum Fitness: 0.43333333333333335
Average Pen Distance: 0.4922162398745503
Maximum Pen Distance: 0.672028156308995
Average Dog Distance: 0.6472805184430271
Maximum Dog Distance: 0.7508150594296524
Average Sheep Distance: 0.2911315769907866
Maximum Sheep Distance: 0.3700899804620604
Elapsed Time: 4m 16s
********** 73 **********
Average Fitness: 0.10700000000000001
Maximum Fitness: 0.39999999999999997
Average Pen Distance: 0.4822742592495807
Maximum Pen Distance: 0.6647216513464825
Average Dog Distance: 0.6462687206612417
Maximum Dog Distance: 0.7481384509153363
Average Sheep Distance: 0.28991002581427266
Maximum Sheep Distance: 0.3893890990392004
Elapsed Time: 4m 5s
********** 74 **********
Average Fitness: 0.09866666666666665
Maximum Fitness: 0.4333333333333333
Average Pen Distance: 0.4824174501162438
Maximum Pen Distance: 0.6820853459833885
Average Dog Distance: 0.639484067806557
Maximum Dog Distance: 0.7521117757170078
Average Sheep Distance: 0.2944411324392191
Maximum Sheep Distance: 0.44370069924962224
Elapsed Time: 3m 48s
********** 75 **********
Average Fitness: 0.07800000000000001
Maximum Fitness: 0.3333333333333333
Average Pen Distance: 0.4943692302167143
Maximum Pen Distance: 0.6842717374577791
Average Dog Distance: 0.6396770094656773
Maximum Dog Distance: 0.7643207562548179
Average Sheep Distance: 0.29755554672847195
Maximum Sheep Distance: 0.38510546889869485
Elapsed Time: 3m 52s
********** 76 **********
Average Fitness: 0.07966666666666666
Maximum Fitness: 0.4333333333333333
Average Pen Distance: 0.5016935966687073
Maximum Pen Distance: 0.7069302051670867
Average Dog Distance: 0.6456873785393005
Maximum Dog Distance: 0.7962018328769548
Average Sheep Distance: 0.29173766921344135
Maximum Sheep Distance: 0.37621936359956726
Elapsed Time: 3m 34s
********** 77 **********
Average Fitness: 0.09166666666666666
Maximum Fitness: 0.43333333333333335
Average Pen Distance: 0.4850718366057622
Maximum Pen Distance: 0.6640521874760756
Average Dog Distance: 0.6339132409855049
Maximum Dog Distance: 0.8016741675645077
Average Sheep Distance: 0.2905277542822975
Maximum Sheep Distance: 0.3932935668612589
Elapsed Time: 4m 9s
********** 78 **********
Average Fitness: 0.087
Maximum Fitness: 0.3666666666666667
Average Pen Distance: 0.4966407520310822
Maximum Pen Distance: 0.698499314024497
Average Dog Distance: 0.6449412781272748
Maximum Dog Distance: 0.7572151097187895
Average Sheep Distance: 0.2902443563022825
Maximum Sheep Distance: 0.3956247675362719
Elapsed Time: 3m 35s
********** 79 **********
Average Fitness: 0.09633333333333331
Maximum Fitness: 0.3333333333333333
Average Pen Distance: 0.49624327846859095
Maximum Pen Distance: 0.8496418487061906
Average Dog Distance: 0.637983964520329
Maximum Dog Distance: 0.7538182783203915
Average Sheep Distance: 0.28806689584819306
Maximum Sheep Distance: 0.40793196503664636
Elapsed Time: 3m 44s
********** 80 **********
Average Fitness: 0.09399999999999999
Maximum Fitness: 0.39999999999999997
Average Pen Distance: 0.4842302942861616
Maximum Pen Distance: 0.6272507167290872
Average Dog Distance: 0.64258315416944
Maximum Dog Distance: 0.7861827167516525
Average Sheep Distance: 0.28992015114991154
Maximum Sheep Distance: 0.43143261207540834
Elapsed Time: 3m 30s
********** 81 **********
Average Fitness: 0.08399999999999999
Maximum Fitness: 0.43333333333333335
Average Pen Distance: 0.4956649035053006
Maximum Pen Distance: 0.6950019359431913
Average Dog Distance: 0.640419487600621
Maximum Dog Distance: 0.7966909252316347
Average Sheep Distance: 0.2925400669237879
Maximum Sheep Distance: 0.3953101720798422
Elapsed Time: 3m 28s
********** 82 **********
Average Fitness: 0.10099999999999999
Maximum Fitness: 0.43333333333333335
Average Pen Distance: 0.4866154741244171
Maximum Pen Distance: 0.6926732674344228
Average Dog Distance: 0.646472615677196
Maximum Dog Distance: 0.7882840862466161
Average Sheep Distance: 0.2957308294197738
Maximum Sheep Distance: 0.3865870027626623
Elapsed Time: 3m 49s
********** 83 **********
Average Fitness: 0.09666666666666666
Maximum Fitness: 0.4000000000000001
Average Pen Distance: 0.5010246019244095
Maximum Pen Distance: 0.700950619479805
Average Dog Distance: 0.6595094078429559
Maximum Dog Distance: 0.8084687294248072
Average Sheep Distance: 0.2921337496235827
Maximum Sheep Distance: 0.37522666204351074
Elapsed Time: 3m 36s
********** 84 **********
Average Fitness: 0.08499999999999998
Maximum Fitness: 0.4000000000000001
Average Pen Distance: 0.5030341461477871
Maximum Pen Distance: 0.7059261050632432
Average Dog Distance: 0.6589975270985856
Maximum Dog Distance: 0.7755487098538735
Average Sheep Distance: 0.29322527145931154
Maximum Sheep Distance: 0.3692702745345982
Elapsed Time: 3m 41s
********** 85 **********
Average Fitness: 0.091
Maximum Fitness: 0.43333333333333335
Average Pen Distance: 0.49837763321915957
Maximum Pen Distance: 0.7569332705680897
Average Dog Distance: 0.6530114195017657
Maximum Dog Distance: 0.7566130967835779
Average Sheep Distance: 0.28848551774083897
Maximum Sheep Distance: 0.3949923360455221
Elapsed Time: 3m 29s
********** 86 **********
Average Fitness: 0.10066666666666664
Maximum Fitness: 0.43333333333333335
Average Pen Distance: 0.5077281701521433
Maximum Pen Distance: 0.7588913923596516
Average Dog Distance: 0.6594130774066468
Maximum Dog Distance: 0.8233475709101761
Average Sheep Distance: 0.29339164830243286
Maximum Sheep Distance: 0.3744246367611057
Elapsed Time: 3m 38s
********** 87 **********
Average Fitness: 0.10366666666666667
Maximum Fitness: 0.5
Average Pen Distance: 0.5080850272105907
Maximum Pen Distance: 0.6826385977030492
Average Dog Distance: 0.6698568210555798
Maximum Dog Distance: 0.793751579935671
Average Sheep Distance: 0.29182136011450055
Maximum Sheep Distance: 0.41107031471690286
Elapsed Time: 3m 30s
********** 88 **********
Average Fitness: 0.08933333333333333
Maximum Fitness: 0.39999999999999997
Average Pen Distance: 0.5176425895806669
Maximum Pen Distance: 0.7267020507694606
Average Dog Distance: 0.6673353862140248
Maximum Dog Distance: 0.802917210952525
Average Sheep Distance: 0.2903026281228031
Maximum Sheep Distance: 0.37265829192835387
Elapsed Time: 3m 33s
********** 89 **********
Average Fitness: 0.079
Maximum Fitness: 0.26666666666666666
Average Pen Distance: 0.5093026163168496
Maximum Pen Distance: 0.7199553775199862
Average Dog Distance: 0.6533667566237377
Maximum Dog Distance: 0.7794138509498968
Average Sheep Distance: 0.2876460046752925
Maximum Sheep Distance: 0.3672648709002273
Elapsed Time: 4m 0s
********** 90 **********
Average Fitness: 0.07833333333333334
Maximum Fitness: 0.3666666666666667
Average Pen Distance: 0.5024577064914619
Maximum Pen Distance: 0.7477282833876843
Average Dog Distance: 0.6564192067049837
Maximum Dog Distance: 0.7815800208930263
Average Sheep Distance: 0.2883056478315096
Maximum Sheep Distance: 0.39407848011150975
Elapsed Time: 3m 34s
********** 91 **********
Average Fitness: 0.08466666666666665
Maximum Fitness: 0.3333333333333333
Average Pen Distance: 0.5159751651446643
Maximum Pen Distance: 0.7359469496029543
Average Dog Distance: 0.6598595235983821
Maximum Dog Distance: 0.7919962228734337
Average Sheep Distance: 0.29379682172800603
Maximum Sheep Distance: 0.3962789567788436
Elapsed Time: 3m 47s
********** 92 **********
Average Fitness: 0.09233333333333332
Maximum Fitness: 0.3333333333333333
Average Pen Distance: 0.5153040048822655
Maximum Pen Distance: 0.786602527485334
Average Dog Distance: 0.64969841628238
Maximum Dog Distance: 0.78129907390167
Average Sheep Distance: 0.2927420895962089
Maximum Sheep Distance: 0.40085822880236827
Elapsed Time: 3m 56s
********** 93 **********
Average Fitness: 0.09233333333333332
Maximum Fitness: 0.39999999999999997
Average Pen Distance: 0.5024169194160018
Maximum Pen Distance: 0.6609342264934935
Average Dog Distance: 0.6576929145764838
Maximum Dog Distance: 0.7801291819359704
Average Sheep Distance: 0.2935106981627202
Maximum Sheep Distance: 0.3732450239154273
Elapsed Time: 4m 2s
********** 94 **********
Average Fitness: 0.09333333333333332
Maximum Fitness: 0.3666666666666667
Average Pen Distance: 0.5097274615581183
Maximum Pen Distance: 0.6811880625318598
Average Dog Distance: 0.6539088589857743
Maximum Dog Distance: 0.7673261298871314
Average Sheep Distance: 0.2850525136469313
Maximum Sheep Distance: 0.36352842048657924
Elapsed Time: 3m 26s
********** 95 **********
Average Fitness: 0.10733333333333334
Maximum Fitness: 0.5666666666666668
Average Pen Distance: 0.5076003955545122
Maximum Pen Distance: 0.742062645493618
Average Dog Distance: 0.6496175378153989
Maximum Dog Distance: 0.8054506763259838
Average Sheep Distance: 0.2897151835496608
Maximum Sheep Distance: 0.3827342545610173
Elapsed Time: 3m 38s
********** 96 **********
Average Fitness: 0.08299999999999999
Maximum Fitness: 0.3333333333333333
Average Pen Distance: 0.5044098648723929
Maximum Pen Distance: 0.7187278071278339
Average Dog Distance: 0.6456436918352361
Maximum Dog Distance: 0.8266202457579389
Average Sheep Distance: 0.2881991113034796
Maximum Sheep Distance: 0.3776166605360811
Elapsed Time: 4m 5s
********** 97 **********
Average Fitness: 0.08466666666666667
Maximum Fitness: 0.4000000000000001
Average Pen Distance: 0.5019733445171343
Maximum Pen Distance: 0.7894821560535533
Average Dog Distance: 0.6420582504363039
Maximum Dog Distance: 0.8239864064437713
Average Sheep Distance: 0.28463514436622206
Maximum Sheep Distance: 0.3998181540009575
Elapsed Time: 3m 47s
********** 98 **********
Average Fitness: 0.11833333333333332
Maximum Fitness: 0.6
Average Pen Distance: 0.5118602040097386
Maximum Pen Distance: 0.7689245009927513
Average Dog Distance: 0.6501034686300246
Maximum Dog Distance: 0.7762852529243888
Average Sheep Distance: 0.29571739120171053
Maximum Sheep Distance: 0.39826551035210794
Elapsed Time: 3m 52s
********** 99 **********
Average Fitness: 0.11
Maximum Fitness: 0.43333333333333335
Average Pen Distance: 0.511845847098302
Maximum Pen Distance: 0.7546619914002912
Average Dog Distance: 0.669614989054501
Maximum Dog Distance: 0.7793428221712743
Average Sheep Distance: 0.2876971687097406
Maximum Sheep Distance: 0.4255086003354829
Elapsed Time: 3m 43s
********** 100 **********
Average Fitness: 0.10433333333333332
Maximum Fitness: 0.43333333333333335
Average Pen Distance: 0.5098284993460662
Maximum Pen Distance: 0.6985740454582313
Average Dog Distance: 0.6549387623118083
Maximum Dog Distance: 0.7786085870679923
Average Sheep Distance: 0.28932883539011556
Maximum Sheep Distance: 0.38286907685051635
Elapsed Time: 3m 49s
********** 1 **********
Average Fitness: 0.037000000000000005
Maximum Fitness: 0.2333333333333333
Average Pen Distance: 0.5609065227172554
Maximum Pen Distance: 0.7610234279971761
Average Dog Distance: 0.639948681257804
Maximum Dog Distance: 0.8082544910722795
Average Sheep Distance: 0.32214445719546037
Maximum Sheep Distance: 0.4326742353186564
Elapsed Time: 4m 12s
********** 2 **********
Average Fitness: 0.030999999999999996
Maximum Fitness: 0.30000000000000004
Average Pen Distance: 0.5569541549240334
Maximum Pen Distance: 0.7222971580006629
Average Dog Distance: 0.6412867050299882
Maximum Dog Distance: 0.8152418718407993
Average Sheep Distance: 0.3149635598453446
Maximum Sheep Distance: 0.4066836276851811
Elapsed Time: 3m 52s
********** 3 **********
Average Fitness: 0.03633333333333333
Maximum Fitness: 0.20000000000000004
Average Pen Distance: 0.5421339257273767
Maximum Pen Distance: 0.689038591318606
Average Dog Distance: 0.6268777707007241
Maximum Dog Distance: 0.8118713693650412
Average Sheep Distance: 0.3118781611165388
Maximum Sheep Distance: 0.4471410467603825
Elapsed Time: 4m 6s
********** 4 **********
Average Fitness: 0.039333333333333324
Maximum Fitness: 0.3
Average Pen Distance: 0.536898231444933
Maximum Pen Distance: 0.7793037304336292
Average Dog Distance: 0.6313758056882889
Maximum Dog Distance: 0.7846161854760054
Average Sheep Distance: 0.3108529921363392
Maximum Sheep Distance: 0.3959900363884774
Elapsed Time: 4m 0s
********** 5 **********
Average Fitness: 0.043
Maximum Fitness: 0.26666666666666666
Average Pen Distance: 0.5423417548463667
Maximum Pen Distance: 0.7128293172786653
Average Dog Distance: 0.6227073716206657
Maximum Dog Distance: 0.7966069966113448
Average Sheep Distance: 0.3142090895783265
Maximum Sheep Distance: 0.42057205290370664
Elapsed Time: 4m 9s
********** 6 **********
Average Fitness: 0.04499999999999999
Maximum Fitness: 0.2333333333333333
Average Pen Distance: 0.5405392154768743
Maximum Pen Distance: 0.6972118936945302
Average Dog Distance: 0.6422395204361614
Maximum Dog Distance: 0.772573912965874
Average Sheep Distance: 0.3117241301441209
Maximum Sheep Distance: 0.4093526282223596
Elapsed Time: 4m 41s
********** 7 **********
Average Fitness: 0.03233333333333333
Maximum Fitness: 0.19999999999999998
Average Pen Distance: 0.541476020284758
Maximum Pen Distance: 0.7172460980929237
Average Dog Distance: 0.6414951299007011
Maximum Dog Distance: 0.7781780212181113
Average Sheep Distance: 0.31765155182373905
Maximum Sheep Distance: 0.4002858687715493
Elapsed Time: 3m 59s
********** 8 **********
Average Fitness: 0.03766666666666667
Maximum Fitness: 0.20000000000000004
Average Pen Distance: 0.5354991130165702
Maximum Pen Distance: 0.7220926735622376
Average Dog Distance: 0.6310006786753902
Maximum Dog Distance: 0.8058273136488537
Average Sheep Distance: 0.31116541903522577
Maximum Sheep Distance: 0.4101887805079561
Elapsed Time: 3m 54s
********** 9 **********
Average Fitness: 0.041999999999999996
Maximum Fitness: 0.20000000000000004
Average Pen Distance: 0.5307558546865009
Maximum Pen Distance: 0.6764125187737956
Average Dog Distance: 0.6121000248279053
Maximum Dog Distance: 0.7627574975210991
Average Sheep Distance: 0.31618662469704856
Maximum Sheep Distance: 0.4155558763227655
Elapsed Time: 4m 17s
********** 10 **********
Average Fitness: 0.036333333333333336
Maximum Fitness: 0.20000000000000004
Average Pen Distance: 0.5485733334946576
Maximum Pen Distance: 0.7146646487915133
Average Dog Distance: 0.6275721021763354
Maximum Dog Distance: 0.7976552545796048
Average Sheep Distance: 0.31719615862445627
Maximum Sheep Distance: 0.42046601633534575
Elapsed Time: 4m 31s
********** 11 **********
Average Fitness: 0.034666666666666665
Maximum Fitness: 0.20000000000000004
Average Pen Distance: 0.5518552248631072
Maximum Pen Distance: 0.7232453327045318
Average Dog Distance: 0.6370552223197868
Maximum Dog Distance: 0.8144057437081643
Average Sheep Distance: 0.3190980964760687
Maximum Sheep Distance: 0.41445729472111664
Elapsed Time: 4m 15s
********** 12 **********
Average Fitness: 0.04033333333333333
Maximum Fitness: 0.13333333333333333
Average Pen Distance: 0.534629527524264
Maximum Pen Distance: 0.757753340376758
Average Dog Distance: 0.6123902352563557
Maximum Dog Distance: 0.7806633622077994
Average Sheep Distance: 0.3168740272574804
Maximum Sheep Distance: 0.4455098345192972
Elapsed Time: 4m 28s
********** 13 **********
Average Fitness: 0.03933333333333334
Maximum Fitness: 0.2333333333333333
Average Pen Distance: 0.5396881224295084
Maximum Pen Distance: 0.7988362550640784
Average Dog Distance: 0.6249951045739369
Maximum Dog Distance: 0.7877424834506174
Average Sheep Distance: 0.3183993493511903
Maximum Sheep Distance: 0.4232439671725725
Elapsed Time: 3m 49s
********** 14 **********
Average Fitness: 0.04366666666666666
Maximum Fitness: 0.2333333333333333
Average Pen Distance: 0.5317667614902853
Maximum Pen Distance: 0.7511500284028497
Average Dog Distance: 0.6268986387678396
Maximum Dog Distance: 0.7601307028705054
Average Sheep Distance: 0.31400347116882366
Maximum Sheep Distance: 0.4070668609725053
Elapsed Time: 4m 16s
********** 15 **********
Average Fitness: 0.03699999999999999
Maximum Fitness: 0.16666666666666666
Average Pen Distance: 0.5173364486194686
Maximum Pen Distance: 0.6978823529100566
Average Dog Distance: 0.6301312076096077
Maximum Dog Distance: 0.759949782922825
Average Sheep Distance: 0.31568151652571647
Maximum Sheep Distance: 0.4178363809618147
Elapsed Time: 3m 51s
********** 16 **********
Average Fitness: 0.04466666666666666
Maximum Fitness: 0.2333333333333333
Average Pen Distance: 0.5376419995016682
Maximum Pen Distance: 0.760758525329075
Average Dog Distance: 0.6424710739784248
Maximum Dog Distance: 0.7679634605634874
Average Sheep Distance: 0.31655414429454554
Maximum Sheep Distance: 0.40479040850919384
Elapsed Time: 3m 56s
********** 17 **********
Average Fitness: 0.04166666666666667
Maximum Fitness: 0.2333333333333333
Average Pen Distance: 0.5293180728497222
Maximum Pen Distance: 0.7641209696734644
Average Dog Distance: 0.6485084081047268
Maximum Dog Distance: 0.788439546423502
Average Sheep Distance: 0.31991550660827706
Maximum Sheep Distance: 0.42317436323539415
Elapsed Time: 4m 1s
********** 18 **********
Average Fitness: 0.04166666666666666
Maximum Fitness: 0.23333333333333336
Average Pen Distance: 0.5282561923568633
Maximum Pen Distance: 0.7343744470715728
Average Dog Distance: 0.6213223316385161
Maximum Dog Distance: 0.7866097095744768
Average Sheep Distance: 0.31429562322132776
Maximum Sheep Distance: 0.46355402353906155
Elapsed Time: 4m 12s
********** 19 **********
Average Fitness: 0.035333333333333335
Maximum Fitness: 0.13333333333333333
Average Pen Distance: 0.5375293700481388
Maximum Pen Distance: 0.7694173963697205
Average Dog Distance: 0.646619965713183
Maximum Dog Distance: 0.8201373426833848
Average Sheep Distance: 0.3116108844464707
Maximum Sheep Distance: 0.41099072923594476
Elapsed Time: 3m 57s
********** 20 **********
Average Fitness: 0.036
Maximum Fitness: 0.20000000000000004
Average Pen Distance: 0.5520521952141649
Maximum Pen Distance: 0.7093200184720306
Average Dog Distance: 0.652206918169411
Maximum Dog Distance: 0.7971038815881567
Average Sheep Distance: 0.31612456546208084
Maximum Sheep Distance: 0.4126668458779177
Elapsed Time: 4m 29s
********** 21 **********
Average Fitness: 0.04433333333333333
Maximum Fitness: 0.2333333333333333
Average Pen Distance: 0.5460718566004042
Maximum Pen Distance: 0.7480067408233516
Average Dog Distance: 0.6447858221500442
Maximum Dog Distance: 0.811979483725319
Average Sheep Distance: 0.32442834962336564
Maximum Sheep Distance: 0.43219166296858696
Elapsed Time: 4m 34s
********** 22 **********
Average Fitness: 0.039999999999999994
Maximum Fitness: 0.3
Average Pen Distance: 0.5344382649374015
Maximum Pen Distance: 0.7628045899765442
Average Dog Distance: 0.6522645675188216
Maximum Dog Distance: 0.8392164361889797
Average Sheep Distance: 0.3156854007377513
Maximum Sheep Distance: 0.38839109241010394
Elapsed Time: 4m 0s
********** 23 **********
Average Fitness: 0.035
Maximum Fitness: 0.2333333333333333
Average Pen Distance: 0.5365111498860429
Maximum Pen Distance: 0.8090078757928983
Average Dog Distance: 0.6279526797421728
Maximum Dog Distance: 0.846174512036701
Average Sheep Distance: 0.31528814596819127
Maximum Sheep Distance: 0.3941777279481394
Elapsed Time: 3m 54s
********** 24 **********
Average Fitness: 0.041333333333333326
Maximum Fitness: 0.26666666666666666
Average Pen Distance: 0.5328950901467924
Maximum Pen Distance: 0.7288546344038953
Average Dog Distance: 0.6353596153641996
Maximum Dog Distance: 0.8417350431390056
Average Sheep Distance: 0.31412429732978603
Maximum Sheep Distance: 0.4156783029077548
Elapsed Time: 4m 5s
********** 25 **********
Average Fitness: 0.03833333333333334
Maximum Fitness: 0.20000000000000004
Average Pen Distance: 0.5203909786546088
Maximum Pen Distance: 0.6768343103622102
Average Dog Distance: 0.6415890678606817
Maximum Dog Distance: 0.8372728394992398
Average Sheep Distance: 0.31599168544111755
Maximum Sheep Distance: 0.386992493610994
Elapsed Time: 3m 56s
********** 26 **********
Average Fitness: 0.035666666666666666
Maximum Fitness: 0.16666666666666666
Average Pen Distance: 0.5286856645304782
Maximum Pen Distance: 0.7549570942792653
Average Dog Distance: 0.6394678544889897
Maximum Dog Distance: 0.7961892553247888
Average Sheep Distance: 0.3149425730681778
Maximum Sheep Distance: 0.41058730581830366
Elapsed Time: 4m 7s
********** 27 **********
Average Fitness: 0.03699999999999999
Maximum Fitness: 0.3
Average Pen Distance: 0.5231265585947239
Maximum Pen Distance: 0.6627143764161195
Average Dog Distance: 0.6390975354811188
Maximum Dog Distance: 0.7724862814219874
Average Sheep Distance: 0.3212427477586573
Maximum Sheep Distance: 0.41364817717563235
Elapsed Time: 4m 21s
********** 28 **********
Average Fitness: 0.035666666666666666
Maximum Fitness: 0.20000000000000004
Average Pen Distance: 0.5366496661815999
Maximum Pen Distance: 0.6695098188424086
Average Dog Distance: 0.6503253327171999
Maximum Dog Distance: 0.7721725248539023
Average Sheep Distance: 0.31824562801663026
Maximum Sheep Distance: 0.4004875295548658
Elapsed Time: 4m 2s
********** 29 **********
Average Fitness: 0.046
Maximum Fitness: 0.2333333333333333
Average Pen Distance: 0.5347270651072031
Maximum Pen Distance: 0.7669702823361715
Average Dog Distance: 0.6300665585094071
Maximum Dog Distance: 0.7919061794907396
Average Sheep Distance: 0.3174393049654292
Maximum Sheep Distance: 0.41839489342257236
Elapsed Time: 4m 22s
********** 30 **********
Average Fitness: 0.03833333333333334
Maximum Fitness: 0.20000000000000004
Average Pen Distance: 0.5125391808143095
Maximum Pen Distance: 0.6952387439791784
Average Dog Distance: 0.624451051577715
Maximum Dog Distance: 0.8093498463686322
Average Sheep Distance: 0.3143003477346293
Maximum Sheep Distance: 0.42429095783054677
Elapsed Time: 4m 9s
********** 31 **********
Average Fitness: 0.03666666666666667
Maximum Fitness: 0.26666666666666666
Average Pen Distance: 0.5194203405023665
Maximum Pen Distance: 0.7288557041384746
Average Dog Distance: 0.6268170885849148
Maximum Dog Distance: 0.7817163453929648
Average Sheep Distance: 0.3198041850331453
Maximum Sheep Distance: 0.3949529581240148
Elapsed Time: 3m 58s
********** 32 **********
Average Fitness: 0.04266666666666666
Maximum Fitness: 0.16666666666666666
Average Pen Distance: 0.5326518890596604
Maximum Pen Distance: 0.8116795279297984
Average Dog Distance: 0.6276427339340424
Maximum Dog Distance: 0.7700222908071889
Average Sheep Distance: 0.3143101690958045
Maximum Sheep Distance: 0.4007290433531702
Elapsed Time: 4m 29s
********** 33 **********
Average Fitness: 0.04033333333333333
Maximum Fitness: 0.23333333333333336
Average Pen Distance: 0.5195962700131382
Maximum Pen Distance: 0.7620625848524658
Average Dog Distance: 0.6150611674147488
Maximum Dog Distance: 0.7871441035056247
Average Sheep Distance: 0.3139983681320742
Maximum Sheep Distance: 0.41821470113940107
Elapsed Time: 3m 53s
********** 34 **********
Average Fitness: 0.03933333333333334
Maximum Fitness: 0.2333333333333333
Average Pen Distance: 0.5204154699123711
Maximum Pen Distance: 0.7392697266509
Average Dog Distance: 0.6253395783217967
Maximum Dog Distance: 0.8247347463854711
Average Sheep Distance: 0.31181381607042197
Maximum Sheep Distance: 0.3840780617750368
Elapsed Time: 4m 30s
********** 35 **********
Average Fitness: 0.039999999999999994
Maximum Fitness: 0.16666666666666666
Average Pen Distance: 0.5201145570858281
Maximum Pen Distance: 0.8320845875091653
Average Dog Distance: 0.6176444060724523
Maximum Dog Distance: 0.8627044001067339
Average Sheep Distance: 0.3165618039904122
Maximum Sheep Distance: 0.3952806724572649
Elapsed Time: 4m 9s
********** 36 **********
Average Fitness: 0.03733333333333333
Maximum Fitness: 0.2333333333333333
Average Pen Distance: 0.5216347914554137
Maximum Pen Distance: 0.7370580569970736
Average Dog Distance: 0.625668657525319
Maximum Dog Distance: 0.8212575375467698
Average Sheep Distance: 0.3144202435790102
Maximum Sheep Distance: 0.4186799274630859
Elapsed Time: 4m 11s
********** 37 **********
Average Fitness: 0.044
Maximum Fitness: 0.23333333333333336
Average Pen Distance: 0.5137463179654608
Maximum Pen Distance: 0.7361195227061502
Average Dog Distance: 0.6184182540933743
Maximum Dog Distance: 0.8005966899336121
Average Sheep Distance: 0.3128980862449653
Maximum Sheep Distance: 0.3866665904692652
Elapsed Time: 4m 12s
********** 38 **********
Average Fitness: 0.04633333333333333
Maximum Fitness: 0.3333333333333333
Average Pen Distance: 0.5025977305553081
Maximum Pen Distance: 0.7352936635673636
Average Dog Distance: 0.6078230763834371
Maximum Dog Distance: 0.787812573783332
Average Sheep Distance: 0.3143680327102723
Maximum Sheep Distance: 0.3945864549900704
Elapsed Time: 4m 15s
********** 39 **********
Average Fitness: 0.04233333333333333
Maximum Fitness: 0.2333333333333333
Average Pen Distance: 0.5112756650501891
Maximum Pen Distance: 0.7765500038554433
Average Dog Distance: 0.6052114785935531
Maximum Dog Distance: 0.7718189978622209
Average Sheep Distance: 0.31898425344652404
Maximum Sheep Distance: 0.3951137794547024
Elapsed Time: 3m 56s
********** 40 **********
Average Fitness: 0.041999999999999996
Maximum Fitness: 0.26666666666666666
Average Pen Distance: 0.5097655016296655
Maximum Pen Distance: 0.6978980304709275
Average Dog Distance: 0.5976120530050175
Maximum Dog Distance: 0.7575116011604649
Average Sheep Distance: 0.3135253306889039
Maximum Sheep Distance: 0.43353978862119275
Elapsed Time: 4m 13s
********** 41 **********
Average Fitness: 0.04033333333333333
Maximum Fitness: 0.20000000000000004
Average Pen Distance: 0.5292942095151966
Maximum Pen Distance: 0.7289715599537842
Average Dog Distance: 0.6031645348159471
Maximum Dog Distance: 0.7870885338197585
Average Sheep Distance: 0.31424915677254256
Maximum Sheep Distance: 0.4070972399909984
Elapsed Time: 4m 18s
********** 42 **********
Average Fitness: 0.04066666666666666
Maximum Fitness: 0.26666666666666666
Average Pen Distance: 0.5247270491681719
Maximum Pen Distance: 0.8324832377015458
Average Dog Distance: 0.595116343273715
Maximum Dog Distance: 0.788874539461364
Average Sheep Distance: 0.3101918275267569
Maximum Sheep Distance: 0.42513488664479254
Elapsed Time: 4m 15s
********** 43 **********
Average Fitness: 0.04366666666666665
Maximum Fitness: 0.26666666666666666
Average Pen Distance: 0.5209551114053007
Maximum Pen Distance: 0.8059491785981017
Average Dog Distance: 0.5972101198920068
Maximum Dog Distance: 0.7818075736062688
Average Sheep Distance: 0.3159788254829554
Maximum Sheep Distance: 0.4530877646952338
Elapsed Time: 4m 31s
********** 44 **********
Average Fitness: 0.04133333333333332
Maximum Fitness: 0.16666666666666666
Average Pen Distance: 0.523212932330306
Maximum Pen Distance: 0.7595108952404468
Average Dog Distance: 0.5999478592381827
Maximum Dog Distance: 0.7913112885711726
Average Sheep Distance: 0.31069538914025024
Maximum Sheep Distance: 0.39229769753506266
Elapsed Time: 4m 32s
********** 45 **********
Average Fitness: 0.048666666666666664
Maximum Fitness: 0.2333333333333333
Average Pen Distance: 0.5033772251338638
Maximum Pen Distance: 0.7756549408000076
Average Dog Distance: 0.5879832028865707
Maximum Dog Distance: 0.7686634916095395
Average Sheep Distance: 0.3156861532114229
Maximum Sheep Distance: 0.4153060608128591
Elapsed Time: 4m 15s
********** 46 **********
Average Fitness: 0.046
Maximum Fitness: 0.20000000000000004
Average Pen Distance: 0.5092325140602453
Maximum Pen Distance: 0.7900572583326387
Average Dog Distance: 0.5847626399908019
Maximum Dog Distance: 0.7760217742368131
Average Sheep Distance: 0.310123664278426
Maximum Sheep Distance: 0.4047611550974754
Elapsed Time: 4m 15s
********** 47 **********
Average Fitness: 0.04466666666666667
Maximum Fitness: 0.2333333333333333
Average Pen Distance: 0.5070836976674172
Maximum Pen Distance: 0.7314972360613994
Average Dog Distance: 0.5908794783437006
Maximum Dog Distance: 0.8114197612240938
Average Sheep Distance: 0.3048778470501647
Maximum Sheep Distance: 0.38863260150371176
Elapsed Time: 4m 16s
********** 48 **********
Average Fitness: 0.04066666666666666
Maximum Fitness: 0.26666666666666666
Average Pen Distance: 0.5091640036967128
Maximum Pen Distance: 0.7440613556261663
Average Dog Distance: 0.5965153497479283
Maximum Dog Distance: 0.8059652964251623
Average Sheep Distance: 0.30949722474423624
Maximum Sheep Distance: 0.41810542538469214
Elapsed Time: 4m 17s
********** 49 **********
Average Fitness: 0.04
Maximum Fitness: 0.2333333333333333
Average Pen Distance: 0.49897095442760653
Maximum Pen Distance: 0.8101875396432417
Average Dog Distance: 0.6016405090285769
Maximum Dog Distance: 0.7863541792181792
Average Sheep Distance: 0.31102082585829616
Maximum Sheep Distance: 0.4289712615799935
Elapsed Time: 3m 57s
********** 50 **********
Average Fitness: 0.037333333333333336
Maximum Fitness: 0.19999999999999998
Average Pen Distance: 0.49024809556406646
Maximum Pen Distance: 0.7750981948899024
Average Dog Distance: 0.603764015930238
Maximum Dog Distance: 0.7892716359928292
Average Sheep Distance: 0.3086373819339141
Maximum Sheep Distance: 0.38738661127218804
Elapsed Time: 4m 13s
********** 51 **********
Average Fitness: 0.04233333333333333
Maximum Fitness: 0.20000000000000004
Average Pen Distance: 0.49827169497708534
Maximum Pen Distance: 0.6404182430262627
Average Dog Distance: 0.6177576494413679
Maximum Dog Distance: 0.8015506552901687
Average Sheep Distance: 0.3064938606894533
Maximum Sheep Distance: 0.38988282697511484
Elapsed Time: 4m 21s
********** 52 **********
Average Fitness: 0.045666666666666675
Maximum Fitness: 0.3
Average Pen Distance: 0.513458976550094
Maximum Pen Distance: 0.7275087959968016
Average Dog Distance: 0.630797607194334
Maximum Dog Distance: 0.7937585260616515
Average Sheep Distance: 0.3108931493176976
Maximum Sheep Distance: 0.41233779395916526
Elapsed Time: 4m 0s
********** 53 **********
Average Fitness: 0.045666666666666654
Maximum Fitness: 0.2333333333333333
Average Pen Distance: 0.512544075547007
Maximum Pen Distance: 0.8718613664796336
Average Dog Distance: 0.6232886881677271
Maximum Dog Distance: 0.7797518377318816
Average Sheep Distance: 0.312679487352303
Maximum Sheep Distance: 0.39575669092722415
Elapsed Time: 4m 28s
********** 54 **********
Average Fitness: 0.06
Maximum Fitness: 0.3
Average Pen Distance: 0.4909528066476752
Maximum Pen Distance: 0.7514337173111492
Average Dog Distance: 0.61394617721989
Maximum Dog Distance: 0.7372077671446258
Average Sheep Distance: 0.3123391615015983
Maximum Sheep Distance: 0.4044530778170919
Elapsed Time: 4m 9s
********** 55 **********
Average Fitness: 0.048666666666666664
Maximum Fitness: 0.26666666666666666
Average Pen Distance: 0.5002753345911664
Maximum Pen Distance: 0.6973004418279295
Average Dog Distance: 0.6061532641847165
Maximum Dog Distance: 0.7323796723866067
Average Sheep Distance: 0.3124547252681828
Maximum Sheep Distance: 0.3904378578413501
Elapsed Time: 4m 13s
********** 56 **********
Average Fitness: 0.040999999999999995
Maximum Fitness: 0.19999999999999998
Average Pen Distance: 0.513402464244599
Maximum Pen Distance: 0.7083474557200237
Average Dog Distance: 0.6087033785062734
Maximum Dog Distance: 0.7835791936097637
Average Sheep Distance: 0.3110234401034877
Maximum Sheep Distance: 0.4112819916342001
Elapsed Time: 4m 7s
********** 57 **********
Average Fitness: 0.043
Maximum Fitness: 0.23333333333333336
Average Pen Distance: 0.5289743250945793
Maximum Pen Distance: 0.7763581248714669
Average Dog Distance: 0.6234486139232491
Maximum Dog Distance: 0.7415506083590474
Average Sheep Distance: 0.3072180983445803
Maximum Sheep Distance: 0.4150146720969529
Elapsed Time: 4m 0s
********** 58 **********
Average Fitness: 0.03833333333333334
Maximum Fitness: 0.26666666666666666
Average Pen Distance: 0.5191287923681845
Maximum Pen Distance: 0.7354839043802425
Average Dog Distance: 0.6190371822471626
Maximum Dog Distance: 0.7592153915005131
Average Sheep Distance: 0.31435984103538095
Maximum Sheep Distance: 0.4211029812231723
Elapsed Time: 3m 52s
********** 59 **********
Average Fitness: 0.04999999999999999
Maximum Fitness: 0.2333333333333333
Average Pen Distance: 0.5104398910930735
Maximum Pen Distance: 0.6995490234938083
Average Dog Distance: 0.621231133094783
Maximum Dog Distance: 0.7538247780510168
Average Sheep Distance: 0.31225924339287026
Maximum Sheep Distance: 0.3730432438148112
Elapsed Time: 4m 9s
********** 60 **********
Average Fitness: 0.051
Maximum Fitness: 0.23333333333333336
Average Pen Distance: 0.5093496801812981
Maximum Pen Distance: 0.6939784605981499
Average Dog Distance: 0.6193908753642831
Maximum Dog Distance: 0.7657566638695051
Average Sheep Distance: 0.31047704074646454
Maximum Sheep Distance: 0.3845377556895187
Elapsed Time: 4m 10s
********** 61 **********
Average Fitness: 0.04833333333333332
Maximum Fitness: 0.3
Average Pen Distance: 0.5228977719703423
Maximum Pen Distance: 0.7288674623784784
Average Dog Distance: 0.6252512712407405
Maximum Dog Distance: 0.7974155457704765
Average Sheep Distance: 0.3144745760679507
Maximum Sheep Distance: 0.4233789403621067
Elapsed Time: 4m 30s
********** 62 **********
Average Fitness: 0.047
Maximum Fitness: 0.3
Average Pen Distance: 0.5187294302054045
Maximum Pen Distance: 0.8117881792312126
Average Dog Distance: 0.6101468525961788
Maximum Dog Distance: 0.7583526598044713
Average Sheep Distance: 0.3149735774584757
Maximum Sheep Distance: 0.42812918824903545
Elapsed Time: 4m 19s
********** 63 **********
Average Fitness: 0.050666666666666665
Maximum Fitness: 0.4000000000000001
Average Pen Distance: 0.513111767139504
Maximum Pen Distance: 0.7282800144348743
Average Dog Distance: 0.6227694492062253
Maximum Dog Distance: 0.7720996332888778
Average Sheep Distance: 0.3107786732690388
Maximum Sheep Distance: 0.4264159308314353
Elapsed Time: 4m 15s
********** 64 **********
Average Fitness: 0.057999999999999996
Maximum Fitness: 0.3333333333333333
Average Pen Distance: 0.49027195994530387
Maximum Pen Distance: 0.6898277532625899
Average Dog Distance: 0.6215590788083306
Maximum Dog Distance: 0.7486981174043587
Average Sheep Distance: 0.30414867037296345
Maximum Sheep Distance: 0.40998332868665144
Elapsed Time: 4m 30s
********** 65 **********
Average Fitness: 0.04666666666666666
Maximum Fitness: 0.2333333333333333
Average Pen Distance: 0.49518127113968996
Maximum Pen Distance: 0.693073393642872
Average Dog Distance: 0.6309403458569551
Maximum Dog Distance: 0.7747620616200727
Average Sheep Distance: 0.3127154278684074
Maximum Sheep Distance: 0.38223040619671184
Elapsed Time: 4m 10s
********** 66 **********
Average Fitness: 0.050666666666666665
Maximum Fitness: 0.2333333333333333
Average Pen Distance: 0.5090654026137067
Maximum Pen Distance: 0.6481619863316058
Average Dog Distance: 0.6364157262958874
Maximum Dog Distance: 0.8173079170887774
Average Sheep Distance: 0.3087120117725613
Maximum Sheep Distance: 0.39444309287081153
Elapsed Time: 4m 17s
********** 67 **********
Average Fitness: 0.04566666666666666
Maximum Fitness: 0.3666666666666667
Average Pen Distance: 0.5082680823244589
Maximum Pen Distance: 0.666729818110067
Average Dog Distance: 0.6391189675873854
Maximum Dog Distance: 0.7854451230187811
Average Sheep Distance: 0.31361814034075153
Maximum Sheep Distance: 0.4185943448641467
Elapsed Time: 4m 15s
********** 68 **********
Average Fitness: 0.051
Maximum Fitness: 0.20000000000000004
Average Pen Distance: 0.5034883147041141
Maximum Pen Distance: 0.6695466034661824
Average Dog Distance: 0.6400570452580044
Maximum Dog Distance: 0.7741981800801493
Average Sheep Distance: 0.3078199034648354
Maximum Sheep Distance: 0.3909739119959843
Elapsed Time: 4m 14s
********** 69 **********
Average Fitness: 0.05800000000000001
Maximum Fitness: 0.2333333333333333
Average Pen Distance: 0.482093256058276
Maximum Pen Distance: 0.6488620762281652
Average Dog Distance: 0.6250567158832061
Maximum Dog Distance: 0.7821516452449586
Average Sheep Distance: 0.3095620040369885
Maximum Sheep Distance: 0.4047200338072992
Elapsed Time: 4m 34s
********** 70 **********
Average Fitness: 0.05299999999999999
Maximum Fitness: 0.2333333333333333
Average Pen Distance: 0.47773046319433426
Maximum Pen Distance: 0.699627295034321
Average Dog Distance: 0.6095241487925218
Maximum Dog Distance: 0.7867226499706353
Average Sheep Distance: 0.3169100899510213
Maximum Sheep Distance: 0.4026451882280296
Elapsed Time: 4m 13s
********** 71 **********
Average Fitness: 0.048666666666666664
Maximum Fitness: 0.3
Average Pen Distance: 0.48407122667433145
Maximum Pen Distance: 0.700537056254336
Average Dog Distance: 0.6201615537271118
Maximum Dog Distance: 0.8157677452134323
Average Sheep Distance: 0.3080206829536481
Maximum Sheep Distance: 0.4098168509890654
Elapsed Time: 4m 14s
********** 72 **********
Average Fitness: 0.059333333333333335
Maximum Fitness: 0.2333333333333333
Average Pen Distance: 0.4645519509411074
Maximum Pen Distance: 0.6481837251697558
Average Dog Distance: 0.61243175193175
Maximum Dog Distance: 0.7765630161947444
Average Sheep Distance: 0.3104703646178126
Maximum Sheep Distance: 0.4363024229375371
Elapsed Time: 4m 20s
********** 73 **********
Average Fitness: 0.05433333333333334
Maximum Fitness: 0.23333333333333336
Average Pen Distance: 0.4552375785648517
Maximum Pen Distance: 0.7567148290907554
Average Dog Distance: 0.598655818020625
Maximum Dog Distance: 0.7932154629491174
Average Sheep Distance: 0.31292659936809597
Maximum Sheep Distance: 0.40747503722798345
Elapsed Time: 4m 44s
********** 74 **********
Average Fitness: 0.05466666666666667
Maximum Fitness: 0.26666666666666666
Average Pen Distance: 0.45915691563502264
Maximum Pen Distance: 0.7972519752072692
Average Dog Distance: 0.5965801297810123
Maximum Dog Distance: 0.7783261924890631
Average Sheep Distance: 0.30969707535146596
Maximum Sheep Distance: 0.41585396027734806
Elapsed Time: 4m 12s
********** 75 **********
Average Fitness: 0.04999999999999999
Maximum Fitness: 0.20000000000000004
Average Pen Distance: 0.4472322233565198
Maximum Pen Distance: 0.7487508221763411
Average Dog Distance: 0.5841164502122733
Maximum Dog Distance: 0.7770726499099779
Average Sheep Distance: 0.3103411603100994
Maximum Sheep Distance: 0.4158964416191624
Elapsed Time: 4m 28s
********** 76 **********
Average Fitness: 0.050333333333333334
Maximum Fitness: 0.3
Average Pen Distance: 0.44910608598944923
Maximum Pen Distance: 0.7560915874226781
Average Dog Distance: 0.5805819861227801
Maximum Dog Distance: 0.7596168513060967
Average Sheep Distance: 0.3121254358394527
Maximum Sheep Distance: 0.41861026391424083
Elapsed Time: 4m 4s
********** 77 **********
Average Fitness: 0.051333333333333335
Maximum Fitness: 0.3333333333333333
Average Pen Distance: 0.45461047136522353
Maximum Pen Distance: 0.6976056576467587
Average Dog Distance: 0.5854652374292624
Maximum Dog Distance: 0.7574189020525246
Average Sheep Distance: 0.3040576300556605
Maximum Sheep Distance: 0.39694380003679175
Elapsed Time: 4m 24s
********** 78 **********
Average Fitness: 0.06566666666666666
Maximum Fitness: 0.3
Average Pen Distance: 0.46493333320674585
Maximum Pen Distance: 0.7387271867569097
Average Dog Distance: 0.6000028083242679
Maximum Dog Distance: 0.7579083886405026
Average Sheep Distance: 0.3082731543415567
Maximum Sheep Distance: 0.37864195871549766
Elapsed Time: 4m 39s
********** 79 **********
Average Fitness: 0.06399999999999999
Maximum Fitness: 0.3
Average Pen Distance: 0.45444196265210607
Maximum Pen Distance: 0.648401258081757
Average Dog Distance: 0.6030161859332586
Maximum Dog Distance: 0.8057242161495556
Average Sheep Distance: 0.31132990525627785
Maximum Sheep Distance: 0.39536707318704295
Elapsed Time: 3m 46s
********** 80 **********
Average Fitness: 0.05933333333333332
Maximum Fitness: 0.3333333333333333
Average Pen Distance: 0.46441309790501273
Maximum Pen Distance: 0.7201388704321189
Average Dog Distance: 0.6189372822727638
Maximum Dog Distance: 0.7951713321649816
Average Sheep Distance: 0.3107012174666301
Maximum Sheep Distance: 0.3973511099354512
Elapsed Time: 4m 1s
********** 81 **********
Average Fitness: 0.04699999999999999
Maximum Fitness: 0.26666666666666666
Average Pen Distance: 0.4470286494564013
Maximum Pen Distance: 0.6644197357183762
Average Dog Distance: 0.5997646120002069
Maximum Dog Distance: 0.773858974211879
Average Sheep Distance: 0.3066676588952837
Maximum Sheep Distance: 0.402552143680406
Elapsed Time: 4m 4s
********** 82 **********
Average Fitness: 0.05199999999999999
Maximum Fitness: 0.26666666666666666
Average Pen Distance: 0.4591994152270801
Maximum Pen Distance: 0.6427232627431928
Average Dog Distance: 0.6121481220440207
Maximum Dog Distance: 0.7780950604174158
Average Sheep Distance: 0.3090513847823948
Maximum Sheep Distance: 0.38791057390598693
Elapsed Time: 3m 54s
********** 83 **********
Average Fitness: 0.06566666666666666
Maximum Fitness: 0.2333333333333333
Average Pen Distance: 0.4396573129991733
Maximum Pen Distance: 0.7418742155300805
Average Dog Distance: 0.610278812686783
Maximum Dog Distance: 0.7713580364443117
Average Sheep Distance: 0.31041070407281685
Maximum Sheep Distance: 0.4114266053801126
Elapsed Time: 4m 22s
********** 84 **********
Average Fitness: 0.06433333333333334
Maximum Fitness: 0.26666666666666666
Average Pen Distance: 0.43910391626621953
Maximum Pen Distance: 0.7189429022484228
Average Dog Distance: 0.6094304664234684
Maximum Dog Distance: 0.7950174776174285
Average Sheep Distance: 0.3088536833664879
Maximum Sheep Distance: 0.38252420985469787
Elapsed Time: 3m 58s
********** 85 **********
Average Fitness: 0.052666666666666674
Maximum Fitness: 0.26666666666666666
Average Pen Distance: 0.42609709680982527
Maximum Pen Distance: 0.7019241508211788
Average Dog Distance: 0.5982644120688592
Maximum Dog Distance: 0.7486255499521922
Average Sheep Distance: 0.311302778986614
Maximum Sheep Distance: 0.4200075995475164
Elapsed Time: 4m 21s
********** 86 **********
Average Fitness: 0.06166666666666666
Maximum Fitness: 0.26666666666666666
Average Pen Distance: 0.43120775592092564
Maximum Pen Distance: 0.7098575328197224
Average Dog Distance: 0.6165440946384656
Maximum Dog Distance: 0.7823478746176051
Average Sheep Distance: 0.30811035840200124
Maximum Sheep Distance: 0.37772402549505707
Elapsed Time: 4m 26s
********** 87 **********
Average Fitness: 0.05866666666666665
Maximum Fitness: 0.3333333333333333
Average Pen Distance: 0.4393802955138111
Maximum Pen Distance: 0.7922858910321557
Average Dog Distance: 0.6124282959138878
Maximum Dog Distance: 0.8181114372861565
Average Sheep Distance: 0.30993590059339365
Maximum Sheep Distance: 0.40305536199471165
Elapsed Time: 4m 3s
********** 88 **********
Average Fitness: 0.067
Maximum Fitness: 0.3
Average Pen Distance: 0.41889386418395064
Maximum Pen Distance: 0.8104602472917155
Average Dog Distance: 0.5994835261546533
Maximum Dog Distance: 0.7958511468163444
Average Sheep Distance: 0.30424688448044296
Maximum Sheep Distance: 0.39364258778847966
Elapsed Time: 4m 15s
********** 89 **********
Average Fitness: 0.05399999999999999
Maximum Fitness: 0.26666666666666666
Average Pen Distance: 0.4479129299937617
Maximum Pen Distance: 0.7572974045210378
Average Dog Distance: 0.6023163670325258
Maximum Dog Distance: 0.7590929900773401
Average Sheep Distance: 0.3047187701548403
Maximum Sheep Distance: 0.37251678928529247
Elapsed Time: 4m 6s
********** 90 **********
Average Fitness: 0.06299999999999999
Maximum Fitness: 0.26666666666666666
Average Pen Distance: 0.4475479083612056
Maximum Pen Distance: 0.7225171652082562
Average Dog Distance: 0.6049397572164892
Maximum Dog Distance: 0.770101705549818
Average Sheep Distance: 0.30735783584365817
Maximum Sheep Distance: 0.3760008317478836
Elapsed Time: 4m 18s
********** 91 **********
Average Fitness: 0.06033333333333334
Maximum Fitness: 0.3333333333333333
Average Pen Distance: 0.46454676102422504
Maximum Pen Distance: 0.8184156025026987
Average Dog Distance: 0.6091236864441297
Maximum Dog Distance: 0.7765767372410651
Average Sheep Distance: 0.3108933446609855
Maximum Sheep Distance: 0.42343197228029544
Elapsed Time: 4m 37s
********** 92 **********
Average Fitness: 0.056666666666666664
Maximum Fitness: 0.26666666666666666
Average Pen Distance: 0.4807441905937308
Maximum Pen Distance: 0.7699943975150739
Average Dog Distance: 0.6090984971609832
Maximum Dog Distance: 0.7526084818892856
Average Sheep Distance: 0.3103114269383147
Maximum Sheep Distance: 0.4028229315775695
Elapsed Time: 4m 10s
********** 93 **********
Average Fitness: 0.061
Maximum Fitness: 0.3666666666666667
Average Pen Distance: 0.45312668383180066
Maximum Pen Distance: 0.6895986711346712
Average Dog Distance: 0.5973327192509669
Maximum Dog Distance: 0.7964387076359762
Average Sheep Distance: 0.3107729264481051
Maximum Sheep Distance: 0.39118083038039697
Elapsed Time: 4m 18s
********** 94 **********
Average Fitness: 0.054333333333333324
Maximum Fitness: 0.2333333333333333
Average Pen Distance: 0.4797260170498565
Maximum Pen Distance: 0.8166629030697056
Average Dog Distance: 0.6163353506688716
Maximum Dog Distance: 0.7827489695521911
Average Sheep Distance: 0.30366708651484203
Maximum Sheep Distance: 0.3980058403525497
Elapsed Time: 4m 5s
********** 95 **********
Average Fitness: 0.057333333333333326
Maximum Fitness: 0.2333333333333333
Average Pen Distance: 0.4633986353088101
Maximum Pen Distance: 0.7227660020637771
Average Dog Distance: 0.5970693637531562
Maximum Dog Distance: 0.7564996760278454
Average Sheep Distance: 0.3073677516360848
Maximum Sheep Distance: 0.3900190669459079
Elapsed Time: 4m 16s
********** 96 **********
Average Fitness: 0.05466666666666667
Maximum Fitness: 0.16666666666666666
Average Pen Distance: 0.4665706872624654
Maximum Pen Distance: 0.7958568239358415
Average Dog Distance: 0.6031272274016451
Maximum Dog Distance: 0.7838453505874647
Average Sheep Distance: 0.3060588060026413
Maximum Sheep Distance: 0.44534508794897415
Elapsed Time: 4m 42s
********** 97 **********
Average Fitness: 0.059
Maximum Fitness: 0.26666666666666666
Average Pen Distance: 0.4536031548500754
Maximum Pen Distance: 0.7431365544047512
Average Dog Distance: 0.6077688141044935
Maximum Dog Distance: 0.8061743478431542
Average Sheep Distance: 0.3098559752837601
Maximum Sheep Distance: 0.3869085374898182
Elapsed Time: 3m 56s
********** 98 **********
Average Fitness: 0.06
Maximum Fitness: 0.3333333333333333
Average Pen Distance: 0.46729519466060326
Maximum Pen Distance: 0.7287508808736604
Average Dog Distance: 0.6121573937511843
Maximum Dog Distance: 0.8239270546345044
Average Sheep Distance: 0.31390782726607946
Maximum Sheep Distance: 0.3855506320065826
Elapsed Time: 3m 56s
********** 99 **********
Average Fitness: 0.06966666666666667
Maximum Fitness: 0.3333333333333333
Average Pen Distance: 0.4523165916685589
Maximum Pen Distance: 0.7156462240970424
Average Dog Distance: 0.6075026721317305
Maximum Dog Distance: 0.7676459012780104
Average Sheep Distance: 0.3164923570209805
Maximum Sheep Distance: 0.45777354321866043
Elapsed Time: 4m 28s
********** 100 **********
Average Fitness: 0.056999999999999995
Maximum Fitness: 0.23333333333333336
Average Pen Distance: 0.45258507180564067
Maximum Pen Distance: 0.7325856480790591
Average Dog Distance: 0.5918229992555161
Maximum Dog Distance: 0.7443974092048729
Average Sheep Distance: 0.31363462017378935
Maximum Sheep Distance: 0.4078672177119393
Elapsed Time: 4m 31s
