********** 1 **********
Average Fitness: 0.12166666666666666
Maximum Fitness: 0.3333333333333333
Average Pen Distance: 0.44620844593802805
Maximum Pen Distance: 0.6458795149933058
Average Dog Distance: 0.5905404711167315
Maximum Dog Distance: 0.7551067669863497
Average Sheep Distance: 0.2920251111673715
Maximum Sheep Distance: 0.40822846551356595
Elapsed Time: 2m 53s
********** 65 **********
Average Fitness: 0.04933333333333333
Maximum Fitness: 0.26666666666666666
Average Pen Distance: 0.5501504422408451
Maximum Pen Distance: 0.7823085212090275
Average Dog Distance: 0.638176082559647
Maximum Dog Distance: 0.8272352607448553
Average Sheep Distance: 0.3218381240441367
Maximum Sheep Distance: 0.40900220703633045
Elapsed Time: 2m 33s
********** 3 **********
Average Fitness: 0.11466666666666667
Maximum Fitness: 0.43333333333333335
Average Pen Distance: 0.45470395153305665
Maximum Pen Distance: 0.6253755455203673
Average Dog Distance: 0.593113152673739
Maximum Dog Distance: 0.7447259474352235
Average Sheep Distance: 0.29490482013562197
Maximum Sheep Distance: 0.43447592244862454
Elapsed Time: 2m 48s
********** 66 **********
Average Fitness: 0.11299999999999999
Maximum Fitness: 0.36666666666666664
Average Pen Distance: 0.45480988583606374
Maximum Pen Distance: 0.6496997078794282
Average Dog Distance: 0.5973914152042417
Maximum Dog Distance: 0.7611225518953431
Average Sheep Distance: 0.2912119342829358
Maximum Sheep Distance: 0.3770017802499439
Elapsed Time: 2m 43s
********** 67 **********
Average Fitness: 0.11533333333333333
Maximum Fitness: 0.3
Average Pen Distance: 0.4606611916186779
Maximum Pen Distance: 0.7099232395609348
Average Dog Distance: 0.6006680056420375
Maximum Dog Distance: 0.73831553997802
Average Sheep Distance: 0.2953028661407288
Maximum Sheep Distance: 0.36406185264354046
Elapsed Time: 2m 35s
********** 68 **********
Average Fitness: 0.12899999999999998
Maximum Fitness: 0.3666666666666667
Average Pen Distance: 0.43388233389802766
Maximum Pen Distance: 0.7006668662086092
Average Dog Distance: 0.5862461569371389
Maximum Dog Distance: 0.7355844390706777
Average Sheep Distance: 0.2944119676979386
Maximum Sheep Distance: 0.4253020315848557
Elapsed Time: 2m 36s
********** 69 **********
Average Fitness: 0.14533333333333331
Maximum Fitness: 0.4000000000000001
Average Pen Distance: 0.43403521646689586
Maximum Pen Distance: 0.6554666098029694
Average Dog Distance: 0.5926002314627783
Maximum Dog Distance: 0.7257680977006217
Average Sheep Distance: 0.29701891504859584
Maximum Sheep Distance: 0.3888620371807791
Elapsed Time: 2m 32s
********** 70 **********
Average Fitness: 0.1343333333333333
Maximum Fitness: 0.39999999999999997
Average Pen Distance: 0.4291149760808846
Maximum Pen Distance: 0.5735733195325041
Average Dog Distance: 0.5943531476931758
Maximum Dog Distance: 0.7012425291074406
Average Sheep Distance: 0.29545100453936557
Maximum Sheep Distance: 0.3921093392793346
Elapsed Time: 2m 33s
********** 71 **********
Average Fitness: 0.14566666666666667
Maximum Fitness: 0.43333333333333335
Average Pen Distance: 0.4275613137291533
Maximum Pen Distance: 0.6318461703029916
Average Dog Distance: 0.5934294044531392
Maximum Dog Distance: 0.7570975316125995
Average Sheep Distance: 0.29335355565658977
Maximum Sheep Distance: 0.3944348404494684
Elapsed Time: 2m 42s
********** 72 **********
Average Fitness: 0.13266666666666665
Maximum Fitness: 0.3666666666666667
Average Pen Distance: 0.42644795334209157
Maximum Pen Distance: 0.7851490089140549
Average Dog Distance: 0.5825765227568833
Maximum Dog Distance: 0.7030201290793272
Average Sheep Distance: 0.2882276737765097
Maximum Sheep Distance: 0.37803688816531644
Elapsed Time: 2m 41s
********** 73 **********
Average Fitness: 0.12999999999999998
Maximum Fitness: 0.43333333333333335
Average Pen Distance: 0.42429932001516973
Maximum Pen Distance: 0.6776202753607675
Average Dog Distance: 0.5841121750761825
Maximum Dog Distance: 0.691773051550807
Average Sheep Distance: 0.2956579001539111
Maximum Sheep Distance: 0.4057069785210858
Elapsed Time: 2m 33s
********** 74 **********
Average Fitness: 0.14233333333333337
Maximum Fitness: 0.39999999999999997
Average Pen Distance: 0.41722757815483663
Maximum Pen Distance: 0.6011780457604329
Average Dog Distance: 0.5904613890720517
Maximum Dog Distance: 0.7157221404303974
Average Sheep Distance: 0.2885174355724596
Maximum Sheep Distance: 0.4012942930646631
Elapsed Time: 2m 40s
********** 75 **********
Average Fitness: 0.149
Maximum Fitness: 0.46666666666666673
Average Pen Distance: 0.4039119548269386
Maximum Pen Distance: 0.5768903378064397
Average Dog Distance: 0.5908629445403433
Maximum Dog Distance: 0.7322673329048875
Average Sheep Distance: 0.29349165660166976
Maximum Sheep Distance: 0.3748260876537408
Elapsed Time: 2m 42s
********** 76 **********
Average Fitness: 0.13566666666666666
Maximum Fitness: 0.3666666666666667
Average Pen Distance: 0.4183498115429192
Maximum Pen Distance: 0.7560160986793871
Average Dog Distance: 0.596977808234029
Maximum Dog Distance: 0.6963771379761919
Average Sheep Distance: 0.29447505317542183
Maximum Sheep Distance: 0.3926218162773523
Elapsed Time: 2m 28s
********** 77 **********
Average Fitness: 0.13199999999999998
Maximum Fitness: 0.3333333333333333
Average Pen Distance: 0.4119564252074074
Maximum Pen Distance: 0.5858678730030796
Average Dog Distance: 0.5934642387866509
Maximum Dog Distance: 0.7306233359702867
Average Sheep Distance: 0.2862945579236471
Maximum Sheep Distance: 0.387722037666211
Elapsed Time: 2m 34s
********** 78 **********
Average Fitness: 0.13999999999999999
Maximum Fitness: 0.3666666666666667
Average Pen Distance: 0.4181792754628683
Maximum Pen Distance: 0.5972174755197727
Average Dog Distance: 0.5963992711343072
Maximum Dog Distance: 0.69909977248771
Average Sheep Distance: 0.29455221594118997
Maximum Sheep Distance: 0.4010459105925525
Elapsed Time: 2m 37s
********** 79 **********
Average Fitness: 0.12166666666666665
Maximum Fitness: 0.3333333333333333
Average Pen Distance: 0.4236156496684337
Maximum Pen Distance: 0.6233731941855823
Average Dog Distance: 0.5972132760066523
Maximum Dog Distance: 0.7342254891736517
Average Sheep Distance: 0.2908624852064195
Maximum Sheep Distance: 0.4196808835026036
Elapsed Time: 2m 32s
********** 80 **********
Average Fitness: 0.14366666666666666
Maximum Fitness: 0.3666666666666667
Average Pen Distance: 0.42991669694174367
Maximum Pen Distance: 0.5832507637476062
Average Dog Distance: 0.5976781554308623
Maximum Dog Distance: 0.7424176778591303
Average Sheep Distance: 0.292772823423533
Maximum Sheep Distance: 0.40315645293210106
Elapsed Time: 2m 33s
********** 81 **********
Average Fitness: 0.144
Maximum Fitness: 0.3333333333333333
Average Pen Distance: 0.4316373297686165
Maximum Pen Distance: 0.627763744072179
Average Dog Distance: 0.603646479539763
Maximum Dog Distance: 0.7495944711915811
Average Sheep Distance: 0.2903343081692341
Maximum Sheep Distance: 0.3713523368616969
Elapsed Time: 2m 37s
********** 82 **********
Average Fitness: 0.13466666666666666
Maximum Fitness: 0.4000000000000001
Average Pen Distance: 0.4323236306258532
Maximum Pen Distance: 0.6208412448752682
Average Dog Distance: 0.5964448168803356
Maximum Dog Distance: 0.6926395035635252
Average Sheep Distance: 0.2885444551174875
Maximum Sheep Distance: 0.3567450220534773
Elapsed Time: 2m 35s
********** 83 **********
Average Fitness: 0.14066666666666666
Maximum Fitness: 0.3666666666666667
Average Pen Distance: 0.4434254986933334
Maximum Pen Distance: 0.6266611670438537
Average Dog Distance: 0.6036297463651487
Maximum Dog Distance: 0.7328835256078811
Average Sheep Distance: 0.28440975145794223
Maximum Sheep Distance: 0.3580088142294789
Elapsed Time: 2m 31s
********** 84 **********
Average Fitness: 0.14366666666666666
Maximum Fitness: 0.3666666666666667
Average Pen Distance: 0.4558260439461012
Maximum Pen Distance: 0.6939926844503495
Average Dog Distance: 0.6130167840472712
Maximum Dog Distance: 0.7115659226161356
Average Sheep Distance: 0.2842880172217424
Maximum Sheep Distance: 0.39776686703885394
Elapsed Time: 2m 28s
********** 85 **********
Average Fitness: 0.139
Maximum Fitness: 0.43333333333333335
Average Pen Distance: 0.4422244059077039
Maximum Pen Distance: 0.5870162411408869
Average Dog Distance: 0.6119051291724773
Maximum Dog Distance: 0.7289978387782549
Average Sheep Distance: 0.2831785240518602
Maximum Sheep Distance: 0.382463022664371
Elapsed Time: 2m 30s
********** 86 **********
Average Fitness: 0.13566666666666666
Maximum Fitness: 0.3666666666666667
Average Pen Distance: 0.4465400691076878
Maximum Pen Distance: 0.6168785603724709
Average Dog Distance: 0.6063471295987488
Maximum Dog Distance: 0.7331447901046122
Average Sheep Distance: 0.2825204686666782
Maximum Sheep Distance: 0.40090141679879526
Elapsed Time: 2m 25s
********** 87 **********
Average Fitness: 0.13799999999999998
Maximum Fitness: 0.43333333333333335
Average Pen Distance: 0.44646954714675735
Maximum Pen Distance: 0.5836957904342129
Average Dog Distance: 0.6054466365579804
Maximum Dog Distance: 0.7069359591568679
Average Sheep Distance: 0.2857007654743519
Maximum Sheep Distance: 0.40240829282720153
Elapsed Time: 2m 22s
********** 88 **********
Average Fitness: 0.12899999999999998
Maximum Fitness: 0.3333333333333333
Average Pen Distance: 0.4507447542345465
Maximum Pen Distance: 0.5993272074206505
Average Dog Distance: 0.6075885662477188
Maximum Dog Distance: 0.7545804600292186
Average Sheep Distance: 0.28376300709176894
Maximum Sheep Distance: 0.38230565958620133
Elapsed Time: 2m 28s
********** 89 **********
Average Fitness: 0.13
Maximum Fitness: 0.4000000000000001
Average Pen Distance: 0.4421982269194719
Maximum Pen Distance: 0.5806044803492999
Average Dog Distance: 0.6031263868786683
Maximum Dog Distance: 0.7283513524517131
Average Sheep Distance: 0.28050568582906454
Maximum Sheep Distance: 0.39063371456313356
Elapsed Time: 2m 32s
********** 90 **********
Average Fitness: 0.14766666666666667
Maximum Fitness: 0.4000000000000001
Average Pen Distance: 0.43792202008859177
Maximum Pen Distance: 0.5976491274102101
Average Dog Distance: 0.6000121782968152
Maximum Dog Distance: 0.7071617171697127
Average Sheep Distance: 0.2866422693899121
Maximum Sheep Distance: 0.39427855437750264
Elapsed Time: 2m 34s
********** 91 **********
