nproc is 1
cnode0184.cm.cluster
********** 48 **********
Average Fitness: 0.12733333333333335
Maximum Fitness: 0.3166666666666667
Average Pen Distance: 0.49282832053729075
Maximum Pen Distance: 0.6534362373235675
Average Dog Distance: 0.7303456299193638
Maximum Dog Distance: 0.896140613466662
Average Sheep Distance: 0.18031913331575428
Maximum Sheep Distance: 0.2748113234409504
Elapsed Time: 5m 44s
********** 49 **********
Average Fitness: 0.12766666666666665
Maximum Fitness: 0.2833333333333334
Average Pen Distance: 0.5032750453366981
Maximum Pen Distance: 0.7632312638274206
Average Dog Distance: 0.7292104765389792
Maximum Dog Distance: 0.8598641394730878
Average Sheep Distance: 0.17517507098100676
Maximum Sheep Distance: 0.2909935026456056
Elapsed Time: 5m 37s
********** 50 **********
Average Fitness: 0.13049999999999998
Maximum Fitness: 0.3
Average Pen Distance: 0.4870508797224873
Maximum Pen Distance: 0.7291099474585492
Average Dog Distance: 0.7265841128945557
Maximum Dog Distance: 0.8639223744949381
Average Sheep Distance: 0.17478273806547823
Maximum Sheep Distance: 0.2747075240217833
Elapsed Time: 5m 42s
********** 51 **********
Average Fitness: 0.12966666666666665
Maximum Fitness: 0.3333333333333333
Average Pen Distance: 0.5113623437831486
Maximum Pen Distance: 0.7686469743026542
Average Dog Distance: 0.7423244430054818
Maximum Dog Distance: 0.9283938690316389
Average Sheep Distance: 0.1761022777829717
Maximum Sheep Distance: 0.27317051002344045
Elapsed Time: 5m 44s
********** 52 **********
Average Fitness: 0.13550000000000004
Maximum Fitness: 0.2833333333333334
Average Pen Distance: 0.5112727021397943
Maximum Pen Distance: 0.7798567590460559
Average Dog Distance: 0.7302808768472003
Maximum Dog Distance: 0.9058357475563156
Average Sheep Distance: 0.17123185453760084
Maximum Sheep Distance: 0.2977606012631389
Elapsed Time: 5m 35s
********** 53 **********
Average Fitness: 0.13633333333333333
Maximum Fitness: 0.2833333333333334
Average Pen Distance: 0.5235721989127252
Maximum Pen Distance: 0.7610782713965348
Average Dog Distance: 0.7421234777714315
Maximum Dog Distance: 0.9078380695534743
Average Sheep Distance: 0.1651194386865827
Maximum Sheep Distance: 0.27036516504360303
Elapsed Time: 5m 40s
********** 54 **********
Average Fitness: 0.14633333333333332
Maximum Fitness: 0.3
Average Pen Distance: 0.5203173190704874
Maximum Pen Distance: 0.7384514667625784
Average Dog Distance: 0.7349581650926433
Maximum Dog Distance: 0.8359193011384743
Average Sheep Distance: 0.16157093910719983
Maximum Sheep Distance: 0.303030748772522
Elapsed Time: 5m 36s
********** 55 **********
Average Fitness: 0.1475
Maximum Fitness: 0.3
Average Pen Distance: 0.5160312317362404
Maximum Pen Distance: 0.7034898903299962
Average Dog Distance: 0.7247811647659006
Maximum Dog Distance: 0.8699829524654793
Average Sheep Distance: 0.16283747954523803
Maximum Sheep Distance: 0.3442304134445044
Elapsed Time: 5m 48s
********** 56 **********
Average Fitness: 0.15083333333333335
Maximum Fitness: 0.3499999999999999
Average Pen Distance: 0.5027720863709493
Maximum Pen Distance: 0.6531860093979417
Average Dog Distance: 0.7317492277888341
Maximum Dog Distance: 0.8904319623904507
Average Sheep Distance: 0.15931548639433976
Maximum Sheep Distance: 0.25149908987597586
Elapsed Time: 5m 34s
********** 57 **********
Average Fitness: 0.13433333333333336
Maximum Fitness: 0.3
Average Pen Distance: 0.49588110125556634
Maximum Pen Distance: 0.73496771353784
Average Dog Distance: 0.7299679341911691
Maximum Dog Distance: 0.8919768186582399
Average Sheep Distance: 0.16815042216564502
Maximum Sheep Distance: 0.280167858040563
Elapsed Time: 5m 46s
********** 58 **********
Average Fitness: 0.14350000000000002
Maximum Fitness: 0.31666666666666665
Average Pen Distance: 0.4919454647107663
Maximum Pen Distance: 0.735797275651609
Average Dog Distance: 0.7329182522318826
Maximum Dog Distance: 0.8783148207111124
Average Sheep Distance: 0.16503263832305823
Maximum Sheep Distance: 0.2935707095355668
Elapsed Time: 5m 39s
********** 59 **********
Average Fitness: 0.14416666666666667
Maximum Fitness: 0.35000000000000003
Average Pen Distance: 0.5032906419317587
Maximum Pen Distance: 0.7631905835848379
Average Dog Distance: 0.7448113475089876
Maximum Dog Distance: 0.9048283819309519
Average Sheep Distance: 0.16794845275195808
Maximum Sheep Distance: 0.27239557191744607
Elapsed Time: 5m 43s
********** 60 **********
Average Fitness: 0.13749999999999998
Maximum Fitness: 0.2833333333333333
Average Pen Distance: 0.5065677458673578
Maximum Pen Distance: 0.7218979257834329
Average Dog Distance: 0.7484839027411543
Maximum Dog Distance: 0.902760229398485
Average Sheep Distance: 0.1646259572195714
Maximum Sheep Distance: 0.2866822635850185
Elapsed Time: 5m 46s
********** 61 **********
Average Fitness: 0.1405
Maximum Fitness: 0.3166666666666667
Average Pen Distance: 0.5129608280563089
Maximum Pen Distance: 0.7928959722850454
Average Dog Distance: 0.7521130671645356
Maximum Dog Distance: 0.9101219190230792
Average Sheep Distance: 0.17339186157532283
Maximum Sheep Distance: 0.33597709511685875
Elapsed Time: 5m 53s
********** 62 **********
Average Fitness: 0.14983333333333332
Maximum Fitness: 0.3333333333333333
Average Pen Distance: 0.49421727181901126
Maximum Pen Distance: 0.7804436759219285
Average Dog Distance: 0.7533937415840746
Maximum Dog Distance: 0.8895390029700626
Average Sheep Distance: 0.16287653876243652
Maximum Sheep Distance: 0.27467901599499517
Elapsed Time: 5m 40s
********** 63 **********
Average Fitness: 0.1515
Maximum Fitness: 0.3
Average Pen Distance: 0.5081857726424901
Maximum Pen Distance: 0.772340073785618
Average Dog Distance: 0.7647184975343602
Maximum Dog Distance: 0.8823514514607282
Average Sheep Distance: 0.15930857302315976
Maximum Sheep Distance: 0.3386234895618103
Elapsed Time: 5m 37s
********** 64 **********
Average Fitness: 0.16083333333333333
Maximum Fitness: 0.35000000000000003
Average Pen Distance: 0.503962574943043
Maximum Pen Distance: 0.6171805982667454
Average Dog Distance: 0.7779409325000874
Maximum Dog Distance: 0.8955558815503286
Average Sheep Distance: 0.16062365579793375
Maximum Sheep Distance: 0.2654008931788079
Elapsed Time: 5m 34s
********** 65 **********
Average Fitness: 0.15166666666666667
Maximum Fitness: 0.3333333333333333
Average Pen Distance: 0.49279585933917325
Maximum Pen Distance: 0.796464522006363
Average Dog Distance: 0.7749220879063707
Maximum Dog Distance: 0.9083993045241628
Average Sheep Distance: 0.16166962397158952
Maximum Sheep Distance: 0.30620002789477896
Elapsed Time: 5m 35s
********** 66 **********
Average Fitness: 0.14750000000000002
Maximum Fitness: 0.3833333333333333
Average Pen Distance: 0.48685039278515824
Maximum Pen Distance: 0.8426853551836087
Average Dog Distance: 0.7629381348629409
Maximum Dog Distance: 0.9002493977525651
Average Sheep Distance: 0.16041427370714215
Maximum Sheep Distance: 0.3451285477486656
Elapsed Time: 5m 56s
********** 67 **********
Average Fitness: 0.15866666666666668
Maximum Fitness: 0.3166666666666667
Average Pen Distance: 0.4921070374329473
Maximum Pen Distance: 0.6361423325141528
Average Dog Distance: 0.764949211128784
Maximum Dog Distance: 0.9096180997394095
Average Sheep Distance: 0.16017017545385856
Maximum Sheep Distance: 0.2736854828874058
Elapsed Time: 5m 39s
********** 68 **********
Average Fitness: 0.16683333333333333
Maximum Fitness: 0.35000000000000003
Average Pen Distance: 0.4867091139199558
Maximum Pen Distance: 0.7618348126244824
Average Dog Distance: 0.768377422970173
Maximum Dog Distance: 0.9571887906088182
Average Sheep Distance: 0.1571742544490941
Maximum Sheep Distance: 0.32845311684428863
Elapsed Time: 5m 35s
********** 69 **********
Average Fitness: 0.17066666666666666
Maximum Fitness: 0.3333333333333333
Average Pen Distance: 0.49529850234878386
Maximum Pen Distance: 0.6413413145486423
Average Dog Distance: 0.7564171669330867
Maximum Dog Distance: 0.8834426196766177
Average Sheep Distance: 0.15091479189138957
Maximum Sheep Distance: 0.26910754994018654
Elapsed Time: 5m 31s
********** 70 **********
Average Fitness: 0.1701666666666667
Maximum Fitness: 0.3666666666666667
Average Pen Distance: 0.483114437344635
Maximum Pen Distance: 0.6484223617673729
Average Dog Distance: 0.7715871878879932
Maximum Dog Distance: 0.8905794055179213
Average Sheep Distance: 0.148495865037666
Maximum Sheep Distance: 0.28309271970727823
Elapsed Time: 5m 40s
********** 71 **********
Average Fitness: 0.17550000000000004
Maximum Fitness: 0.39999999999999997
Average Pen Distance: 0.48588282793521304
Maximum Pen Distance: 0.7817135608561369
Average Dog Distance: 0.7628978144349644
Maximum Dog Distance: 0.8937903232817068
Average Sheep Distance: 0.1554862260381863
Maximum Sheep Distance: 0.31434569054813144
Elapsed Time: 5m 35s
********** 72 **********
Average Fitness: 0.17366666666666666
Maximum Fitness: 0.3333333333333333
Average Pen Distance: 0.5049136763197898
Maximum Pen Distance: 0.7473167069961231
Average Dog Distance: 0.7672027754189403
Maximum Dog Distance: 0.90447243830386
Average Sheep Distance: 0.15365218436803257
Maximum Sheep Distance: 0.2637501923922196
Elapsed Time: 5m 32s
********** 73 **********
Average Fitness: 0.18716666666666668
Maximum Fitness: 0.43333333333333335
Average Pen Distance: 0.5093795421118865
Maximum Pen Distance: 0.7596873122370144
Average Dog Distance: 0.7733974092783862
Maximum Dog Distance: 0.9251138761065025
Average Sheep Distance: 0.15357969115633893
Maximum Sheep Distance: 0.2901874416746789
Elapsed Time: 5m 44s
********** 74 **********
Average Fitness: 0.17733333333333332
Maximum Fitness: 0.3666666666666667
Average Pen Distance: 0.5083962367021414
Maximum Pen Distance: 0.7072233048086224
Average Dog Distance: 0.7750912015232128
Maximum Dog Distance: 0.9080871883732166
Average Sheep Distance: 0.14417584697947758
Maximum Sheep Distance: 0.2710951680646327
Elapsed Time: 5m 40s
********** 75 **********
Average Fitness: 0.1733333333333333
Maximum Fitness: 0.4333333333333333
Average Pen Distance: 0.5069684343556066
Maximum Pen Distance: 0.808391196226213
Average Dog Distance: 0.7539723600523389
Maximum Dog Distance: 0.9319520653051168
Average Sheep Distance: 0.16072150562116463
Maximum Sheep Distance: 0.29560338176554635
Elapsed Time: 5m 31s
********** 76 **********
Average Fitness: 0.17766666666666667
Maximum Fitness: 0.4000000000000001
Average Pen Distance: 0.510297043597263
Maximum Pen Distance: 0.7320980608757911
Average Dog Distance: 0.7621164384272521
Maximum Dog Distance: 0.877382380020819
Average Sheep Distance: 0.15537017995461094
Maximum Sheep Distance: 0.2828726073441921
Elapsed Time: 5m 37s
********** 77 **********
Average Fitness: 0.17316666666666666
Maximum Fitness: 0.3499999999999999
Average Pen Distance: 0.5187008701947865
Maximum Pen Distance: 0.7203643141724726
Average Dog Distance: 0.7545898707312891
Maximum Dog Distance: 0.8854793023556938
Average Sheep Distance: 0.15636699901242904
Maximum Sheep Distance: 0.2706472472109929
Elapsed Time: 5m 38s
********** 78 **********
Average Fitness: 0.18333333333333332
Maximum Fitness: 0.3666666666666667
Average Pen Distance: 0.5178943954019141
Maximum Pen Distance: 0.6687772759630445
Average Dog Distance: 0.7576422706576487
Maximum Dog Distance: 0.8858570477568057
Average Sheep Distance: 0.15124634465774378
Maximum Sheep Distance: 0.28429962442689866
Elapsed Time: 5m 35s
********** 79 **********
Average Fitness: 0.18866666666666668
Maximum Fitness: 0.3833333333333333
Average Pen Distance: 0.5234146532151189
Maximum Pen Distance: 0.7124415667966559
Average Dog Distance: 0.7722692659938839
Maximum Dog Distance: 0.8855097448274528
Average Sheep Distance: 0.1500866795035018
Maximum Sheep Distance: 0.2553733590670797
Elapsed Time: 5m 34s
********** 80 **********
Average Fitness: 0.18550000000000005
Maximum Fitness: 0.4166666666666667
Average Pen Distance: 0.5139413911541246
Maximum Pen Distance: 0.710851247813046
Average Dog Distance: 0.7578837619832717
Maximum Dog Distance: 0.8896389067109333
Average Sheep Distance: 0.15489645274873629
Maximum Sheep Distance: 0.2910967586876369
Elapsed Time: 5m 31s
********** 81 **********
Average Fitness: 0.1886666666666667
Maximum Fitness: 0.4000000000000001
Average Pen Distance: 0.5148626136267376
Maximum Pen Distance: 0.7435171188996844
Average Dog Distance: 0.7651943719228368
Maximum Dog Distance: 0.8838564804845012
Average Sheep Distance: 0.1490822311773398
Maximum Sheep Distance: 0.25103774197420975
Elapsed Time: 5m 43s
********** 82 **********
Average Fitness: 0.1975
Maximum Fitness: 0.45
Average Pen Distance: 0.5114074181991775
Maximum Pen Distance: 0.7285224946383471
Average Dog Distance: 0.7618037053545912
Maximum Dog Distance: 0.9262337241904728
Average Sheep Distance: 0.14990389627925324
Maximum Sheep Distance: 0.2561750911794957
Elapsed Time: 5m 42s
********** 83 **********
Average Fitness: 0.20249999999999996
Maximum Fitness: 0.4000000000000001
Average Pen Distance: 0.5047293499110768
Maximum Pen Distance: 0.7254884941764986
Average Dog Distance: 0.7543640611570532
Maximum Dog Distance: 0.9505790587934362
Average Sheep Distance: 0.1472317096310597
Maximum Sheep Distance: 0.3172418478195056
Elapsed Time: 5m 33s
********** 84 **********
Average Fitness: 0.20866666666666664
Maximum Fitness: 0.3666666666666667
Average Pen Distance: 0.49514932764958774
Maximum Pen Distance: 0.8073464860466478
Average Dog Distance: 0.7483021754601249
Maximum Dog Distance: 0.9185365856892052
Average Sheep Distance: 0.14578996478382095
Maximum Sheep Distance: 0.282683735221594
Elapsed Time: 5m 32s
********** 85 **********
Average Fitness: 0.2001666666666667
Maximum Fitness: 0.4000000000000001
Average Pen Distance: 0.48919106092216424
Maximum Pen Distance: 0.7000302882117598
Average Dog Distance: 0.7544454099598663
Maximum Dog Distance: 0.9141107493319884
Average Sheep Distance: 0.15074214833236105
Maximum Sheep Distance: 0.2740913007558417
Elapsed Time: 5m 36s
********** 86 **********
Average Fitness: 0.19433333333333336
Maximum Fitness: 0.4166666666666667
Average Pen Distance: 0.4977032980415879
Maximum Pen Distance: 0.6752121964685859
Average Dog Distance: 0.7560500635676537
Maximum Dog Distance: 0.9052218032231419
Average Sheep Distance: 0.145224822177714
Maximum Sheep Distance: 0.28321117117104994
Elapsed Time: 5m 38s
********** 87 **********
Average Fitness: 0.18833333333333338
Maximum Fitness: 0.3666666666666667
Average Pen Distance: 0.4961893732141737
Maximum Pen Distance: 0.626900855416357
Average Dog Distance: 0.7460570319644829
Maximum Dog Distance: 0.8964904205142866
Average Sheep Distance: 0.14668317634302216
Maximum Sheep Distance: 0.2559970885192467
Elapsed Time: 5m 37s
********** 88 **********
Average Fitness: 0.20166666666666663
Maximum Fitness: 0.3666666666666667
Average Pen Distance: 0.4966684802147898
Maximum Pen Distance: 0.745351977586536
Average Dog Distance: 0.7570964560702567
Maximum Dog Distance: 0.9101244048578386
Average Sheep Distance: 0.15101057396985001
Maximum Sheep Distance: 0.2559167871144445
Elapsed Time: 5m 38s
********** 89 **********
Average Fitness: 0.198
Maximum Fitness: 0.4000000000000001
Average Pen Distance: 0.508678018766652
Maximum Pen Distance: 0.7262134397564539
Average Dog Distance: 0.7596372106935178
Maximum Dog Distance: 0.9069581465824136
Average Sheep Distance: 0.15203249738536637
Maximum Sheep Distance: 0.3020687331079347
Elapsed Time: 5m 30s
********** 90 **********
Average Fitness: 0.20516666666666666
Maximum Fitness: 0.4000000000000001
Average Pen Distance: 0.5102651820655333
Maximum Pen Distance: 0.7052299499099194
Average Dog Distance: 0.7359843653684786
Maximum Dog Distance: 0.8837835109466355
Average Sheep Distance: 0.1435677792875948
Maximum Sheep Distance: 0.2968854658121868
Elapsed Time: 5m 37s
********** 91 **********
Average Fitness: 0.20383333333333328
Maximum Fitness: 0.39999999999999997
Average Pen Distance: 0.5088445969868762
Maximum Pen Distance: 0.6757667598075944
Average Dog Distance: 0.7318949684628062
Maximum Dog Distance: 0.9399983470404204
Average Sheep Distance: 0.1442412398659698
Maximum Sheep Distance: 0.30419564181814024
Elapsed Time: 5m 47s
********** 92 **********
Average Fitness: 0.2053333333333333
Maximum Fitness: 0.43333333333333335
Average Pen Distance: 0.5177653477867348
Maximum Pen Distance: 0.7424836212283146
Average Dog Distance: 0.7361288623116562
Maximum Dog Distance: 0.847580734119506
Average Sheep Distance: 0.14112346949054805
Maximum Sheep Distance: 0.267703058527784
Elapsed Time: 5m 47s
********** 93 **********
Average Fitness: 0.20833333333333331
Maximum Fitness: 0.3833333333333333
Average Pen Distance: 0.5177874662131657
Maximum Pen Distance: 0.6819798678452149
Average Dog Distance: 0.720812992927807
Maximum Dog Distance: 0.908180490090976
Average Sheep Distance: 0.1382946264602579
Maximum Sheep Distance: 0.23983917201696311
Elapsed Time: 5m 38s
********** 94 **********
Average Fitness: 0.2008333333333333
Maximum Fitness: 0.4000000000000001
Average Pen Distance: 0.5243906394957201
Maximum Pen Distance: 0.6338244701250444
Average Dog Distance: 0.7253318666978634
Maximum Dog Distance: 0.8773740667934377
Average Sheep Distance: 0.13836508531151898
Maximum Sheep Distance: 0.29170524017784205
Elapsed Time: 5m 31s
********** 95 **********
Average Fitness: 0.21033333333333332
Maximum Fitness: 0.3666666666666667
Average Pen Distance: 0.5193834499874218
Maximum Pen Distance: 0.6837091506258183
Average Dog Distance: 0.7223706837185305
Maximum Dog Distance: 0.8293267280390054
Average Sheep Distance: 0.13974601532111686
Maximum Sheep Distance: 0.27632932309457164
Elapsed Time: 5m 36s
********** 96 **********
Average Fitness: 0.2106666666666667
Maximum Fitness: 0.4000000000000001
Average Pen Distance: 0.5065143355607251
Maximum Pen Distance: 0.6306339844463925
Average Dog Distance: 0.7231352824255073
Maximum Dog Distance: 0.8665538389625276
Average Sheep Distance: 0.139565705904649
Maximum Sheep Distance: 0.25327446619523475
Elapsed Time: 5m 45s
********** 97 **********
Average Fitness: 0.20933333333333334
Maximum Fitness: 0.4000000000000001
Average Pen Distance: 0.5235282904510626
Maximum Pen Distance: 0.7494095322642406
Average Dog Distance: 0.7250896300114562
Maximum Dog Distance: 0.8601222699830081
Average Sheep Distance: 0.13891013839690083
Maximum Sheep Distance: 0.2796071226918763
Elapsed Time: 5m 35s
********** 98 **********
Average Fitness: 0.218
Maximum Fitness: 0.4166666666666667
Average Pen Distance: 0.5117727224634304
Maximum Pen Distance: 0.6793910929279013
Average Dog Distance: 0.71979711528642
Maximum Dog Distance: 0.9272096370061832
Average Sheep Distance: 0.13930502137169662
Maximum Sheep Distance: 0.2576011533256912
Elapsed Time: 5m 31s
********** 99 **********
Average Fitness: 0.22133333333333333
Maximum Fitness: 0.4166666666666667
Average Pen Distance: 0.5234423622697512
Maximum Pen Distance: 0.7113230870832323
Average Dog Distance: 0.7061586614004893
Maximum Dog Distance: 0.8443364048989676
Average Sheep Distance: 0.13670045534631156
Maximum Sheep Distance: 0.2658383251530836
Elapsed Time: 5m 29s
********** 100 **********
Average Fitness: 0.2094999999999999
Maximum Fitness: 0.43333333333333335
Average Pen Distance: 0.5294547092294885
Maximum Pen Distance: 0.7290148605022844
Average Dog Distance: 0.7340009798786556
Maximum Dog Distance: 0.8608191526457493
Average Sheep Distance: 0.15138295623420478
Maximum Sheep Distance: 0.2975701352812616
Elapsed Time: 5m 27s
