nproc is 1
cnode0463.cm.cluster
********** 45 **********
Average Fitness: 0.048666666666666664
Maximum Fitness: 0.16666666666666666
Average Pen Distance: 0.4093228288083301
Maximum Pen Distance: 0.7148977533960711
Average Dog Distance: 0.7285427694591953
Maximum Dog Distance: 0.9134942373454703
Average Sheep Distance: 0.2514979560748983
Maximum Sheep Distance: 0.33266919283736524
Elapsed Time: 6m 7s
********** 46 **********
Average Fitness: 0.04499999999999999
Maximum Fitness: 0.15
Average Pen Distance: 0.4328995686094993
Maximum Pen Distance: 0.7576710152691151
Average Dog Distance: 0.7369300736946339
Maximum Dog Distance: 0.9332449463912148
Average Sheep Distance: 0.25246649784456476
Maximum Sheep Distance: 0.32317001738194073
Elapsed Time: 6m 0s
********** 47 **********
Average Fitness: 0.04983333333333333
Maximum Fitness: 0.18333333333333335
Average Pen Distance: 0.42439242464640486
Maximum Pen Distance: 0.7433829968995568
Average Dog Distance: 0.743627840636186
Maximum Dog Distance: 0.9269947747843076
Average Sheep Distance: 0.2471345606076639
Maximum Sheep Distance: 0.30475644658965223
Elapsed Time: 5m 54s
********** 48 **********
Average Fitness: 0.048999999999999995
Maximum Fitness: 0.18333333333333335
Average Pen Distance: 0.42253003190528005
Maximum Pen Distance: 0.7641772914091112
Average Dog Distance: 0.7298945954343411
Maximum Dog Distance: 0.9207316894996951
Average Sheep Distance: 0.2523549824707846
Maximum Sheep Distance: 0.3294444169409201
Elapsed Time: 6m 0s
********** 49 **********
Average Fitness: 0.049499999999999995
Maximum Fitness: 0.19999999999999998
Average Pen Distance: 0.4202408663782876
Maximum Pen Distance: 0.7335538530992988
Average Dog Distance: 0.7403047213741699
Maximum Dog Distance: 0.9440096790051932
Average Sheep Distance: 0.25262776262592146
Maximum Sheep Distance: 0.30446364649074315
Elapsed Time: 6m 0s
********** 50 **********
Average Fitness: 0.0535
Maximum Fitness: 0.20000000000000004
Average Pen Distance: 0.4207969416461241
Maximum Pen Distance: 0.7264664018502583
Average Dog Distance: 0.7414191023586253
Maximum Dog Distance: 0.9288769742265311
Average Sheep Distance: 0.2475588866788289
Maximum Sheep Distance: 0.31359870645489796
Elapsed Time: 6m 5s
********** 51 **********
Average Fitness: 0.049333333333333326
Maximum Fitness: 0.16666666666666666
Average Pen Distance: 0.41332596193251886
Maximum Pen Distance: 0.6433897308146911
Average Dog Distance: 0.7441778009326349
Maximum Dog Distance: 0.926879711005542
Average Sheep Distance: 0.24777713715335142
Maximum Sheep Distance: 0.30021215793384326
Elapsed Time: 5m 49s
********** 52 **********
Average Fitness: 0.04583333333333334
Maximum Fitness: 0.15000000000000002
Average Pen Distance: 0.4183542192918217
Maximum Pen Distance: 0.6474358053713177
Average Dog Distance: 0.7354748623866336
Maximum Dog Distance: 0.893855605604647
Average Sheep Distance: 0.25447162368740955
Maximum Sheep Distance: 0.29835713394442315
Elapsed Time: 6m 3s
********** 53 **********
Average Fitness: 0.04416666666666666
Maximum Fitness: 0.18333333333333335
Average Pen Distance: 0.4317920764479627
Maximum Pen Distance: 0.708433106360474
Average Dog Distance: 0.7270375549046315
Maximum Dog Distance: 0.9008824845985602
Average Sheep Distance: 0.24802698759898248
Maximum Sheep Distance: 0.30436016129617816
Elapsed Time: 5m 57s
********** 54 **********
Average Fitness: 0.04883333333333332
Maximum Fitness: 0.18333333333333335
Average Pen Distance: 0.43684422403863854
Maximum Pen Distance: 0.7005777100912272
Average Dog Distance: 0.7368884333801979
Maximum Dog Distance: 0.9128725019802163
Average Sheep Distance: 0.2513333030401842
Maximum Sheep Distance: 0.3258081943583779
Elapsed Time: 5m 57s
********** 55 **********
Average Fitness: 0.056666666666666664
Maximum Fitness: 0.16666666666666666
Average Pen Distance: 0.4263896806414839
Maximum Pen Distance: 0.7410095397603552
Average Dog Distance: 0.7348491825726691
Maximum Dog Distance: 0.9184996848823951
Average Sheep Distance: 0.25355607888281545
Maximum Sheep Distance: 0.3366736831896699
Elapsed Time: 5m 53s
********** 56 **********
Average Fitness: 0.053166666666666675
Maximum Fitness: 0.18333333333333335
Average Pen Distance: 0.4098246346816266
Maximum Pen Distance: 0.6641115190977346
Average Dog Distance: 0.735306226116648
Maximum Dog Distance: 0.8853721365249422
Average Sheep Distance: 0.2524576083959704
Maximum Sheep Distance: 0.3119372747122298
Elapsed Time: 5m 53s
********** 57 **********
Average Fitness: 0.06
Maximum Fitness: 0.2833333333333333
Average Pen Distance: 0.40919900436561035
Maximum Pen Distance: 0.7435701601063197
Average Dog Distance: 0.7452459144309121
Maximum Dog Distance: 0.8781786901663832
Average Sheep Distance: 0.25038632625062784
Maximum Sheep Distance: 0.3247422901668864
Elapsed Time: 6m 1s
********** 58 **********
Average Fitness: 0.051333333333333335
Maximum Fitness: 0.18333333333333335
Average Pen Distance: 0.4070939482980516
Maximum Pen Distance: 0.6860887962272914
Average Dog Distance: 0.7489547795476035
Maximum Dog Distance: 0.9257956563388691
Average Sheep Distance: 0.2486945566407292
Maximum Sheep Distance: 0.3033328476966013
Elapsed Time: 6m 1s
********** 59 **********
Average Fitness: 0.05283333333333333
Maximum Fitness: 0.16666666666666666
Average Pen Distance: 0.41227489017411445
Maximum Pen Distance: 0.6622526712568316
Average Dog Distance: 0.7540518069964925
Maximum Dog Distance: 0.9481796084479109
Average Sheep Distance: 0.25008963572412435
Maximum Sheep Distance: 0.3303718303904108
Elapsed Time: 5m 59s
********** 60 **********
Average Fitness: 0.0535
Maximum Fitness: 0.2333333333333333
Average Pen Distance: 0.4018124598947572
Maximum Pen Distance: 0.7627277928074622
Average Dog Distance: 0.7467311618492148
Maximum Dog Distance: 0.8998399008251488
Average Sheep Distance: 0.24896439777857016
Maximum Sheep Distance: 0.3279802982571947
Elapsed Time: 6m 1s
********** 61 **********
Average Fitness: 0.05599999999999999
Maximum Fitness: 0.18333333333333335
Average Pen Distance: 0.3842808276888528
Maximum Pen Distance: 0.6543829934520886
Average Dog Distance: 0.7598023239526094
Maximum Dog Distance: 0.9446823095988437
Average Sheep Distance: 0.2491365401332276
Maximum Sheep Distance: 0.31719645741956687
Elapsed Time: 6m 2s
********** 62 **********
Average Fitness: 0.060666666666666653
Maximum Fitness: 0.2833333333333333
Average Pen Distance: 0.37757232797502704
Maximum Pen Distance: 0.7140876040009604
Average Dog Distance: 0.7663010279930853
Maximum Dog Distance: 0.932219783676213
Average Sheep Distance: 0.2488449278888157
Maximum Sheep Distance: 0.312713832006581
Elapsed Time: 5m 51s
********** 63 **********
Average Fitness: 0.062
Maximum Fitness: 0.20000000000000004
Average Pen Distance: 0.3880957351103335
Maximum Pen Distance: 0.7333332392801578
Average Dog Distance: 0.7624318152027456
Maximum Dog Distance: 0.9278779404213897
Average Sheep Distance: 0.2509142090627326
Maximum Sheep Distance: 0.3041928215305269
Elapsed Time: 5m 54s
********** 64 **********
Average Fitness: 0.06283333333333334
Maximum Fitness: 0.2333333333333333
Average Pen Distance: 0.3756853034030088
Maximum Pen Distance: 0.7027379978594931
Average Dog Distance: 0.7532601505137373
Maximum Dog Distance: 0.8937918043984566
Average Sheep Distance: 0.24893896642072597
Maximum Sheep Distance: 0.30839873780945937
Elapsed Time: 5m 59s
********** 65 **********
Average Fitness: 0.05499999999999999
Maximum Fitness: 0.20000000000000004
Average Pen Distance: 0.3563579486949683
Maximum Pen Distance: 0.6150845965054605
Average Dog Distance: 0.7525516928743263
Maximum Dog Distance: 0.9213634353390402
Average Sheep Distance: 0.2521105397562687
Maximum Sheep Distance: 0.3114443204958092
Elapsed Time: 5m 55s
********** 66 **********
Average Fitness: 0.05216666666666666
Maximum Fitness: 0.23333333333333336
Average Pen Distance: 0.3662868883757332
Maximum Pen Distance: 0.6683901274077874
Average Dog Distance: 0.7631616295476041
Maximum Dog Distance: 0.9325137498225061
Average Sheep Distance: 0.25114874478270155
Maximum Sheep Distance: 0.32355181257513493
Elapsed Time: 5m 53s
********** 67 **********
Average Fitness: 0.05233333333333332
Maximum Fitness: 0.16666666666666666
Average Pen Distance: 0.35354311910791414
Maximum Pen Distance: 0.6958016837267738
Average Dog Distance: 0.7574660062939857
Maximum Dog Distance: 0.917038510304776
Average Sheep Distance: 0.2513487192921819
Maximum Sheep Distance: 0.33046217564911734
Elapsed Time: 6m 2s
********** 68 **********
Average Fitness: 0.05566666666666666
Maximum Fitness: 0.16666666666666666
Average Pen Distance: 0.3534197520389027
Maximum Pen Distance: 0.8541943641817206
Average Dog Distance: 0.7535188754892811
Maximum Dog Distance: 0.9235621397619953
Average Sheep Distance: 0.250023285176066
Maximum Sheep Distance: 0.33952252260897736
Elapsed Time: 6m 0s
********** 69 **********
Average Fitness: 0.06116666666666666
Maximum Fitness: 0.16666666666666666
Average Pen Distance: 0.3482153115652748
Maximum Pen Distance: 0.6635940081330398
Average Dog Distance: 0.7604709113987889
Maximum Dog Distance: 0.937889970985013
Average Sheep Distance: 0.2483299426626749
Maximum Sheep Distance: 0.31674618130813026
Elapsed Time: 6m 7s
********** 70 **********
Average Fitness: 0.06333333333333332
Maximum Fitness: 0.18333333333333335
Average Pen Distance: 0.3420042926464953
Maximum Pen Distance: 0.5660600864671426
Average Dog Distance: 0.7552777406834452
Maximum Dog Distance: 0.9214635250921432
Average Sheep Distance: 0.2459799750942217
Maximum Sheep Distance: 0.29760786015501584
Elapsed Time: 6m 4s
********** 71 **********
Average Fitness: 0.06483333333333334
Maximum Fitness: 0.25
Average Pen Distance: 0.3501633817298183
Maximum Pen Distance: 0.5908799177929952
Average Dog Distance: 0.7605701443549951
Maximum Dog Distance: 0.9217955534963549
Average Sheep Distance: 0.24576570465719272
Maximum Sheep Distance: 0.303836136117007
Elapsed Time: 5m 59s
********** 72 **********
Average Fitness: 0.07033333333333332
Maximum Fitness: 0.25
Average Pen Distance: 0.3411212510393567
Maximum Pen Distance: 0.5546703435375889
Average Dog Distance: 0.7655956486591247
Maximum Dog Distance: 0.93776018255446
Average Sheep Distance: 0.24654567426415677
Maximum Sheep Distance: 0.30594509799700853
Elapsed Time: 5m 55s
********** 73 **********
Average Fitness: 0.062333333333333324
Maximum Fitness: 0.16666666666666666
Average Pen Distance: 0.34573919884062365
Maximum Pen Distance: 0.5260145822121649
Average Dog Distance: 0.769411765427604
Maximum Dog Distance: 0.9104314413859521
Average Sheep Distance: 0.24553449362222057
Maximum Sheep Distance: 0.3247855872436534
Elapsed Time: 5m 54s
********** 74 **********
Average Fitness: 0.0565
Maximum Fitness: 0.18333333333333332
Average Pen Distance: 0.34842036725642844
Maximum Pen Distance: 0.5924090441215578
Average Dog Distance: 0.7795521945106316
Maximum Dog Distance: 0.9242783743518003
Average Sheep Distance: 0.2414619604334435
Maximum Sheep Distance: 0.3012417346275893
Elapsed Time: 5m 53s
********** 75 **********
Average Fitness: 0.06133333333333333
Maximum Fitness: 0.21666666666666665
Average Pen Distance: 0.3637457886930859
Maximum Pen Distance: 0.6341597969056174
Average Dog Distance: 0.7836096853864906
Maximum Dog Distance: 0.9408347607054455
Average Sheep Distance: 0.24047435208543289
Maximum Sheep Distance: 0.29671798525387183
Elapsed Time: 5m 57s
********** 76 **********
Average Fitness: 0.06216666666666667
Maximum Fitness: 0.18333333333333335
Average Pen Distance: 0.3695333768007022
Maximum Pen Distance: 0.6286227545240596
Average Dog Distance: 0.7872818973899258
Maximum Dog Distance: 0.9604566767161288
Average Sheep Distance: 0.2406668834754167
Maximum Sheep Distance: 0.3118622740136104
Elapsed Time: 5m 50s
********** 77 **********
Average Fitness: 0.061
Maximum Fitness: 0.20000000000000004
Average Pen Distance: 0.3457214664637916
Maximum Pen Distance: 0.5793235638307773
Average Dog Distance: 0.7767259064947347
Maximum Dog Distance: 0.8930242810711025
Average Sheep Distance: 0.24270585377263593
Maximum Sheep Distance: 0.3509087439160579
Elapsed Time: 5m 53s
********** 78 **********
Average Fitness: 0.068
Maximum Fitness: 0.2333333333333333
Average Pen Distance: 0.3643487728282339
Maximum Pen Distance: 0.6244866806702746
Average Dog Distance: 0.7845827656218834
Maximum Dog Distance: 0.897893547541689
Average Sheep Distance: 0.2418954798319535
Maximum Sheep Distance: 0.2925781620276269
Elapsed Time: 6m 3s
********** 79 **********
Average Fitness: 0.06833333333333332
Maximum Fitness: 0.26666666666666666
Average Pen Distance: 0.361148380036477
Maximum Pen Distance: 0.6094971918699573
Average Dog Distance: 0.7903096729370485
Maximum Dog Distance: 0.923565603625346
Average Sheep Distance: 0.24267284015014112
Maximum Sheep Distance: 0.28829672888046215
Elapsed Time: 5m 59s
********** 80 **********
Average Fitness: 0.06866666666666665
Maximum Fitness: 0.2333333333333333
Average Pen Distance: 0.3645234302931509
Maximum Pen Distance: 0.5103007445126965
Average Dog Distance: 0.7808355969023861
Maximum Dog Distance: 0.9327009913976707
Average Sheep Distance: 0.23760542040301968
Maximum Sheep Distance: 0.3050279644123693
Elapsed Time: 5m 54s
********** 81 **********
Average Fitness: 0.06866666666666665
Maximum Fitness: 0.2833333333333334
Average Pen Distance: 0.3561349894644335
Maximum Pen Distance: 0.5996155557182014
Average Dog Distance: 0.7806196483515753
Maximum Dog Distance: 0.9267531334863893
Average Sheep Distance: 0.2423921067067107
Maximum Sheep Distance: 0.29991855679651297
Elapsed Time: 5m 49s
********** 82 **********
Average Fitness: 0.06533333333333333
Maximum Fitness: 0.18333333333333335
Average Pen Distance: 0.35129677464320186
Maximum Pen Distance: 0.627886587785445
Average Dog Distance: 0.7760356994374356
Maximum Dog Distance: 0.921010784015491
Average Sheep Distance: 0.24222720865849937
Maximum Sheep Distance: 0.29522698237869954
Elapsed Time: 5m 55s
********** 83 **********
Average Fitness: 0.0635
Maximum Fitness: 0.21666666666666667
Average Pen Distance: 0.35244241902895224
Maximum Pen Distance: 0.6591750523468156
Average Dog Distance: 0.7736574323332115
Maximum Dog Distance: 0.9611158568557894
Average Sheep Distance: 0.24391946680135004
Maximum Sheep Distance: 0.2922755270271163
Elapsed Time: 6m 7s
********** 84 **********
Average Fitness: 0.07200000000000001
Maximum Fitness: 0.21666666666666667
Average Pen Distance: 0.3477825143651056
Maximum Pen Distance: 0.5527216480321705
Average Dog Distance: 0.7742319368624045
Maximum Dog Distance: 0.9337358711923384
Average Sheep Distance: 0.24007968241094374
Maximum Sheep Distance: 0.31121675760549555
Elapsed Time: 6m 13s
********** 85 **********
Average Fitness: 0.06833333333333333
Maximum Fitness: 0.18333333333333335
Average Pen Distance: 0.3563644740844162
Maximum Pen Distance: 0.5946955204867327
Average Dog Distance: 0.7799204136184078
Maximum Dog Distance: 0.9183294166790329
Average Sheep Distance: 0.2401031736779777
Maximum Sheep Distance: 0.2964392260063151
Elapsed Time: 5m 55s
********** 86 **********
Average Fitness: 0.07716666666666666
Maximum Fitness: 0.19999999999999998
Average Pen Distance: 0.3483710601005396
Maximum Pen Distance: 0.5374162815253521
Average Dog Distance: 0.7928606627000654
Maximum Dog Distance: 0.902862400270699
Average Sheep Distance: 0.23503691762678006
Maximum Sheep Distance: 0.3107665001118754
Elapsed Time: 5m 59s
********** 87 **********
Average Fitness: 0.07233333333333332
Maximum Fitness: 0.23333333333333336
Average Pen Distance: 0.36766377354516977
Maximum Pen Distance: 0.6074335273785331
Average Dog Distance: 0.7801159242344275
Maximum Dog Distance: 0.917519647896985
Average Sheep Distance: 0.2382755765685145
Maximum Sheep Distance: 0.28218705488561385
Elapsed Time: 6m 5s
********** 88 **********
Average Fitness: 0.07066666666666666
Maximum Fitness: 0.21666666666666667
Average Pen Distance: 0.3734194140331627
Maximum Pen Distance: 0.655014571741362
Average Dog Distance: 0.7915883940385917
Maximum Dog Distance: 0.9364708698891294
Average Sheep Distance: 0.24203425205626708
Maximum Sheep Distance: 0.3205877751117341
Elapsed Time: 5m 47s
********** 89 **********
Average Fitness: 0.06883333333333332
Maximum Fitness: 0.2333333333333333
Average Pen Distance: 0.3762268156613204
Maximum Pen Distance: 0.6745454005404645
Average Dog Distance: 0.7935044176269398
Maximum Dog Distance: 0.9274831264734723
Average Sheep Distance: 0.23960734140238063
Maximum Sheep Distance: 0.30485813724635563
Elapsed Time: 5m 53s
********** 90 **********
Average Fitness: 0.07483333333333332
Maximum Fitness: 0.3
Average Pen Distance: 0.37654741732209573
Maximum Pen Distance: 0.5990902603558669
Average Dog Distance: 0.8054070979289482
Maximum Dog Distance: 0.9554513697305299
Average Sheep Distance: 0.23892272051925223
Maximum Sheep Distance: 0.32110979606215123
Elapsed Time: 5m 42s
********** 91 **********
Average Fitness: 0.06033333333333333
Maximum Fitness: 0.16666666666666666
Average Pen Distance: 0.38156255846592285
Maximum Pen Distance: 0.6949468910330352
Average Dog Distance: 0.8041328679640839
Maximum Dog Distance: 0.9704606456574002
Average Sheep Distance: 0.24136286190473835
Maximum Sheep Distance: 0.28500645886127135
Elapsed Time: 6m 0s
********** 92 **********
Average Fitness: 0.073
Maximum Fitness: 0.2333333333333333
Average Pen Distance: 0.346469780960506
Maximum Pen Distance: 0.6578935209519817
Average Dog Distance: 0.8019476916744394
Maximum Dog Distance: 0.9493809906382733
Average Sheep Distance: 0.2404183897096968
Maximum Sheep Distance: 0.3089197324899548
Elapsed Time: 6m 5s
********** 93 **********
Average Fitness: 0.06983333333333333
Maximum Fitness: 0.19999999999999998
Average Pen Distance: 0.35788511401129464
Maximum Pen Distance: 0.6042136606925319
Average Dog Distance: 0.8071761888762699
Maximum Dog Distance: 0.9386766534705596
Average Sheep Distance: 0.23650724945605625
Maximum Sheep Distance: 0.2991335989118786
Elapsed Time: 6m 0s
********** 94 **********
Average Fitness: 0.07566666666666666
Maximum Fitness: 0.20000000000000004
Average Pen Distance: 0.3517041214468643
Maximum Pen Distance: 0.5651271662895335
Average Dog Distance: 0.8216336407800834
Maximum Dog Distance: 0.917128287185494
Average Sheep Distance: 0.2368020745627753
Maximum Sheep Distance: 0.3003681877823792
Elapsed Time: 6m 2s
********** 95 **********
Average Fitness: 0.07283333333333333
Maximum Fitness: 0.20000000000000004
Average Pen Distance: 0.36090395356453864
Maximum Pen Distance: 0.6655838019803108
Average Dog Distance: 0.8299045262149369
Maximum Dog Distance: 0.948744935522443
Average Sheep Distance: 0.23981271278551997
Maximum Sheep Distance: 0.29913003960692036
Elapsed Time: 5m 45s
********** 96 **********
Average Fitness: 0.071
Maximum Fitness: 0.25
Average Pen Distance: 0.36139714346826934
Maximum Pen Distance: 0.644221610860711
Average Dog Distance: 0.8327548273458273
Maximum Dog Distance: 0.9484591215466498
Average Sheep Distance: 0.24227596095739098
Maximum Sheep Distance: 0.28832305268717134
Elapsed Time: 5m 57s
********** 97 **********
Average Fitness: 0.07516666666666666
Maximum Fitness: 0.2333333333333333
Average Pen Distance: 0.36306948903142583
Maximum Pen Distance: 0.6527917095553359
Average Dog Distance: 0.8076018748401869
Maximum Dog Distance: 0.927520219297362
Average Sheep Distance: 0.23759040923127814
Maximum Sheep Distance: 0.2991790851319511
Elapsed Time: 5m 46s
********** 98 **********
Average Fitness: 0.07716666666666666
Maximum Fitness: 0.28333333333333327
Average Pen Distance: 0.3552780547818437
Maximum Pen Distance: 0.5226402040529247
Average Dog Distance: 0.8191820249279336
Maximum Dog Distance: 0.9235768929415125
Average Sheep Distance: 0.23550599065793798
Maximum Sheep Distance: 0.3025023393823449
Elapsed Time: 5m 57s
********** 99 **********
Average Fitness: 0.07716666666666666
Maximum Fitness: 0.2333333333333333
Average Pen Distance: 0.35717897373668783
Maximum Pen Distance: 0.5954915312059583
Average Dog Distance: 0.82241526308638
Maximum Dog Distance: 0.9491066565620357
Average Sheep Distance: 0.2381631696715912
Maximum Sheep Distance: 0.29111024996068136
Elapsed Time: 5m 55s
********** 100 **********
Average Fitness: 0.08450000000000003
Maximum Fitness: 0.3
Average Pen Distance: 0.3564918027461646
Maximum Pen Distance: 0.6382991008275937
Average Dog Distance: 0.8175427532295649
Maximum Dog Distance: 0.9518845398833397
Average Sheep Distance: 0.23901740886594436
Maximum Sheep Distance: 0.292515694609329
Elapsed Time: 5m 54s
