nproc is 1
cnode0347.cm.cluster
********** 31 **********
Average Fitness: 0.1393333333333333
Maximum Fitness: 0.39999999999999997
Average Pen Distance: 0.41132546714672075
Maximum Pen Distance: 0.5882846899233639
Average Dog Distance: 0.626033614571524
Maximum Dog Distance: 0.7821308038724588
Average Sheep Distance: 0.3108676107069365
Maximum Sheep Distance: 0.3941735723187351
Elapsed Time: 4m 57s
********** 32 **********
Average Fitness: 0.168
Maximum Fitness: 0.4666666666666666
Average Pen Distance: 0.41245637907769495
Maximum Pen Distance: 0.6201160837214075
Average Dog Distance: 0.6331688921255132
Maximum Dog Distance: 0.8158500578740567
Average Sheep Distance: 0.3181187496522673
Maximum Sheep Distance: 0.37172986924651913
Elapsed Time: 5m 5s
********** 33 **********
Average Fitness: 0.1716666666666667
Maximum Fitness: 0.43333333333333335
Average Pen Distance: 0.40140635604638286
Maximum Pen Distance: 0.5544482757113238
Average Dog Distance: 0.6299885342542438
Maximum Dog Distance: 0.7536379261417204
Average Sheep Distance: 0.32011652749492775
Maximum Sheep Distance: 0.4435861026482472
Elapsed Time: 5m 4s
********** 34 **********
Average Fitness: 0.15899999999999997
Maximum Fitness: 0.43333333333333335
Average Pen Distance: 0.41609569382856804
Maximum Pen Distance: 0.6627278662285189
Average Dog Distance: 0.6360987743262139
Maximum Dog Distance: 0.799666104141699
Average Sheep Distance: 0.313470498288373
Maximum Sheep Distance: 0.4368250252547115
Elapsed Time: 4m 48s
********** 35 **********
Average Fitness: 0.16933333333333336
Maximum Fitness: 0.43333333333333335
Average Pen Distance: 0.41273949948712113
Maximum Pen Distance: 0.553181463787406
Average Dog Distance: 0.6307670759483741
Maximum Dog Distance: 0.8029775992221455
Average Sheep Distance: 0.31716679540625553
Maximum Sheep Distance: 0.4153155589482153
Elapsed Time: 4m 51s
********** 36 **********
Average Fitness: 0.15600000000000003
Maximum Fitness: 0.4000000000000001
Average Pen Distance: 0.422116957911826
Maximum Pen Distance: 0.7481675400782803
Average Dog Distance: 0.6267840807243723
Maximum Dog Distance: 0.7704055346146076
Average Sheep Distance: 0.31996182425318165
Maximum Sheep Distance: 0.4339862793303549
Elapsed Time: 4m 56s
********** 37 **********
Average Fitness: 0.18833333333333335
Maximum Fitness: 0.4000000000000001
Average Pen Distance: 0.41505458945433665
Maximum Pen Distance: 0.6493737017992413
Average Dog Distance: 0.6418126970602355
Maximum Dog Distance: 0.7642155389970174
Average Sheep Distance: 0.31807075698396575
Maximum Sheep Distance: 0.3959132396607116
Elapsed Time: 4m 56s
********** 38 **********
Average Fitness: 0.18899999999999997
Maximum Fitness: 0.4333333333333333
Average Pen Distance: 0.41912050073102314
Maximum Pen Distance: 0.6988848570854432
Average Dog Distance: 0.6403834790112277
Maximum Dog Distance: 0.8004911648258403
Average Sheep Distance: 0.32721704334593243
Maximum Sheep Distance: 0.4649890701253711
Elapsed Time: 4m 52s
********** 39 **********
Average Fitness: 0.18200000000000005
Maximum Fitness: 0.43333333333333335
Average Pen Distance: 0.4134947503703893
Maximum Pen Distance: 0.69726894214946
Average Dog Distance: 0.6427847492520199
Maximum Dog Distance: 0.7867665098679423
Average Sheep Distance: 0.318821665236996
Maximum Sheep Distance: 0.4170253867919122
Elapsed Time: 4m 49s
********** 40 **********
Average Fitness: 0.19633333333333336
Maximum Fitness: 0.5
Average Pen Distance: 0.41142830006232145
Maximum Pen Distance: 0.5327935434065717
Average Dog Distance: 0.6373587281152997
Maximum Dog Distance: 0.7480489247016276
Average Sheep Distance: 0.3170856169461324
Maximum Sheep Distance: 0.4202371344102808
Elapsed Time: 4m 50s
********** 41 **********
Average Fitness: 0.20333333333333337
Maximum Fitness: 0.5666666666666667
Average Pen Distance: 0.39938464983369115
Maximum Pen Distance: 0.6492754009179017
Average Dog Distance: 0.6420968628363645
Maximum Dog Distance: 0.8144134499237573
Average Sheep Distance: 0.31821383716069657
Maximum Sheep Distance: 0.43472747857195415
Elapsed Time: 4m 48s
********** 42 **********
Average Fitness: 0.19133333333333333
Maximum Fitness: 0.4666666666666666
Average Pen Distance: 0.39821319974247177
Maximum Pen Distance: 0.5706850155711618
Average Dog Distance: 0.6305081236767863
Maximum Dog Distance: 0.7899432406842449
Average Sheep Distance: 0.3206556072733436
Maximum Sheep Distance: 0.4051268628883619
Elapsed Time: 4m 47s
********** 43 **********
Average Fitness: 0.201
Maximum Fitness: 0.4666666666666666
Average Pen Distance: 0.39555213559428715
Maximum Pen Distance: 0.5940107616070284
Average Dog Distance: 0.633613795460133
Maximum Dog Distance: 0.7735519676845106
Average Sheep Distance: 0.3201117799393596
Maximum Sheep Distance: 0.4132958004688114
Elapsed Time: 4m 51s
********** 44 **********
Average Fitness: 0.20933333333333334
Maximum Fitness: 0.4666666666666666
Average Pen Distance: 0.3868072393475908
Maximum Pen Distance: 0.5909713876564715
Average Dog Distance: 0.6361526697914818
Maximum Dog Distance: 0.7661806435300361
Average Sheep Distance: 0.3166594629660743
Maximum Sheep Distance: 0.40775663413490193
Elapsed Time: 4m 43s
********** 45 **********
Average Fitness: 0.23166666666666663
Maximum Fitness: 0.4666666666666666
Average Pen Distance: 0.37123103658270457
Maximum Pen Distance: 0.5351314102181897
Average Dog Distance: 0.6369175566629903
Maximum Dog Distance: 0.7523700206558406
Average Sheep Distance: 0.3226151210662499
Maximum Sheep Distance: 0.4433773914130246
Elapsed Time: 4m 46s
********** 46 **********
Average Fitness: 0.21166666666666667
Maximum Fitness: 0.39999999999999997
Average Pen Distance: 0.37835617981606107
Maximum Pen Distance: 0.5345115771411914
Average Dog Distance: 0.6437528607475348
Maximum Dog Distance: 0.7584712489141472
Average Sheep Distance: 0.3175712388830252
Maximum Sheep Distance: 0.41156297008020903
Elapsed Time: 4m 48s
********** 47 **********
Average Fitness: 0.205
Maximum Fitness: 0.5
Average Pen Distance: 0.3926552040570457
Maximum Pen Distance: 0.7321847832564993
Average Dog Distance: 0.6251590521290055
Maximum Dog Distance: 0.7458669263603565
Average Sheep Distance: 0.31799445456176284
Maximum Sheep Distance: 0.39615327077929474
Elapsed Time: 5m 3s
********** 48 **********
Average Fitness: 0.21200000000000002
Maximum Fitness: 0.5
Average Pen Distance: 0.3945492561003055
Maximum Pen Distance: 0.5464551698815776
Average Dog Distance: 0.6486118318592282
Maximum Dog Distance: 0.7488199080543918
Average Sheep Distance: 0.3202987332120478
Maximum Sheep Distance: 0.4373250013504819
Elapsed Time: 4m 55s
********** 49 **********
Average Fitness: 0.20333333333333337
Maximum Fitness: 0.4333333333333333
Average Pen Distance: 0.39960648712977326
Maximum Pen Distance: 0.5468453787778823
Average Dog Distance: 0.6564714434394072
Maximum Dog Distance: 0.7573583963068606
Average Sheep Distance: 0.32197609695731744
Maximum Sheep Distance: 0.4054601446969879
Elapsed Time: 4m 51s
********** 50 **********
Average Fitness: 0.22000000000000003
Maximum Fitness: 0.5666666666666668
Average Pen Distance: 0.39752867555301
Maximum Pen Distance: 0.6306566856008936
Average Dog Distance: 0.6522407037274032
Maximum Dog Distance: 0.8086731292494379
Average Sheep Distance: 0.3219480242374973
Maximum Sheep Distance: 0.416790863103287
Elapsed Time: 4m 49s
********** 51 **********
Average Fitness: 0.21100000000000002
Maximum Fitness: 0.5
Average Pen Distance: 0.3971133304646419
Maximum Pen Distance: 0.604372195271912
Average Dog Distance: 0.6453050259875576
Maximum Dog Distance: 0.812352247540935
Average Sheep Distance: 0.3177418078678855
Maximum Sheep Distance: 0.4043444970172633
Elapsed Time: 4m 52s
********** 52 **********
Average Fitness: 0.18900000000000003
Maximum Fitness: 0.43333333333333335
Average Pen Distance: 0.4082231262170148
Maximum Pen Distance: 0.5552176482542004
Average Dog Distance: 0.6518457370596502
Maximum Dog Distance: 0.7798073309106623
Average Sheep Distance: 0.31842693588960314
Maximum Sheep Distance: 0.4012321874159263
Elapsed Time: 4m 51s
********** 53 **********
Average Fitness: 0.22466666666666665
Maximum Fitness: 0.4666666666666666
Average Pen Distance: 0.4036519714513268
Maximum Pen Distance: 0.6021752909293681
Average Dog Distance: 0.6506820270174539
Maximum Dog Distance: 0.7577172995783711
Average Sheep Distance: 0.32223929385777217
Maximum Sheep Distance: 0.42465389124049285
Elapsed Time: 4m 47s
********** 54 **********
Average Fitness: 0.20700000000000002
Maximum Fitness: 0.4666666666666666
Average Pen Distance: 0.4054742382468094
Maximum Pen Distance: 0.6694492949452607
Average Dog Distance: 0.6360704347950342
Maximum Dog Distance: 0.7383418959899188
Average Sheep Distance: 0.3192405791016061
Maximum Sheep Distance: 0.4047073773136196
Elapsed Time: 4m 50s
********** 55 **********
Average Fitness: 0.20500000000000004
Maximum Fitness: 0.43333333333333335
Average Pen Distance: 0.40264014873848614
Maximum Pen Distance: 0.5807941952148217
Average Dog Distance: 0.6289428539700563
Maximum Dog Distance: 0.7526034913734421
Average Sheep Distance: 0.3211360411644075
Maximum Sheep Distance: 0.4266849285858017
Elapsed Time: 4m 58s
********** 56 **********
Average Fitness: 0.23633333333333334
Maximum Fitness: 0.5666666666666667
Average Pen Distance: 0.39848804457181397
Maximum Pen Distance: 0.6302926841511517
Average Dog Distance: 0.6319022673044252
Maximum Dog Distance: 0.781617627395601
Average Sheep Distance: 0.3206360598462951
Maximum Sheep Distance: 0.4581886397841603
Elapsed Time: 4m 47s
********** 57 **********
Average Fitness: 0.228
Maximum Fitness: 0.4666666666666666
Average Pen Distance: 0.39632297927766447
Maximum Pen Distance: 0.6330939413050779
Average Dog Distance: 0.6168421131602403
Maximum Dog Distance: 0.7479370256709764
Average Sheep Distance: 0.31395432683046365
Maximum Sheep Distance: 0.45589046946146145
Elapsed Time: 4m 55s
********** 58 **********
Average Fitness: 0.21600000000000003
Maximum Fitness: 0.5333333333333333
Average Pen Distance: 0.4168446727669242
Maximum Pen Distance: 0.6734536721510844
Average Dog Distance: 0.6317470974715005
Maximum Dog Distance: 0.7722511294003244
Average Sheep Distance: 0.3124463929795229
Maximum Sheep Distance: 0.40200390576533723
Elapsed Time: 4m 52s
********** 59 **********
Average Fitness: 0.21933333333333338
Maximum Fitness: 0.5333333333333333
Average Pen Distance: 0.42643196064969646
Maximum Pen Distance: 0.721124257507299
Average Dog Distance: 0.6305426810992185
Maximum Dog Distance: 0.7457454523770277
Average Sheep Distance: 0.31615387997410216
Maximum Sheep Distance: 0.41397880310138446
Elapsed Time: 4m 44s
********** 60 **********
Average Fitness: 0.20800000000000002
Maximum Fitness: 0.6
Average Pen Distance: 0.43026506945471277
Maximum Pen Distance: 0.7042862699577729
Average Dog Distance: 0.6226798655955514
Maximum Dog Distance: 0.7486111340427059
Average Sheep Distance: 0.31035777900206835
Maximum Sheep Distance: 0.4092320901067496
Elapsed Time: 4m 58s
********** 61 **********
Average Fitness: 0.20833333333333337
Maximum Fitness: 0.5333333333333333
Average Pen Distance: 0.4110132514684247
Maximum Pen Distance: 0.6242127745971674
Average Dog Distance: 0.6104840613731092
Maximum Dog Distance: 0.7491881933441
Average Sheep Distance: 0.31317847289351913
Maximum Sheep Distance: 0.42320639532456417
Elapsed Time: 4m 53s
********** 62 **********
Average Fitness: 0.233
Maximum Fitness: 0.5333333333333333
Average Pen Distance: 0.4146363722105235
Maximum Pen Distance: 0.5576601488707283
Average Dog Distance: 0.6061170899373789
Maximum Dog Distance: 0.7469997254687778
Average Sheep Distance: 0.31175249738673594
Maximum Sheep Distance: 0.4516549523413302
Elapsed Time: 4m 53s
********** 63 **********
Average Fitness: 0.22766666666666668
Maximum Fitness: 0.4666666666666666
Average Pen Distance: 0.42277560597743025
Maximum Pen Distance: 0.748497008215645
Average Dog Distance: 0.6083984493674663
Maximum Dog Distance: 0.7494258902222507
Average Sheep Distance: 0.3122254578861643
Maximum Sheep Distance: 0.44561109497416745
Elapsed Time: 4m 48s
********** 64 **********
Average Fitness: 0.24799999999999997
Maximum Fitness: 0.5666666666666665
Average Pen Distance: 0.40456591386333407
Maximum Pen Distance: 0.58771052056531
Average Dog Distance: 0.5967798386009886
Maximum Dog Distance: 0.7315339568060898
Average Sheep Distance: 0.30912878915414516
Maximum Sheep Distance: 0.39873914735800997
Elapsed Time: 4m 53s
********** 65 **********
Average Fitness: 0.23800000000000002
Maximum Fitness: 0.6
Average Pen Distance: 0.42328628883208075
Maximum Pen Distance: 0.6285066299401755
Average Dog Distance: 0.6110583359025163
Maximum Dog Distance: 0.716725695768214
Average Sheep Distance: 0.301061694298579
Maximum Sheep Distance: 0.41799579862408276
Elapsed Time: 4m 52s
********** 66 **********
Average Fitness: 0.266
Maximum Fitness: 0.5666666666666665
Average Pen Distance: 0.4090923998925057
Maximum Pen Distance: 0.6735043281147203
Average Dog Distance: 0.6057731232120056
Maximum Dog Distance: 0.7088548773992077
Average Sheep Distance: 0.30343672633602153
Maximum Sheep Distance: 0.5295927338328051
Elapsed Time: 4m 52s
********** 67 **********
Average Fitness: 0.23500000000000004
Maximum Fitness: 0.4666666666666666
Average Pen Distance: 0.41830923381271623
Maximum Pen Distance: 0.693205049944111
Average Dog Distance: 0.6184029028174758
Maximum Dog Distance: 0.7639438161441814
Average Sheep Distance: 0.30806070650836526
Maximum Sheep Distance: 0.4356365998925542
Elapsed Time: 4m 51s
********** 68 **********
Average Fitness: 0.25900000000000006
Maximum Fitness: 0.6
Average Pen Distance: 0.409978535296638
Maximum Pen Distance: 0.6595904076497011
Average Dog Distance: 0.6210370137721385
Maximum Dog Distance: 0.7285785416261147
Average Sheep Distance: 0.3023094590370737
Maximum Sheep Distance: 0.40454370375975085
Elapsed Time: 4m 51s
********** 69 **********
Average Fitness: 0.254
Maximum Fitness: 0.5
Average Pen Distance: 0.3943999960252605
Maximum Pen Distance: 0.6172314103770571
Average Dog Distance: 0.6124032074196893
Maximum Dog Distance: 0.7489011184597617
Average Sheep Distance: 0.30332132863069067
Maximum Sheep Distance: 0.385897231135054
Elapsed Time: 4m 51s
********** 70 **********
Average Fitness: 0.252
Maximum Fitness: 0.5333333333333333
Average Pen Distance: 0.3968585247318396
Maximum Pen Distance: 0.6179459153216066
Average Dog Distance: 0.6181985974608267
Maximum Dog Distance: 0.7391539005757597
Average Sheep Distance: 0.30308997264078463
Maximum Sheep Distance: 0.4252611835159441
Elapsed Time: 4m 52s
********** 71 **********
Average Fitness: 0.24533333333333332
Maximum Fitness: 0.4666666666666666
Average Pen Distance: 0.41176872397738795
Maximum Pen Distance: 0.7315902905264168
Average Dog Distance: 0.6266195889514501
Maximum Dog Distance: 0.7244017671840531
Average Sheep Distance: 0.2983008367796987
Maximum Sheep Distance: 0.3810258542725502
Elapsed Time: 4m 51s
********** 72 **********
Average Fitness: 0.25866666666666666
Maximum Fitness: 0.5333333333333333
Average Pen Distance: 0.39864891030473076
Maximum Pen Distance: 0.5761379209746741
Average Dog Distance: 0.6282690762886647
Maximum Dog Distance: 0.7255582413054738
Average Sheep Distance: 0.2951617936808726
Maximum Sheep Distance: 0.37106968906804766
Elapsed Time: 4m 52s
********** 73 **********
Average Fitness: 0.24966666666666665
Maximum Fitness: 0.4666666666666666
Average Pen Distance: 0.4069740613071376
Maximum Pen Distance: 0.6824046199146446
Average Dog Distance: 0.6283934299376507
Maximum Dog Distance: 0.7414062559738657
Average Sheep Distance: 0.29700638026051945
Maximum Sheep Distance: 0.3689707691326296
Elapsed Time: 4m 52s
********** 74 **********
Average Fitness: 0.26733333333333337
Maximum Fitness: 0.5
Average Pen Distance: 0.39123919096086057
Maximum Pen Distance: 0.586137181830764
Average Dog Distance: 0.6339372644306872
Maximum Dog Distance: 0.7524385703985826
Average Sheep Distance: 0.30295602147438094
Maximum Sheep Distance: 0.4186103817980468
Elapsed Time: 4m 52s
********** 75 **********
Average Fitness: 0.26166666666666666
Maximum Fitness: 0.4666666666666666
Average Pen Distance: 0.3900176072641852
Maximum Pen Distance: 0.5843960619327543
Average Dog Distance: 0.6339309069649833
Maximum Dog Distance: 0.7412162986770293
Average Sheep Distance: 0.2896641929725939
Maximum Sheep Distance: 0.3763666518313298
Elapsed Time: 4m 59s
********** 76 **********
Average Fitness: 0.252
Maximum Fitness: 0.5333333333333333
Average Pen Distance: 0.3843411230120825
Maximum Pen Distance: 0.5846783493903832
Average Dog Distance: 0.6314504685611181
Maximum Dog Distance: 0.7513335924473341
Average Sheep Distance: 0.3064919369815152
Maximum Sheep Distance: 0.4100798985622438
Elapsed Time: 4m 56s
********** 77 **********
Average Fitness: 0.27133333333333337
Maximum Fitness: 0.46666666666666673
Average Pen Distance: 0.37673202462216776
Maximum Pen Distance: 0.7349431086064819
Average Dog Distance: 0.6297817226104181
Maximum Dog Distance: 0.7523793461568172
Average Sheep Distance: 0.3055251951958875
Maximum Sheep Distance: 0.4175979912431283
Elapsed Time: 4m 48s
********** 78 **********
Average Fitness: 0.2626666666666666
Maximum Fitness: 0.5666666666666668
Average Pen Distance: 0.4100768838641167
Maximum Pen Distance: 0.735184713838462
Average Dog Distance: 0.6235519887600848
Maximum Dog Distance: 0.7374820058016708
Average Sheep Distance: 0.2973290061699082
Maximum Sheep Distance: 0.3914471738473835
Elapsed Time: 4m 53s
********** 79 **********
Average Fitness: 0.2643333333333333
Maximum Fitness: 0.5333333333333333
Average Pen Distance: 0.4181469646645043
Maximum Pen Distance: 0.8054401102954577
Average Dog Distance: 0.6270593523322433
Maximum Dog Distance: 0.7157718587441707
Average Sheep Distance: 0.29853523472677834
Maximum Sheep Distance: 0.4141266282531885
Elapsed Time: 4m 58s
********** 80 **********
Average Fitness: 0.26733333333333337
Maximum Fitness: 0.6333333333333333
Average Pen Distance: 0.42885716261872453
Maximum Pen Distance: 0.6748917605611687
Average Dog Distance: 0.6365273129007238
Maximum Dog Distance: 0.7270316478528812
Average Sheep Distance: 0.2948279293809631
Maximum Sheep Distance: 0.4382717232780416
Elapsed Time: 4m 50s
********** 81 **********
Average Fitness: 0.27833333333333327
Maximum Fitness: 0.5666666666666668
Average Pen Distance: 0.4403624764657353
Maximum Pen Distance: 0.6442639381255016
Average Dog Distance: 0.644815904315511
Maximum Dog Distance: 0.7334787822247546
Average Sheep Distance: 0.29860191583079526
Maximum Sheep Distance: 0.4011210979425832
Elapsed Time: 4m 45s
********** 82 **********
Average Fitness: 0.2823333333333333
Maximum Fitness: 0.6333333333333333
Average Pen Distance: 0.4498531050822844
Maximum Pen Distance: 0.7176223636829983
Average Dog Distance: 0.6398952577808604
Maximum Dog Distance: 0.7400031331656002
Average Sheep Distance: 0.2993699960508574
Maximum Sheep Distance: 0.41917502871458073
Elapsed Time: 4m 51s
********** 83 **********
Average Fitness: 0.29699999999999993
Maximum Fitness: 0.5666666666666668
Average Pen Distance: 0.4553124293154757
Maximum Pen Distance: 0.7698573751080868
Average Dog Distance: 0.6363191174881291
Maximum Dog Distance: 0.7600552845205796
Average Sheep Distance: 0.292980783906649
Maximum Sheep Distance: 0.3724603193318998
Elapsed Time: 4m 51s
********** 84 **********
Average Fitness: 0.29599999999999993
Maximum Fitness: 0.5666666666666668
Average Pen Distance: 0.4707430848472397
Maximum Pen Distance: 0.6483516428571647
Average Dog Distance: 0.6269586142052708
Maximum Dog Distance: 0.7559939055609681
Average Sheep Distance: 0.2883091543595626
Maximum Sheep Distance: 0.3863258220361709
Elapsed Time: 4m 46s
********** 85 **********
Average Fitness: 0.2856666666666667
Maximum Fitness: 0.5333333333333333
Average Pen Distance: 0.4762313823271272
Maximum Pen Distance: 0.7915906003138454
Average Dog Distance: 0.6222442069035429
Maximum Dog Distance: 0.7421268381469566
Average Sheep Distance: 0.2892973396481425
Maximum Sheep Distance: 0.40067286566130805
Elapsed Time: 4m 55s
********** 86 **********
Average Fitness: 0.2823333333333333
Maximum Fitness: 0.5333333333333333
Average Pen Distance: 0.47605406415500295
Maximum Pen Distance: 0.6972118128565475
Average Dog Distance: 0.6289762366221587
Maximum Dog Distance: 0.7575877266691123
Average Sheep Distance: 0.29009556483922966
Maximum Sheep Distance: 0.3630147391813385
Elapsed Time: 4m 52s
********** 87 **********
Average Fitness: 0.26766666666666666
Maximum Fitness: 0.5
Average Pen Distance: 0.4779301635584298
Maximum Pen Distance: 0.7223636439555507
Average Dog Distance: 0.625348294687819
Maximum Dog Distance: 0.7393198140098857
Average Sheep Distance: 0.2910154904096655
Maximum Sheep Distance: 0.4264987407299752
Elapsed Time: 4m 53s
********** 88 **********
Average Fitness: 0.279
Maximum Fitness: 0.5666666666666667
Average Pen Distance: 0.4558893963739356
Maximum Pen Distance: 0.7548481491323874
Average Dog Distance: 0.6262238696147119
Maximum Dog Distance: 0.7712222958705491
Average Sheep Distance: 0.30033834241100354
Maximum Sheep Distance: 0.46909107631793834
Elapsed Time: 4m 54s
********** 89 **********
Average Fitness: 0.30600000000000005
Maximum Fitness: 0.5666666666666668
Average Pen Distance: 0.4447483018497227
Maximum Pen Distance: 0.6662718229251966
Average Dog Distance: 0.641774194139071
Maximum Dog Distance: 0.7667444966961083
Average Sheep Distance: 0.292181481391659
Maximum Sheep Distance: 0.4204768490891732
Elapsed Time: 4m 44s
********** 90 **********
Average Fitness: 0.2713333333333333
Maximum Fitness: 0.5
Average Pen Distance: 0.45093343788631407
Maximum Pen Distance: 0.6526556355643914
Average Dog Distance: 0.6501780202495269
Maximum Dog Distance: 0.7691058008005206
Average Sheep Distance: 0.28817292702022834
Maximum Sheep Distance: 0.40814827608503296
Elapsed Time: 4m 52s
********** 91 **********
Average Fitness: 0.278
Maximum Fitness: 0.6
Average Pen Distance: 0.43672379631524527
Maximum Pen Distance: 0.6392507445229119
Average Dog Distance: 0.6469437646669206
Maximum Dog Distance: 0.75099350630617
Average Sheep Distance: 0.2921918074021301
Maximum Sheep Distance: 0.4744442238380689
Elapsed Time: 4m 56s
********** 92 **********
Average Fitness: 0.31366666666666665
Maximum Fitness: 0.6
Average Pen Distance: 0.42627795206775104
Maximum Pen Distance: 0.655455671530418
Average Dog Distance: 0.6493815837993421
Maximum Dog Distance: 0.7543623378691907
Average Sheep Distance: 0.2912487506319484
Maximum Sheep Distance: 0.4406650294153807
Elapsed Time: 4m 48s
********** 93 **********
Average Fitness: 0.3206666666666667
Maximum Fitness: 0.6666666666666666
Average Pen Distance: 0.4019236272724146
Maximum Pen Distance: 0.6294837785744498
Average Dog Distance: 0.6407168552014966
Maximum Dog Distance: 0.7625782528074656
Average Sheep Distance: 0.2942930080792629
Maximum Sheep Distance: 0.43708903487522566
Elapsed Time: 4m 44s
********** 94 **********
Average Fitness: 0.3073333333333333
Maximum Fitness: 0.5333333333333333
Average Pen Distance: 0.41551330214287857
Maximum Pen Distance: 0.5970895190206914
Average Dog Distance: 0.6565953307375848
Maximum Dog Distance: 0.7558330382169345
Average Sheep Distance: 0.2918270087636841
Maximum Sheep Distance: 0.4461054271539728
Elapsed Time: 4m 59s
********** 95 **********
Average Fitness: 0.31366666666666665
Maximum Fitness: 0.6666666666666666
Average Pen Distance: 0.4054350980222672
Maximum Pen Distance: 0.61780601003257
Average Dog Distance: 0.6547442775994803
Maximum Dog Distance: 0.7404666529339297
Average Sheep Distance: 0.29634616621954474
Maximum Sheep Distance: 0.408109864755634
Elapsed Time: 4m 48s
********** 96 **********
Average Fitness: 0.3306666666666666
Maximum Fitness: 0.6333333333333333
Average Pen Distance: 0.39655427500214446
Maximum Pen Distance: 0.6109192329849605
Average Dog Distance: 0.6586506975704849
Maximum Dog Distance: 0.7698848409150251
Average Sheep Distance: 0.2975675988145781
Maximum Sheep Distance: 0.47742219700644967
Elapsed Time: 4m 51s
********** 97 **********
Average Fitness: 0.30700000000000005
Maximum Fitness: 0.6
Average Pen Distance: 0.3976319275734195
Maximum Pen Distance: 0.7087115524586917
Average Dog Distance: 0.6470763767589253
Maximum Dog Distance: 0.7782342436930451
Average Sheep Distance: 0.29508301156972044
Maximum Sheep Distance: 0.4231840577431569
Elapsed Time: 4m 44s
********** 98 **********
Average Fitness: 0.30666666666666664
Maximum Fitness: 0.5666666666666665
Average Pen Distance: 0.40118771369495937
Maximum Pen Distance: 0.7005613039976532
Average Dog Distance: 0.6538873483994867
Maximum Dog Distance: 0.7811566724635174
Average Sheep Distance: 0.29863240775384137
Maximum Sheep Distance: 0.4373205265430185
Elapsed Time: 4m 52s
********** 99 **********
Average Fitness: 0.295
Maximum Fitness: 0.5666666666666668
Average Pen Distance: 0.40441729727105574
Maximum Pen Distance: 0.6837501479375429
Average Dog Distance: 0.6649044603976568
Maximum Dog Distance: 0.7794831013433109
Average Sheep Distance: 0.3002467974090276
Maximum Sheep Distance: 0.4163204161563423
Elapsed Time: 4m 52s
********** 100 **********
Average Fitness: 0.3026666666666667
Maximum Fitness: 0.7000000000000001
Average Pen Distance: 0.38472972707595554
Maximum Pen Distance: 0.6895214090455882
Average Dog Distance: 0.6597733137284714
Maximum Dog Distance: 0.7944014143327838
Average Sheep Distance: 0.2992186999146354
Maximum Sheep Distance: 0.4847362142283143
Elapsed Time: 4m 53s
********** 1 **********
Average Fitness: 0.04133333333333334
Maximum Fitness: 0.19999999999999998
Average Pen Distance: 0.5153962251135883
Maximum Pen Distance: 0.7547772336794146
Average Dog Distance: 0.6111942870252774
Maximum Dog Distance: 0.7927887153258806
Average Sheep Distance: 0.35667026692648046
Maximum Sheep Distance: 0.42765629754762685
Elapsed Time: 5m 1s
********** 2 **********
Average Fitness: 0.04699999999999999
Maximum Fitness: 0.16666666666666666
Average Pen Distance: 0.5118771511783266
Maximum Pen Distance: 0.7275562253320019
Average Dog Distance: 0.6225192179909737
Maximum Dog Distance: 0.8321965730922596
Average Sheep Distance: 0.3529124048916804
Maximum Sheep Distance: 0.45694310026138557
Elapsed Time: 5m 6s
********** 3 **********
Average Fitness: 0.047333333333333324
Maximum Fitness: 0.23333333333333336
Average Pen Distance: 0.5087699027955561
Maximum Pen Distance: 0.690388385299427
Average Dog Distance: 0.605873644712543
Maximum Dog Distance: 0.8507456951171976
Average Sheep Distance: 0.35332623192798474
Maximum Sheep Distance: 0.48164989613251236
Elapsed Time: 5m 1s
********** 4 **********
Average Fitness: 0.05733333333333333
Maximum Fitness: 0.16666666666666666
Average Pen Distance: 0.5076667837788618
Maximum Pen Distance: 0.7064079233302455
Average Dog Distance: 0.6142211211955562
Maximum Dog Distance: 0.8277489556679657
Average Sheep Distance: 0.35732671998388665
Maximum Sheep Distance: 0.43718959964154674
Elapsed Time: 5m 5s
********** 5 **********
Average Fitness: 0.05233333333333332
Maximum Fitness: 0.26666666666666666
Average Pen Distance: 0.5082211311938374
Maximum Pen Distance: 0.720737565376144
Average Dog Distance: 0.6110660184066329
Maximum Dog Distance: 0.8369958272340258
Average Sheep Distance: 0.3563890908539974
Maximum Sheep Distance: 0.43047232600794033
Elapsed Time: 5m 10s
********** 6 **********
Average Fitness: 0.05566666666666666
Maximum Fitness: 0.26666666666666666
Average Pen Distance: 0.49061898111342905
Maximum Pen Distance: 0.6498089743348742
Average Dog Distance: 0.5975046783974077
Maximum Dog Distance: 0.7949871605738245
Average Sheep Distance: 0.3502011573387705
Maximum Sheep Distance: 0.43132364124369155
Elapsed Time: 5m 3s
********** 7 **********
Average Fitness: 0.055
Maximum Fitness: 0.30000000000000004
Average Pen Distance: 0.48256744160093973
Maximum Pen Distance: 0.661212197308887
Average Dog Distance: 0.6105451480291765
Maximum Dog Distance: 0.7930097310766526
Average Sheep Distance: 0.3536546785238513
Maximum Sheep Distance: 0.42308376733579606
Elapsed Time: 5m 10s
********** 8 **********
Average Fitness: 0.05266666666666667
Maximum Fitness: 0.2333333333333333
Average Pen Distance: 0.4821838888335141
Maximum Pen Distance: 0.7785624911498644
Average Dog Distance: 0.6059026478445144
Maximum Dog Distance: 0.7991833328841276
Average Sheep Distance: 0.3518047787469392
Maximum Sheep Distance: 0.44982815927905845
Elapsed Time: 5m 3s
********** 9 **********
Average Fitness: 0.054333333333333324
Maximum Fitness: 0.20000000000000004
Average Pen Distance: 0.47630942319105835
Maximum Pen Distance: 0.6301197765438632
Average Dog Distance: 0.6140502856215672
Maximum Dog Distance: 0.7739268419448978
Average Sheep Distance: 0.34513734014700304
Maximum Sheep Distance: 0.4143900572529504
Elapsed Time: 5m 11s
********** 10 **********
Average Fitness: 0.06866666666666667
Maximum Fitness: 0.3
Average Pen Distance: 0.4634857390699158
Maximum Pen Distance: 0.6559972661846821
Average Dog Distance: 0.5990031495159623
Maximum Dog Distance: 0.8454621092381408
Average Sheep Distance: 0.346836331299663
Maximum Sheep Distance: 0.4639422445162689
Elapsed Time: 4m 58s
********** 11 **********
Average Fitness: 0.06466666666666665
Maximum Fitness: 0.2333333333333333
Average Pen Distance: 0.4638615275537172
Maximum Pen Distance: 0.6311095319392176
Average Dog Distance: 0.6012859789660073
Maximum Dog Distance: 0.7707767773831543
Average Sheep Distance: 0.35264420824146536
Maximum Sheep Distance: 0.4394748745919556
Elapsed Time: 5m 4s
********** 12 **********
Average Fitness: 0.05266666666666666
Maximum Fitness: 0.26666666666666666
Average Pen Distance: 0.4778623437478431
Maximum Pen Distance: 0.6855782679783203
Average Dog Distance: 0.6100137987456141
Maximum Dog Distance: 0.8032545549234894
Average Sheep Distance: 0.34769585577256135
Maximum Sheep Distance: 0.43250363441900325
Elapsed Time: 5m 6s
********** 13 **********
Average Fitness: 0.06566666666666666
Maximum Fitness: 0.20000000000000004
Average Pen Distance: 0.4824159081607873
Maximum Pen Distance: 0.7561746868324756
Average Dog Distance: 0.6301047791725101
Maximum Dog Distance: 0.7894453844359633
Average Sheep Distance: 0.34594607397142163
Maximum Sheep Distance: 0.4316092207248134
Elapsed Time: 4m 59s
********** 14 **********
Average Fitness: 0.06933333333333333
Maximum Fitness: 0.26666666666666666
Average Pen Distance: 0.4657587375285665
Maximum Pen Distance: 0.729250593779507
Average Dog Distance: 0.6408082806287547
Maximum Dog Distance: 0.7714854016712472
Average Sheep Distance: 0.3499336328305099
Maximum Sheep Distance: 0.46118215296673126
Elapsed Time: 5m 7s
********** 15 **********
Average Fitness: 0.08499999999999998
Maximum Fitness: 0.3
Average Pen Distance: 0.44913394473234747
Maximum Pen Distance: 0.7186497510501204
Average Dog Distance: 0.6493111107427021
Maximum Dog Distance: 0.8160811793441081
Average Sheep Distance: 0.35267603671504916
Maximum Sheep Distance: 0.45573801113119256
Elapsed Time: 5m 7s
********** 16 **********
Average Fitness: 0.068
Maximum Fitness: 0.30000000000000004
Average Pen Distance: 0.4355699690968219
Maximum Pen Distance: 0.7723773799925753
Average Dog Distance: 0.6475992053922249
Maximum Dog Distance: 0.855134000493606
Average Sheep Distance: 0.3453950959863901
Maximum Sheep Distance: 0.4789092285326668
Elapsed Time: 5m 7s
********** 17 **********
Average Fitness: 0.09233333333333331
Maximum Fitness: 0.23333333333333336
Average Pen Distance: 0.43463188000540776
Maximum Pen Distance: 0.64216967870842
Average Dog Distance: 0.6490174519264867
Maximum Dog Distance: 0.8238459051477838
Average Sheep Distance: 0.34305940913926636
Maximum Sheep Distance: 0.4266825300638128
Elapsed Time: 5m 5s
********** 18 **********
Average Fitness: 0.08833333333333333
Maximum Fitness: 0.2333333333333333
Average Pen Distance: 0.40795182191519713
Maximum Pen Distance: 0.631379405222002
Average Dog Distance: 0.6379571376917442
Maximum Dog Distance: 0.7647907070593204
Average Sheep Distance: 0.3425058079098108
Maximum Sheep Distance: 0.44028076189408755
Elapsed Time: 5m 5s
********** 19 **********
Average Fitness: 0.08933333333333332
Maximum Fitness: 0.3
Average Pen Distance: 0.3893352639908628
Maximum Pen Distance: 0.6712932678085975
Average Dog Distance: 0.6311257271129479
Maximum Dog Distance: 0.7711052411636979
Average Sheep Distance: 0.3381431636309829
Maximum Sheep Distance: 0.44085135807223946
Elapsed Time: 4m 58s
********** 20 **********
Average Fitness: 0.10799999999999998
Maximum Fitness: 0.30000000000000004
Average Pen Distance: 0.3657988891006465
Maximum Pen Distance: 0.650643108879211
Average Dog Distance: 0.63298297190194
Maximum Dog Distance: 0.7513476277028723
Average Sheep Distance: 0.33947788235738857
Maximum Sheep Distance: 0.4286617008452564
Elapsed Time: 5m 6s
********** 21 **********
Average Fitness: 0.10099999999999999
Maximum Fitness: 0.36666666666666664
Average Pen Distance: 0.3656244385001131
Maximum Pen Distance: 0.6006268400481346
Average Dog Distance: 0.6354122380940872
Maximum Dog Distance: 0.7819146850209034
Average Sheep Distance: 0.338517257784973
Maximum Sheep Distance: 0.42009923344892086
Elapsed Time: 4m 59s
********** 22 **********
Average Fitness: 0.12233333333333332
Maximum Fitness: 0.39999999999999997
Average Pen Distance: 0.36434760769446617
Maximum Pen Distance: 0.5829033681162535
Average Dog Distance: 0.6326267261865861
Maximum Dog Distance: 0.7791050636390383
Average Sheep Distance: 0.3378308116407929
Maximum Sheep Distance: 0.4265515522625016
Elapsed Time: 5m 1s
********** 23 **********
Average Fitness: 0.11966666666666664
Maximum Fitness: 0.3333333333333333
Average Pen Distance: 0.3486073825588622
Maximum Pen Distance: 0.6843253297658655
Average Dog Distance: 0.6386617102570576
Maximum Dog Distance: 0.8030536665899453
Average Sheep Distance: 0.328589239929276
Maximum Sheep Distance: 0.4111089767959782
Elapsed Time: 5m 2s
********** 24 **********
Average Fitness: 0.12599999999999997
Maximum Fitness: 0.4000000000000001
Average Pen Distance: 0.36419425497274915
Maximum Pen Distance: 0.6245668433872517
Average Dog Distance: 0.6531842570635911
Maximum Dog Distance: 0.8201429197976813
Average Sheep Distance: 0.32934121293544405
Maximum Sheep Distance: 0.41444246065618473
Elapsed Time: 4m 56s
********** 25 **********
Average Fitness: 0.135
Maximum Fitness: 0.43333333333333335
Average Pen Distance: 0.3706303099938234
Maximum Pen Distance: 0.6254362289661697
Average Dog Distance: 0.660617200456361
Maximum Dog Distance: 0.7900527073806511
Average Sheep Distance: 0.32684647508707054
Maximum Sheep Distance: 0.412938268145768
Elapsed Time: 4m 57s
********** 26 **********
Average Fitness: 0.14433333333333334
Maximum Fitness: 0.39999999999999997
Average Pen Distance: 0.36893240419917134
Maximum Pen Distance: 0.6674281668005729
Average Dog Distance: 0.6540048523917805
Maximum Dog Distance: 0.785539082464772
Average Sheep Distance: 0.32403170731421294
Maximum Sheep Distance: 0.43709164362210945
Elapsed Time: 5m 1s
********** 27 **********
Average Fitness: 0.1533333333333333
Maximum Fitness: 0.3333333333333333
Average Pen Distance: 0.35399795660398153
Maximum Pen Distance: 0.5866615605914761
Average Dog Distance: 0.6361342419752324
Maximum Dog Distance: 0.8070907642594273
Average Sheep Distance: 0.3148805781180596
Maximum Sheep Distance: 0.40322356204214493
Elapsed Time: 4m 56s
********** 28 **********
Average Fitness: 0.15033333333333332
Maximum Fitness: 0.4333333333333333
Average Pen Distance: 0.36047575813032073
Maximum Pen Distance: 0.5913289057515511
Average Dog Distance: 0.6398186233054136
Maximum Dog Distance: 0.8074829081115702
Average Sheep Distance: 0.32130804490830905
Maximum Sheep Distance: 0.48599606792188804
Elapsed Time: 5m 0s
********** 29 **********
Average Fitness: 0.14466666666666664
Maximum Fitness: 0.3666666666666667
Average Pen Distance: 0.3426126316845336
Maximum Pen Distance: 0.5906190251495467
Average Dog Distance: 0.62781903959603
Maximum Dog Distance: 0.7712767655620981
Average Sheep Distance: 0.32167526978482186
Maximum Sheep Distance: 0.42798492678005656
Elapsed Time: 5m 0s
********** 30 **********
Average Fitness: 0.15366666666666667
Maximum Fitness: 0.4666666666666666
Average Pen Distance: 0.3548017046835356
Maximum Pen Distance: 0.7789420179968501
Average Dog Distance: 0.6378364823524333
Maximum Dog Distance: 0.7978319978411869
Average Sheep Distance: 0.3249628647737853
Maximum Sheep Distance: 0.4105215838472051
Elapsed Time: 4m 55s
********** 31 **********
Average Fitness: 0.17733333333333337
Maximum Fitness: 0.43333333333333335
Average Pen Distance: 0.3496674532102879
Maximum Pen Distance: 0.5396627625551366
Average Dog Distance: 0.6455898564948636
Maximum Dog Distance: 0.7983491784056915
Average Sheep Distance: 0.3168172471719405
Maximum Sheep Distance: 0.40111152512554255
Elapsed Time: 4m 54s
********** 32 **********
Average Fitness: 0.17633333333333337
Maximum Fitness: 0.4000000000000001
Average Pen Distance: 0.34966427360351354
Maximum Pen Distance: 0.5644449601621276
Average Dog Distance: 0.6371257374032551
Maximum Dog Distance: 0.8131810296800056
Average Sheep Distance: 0.3093297149214536
Maximum Sheep Distance: 0.41087076624129476
Elapsed Time: 4m 53s
********** 33 **********
Average Fitness: 0.1746666666666667
Maximum Fitness: 0.3666666666666667
Average Pen Distance: 0.3591955459631809
Maximum Pen Distance: 0.6453970976181537
Average Dog Distance: 0.6356769793518356
Maximum Dog Distance: 0.8134754515938116
Average Sheep Distance: 0.3143620219974064
Maximum Sheep Distance: 0.42010477624292125
Elapsed Time: 5m 7s
********** 34 **********
Average Fitness: 0.17433333333333334
Maximum Fitness: 0.4666666666666666
Average Pen Distance: 0.3553682576068338
Maximum Pen Distance: 0.5998428687194939
Average Dog Distance: 0.6328324788749567
Maximum Dog Distance: 0.8046972997437649
Average Sheep Distance: 0.31928540411277806
Maximum Sheep Distance: 0.4037523035171508
Elapsed Time: 4m 55s
********** 35 **********
Average Fitness: 0.17866666666666667
Maximum Fitness: 0.5
Average Pen Distance: 0.3868452188579871
Maximum Pen Distance: 0.7623465041785836
Average Dog Distance: 0.6397102689401694
Maximum Dog Distance: 0.8023005174021751
Average Sheep Distance: 0.31968840878467
Maximum Sheep Distance: 0.4402659739412887
Elapsed Time: 4m 50s
********** 36 **********
Average Fitness: 0.16533333333333336
Maximum Fitness: 0.43333333333333335
Average Pen Distance: 0.3677160847888497
Maximum Pen Distance: 0.7244437333716011
Average Dog Distance: 0.6391320414256284
Maximum Dog Distance: 0.7863817382070218
Average Sheep Distance: 0.31674746687245103
Maximum Sheep Distance: 0.413163571327773
Elapsed Time: 5m 3s
********** 37 **********
Average Fitness: 0.15566666666666668
Maximum Fitness: 0.39999999999999997
Average Pen Distance: 0.3518103383081168
Maximum Pen Distance: 0.6506570042057268
Average Dog Distance: 0.6357428667069119
Maximum Dog Distance: 0.8887961489173032
Average Sheep Distance: 0.31693949461745663
Maximum Sheep Distance: 0.4600124617940833
Elapsed Time: 4m 57s
********** 38 **********
Average Fitness: 0.17500000000000004
Maximum Fitness: 0.5333333333333333
Average Pen Distance: 0.35054905051807067
Maximum Pen Distance: 0.6002788093945693
Average Dog Distance: 0.6199486127375797
Maximum Dog Distance: 0.7949836621796406
Average Sheep Distance: 0.31504145200272454
Maximum Sheep Distance: 0.4473066520265063
Elapsed Time: 5m 1s
********** 39 **********
Average Fitness: 0.17600000000000005
Maximum Fitness: 0.4333333333333333
Average Pen Distance: 0.33735381000553943
Maximum Pen Distance: 0.6467071527324307
Average Dog Distance: 0.6205562311533558
Maximum Dog Distance: 0.7746403910018191
Average Sheep Distance: 0.31472913945712855
Maximum Sheep Distance: 0.3944664682406244
Elapsed Time: 4m 59s
********** 40 **********
Average Fitness: 0.18633333333333335
Maximum Fitness: 0.43333333333333335
Average Pen Distance: 0.3387904697409953
Maximum Pen Distance: 0.6341072025908936
Average Dog Distance: 0.6285377936926619
Maximum Dog Distance: 0.7848134795065187
Average Sheep Distance: 0.3128733929190526
Maximum Sheep Distance: 0.4892158839191218
Elapsed Time: 4m 52s
********** 41 **********
Average Fitness: 0.19366666666666668
Maximum Fitness: 0.4666666666666666
Average Pen Distance: 0.34770549669394946
Maximum Pen Distance: 0.6493700215632319
Average Dog Distance: 0.6238537562517679
Maximum Dog Distance: 0.7696000339050042
Average Sheep Distance: 0.31127134742685814
Maximum Sheep Distance: 0.43128376871971263
Elapsed Time: 4m 55s
********** 42 **********
Average Fitness: 0.20466666666666672
Maximum Fitness: 0.49999999999999994
Average Pen Distance: 0.34505426393526606
Maximum Pen Distance: 0.7016145749034689
Average Dog Distance: 0.6205051586169101
Maximum Dog Distance: 0.7358933946866498
Average Sheep Distance: 0.31485173007028516
Maximum Sheep Distance: 0.46073751946332075
Elapsed Time: 4m 55s
********** 43 **********
Average Fitness: 0.22066666666666668
Maximum Fitness: 0.5
Average Pen Distance: 0.340980689923557
Maximum Pen Distance: 0.5636211072718821
Average Dog Distance: 0.6254330779158059
Maximum Dog Distance: 0.7649638653239105
Average Sheep Distance: 0.3113229701037149
Maximum Sheep Distance: 0.45825581818850525
Elapsed Time: 4m 53s
********** 44 **********
Average Fitness: 0.2366666666666667
Maximum Fitness: 0.46666666666666673
Average Pen Distance: 0.34168687913805507
Maximum Pen Distance: 0.6770128519456943
Average Dog Distance: 0.6273973512513087
Maximum Dog Distance: 0.7809188836370567
Average Sheep Distance: 0.3087055128679033
Maximum Sheep Distance: 0.455372270533424
Elapsed Time: 4m 53s
********** 45 **********
Average Fitness: 0.23600000000000004
Maximum Fitness: 0.5666666666666667
Average Pen Distance: 0.34266170863039314
Maximum Pen Distance: 0.7063218751378716
Average Dog Distance: 0.6239587061894284
Maximum Dog Distance: 0.7487336353485218
Average Sheep Distance: 0.3108413799022569
Maximum Sheep Distance: 0.4650189280404892
Elapsed Time: 4m 48s
********** 46 **********
Average Fitness: 0.24633333333333332
Maximum Fitness: 0.5
Average Pen Distance: 0.33180536368180796
Maximum Pen Distance: 0.6064925846205279
Average Dog Distance: 0.6366038401006076
Maximum Dog Distance: 0.747031423762795
Average Sheep Distance: 0.30675591619834597
Maximum Sheep Distance: 0.3942018017802618
Elapsed Time: 4m 49s
********** 47 **********
Average Fitness: 0.248
Maximum Fitness: 0.5
Average Pen Distance: 0.36283196284855435
Maximum Pen Distance: 0.7464830410980636
Average Dog Distance: 0.640696837532452
Maximum Dog Distance: 0.752437652539735
Average Sheep Distance: 0.3058406541733615
Maximum Sheep Distance: 0.42961383302762846
Elapsed Time: 4m 52s
********** 48 **********
Average Fitness: 0.23466666666666666
Maximum Fitness: 0.43333333333333335
Average Pen Distance: 0.35823340823016636
Maximum Pen Distance: 0.5638400342253481
Average Dog Distance: 0.6378440159908564
Maximum Dog Distance: 0.7652040087837316
Average Sheep Distance: 0.3039621254682747
Maximum Sheep Distance: 0.4162581822406657
Elapsed Time: 4m 54s
********** 49 **********
Average Fitness: 0.22366666666666668
Maximum Fitness: 0.5333333333333333
Average Pen Distance: 0.3718768960853609
Maximum Pen Distance: 0.6915704617202808
Average Dog Distance: 0.6360298960645351
Maximum Dog Distance: 0.7426452555717642
Average Sheep Distance: 0.30617151002530074
Maximum Sheep Distance: 0.4546712769372731
Elapsed Time: 4m 51s
********** 50 **********
Average Fitness: 0.24133333333333332
Maximum Fitness: 0.46666666666666673
Average Pen Distance: 0.36770815024776593
Maximum Pen Distance: 0.6544032725347853
Average Dog Distance: 0.6436343251398685
Maximum Dog Distance: 0.7524676325453763
Average Sheep Distance: 0.3069688132584351
Maximum Sheep Distance: 0.40201263769031637
Elapsed Time: 4m 52s
********** 51 **********
Average Fitness: 0.24100000000000002
Maximum Fitness: 0.5333333333333333
Average Pen Distance: 0.36184304948620216
Maximum Pen Distance: 0.6080836153779549
Average Dog Distance: 0.6356913428225297
Maximum Dog Distance: 0.7455602328682155
Average Sheep Distance: 0.3011279772678181
Maximum Sheep Distance: 0.4247787391342322
Elapsed Time: 4m 54s
********** 52 **********
Average Fitness: 0.25566666666666665
Maximum Fitness: 0.5
Average Pen Distance: 0.36364051309390477
Maximum Pen Distance: 0.6275592103680624
Average Dog Distance: 0.6392252580816153
Maximum Dog Distance: 0.744856425462343
Average Sheep Distance: 0.30317146742020396
Maximum Sheep Distance: 0.3759247876349099
Elapsed Time: 4m 48s
********** 53 **********
Average Fitness: 0.24799999999999997
Maximum Fitness: 0.5
Average Pen Distance: 0.35538664399552183
Maximum Pen Distance: 0.7238548407980233
Average Dog Distance: 0.6545747439909977
Maximum Dog Distance: 0.7684055371371626
Average Sheep Distance: 0.30697724020246103
Maximum Sheep Distance: 0.45627435989569226
Elapsed Time: 4m 49s
********** 54 **********
Average Fitness: 0.23233333333333334
Maximum Fitness: 0.43333333333333335
Average Pen Distance: 0.3596565910362032
Maximum Pen Distance: 0.7299058435124212
Average Dog Distance: 0.6574147150684171
Maximum Dog Distance: 0.7214775603699146
Average Sheep Distance: 0.30117222330363036
Maximum Sheep Distance: 0.39848525791642603
Elapsed Time: 4m 59s
********** 55 **********
Average Fitness: 0.24299999999999997
Maximum Fitness: 0.46666666666666673
Average Pen Distance: 0.37074526249534884
Maximum Pen Distance: 0.761865432026429
Average Dog Distance: 0.6593363895799063
Maximum Dog Distance: 0.763000403348817
Average Sheep Distance: 0.30079178816933805
Maximum Sheep Distance: 0.4219661109271741
Elapsed Time: 4m 55s
********** 56 **********
Average Fitness: 0.2553333333333333
Maximum Fitness: 0.5666666666666665
Average Pen Distance: 0.3529743285372556
Maximum Pen Distance: 0.563269974946108
Average Dog Distance: 0.6576366353835875
Maximum Dog Distance: 0.7529353084636791
Average Sheep Distance: 0.30151913863898683
Maximum Sheep Distance: 0.4075487475373311
Elapsed Time: 4m 52s
********** 57 **********
Average Fitness: 0.26566666666666666
Maximum Fitness: 0.43333333333333335
Average Pen Distance: 0.3450557123215504
Maximum Pen Distance: 0.5543982415908463
Average Dog Distance: 0.6634168794286339
Maximum Dog Distance: 0.7825921647986701
Average Sheep Distance: 0.304706545716294
Maximum Sheep Distance: 0.38846150553539777
Elapsed Time: 4m 47s
********** 58 **********
Average Fitness: 0.255
Maximum Fitness: 0.5333333333333333
Average Pen Distance: 0.3527564582128024
Maximum Pen Distance: 0.668685790534968
Average Dog Distance: 0.6617050249394992
Maximum Dog Distance: 0.7519202685293885
Average Sheep Distance: 0.3031924470659103
Maximum Sheep Distance: 0.4091400615813567
Elapsed Time: 4m 50s
********** 59 **********
Average Fitness: 0.22799999999999998
Maximum Fitness: 0.5
Average Pen Distance: 0.3623169319323543
Maximum Pen Distance: 0.6502603159274837
Average Dog Distance: 0.6609731913347846
Maximum Dog Distance: 0.7783753935963653
Average Sheep Distance: 0.30352138293509473
Maximum Sheep Distance: 0.4212891334736874
Elapsed Time: 5m 8s
********** 60 **********
Average Fitness: 0.2516666666666667
Maximum Fitness: 0.5333333333333333
Average Pen Distance: 0.3503012665042924
Maximum Pen Distance: 0.6305493735639397
Average Dog Distance: 0.6468449164836142
Maximum Dog Distance: 0.7547547872212813
Average Sheep Distance: 0.30824475841535415
Maximum Sheep Distance: 0.40894125679996823
Elapsed Time: 4m 57s
********** 61 **********
Average Fitness: 0.24966666666666668
Maximum Fitness: 0.5
Average Pen Distance: 0.3547160516165254
Maximum Pen Distance: 0.6491305052008021
Average Dog Distance: 0.6423505468145011
Maximum Dog Distance: 0.7339855598786396
Average Sheep Distance: 0.3075512736266565
Maximum Sheep Distance: 0.4273902594027746
Elapsed Time: 4m 55s
********** 62 **********
Average Fitness: 0.26366666666666666
Maximum Fitness: 0.5
Average Pen Distance: 0.3398711782180591
Maximum Pen Distance: 0.7591979018473266
Average Dog Distance: 0.6466613668033661
Maximum Dog Distance: 0.7808085916276166
Average Sheep Distance: 0.3077954745740387
Maximum Sheep Distance: 0.3837840967047814
Elapsed Time: 4m 54s
********** 63 **********
Average Fitness: 0.26
Maximum Fitness: 0.5
Average Pen Distance: 0.3414075510709801
Maximum Pen Distance: 0.5284937651244657
Average Dog Distance: 0.6469043624173313
Maximum Dog Distance: 0.7535327604306751
Average Sheep Distance: 0.30115084679460435
Maximum Sheep Distance: 0.37978802225448166
Elapsed Time: 4m 56s
********** 64 **********
Average Fitness: 0.25433333333333336
Maximum Fitness: 0.5
Average Pen Distance: 0.3446315125979019
Maximum Pen Distance: 0.5849544734366474
Average Dog Distance: 0.6403381367447848
Maximum Dog Distance: 0.7348594330234427
Average Sheep Distance: 0.30345862932920675
Maximum Sheep Distance: 0.3892675509825712
Elapsed Time: 4m 57s
********** 65 **********
Average Fitness: 0.265
Maximum Fitness: 0.5333333333333333
Average Pen Distance: 0.3408078590600628
Maximum Pen Distance: 0.6238622646047697
Average Dog Distance: 0.6446287577819105
Maximum Dog Distance: 0.7726225378257316
Average Sheep Distance: 0.3029525233553167
Maximum Sheep Distance: 0.3832906463018739
Elapsed Time: 4m 49s
********** 66 **********
Average Fitness: 0.26866666666666666
Maximum Fitness: 0.5333333333333333
Average Pen Distance: 0.34149743078338923
Maximum Pen Distance: 0.6346293490832801
Average Dog Distance: 0.6387495480913459
Maximum Dog Distance: 0.7408595857249827
Average Sheep Distance: 0.3096657282875402
Maximum Sheep Distance: 0.40290279452602445
Elapsed Time: 4m 50s
********** 67 **********
Average Fitness: 0.26766666666666666
Maximum Fitness: 0.6
Average Pen Distance: 0.34465603843844206
Maximum Pen Distance: 0.5942936664067119
Average Dog Distance: 0.6344645254584315
Maximum Dog Distance: 0.7729170524600001
Average Sheep Distance: 0.3017032752567012
Maximum Sheep Distance: 0.37345359283635976
Elapsed Time: 4m 59s
********** 68 **********
Average Fitness: 0.24866666666666667
Maximum Fitness: 0.4333333333333333
Average Pen Distance: 0.3784415334560585
Maximum Pen Distance: 0.6712385546183528
Average Dog Distance: 0.6457388318443341
Maximum Dog Distance: 0.7778930073121586
Average Sheep Distance: 0.3079681061491391
Maximum Sheep Distance: 0.4179440210122453
Elapsed Time: 4m 45s
********** 69 **********
Average Fitness: 0.25799999999999995
Maximum Fitness: 0.43333333333333335
Average Pen Distance: 0.36806401785310355
Maximum Pen Distance: 0.7630359972109204
Average Dog Distance: 0.6522192413065209
Maximum Dog Distance: 0.7910722966234055
Average Sheep Distance: 0.3074838723830888
Maximum Sheep Distance: 0.4265218588098045
Elapsed Time: 4m 53s
********** 70 **********
Average Fitness: 0.26766666666666666
Maximum Fitness: 0.5333333333333333
Average Pen Distance: 0.3644291006097508
Maximum Pen Distance: 0.6993524769528042
Average Dog Distance: 0.6475619245502172
Maximum Dog Distance: 0.756504076449159
Average Sheep Distance: 0.3032005344556234
Maximum Sheep Distance: 0.46610870366189533
Elapsed Time: 4m 55s
********** 71 **********
Average Fitness: 0.2656666666666666
Maximum Fitness: 0.5
Average Pen Distance: 0.3770724027237103
Maximum Pen Distance: 0.5738562067031384
Average Dog Distance: 0.6483616971802837
Maximum Dog Distance: 0.7589700939584171
Average Sheep Distance: 0.30266278118170553
Maximum Sheep Distance: 0.39884006102308334
Elapsed Time: 4m 59s
********** 72 **********
Average Fitness: 0.2563333333333333
Maximum Fitness: 0.5
Average Pen Distance: 0.3951781657333307
Maximum Pen Distance: 0.7595981480519675
Average Dog Distance: 0.6513645910460972
Maximum Dog Distance: 0.7707777047430725
Average Sheep Distance: 0.2983613865853595
Maximum Sheep Distance: 0.42748818309862036
Elapsed Time: 4m 52s
********** 73 **********
Average Fitness: 0.264
Maximum Fitness: 0.46666666666666673
Average Pen Distance: 0.3925982670068759
Maximum Pen Distance: 0.6604947375623015
Average Dog Distance: 0.6553701714664506
Maximum Dog Distance: 0.743240456955951
Average Sheep Distance: 0.3036374917873082
Maximum Sheep Distance: 0.42216511844634524
Elapsed Time: 4m 53s
********** 74 **********
Average Fitness: 0.256
Maximum Fitness: 0.4666666666666666
Average Pen Distance: 0.38255069997896923
Maximum Pen Distance: 0.685184457257782
Average Dog Distance: 0.6546913726337302
Maximum Dog Distance: 0.7688008667635818
Average Sheep Distance: 0.3089667196997329
Maximum Sheep Distance: 0.44712011850868655
Elapsed Time: 4m 52s
********** 75 **********
Average Fitness: 0.2583333333333333
Maximum Fitness: 0.5666666666666668
Average Pen Distance: 0.3913079846985604
Maximum Pen Distance: 0.7913977048129887
Average Dog Distance: 0.657087047308306
Maximum Dog Distance: 0.7700443154131946
Average Sheep Distance: 0.299230961960313
Maximum Sheep Distance: 0.3753653870976046
Elapsed Time: 4m 46s
********** 76 **********
Average Fitness: 0.24100000000000002
Maximum Fitness: 0.6333333333333333
Average Pen Distance: 0.3905405034677123
Maximum Pen Distance: 0.6762928417980989
Average Dog Distance: 0.6566464526634361
Maximum Dog Distance: 0.754364958940351
Average Sheep Distance: 0.30701415197892623
Maximum Sheep Distance: 0.38992225055797364
Elapsed Time: 4m 50s
********** 77 **********
Average Fitness: 0.27599999999999997
Maximum Fitness: 0.5
Average Pen Distance: 0.36869507603482554
Maximum Pen Distance: 0.6226741054505961
Average Dog Distance: 0.6513624503650264
Maximum Dog Distance: 0.7997161642430691
Average Sheep Distance: 0.30177715802725946
Maximum Sheep Distance: 0.39244953758105394
Elapsed Time: 4m 53s
********** 78 **********
Average Fitness: 0.2766666666666667
Maximum Fitness: 0.5
Average Pen Distance: 0.3652948283553725
Maximum Pen Distance: 0.5358369492446474
Average Dog Distance: 0.6599431147543641
Maximum Dog Distance: 0.7847418393263416
Average Sheep Distance: 0.29898629074771715
Maximum Sheep Distance: 0.4004925125071683
Elapsed Time: 4m 49s
********** 79 **********
Average Fitness: 0.2796666666666667
Maximum Fitness: 0.5333333333333333
Average Pen Distance: 0.3854732249441021
Maximum Pen Distance: 0.6928635829880742
Average Dog Distance: 0.6747063192936342
Maximum Dog Distance: 0.7877564372297674
Average Sheep Distance: 0.30627281429605985
Maximum Sheep Distance: 0.41576317335538143
Elapsed Time: 4m 47s
********** 80 **********
Average Fitness: 0.266
Maximum Fitness: 0.5333333333333333
Average Pen Distance: 0.3829012801597918
Maximum Pen Distance: 0.6009754452727311
Average Dog Distance: 0.6718601524787536
Maximum Dog Distance: 0.8137697616128764
Average Sheep Distance: 0.3031862307240357
Maximum Sheep Distance: 0.3859026892164421
Elapsed Time: 5m 1s
********** 81 **********
Average Fitness: 0.26300000000000007
Maximum Fitness: 0.5
Average Pen Distance: 0.38502432791441565
Maximum Pen Distance: 0.659919663628858
Average Dog Distance: 0.6744685772803308
Maximum Dog Distance: 0.8222841155306974
Average Sheep Distance: 0.303836731119904
Maximum Sheep Distance: 0.4307362320862676
Elapsed Time: 4m 52s
********** 82 **********
Average Fitness: 0.26933333333333337
Maximum Fitness: 0.5333333333333333
Average Pen Distance: 0.4112859073141671
Maximum Pen Distance: 0.7127176025503693
Average Dog Distance: 0.6719225538107801
Maximum Dog Distance: 0.797453073809591
Average Sheep Distance: 0.3046941156980798
Maximum Sheep Distance: 0.44819877248532247
Elapsed Time: 4m 48s
********** 83 **********
Average Fitness: 0.2693333333333333
Maximum Fitness: 0.5666666666666668
Average Pen Distance: 0.40602099232942757
Maximum Pen Distance: 0.6405146064557369
Average Dog Distance: 0.6757271503582152
Maximum Dog Distance: 0.7894530750727151
Average Sheep Distance: 0.2977152643327841
Maximum Sheep Distance: 0.4005315606884116
Elapsed Time: 4m 53s
********** 84 **********
Average Fitness: 0.2526666666666667
Maximum Fitness: 0.5333333333333333
Average Pen Distance: 0.4082043109487829
Maximum Pen Distance: 0.6735570568968029
Average Dog Distance: 0.6768648417000349
Maximum Dog Distance: 0.7883139281018298
Average Sheep Distance: 0.30169753409292127
Maximum Sheep Distance: 0.3919078109334524
Elapsed Time: 4m 52s
********** 85 **********
Average Fitness: 0.261
Maximum Fitness: 0.5
Average Pen Distance: 0.394072688420968
Maximum Pen Distance: 0.6045304149476772
Average Dog Distance: 0.6751301293727893
Maximum Dog Distance: 0.7627807519620333
Average Sheep Distance: 0.29666411087938127
Maximum Sheep Distance: 0.4021265499669026
Elapsed Time: 4m 47s
********** 86 **********
Average Fitness: 0.27666666666666667
Maximum Fitness: 0.5
Average Pen Distance: 0.4165599554233
Maximum Pen Distance: 0.6585227141593962
Average Dog Distance: 0.6795869283633408
Maximum Dog Distance: 0.7766157927079366
Average Sheep Distance: 0.3009137068783586
Maximum Sheep Distance: 0.3872045011424375
Elapsed Time: 4m 52s
********** 87 **********
Average Fitness: 0.27133333333333337
Maximum Fitness: 0.46666666666666673
Average Pen Distance: 0.43627317422253353
Maximum Pen Distance: 0.7288511822739722
Average Dog Distance: 0.6764778420787819
Maximum Dog Distance: 0.7664458707619702
Average Sheep Distance: 0.2992282751759054
Maximum Sheep Distance: 0.410491063893387
Elapsed Time: 4m 49s
********** 88 **********
Average Fitness: 0.26999999999999996
Maximum Fitness: 0.5333333333333333
Average Pen Distance: 0.4308616383881041
Maximum Pen Distance: 0.6745798800312913
Average Dog Distance: 0.6841693588567324
Maximum Dog Distance: 0.7592895953962465
Average Sheep Distance: 0.2967972117607802
Maximum Sheep Distance: 0.4044447283116148
Elapsed Time: 4m 44s
********** 89 **********
Average Fitness: 0.2743333333333333
Maximum Fitness: 0.5
Average Pen Distance: 0.4436221816155068
Maximum Pen Distance: 0.7617256345965298
Average Dog Distance: 0.6814083031767113
Maximum Dog Distance: 0.7634010141352082
Average Sheep Distance: 0.3028686613915636
Maximum Sheep Distance: 0.4306870384955824
Elapsed Time: 4m 56s
********** 90 **********
Average Fitness: 0.2856666666666666
Maximum Fitness: 0.5666666666666667
Average Pen Distance: 0.4329676370940694
Maximum Pen Distance: 0.7236898076676784
Average Dog Distance: 0.6768547202834411
Maximum Dog Distance: 0.7706800474227943
Average Sheep Distance: 0.2985171553821827
Maximum Sheep Distance: 0.4119890329410399
Elapsed Time: 4m 49s
********** 91 **********
Average Fitness: 0.27999999999999997
Maximum Fitness: 0.6333333333333333
Average Pen Distance: 0.4339257951246456
Maximum Pen Distance: 0.7842082635286064
Average Dog Distance: 0.6719793193217585
Maximum Dog Distance: 0.740062633042078
Average Sheep Distance: 0.3073803995249763
Maximum Sheep Distance: 0.4059396346908208
Elapsed Time: 4m 52s
********** 92 **********
Average Fitness: 0.28099999999999997
Maximum Fitness: 0.5666666666666667
Average Pen Distance: 0.4074735703517983
Maximum Pen Distance: 0.7550560548731525
Average Dog Distance: 0.6738606378943182
Maximum Dog Distance: 0.7795018997831719
Average Sheep Distance: 0.3022485245478607
Maximum Sheep Distance: 0.4359085136848994
Elapsed Time: 4m 55s
********** 93 **********
Average Fitness: 0.28400000000000003
Maximum Fitness: 0.5666666666666668
Average Pen Distance: 0.40919330270539206
Maximum Pen Distance: 0.6201582213834527
Average Dog Distance: 0.6709469023087086
Maximum Dog Distance: 0.7678466977435319
Average Sheep Distance: 0.2941239203947979
Maximum Sheep Distance: 0.394605462140706
Elapsed Time: 4m 52s
********** 94 **********
Average Fitness: 0.2876666666666667
Maximum Fitness: 0.5
Average Pen Distance: 0.4215894570648811
Maximum Pen Distance: 0.7303835831188042
Average Dog Distance: 0.6793695758680485
Maximum Dog Distance: 0.7652925171836807
Average Sheep Distance: 0.2935910548288371
Maximum Sheep Distance: 0.37262694814630204
Elapsed Time: 4m 47s
********** 95 **********
Average Fitness: 0.29933333333333334
Maximum Fitness: 0.5333333333333333
Average Pen Distance: 0.4139728446045954
Maximum Pen Distance: 0.7309076884287786
Average Dog Distance: 0.6743737092389036
Maximum Dog Distance: 0.7635064435748795
Average Sheep Distance: 0.2952169997936663
Maximum Sheep Distance: 0.3907322609174673
Elapsed Time: 4m 46s
********** 96 **********
Average Fitness: 0.31199999999999994
Maximum Fitness: 0.5333333333333333
Average Pen Distance: 0.4267319997745429
Maximum Pen Distance: 0.694276268394819
Average Dog Distance: 0.6798846761493357
Maximum Dog Distance: 0.7720765859473965
Average Sheep Distance: 0.30197046811625206
Maximum Sheep Distance: 0.37737260988428334
Elapsed Time: 4m 51s
********** 97 **********
Average Fitness: 0.2936666666666667
Maximum Fitness: 0.6
Average Pen Distance: 0.4420492057950003
Maximum Pen Distance: 0.7172665507422916
Average Dog Distance: 0.6724702989977015
Maximum Dog Distance: 0.782957516727449
Average Sheep Distance: 0.30064341447582654
Maximum Sheep Distance: 0.44212512889533184
Elapsed Time: 4m 50s
********** 98 **********
Average Fitness: 0.30566666666666664
Maximum Fitness: 0.5666666666666668
Average Pen Distance: 0.448740380943801
Maximum Pen Distance: 0.7207414590626327
Average Dog Distance: 0.6783394753435859
Maximum Dog Distance: 0.7522649995229025
Average Sheep Distance: 0.2946826266878707
Maximum Sheep Distance: 0.42674486524409855
Elapsed Time: 4m 48s
********** 99 **********
Average Fitness: 0.32266666666666666
Maximum Fitness: 0.6
Average Pen Distance: 0.4336047304314519
Maximum Pen Distance: 0.6649698748492923
Average Dog Distance: 0.6746859131996054
Maximum Dog Distance: 0.747377049271622
Average Sheep Distance: 0.29174349260771887
Maximum Sheep Distance: 0.385243610505513
Elapsed Time: 4m 50s
********** 100 **********
Average Fitness: 0.299
Maximum Fitness: 0.6
Average Pen Distance: 0.44823733926054293
Maximum Pen Distance: 0.7452659349834464
Average Dog Distance: 0.6738200458773542
Maximum Dog Distance: 0.7527114289781568
Average Sheep Distance: 0.2991233794419799
Maximum Sheep Distance: 0.46148613976604236
Elapsed Time: 4m 45s
