nproc is 1
cnode0092.cm.cluster
********** 43 **********
Average Fitness: 0.14183333333333337
Maximum Fitness: 0.3333333333333333
Average Pen Distance: 0.3973894508002319
Maximum Pen Distance: 0.6405054300483827
Average Dog Distance: 0.7663364883647189
Maximum Dog Distance: 0.9058350311773542
Average Sheep Distance: 0.22329407290157477
Maximum Sheep Distance: 0.3279139395236659
Elapsed Time: 5m 23s
********** 44 **********
Average Fitness: 0.1501666666666667
Maximum Fitness: 0.4666666666666666
Average Pen Distance: 0.39877351207242795
Maximum Pen Distance: 0.5613263021222213
Average Dog Distance: 0.7576823732760917
Maximum Dog Distance: 0.934605954997699
Average Sheep Distance: 0.2178912351604682
Maximum Sheep Distance: 0.29368981468805405
Elapsed Time: 5m 20s
********** 45 **********
Average Fitness: 0.16016666666666665
Maximum Fitness: 0.3666666666666667
Average Pen Distance: 0.3900092804261039
Maximum Pen Distance: 0.5541471419192154
Average Dog Distance: 0.7569914278185341
Maximum Dog Distance: 0.9028322089482946
Average Sheep Distance: 0.21601513114795345
Maximum Sheep Distance: 0.326938923478989
Elapsed Time: 5m 18s
********** 46 **********
Average Fitness: 0.15833333333333333
Maximum Fitness: 0.35000000000000003
Average Pen Distance: 0.3951824114920751
Maximum Pen Distance: 0.7839029768294349
Average Dog Distance: 0.7656780044641742
Maximum Dog Distance: 0.8938130834002571
Average Sheep Distance: 0.21783467748827076
Maximum Sheep Distance: 0.32964847251930246
Elapsed Time: 5m 17s
********** 47 **********
Average Fitness: 0.16316666666666665
Maximum Fitness: 0.43333333333333335
Average Pen Distance: 0.3890640255999746
Maximum Pen Distance: 0.5641496420381137
Average Dog Distance: 0.7593452105172095
Maximum Dog Distance: 0.8878084626724094
Average Sheep Distance: 0.2181009268844151
Maximum Sheep Distance: 0.2996374824511401
Elapsed Time: 5m 19s
********** 48 **********
Average Fitness: 0.16366666666666668
Maximum Fitness: 0.4000000000000001
Average Pen Distance: 0.397553622243391
Maximum Pen Distance: 0.6074590239343487
Average Dog Distance: 0.766818495010794
Maximum Dog Distance: 0.907749165206034
Average Sheep Distance: 0.21362621776151713
Maximum Sheep Distance: 0.27997575642225375
Elapsed Time: 5m 24s
********** 49 **********
Average Fitness: 0.154
Maximum Fitness: 0.3333333333333333
Average Pen Distance: 0.40474172952481524
Maximum Pen Distance: 0.6200045121119396
Average Dog Distance: 0.7578492156378402
Maximum Dog Distance: 0.9081860786604578
Average Sheep Distance: 0.2150725744615281
Maximum Sheep Distance: 0.284677063108591
Elapsed Time: 5m 26s
********** 50 **********
Average Fitness: 0.16449999999999998
Maximum Fitness: 0.39999999999999997
Average Pen Distance: 0.39180849589817995
Maximum Pen Distance: 0.57417470936355
Average Dog Distance: 0.7557638751816856
Maximum Dog Distance: 0.8991164627447138
Average Sheep Distance: 0.207503372828879
Maximum Sheep Distance: 0.32054375409383207
Elapsed Time: 5m 17s
********** 51 **********
Average Fitness: 0.16316666666666665
Maximum Fitness: 0.4000000000000001
Average Pen Distance: 0.4028502529688987
Maximum Pen Distance: 0.6679648160220975
Average Dog Distance: 0.7610418426854251
Maximum Dog Distance: 0.8699290786832058
Average Sheep Distance: 0.214414815423126
Maximum Sheep Distance: 0.3135548380239293
Elapsed Time: 5m 25s
********** 52 **********
Average Fitness: 0.16899999999999998
Maximum Fitness: 0.3333333333333333
Average Pen Distance: 0.4071137458334817
Maximum Pen Distance: 0.6541438528536196
Average Dog Distance: 0.7577463573756792
Maximum Dog Distance: 0.8601246199879634
Average Sheep Distance: 0.19990088435374775
Maximum Sheep Distance: 0.3150436982654582
Elapsed Time: 5m 13s
********** 53 **********
Average Fitness: 0.16516666666666666
Maximum Fitness: 0.39999999999999997
Average Pen Distance: 0.3968224426688268
Maximum Pen Distance: 0.6646080204384532
Average Dog Distance: 0.7602673229098612
Maximum Dog Distance: 0.8979973341643873
Average Sheep Distance: 0.19973720732948222
Maximum Sheep Distance: 0.28682247187762616
Elapsed Time: 5m 19s
********** 54 **********
Average Fitness: 0.18716666666666665
Maximum Fitness: 0.3833333333333333
Average Pen Distance: 0.3976099577340729
Maximum Pen Distance: 0.5565251187104371
Average Dog Distance: 0.7585570914217332
Maximum Dog Distance: 0.8779247789555633
Average Sheep Distance: 0.1971072685561985
Maximum Sheep Distance: 0.25185027035462276
Elapsed Time: 5m 9s
********** 55 **********
Average Fitness: 0.17916666666666664
Maximum Fitness: 0.36666666666666664
Average Pen Distance: 0.40117313281224753
Maximum Pen Distance: 0.6458545964092365
Average Dog Distance: 0.7577138176341899
Maximum Dog Distance: 0.8593277788333983
Average Sheep Distance: 0.19362729526763062
Maximum Sheep Distance: 0.32115865262764004
Elapsed Time: 5m 14s
********** 56 **********
Average Fitness: 0.162
Maximum Fitness: 0.43333333333333335
Average Pen Distance: 0.40918638766946475
Maximum Pen Distance: 0.5970100790281725
Average Dog Distance: 0.7620880802123756
Maximum Dog Distance: 0.8826729205989761
Average Sheep Distance: 0.19216667338891058
Maximum Sheep Distance: 0.31930357928576264
Elapsed Time: 5m 13s
********** 57 **********
Average Fitness: 0.1735
Maximum Fitness: 0.3333333333333333
Average Pen Distance: 0.41793584731287636
Maximum Pen Distance: 0.7220690325339453
Average Dog Distance: 0.772190842446779
Maximum Dog Distance: 0.9029429716836951
Average Sheep Distance: 0.19056493261586763
Maximum Sheep Distance: 0.27524638333997337
Elapsed Time: 5m 26s
********** 58 **********
Average Fitness: 0.182
Maximum Fitness: 0.4166666666666667
Average Pen Distance: 0.4109721252825437
Maximum Pen Distance: 0.5683343957098596
Average Dog Distance: 0.7564988889069992
Maximum Dog Distance: 0.8726752792218934
Average Sheep Distance: 0.188982370110582
Maximum Sheep Distance: 0.29066907678666615
Elapsed Time: 5m 19s
********** 59 **********
Average Fitness: 0.17033333333333328
Maximum Fitness: 0.39999999999999997
Average Pen Distance: 0.4071741811228628
Maximum Pen Distance: 0.5793037650507263
Average Dog Distance: 0.751228744076219
Maximum Dog Distance: 0.8680513105951415
Average Sheep Distance: 0.19733842179279082
Maximum Sheep Distance: 0.31289099476526655
Elapsed Time: 5m 19s
********** 60 **********
Average Fitness: 0.1845
Maximum Fitness: 0.4166666666666667
Average Pen Distance: 0.4120571899065821
Maximum Pen Distance: 0.6338441893720962
Average Dog Distance: 0.7552678438526186
Maximum Dog Distance: 0.8912113776609666
Average Sheep Distance: 0.19345655527778266
Maximum Sheep Distance: 0.2741807784193116
Elapsed Time: 5m 18s
********** 61 **********
Average Fitness: 0.1815
Maximum Fitness: 0.4166666666666667
Average Pen Distance: 0.40847856862739834
Maximum Pen Distance: 0.5821572897713815
Average Dog Distance: 0.7626004079440811
Maximum Dog Distance: 0.8590559913352537
Average Sheep Distance: 0.19028879710516333
Maximum Sheep Distance: 0.30925217313407977
Elapsed Time: 5m 27s
********** 62 **********
Average Fitness: 0.19200000000000003
Maximum Fitness: 0.3666666666666667
Average Pen Distance: 0.4188179116900276
Maximum Pen Distance: 0.588163813652452
Average Dog Distance: 0.7621957507842865
Maximum Dog Distance: 0.8552737086479865
Average Sheep Distance: 0.18770441365878365
Maximum Sheep Distance: 0.28321200620749803
Elapsed Time: 5m 11s
********** 63 **********
Average Fitness: 0.17983333333333335
Maximum Fitness: 0.3666666666666667
Average Pen Distance: 0.4130024979346164
Maximum Pen Distance: 0.7214624727142059
Average Dog Distance: 0.7437628810261134
Maximum Dog Distance: 0.862633911758994
Average Sheep Distance: 0.18850881829586302
Maximum Sheep Distance: 0.284371077816719
Elapsed Time: 5m 10s
********** 64 **********
Average Fitness: 0.18450000000000003
Maximum Fitness: 0.4166666666666667
Average Pen Distance: 0.4370249496106262
Maximum Pen Distance: 0.6499669588467476
Average Dog Distance: 0.7683599340272633
Maximum Dog Distance: 0.9030274542117968
Average Sheep Distance: 0.18580120778581788
Maximum Sheep Distance: 0.2972758769963104
Elapsed Time: 5m 14s
********** 65 **********
Average Fitness: 0.18549999999999997
Maximum Fitness: 0.3833333333333333
Average Pen Distance: 0.4404013860509216
Maximum Pen Distance: 0.6627211853128246
Average Dog Distance: 0.7636365344714915
Maximum Dog Distance: 0.8624191598964382
Average Sheep Distance: 0.17638730624800691
Maximum Sheep Distance: 0.2574846353076727
Elapsed Time: 5m 20s
********** 66 **********
Average Fitness: 0.19149999999999998
Maximum Fitness: 0.4166666666666667
Average Pen Distance: 0.42749495942925597
Maximum Pen Distance: 0.6274232494954811
Average Dog Distance: 0.7563401356328727
Maximum Dog Distance: 0.8970354241425604
Average Sheep Distance: 0.18225880610650141
Maximum Sheep Distance: 0.28441542881132736
Elapsed Time: 5m 17s
********** 67 **********
Average Fitness: 0.18866666666666668
Maximum Fitness: 0.3666666666666667
Average Pen Distance: 0.43020455683426384
Maximum Pen Distance: 0.6108375535545263
Average Dog Distance: 0.7585378758535317
Maximum Dog Distance: 0.8927306472374795
Average Sheep Distance: 0.18023867299064888
Maximum Sheep Distance: 0.2712592134645737
Elapsed Time: 5m 25s
********** 68 **********
Average Fitness: 0.2015
Maximum Fitness: 0.4166666666666667
Average Pen Distance: 0.4349067963972571
Maximum Pen Distance: 0.6198581742546582
Average Dog Distance: 0.7587613633213687
Maximum Dog Distance: 0.8659629915662005
Average Sheep Distance: 0.1774452538172961
Maximum Sheep Distance: 0.26801368419308486
Elapsed Time: 5m 18s
********** 69 **********
Average Fitness: 0.20833333333333331
Maximum Fitness: 0.4333333333333333
Average Pen Distance: 0.4326968320517647
Maximum Pen Distance: 0.6582885826905379
Average Dog Distance: 0.7610115862797874
Maximum Dog Distance: 0.8860756910762477
Average Sheep Distance: 0.17857664949745566
Maximum Sheep Distance: 0.2985000578273259
Elapsed Time: 5m 13s
********** 70 **********
Average Fitness: 0.19383333333333336
Maximum Fitness: 0.4166666666666667
Average Pen Distance: 0.4501068167642613
Maximum Pen Distance: 0.6496591882898807
Average Dog Distance: 0.7673753336915824
Maximum Dog Distance: 0.8874241114371214
Average Sheep Distance: 0.17475615975594805
Maximum Sheep Distance: 0.271280995752369
Elapsed Time: 5m 17s
********** 71 **********
Average Fitness: 0.2145
Maximum Fitness: 0.4166666666666667
Average Pen Distance: 0.44942215920530443
Maximum Pen Distance: 0.6466263885028294
Average Dog Distance: 0.7623895873335869
Maximum Dog Distance: 0.8658514445217843
Average Sheep Distance: 0.1706232077078048
Maximum Sheep Distance: 0.25149378952425044
Elapsed Time: 5m 12s
********** 72 **********
Average Fitness: 0.18783333333333335
Maximum Fitness: 0.3833333333333333
Average Pen Distance: 0.4656673227841966
Maximum Pen Distance: 0.6784272912459492
Average Dog Distance: 0.7682967753234893
Maximum Dog Distance: 0.8766598307214887
Average Sheep Distance: 0.17451326148765894
Maximum Sheep Distance: 0.2859774015743286
Elapsed Time: 5m 19s
********** 73 **********
Average Fitness: 0.21150000000000005
Maximum Fitness: 0.3666666666666667
Average Pen Distance: 0.4509993183203073
Maximum Pen Distance: 0.7100157740324692
Average Dog Distance: 0.7639229029421429
Maximum Dog Distance: 0.8616786755296474
Average Sheep Distance: 0.16915249325958023
Maximum Sheep Distance: 0.26527229674277303
Elapsed Time: 5m 11s
********** 74 **********
Average Fitness: 0.2125
Maximum Fitness: 0.5
Average Pen Distance: 0.45804743435278344
Maximum Pen Distance: 0.6816928996586159
Average Dog Distance: 0.7695696659487045
Maximum Dog Distance: 0.8830526564451505
Average Sheep Distance: 0.1788755737485365
Maximum Sheep Distance: 0.27051775021310287
Elapsed Time: 5m 13s
********** 75 **********
Average Fitness: 0.22316666666666662
Maximum Fitness: 0.43333333333333335
Average Pen Distance: 0.4524497891561034
Maximum Pen Distance: 0.7414928992600754
Average Dog Distance: 0.7716459409704299
Maximum Dog Distance: 0.856548289397581
Average Sheep Distance: 0.1799608177905737
Maximum Sheep Distance: 0.30434866399121446
Elapsed Time: 5m 7s
********** 76 **********
Average Fitness: 0.21633333333333338
Maximum Fitness: 0.4666666666666666
Average Pen Distance: 0.4675047384757301
Maximum Pen Distance: 0.7034243505811614
Average Dog Distance: 0.7688886912266375
Maximum Dog Distance: 0.8561088197455757
Average Sheep Distance: 0.17816433143893282
Maximum Sheep Distance: 0.3098833647368853
Elapsed Time: 5m 13s
********** 77 **********
Average Fitness: 0.21666666666666667
Maximum Fitness: 0.4166666666666667
Average Pen Distance: 0.4643786511013142
Maximum Pen Distance: 0.7114351503592409
Average Dog Distance: 0.7771434469952189
Maximum Dog Distance: 0.9059062786918674
Average Sheep Distance: 0.1748455002311687
Maximum Sheep Distance: 0.28677486855780415
Elapsed Time: 5m 17s
********** 78 **********
Average Fitness: 0.21400000000000002
Maximum Fitness: 0.45
Average Pen Distance: 0.46191627745459407
Maximum Pen Distance: 0.6491464295992407
Average Dog Distance: 0.7755595799722333
Maximum Dog Distance: 0.8914365602489281
Average Sheep Distance: 0.16666478666842097
Maximum Sheep Distance: 0.2567173459970452
Elapsed Time: 5m 9s
********** 79 **********
Average Fitness: 0.222
Maximum Fitness: 0.4833333333333334
Average Pen Distance: 0.46329337655218533
Maximum Pen Distance: 0.6476720343849518
Average Dog Distance: 0.7751570431577306
Maximum Dog Distance: 0.9141372027063279
Average Sheep Distance: 0.1745228035536659
Maximum Sheep Distance: 0.2820617384371363
Elapsed Time: 5m 9s
********** 80 **********
Average Fitness: 0.21883333333333335
Maximum Fitness: 0.4000000000000001
Average Pen Distance: 0.46137271992918527
Maximum Pen Distance: 0.6865040176470267
Average Dog Distance: 0.7654976437634395
Maximum Dog Distance: 0.8538805556194103
Average Sheep Distance: 0.1671095138042422
Maximum Sheep Distance: 0.29166079514258425
Elapsed Time: 5m 8s
********** 81 **********
Average Fitness: 0.21783333333333332
Maximum Fitness: 0.39999999999999997
Average Pen Distance: 0.46418366916375237
Maximum Pen Distance: 0.6592418125797402
Average Dog Distance: 0.7713559853433339
Maximum Dog Distance: 0.8726694309650401
Average Sheep Distance: 0.16250817764362485
Maximum Sheep Distance: 0.2441554151550405
Elapsed Time: 5m 13s
********** 82 **********
Average Fitness: 0.21600000000000003
Maximum Fitness: 0.48333333333333334
Average Pen Distance: 0.47029601533415355
Maximum Pen Distance: 0.7181854962776476
Average Dog Distance: 0.7629110992585688
Maximum Dog Distance: 0.8582200444261293
Average Sheep Distance: 0.1647675940556714
Maximum Sheep Distance: 0.26864023951628685
Elapsed Time: 5m 14s
********** 83 **********
Average Fitness: 0.22216666666666665
Maximum Fitness: 0.4333333333333333
Average Pen Distance: 0.4618114707406231
Maximum Pen Distance: 0.6990405640626528
Average Dog Distance: 0.7689813027495966
Maximum Dog Distance: 0.8781606156464727
Average Sheep Distance: 0.16189047018540606
Maximum Sheep Distance: 0.2769060148892016
Elapsed Time: 5m 7s
********** 84 **********
Average Fitness: 0.23783333333333334
Maximum Fitness: 0.4166666666666667
Average Pen Distance: 0.4553052524568534
Maximum Pen Distance: 0.6482522711583457
Average Dog Distance: 0.7720743652741859
Maximum Dog Distance: 0.8543568950209594
Average Sheep Distance: 0.161540986593157
Maximum Sheep Distance: 0.2620708046001944
Elapsed Time: 5m 3s
********** 85 **********
Average Fitness: 0.23366666666666666
Maximum Fitness: 0.45
Average Pen Distance: 0.4626973837820569
Maximum Pen Distance: 0.6785197821001724
Average Dog Distance: 0.7640918292327877
Maximum Dog Distance: 0.8672500394260078
Average Sheep Distance: 0.15751585033759397
Maximum Sheep Distance: 0.2923496295676318
Elapsed Time: 5m 14s
********** 86 **********
Average Fitness: 0.21983333333333335
Maximum Fitness: 0.4666666666666666
Average Pen Distance: 0.47035153715900757
Maximum Pen Distance: 0.6841672472504751
Average Dog Distance: 0.7724163104669001
Maximum Dog Distance: 0.9267600801827415
Average Sheep Distance: 0.16860062040198953
Maximum Sheep Distance: 0.32392181408132065
Elapsed Time: 5m 10s
********** 87 **********
Average Fitness: 0.24433333333333335
Maximum Fitness: 0.45
Average Pen Distance: 0.46027448474520916
Maximum Pen Distance: 0.6820667173379702
Average Dog Distance: 0.7685294659512462
Maximum Dog Distance: 0.9263213375742607
Average Sheep Distance: 0.1550516423757459
Maximum Sheep Distance: 0.2723711956629217
Elapsed Time: 5m 11s
********** 88 **********
Average Fitness: 0.23383333333333337
Maximum Fitness: 0.4166666666666667
Average Pen Distance: 0.4643021637942444
Maximum Pen Distance: 0.5918270873288011
Average Dog Distance: 0.7633908777367268
Maximum Dog Distance: 0.8524126699075292
Average Sheep Distance: 0.15568567600009653
Maximum Sheep Distance: 0.26235382645803135
Elapsed Time: 5m 21s
********** 89 **********
Average Fitness: 0.2395
Maximum Fitness: 0.5166666666666667
Average Pen Distance: 0.4813139925768354
Maximum Pen Distance: 0.7051846220197403
Average Dog Distance: 0.7660491412171776
Maximum Dog Distance: 0.8595693445885355
Average Sheep Distance: 0.15341435892390107
Maximum Sheep Distance: 0.2998021953671928
Elapsed Time: 5m 22s
********** 90 **********
Average Fitness: 0.25166666666666665
Maximum Fitness: 0.4666666666666666
Average Pen Distance: 0.4685358930210705
Maximum Pen Distance: 0.6150618741983618
Average Dog Distance: 0.7734355389591201
Maximum Dog Distance: 0.8657090917032932
Average Sheep Distance: 0.15418648607157695
Maximum Sheep Distance: 0.3117699890077455
Elapsed Time: 5m 5s
********** 91 **********
Average Fitness: 0.262
Maximum Fitness: 0.43333333333333335
Average Pen Distance: 0.4676248684912718
Maximum Pen Distance: 0.6665912245629501
Average Dog Distance: 0.7716862097467698
Maximum Dog Distance: 0.8757958638731861
Average Sheep Distance: 0.15693670701978157
Maximum Sheep Distance: 0.21747239545316818
Elapsed Time: 5m 11s
********** 92 **********
Average Fitness: 0.2468333333333333
Maximum Fitness: 0.5
Average Pen Distance: 0.4850888725460328
Maximum Pen Distance: 0.705453177484361
Average Dog Distance: 0.7724916693488588
Maximum Dog Distance: 0.9216339856328206
Average Sheep Distance: 0.166061668123674
Maximum Sheep Distance: 0.3231843922631126
Elapsed Time: 5m 16s
********** 93 **********
Average Fitness: 0.23916666666666664
Maximum Fitness: 0.45
Average Pen Distance: 0.49198041651331814
Maximum Pen Distance: 0.7816404291973993
Average Dog Distance: 0.7674883478770634
Maximum Dog Distance: 0.889183829943914
Average Sheep Distance: 0.15873733672420762
Maximum Sheep Distance: 0.3321438691841619
Elapsed Time: 5m 14s
********** 94 **********
Average Fitness: 0.24450000000000002
Maximum Fitness: 0.46666666666666673
Average Pen Distance: 0.48554244339860425
Maximum Pen Distance: 0.6597177707675502
Average Dog Distance: 0.7770570238886801
Maximum Dog Distance: 0.8703442565187469
Average Sheep Distance: 0.1567656264618695
Maximum Sheep Distance: 0.28700859190654127
Elapsed Time: 5m 1s
********** 95 **********
Average Fitness: 0.24883333333333332
Maximum Fitness: 0.4666666666666666
Average Pen Distance: 0.4818633153893385
Maximum Pen Distance: 0.6397407744546313
Average Dog Distance: 0.7630487947832866
Maximum Dog Distance: 0.864712271695249
Average Sheep Distance: 0.1552940354660853
Maximum Sheep Distance: 0.2863512440063091
Elapsed Time: 5m 13s
********** 96 **********
Average Fitness: 0.25366666666666665
Maximum Fitness: 0.43333333333333335
Average Pen Distance: 0.4851303527390971
Maximum Pen Distance: 0.6374707493124965
Average Dog Distance: 0.7707815236202217
Maximum Dog Distance: 0.8523689215855383
Average Sheep Distance: 0.1502040184274397
Maximum Sheep Distance: 0.3037969371742021
Elapsed Time: 5m 10s
********** 97 **********
Average Fitness: 0.25266666666666665
Maximum Fitness: 0.45
Average Pen Distance: 0.48136889316421816
Maximum Pen Distance: 0.6673162029795433
Average Dog Distance: 0.7609099429367404
Maximum Dog Distance: 0.8574653381818852
Average Sheep Distance: 0.14758601645503597
Maximum Sheep Distance: 0.3713946808493782
Elapsed Time: 5m 4s
********** 98 **********
Average Fitness: 0.26566666666666666
Maximum Fitness: 0.45
Average Pen Distance: 0.4807070843705721
Maximum Pen Distance: 0.6807729744948214
Average Dog Distance: 0.7640632830287437
Maximum Dog Distance: 0.9150418190381594
Average Sheep Distance: 0.1477176298926214
Maximum Sheep Distance: 0.2888716340935875
Elapsed Time: 5m 2s
********** 99 **********
Average Fitness: 0.25816666666666666
Maximum Fitness: 0.6
Average Pen Distance: 0.4734346806395749
Maximum Pen Distance: 0.6204177212378718
Average Dog Distance: 0.7675164072532051
Maximum Dog Distance: 0.8548942894318076
Average Sheep Distance: 0.14428055858232688
Maximum Sheep Distance: 0.21889612955931384
Elapsed Time: 5m 12s
********** 100 **********
Average Fitness: 0.264
Maximum Fitness: 0.5166666666666667
Average Pen Distance: 0.47164533581536056
Maximum Pen Distance: 0.5846528694269527
Average Dog Distance: 0.7492978847554397
Maximum Dog Distance: 0.8642313301877698
Average Sheep Distance: 0.14671269418212546
Maximum Sheep Distance: 0.26223468099159314
Elapsed Time: 5m 4s
********** 1 **********
Average Fitness: 0.024666666666666663
Maximum Fitness: 0.16666666666666666
Average Pen Distance: 0.5230612343591274
Maximum Pen Distance: 0.7862956632431656
Average Dog Distance: 0.7584425970408666
Maximum Dog Distance: 0.9140368986326847
Average Sheep Distance: 0.2806486027633519
Maximum Sheep Distance: 0.37078280641838085
Elapsed Time: 5m 32s
********** 2 **********
Average Fitness: 0.025666666666666664
Maximum Fitness: 0.16666666666666666
Average Pen Distance: 0.49619816445506026
Maximum Pen Distance: 0.6839316753635449
Average Dog Distance: 0.7605171947260022
Maximum Dog Distance: 0.9317976696462287
Average Sheep Distance: 0.2784436345796222
Maximum Sheep Distance: 0.37920893459908056
Elapsed Time: 5m 41s
********** 3 **********
Average Fitness: 0.023999999999999994
Maximum Fitness: 0.11666666666666665
Average Pen Distance: 0.4998327913895151
Maximum Pen Distance: 0.7435923422680647
Average Dog Distance: 0.7666081515532933
Maximum Dog Distance: 0.9657165824222412
Average Sheep Distance: 0.27667887673921654
Maximum Sheep Distance: 0.35954361104942884
Elapsed Time: 5m 39s
********** 4 **********
Average Fitness: 0.033166666666666664
Maximum Fitness: 0.15
Average Pen Distance: 0.49533986698590693
Maximum Pen Distance: 0.7325565411843892
Average Dog Distance: 0.7533363383582561
Maximum Dog Distance: 0.9137563855815554
Average Sheep Distance: 0.27656908407284203
Maximum Sheep Distance: 0.3679012072309402
Elapsed Time: 5m 37s
********** 5 **********
Average Fitness: 0.0325
Maximum Fitness: 0.08333333333333333
Average Pen Distance: 0.4901775772905029
Maximum Pen Distance: 0.6882499657648163
Average Dog Distance: 0.7592456171225122
Maximum Dog Distance: 0.9358967183510422
Average Sheep Distance: 0.27403570750744893
Maximum Sheep Distance: 0.36295035842519274
Elapsed Time: 5m 36s
********** 6 **********
Average Fitness: 0.030999999999999996
Maximum Fitness: 0.18333333333333335
Average Pen Distance: 0.48757102147928344
Maximum Pen Distance: 0.7302719933137477
Average Dog Distance: 0.7456323899927334
Maximum Dog Distance: 0.9661645962978795
Average Sheep Distance: 0.27750044483523884
Maximum Sheep Distance: 0.3659850450198217
Elapsed Time: 5m 32s
********** 7 **********
Average Fitness: 0.034666666666666665
Maximum Fitness: 0.11666666666666665
Average Pen Distance: 0.47793790903173305
Maximum Pen Distance: 0.7209275648406775
Average Dog Distance: 0.7478552710350018
Maximum Dog Distance: 0.9372194501503692
Average Sheep Distance: 0.2738603550829722
Maximum Sheep Distance: 0.36743677045773143
Elapsed Time: 5m 32s
********** 8 **********
Average Fitness: 0.03266666666666666
Maximum Fitness: 0.16666666666666666
Average Pen Distance: 0.48837484812726695
Maximum Pen Distance: 0.7332431067080553
Average Dog Distance: 0.7558518217035853
Maximum Dog Distance: 0.9355998783855463
Average Sheep Distance: 0.2746436247666314
Maximum Sheep Distance: 0.38246211305398353
Elapsed Time: 5m 32s
********** 9 **********
Average Fitness: 0.029666666666666664
Maximum Fitness: 0.11666666666666668
Average Pen Distance: 0.4718662241817594
Maximum Pen Distance: 0.7229808966533519
Average Dog Distance: 0.7569061558024529
Maximum Dog Distance: 0.9235562081195147
Average Sheep Distance: 0.27500302599186444
Maximum Sheep Distance: 0.3496714187066386
Elapsed Time: 5m 40s
********** 10 **********
Average Fitness: 0.033499999999999995
Maximum Fitness: 0.16666666666666666
Average Pen Distance: 0.48650793472147824
Maximum Pen Distance: 0.648418709086437
Average Dog Distance: 0.754272604156806
Maximum Dog Distance: 0.9533925127210764
Average Sheep Distance: 0.2756509975191145
Maximum Sheep Distance: 0.34309883908307265
Elapsed Time: 5m 35s
********** 11 **********
Average Fitness: 0.034333333333333334
Maximum Fitness: 0.19999999999999998
Average Pen Distance: 0.4767277327972819
Maximum Pen Distance: 0.6922763176241906
Average Dog Distance: 0.7763830426128753
Maximum Dog Distance: 0.9203295701106652
Average Sheep Distance: 0.27339514839562207
Maximum Sheep Distance: 0.35146546122368433
Elapsed Time: 5m 44s
********** 12 **********
Average Fitness: 0.034166666666666665
Maximum Fitness: 0.15
Average Pen Distance: 0.46538615168280933
Maximum Pen Distance: 0.7095723175198764
Average Dog Distance: 0.7686873837499956
Maximum Dog Distance: 0.94993853733881
Average Sheep Distance: 0.2786062112184693
Maximum Sheep Distance: 0.34407635642600937
Elapsed Time: 5m 36s
********** 13 **********
Average Fitness: 0.034166666666666665
Maximum Fitness: 0.15
Average Pen Distance: 0.46059340650092323
Maximum Pen Distance: 0.751871322589651
Average Dog Distance: 0.7561128005527707
Maximum Dog Distance: 0.9205686098402022
Average Sheep Distance: 0.27618099483323866
Maximum Sheep Distance: 0.33960111191577697
Elapsed Time: 5m 33s
********** 14 **********
Average Fitness: 0.041166666666666664
Maximum Fitness: 0.16666666666666666
Average Pen Distance: 0.4545840503675528
Maximum Pen Distance: 0.7407191435393798
Average Dog Distance: 0.7592421874282593
Maximum Dog Distance: 0.9489567573147276
Average Sheep Distance: 0.27390997792569083
Maximum Sheep Distance: 0.36137758778705215
Elapsed Time: 5m 32s
********** 15 **********
Average Fitness: 0.034333333333333334
Maximum Fitness: 0.15
Average Pen Distance: 0.44936019171615826
Maximum Pen Distance: 0.7331284003357069
Average Dog Distance: 0.7570391067803445
Maximum Dog Distance: 0.9228133368514246
Average Sheep Distance: 0.2686413743242452
Maximum Sheep Distance: 0.3509222710012865
Elapsed Time: 5m 35s
********** 16 **********
Average Fitness: 0.034999999999999996
Maximum Fitness: 0.18333333333333335
Average Pen Distance: 0.46756469456018473
Maximum Pen Distance: 0.7651196457633267
Average Dog Distance: 0.7452280515669476
Maximum Dog Distance: 0.90579741852093
Average Sheep Distance: 0.2748106947068075
Maximum Sheep Distance: 0.3906808296172399
Elapsed Time: 5m 37s
********** 17 **********
Average Fitness: 0.03666666666666667
Maximum Fitness: 0.23333333333333336
Average Pen Distance: 0.45891574571867005
Maximum Pen Distance: 0.6933322936450135
Average Dog Distance: 0.7597610111729765
Maximum Dog Distance: 0.9267252465042484
Average Sheep Distance: 0.2728888809417845
Maximum Sheep Distance: 0.3407925241972296
Elapsed Time: 5m 31s
********** 18 **********
Average Fitness: 0.04483333333333332
Maximum Fitness: 0.23333333333333336
Average Pen Distance: 0.4559149852456747
Maximum Pen Distance: 0.8039405626388335
Average Dog Distance: 0.7575168875454666
Maximum Dog Distance: 0.9456760282271272
Average Sheep Distance: 0.2721055789009876
Maximum Sheep Distance: 0.3691859438196039
Elapsed Time: 5m 35s
********** 19 **********
Average Fitness: 0.042666666666666665
Maximum Fitness: 0.21666666666666667
Average Pen Distance: 0.4333047863448046
Maximum Pen Distance: 0.7600343557542758
Average Dog Distance: 0.7453527216396124
Maximum Dog Distance: 0.9556381177652655
Average Sheep Distance: 0.26624178105449003
Maximum Sheep Distance: 0.33135935628552926
Elapsed Time: 5m 32s
********** 20 **********
Average Fitness: 0.04483333333333332
Maximum Fitness: 0.21666666666666665
Average Pen Distance: 0.42100400737445176
Maximum Pen Distance: 0.8351186878394738
Average Dog Distance: 0.7161181368855075
Maximum Dog Distance: 0.9027170039294669
Average Sheep Distance: 0.2702068099852528
Maximum Sheep Distance: 0.3487462256057894
Elapsed Time: 5m 29s
********** 21 **********
Average Fitness: 0.04833333333333333
Maximum Fitness: 0.16666666666666666
Average Pen Distance: 0.419386972695752
Maximum Pen Distance: 0.6745845640671865
Average Dog Distance: 0.717328271216209
Maximum Dog Distance: 0.9027530456642219
Average Sheep Distance: 0.2638517267800117
Maximum Sheep Distance: 0.3421817219161854
Elapsed Time: 5m 32s
********** 22 **********
Average Fitness: 0.043166666666666666
Maximum Fitness: 0.25
Average Pen Distance: 0.4238690621256499
Maximum Pen Distance: 0.7548571175060794
Average Dog Distance: 0.696487783578866
Maximum Dog Distance: 0.8994042792508711
Average Sheep Distance: 0.2667877300588368
Maximum Sheep Distance: 0.333344891482012
Elapsed Time: 5m 33s
********** 23 **********
Average Fitness: 0.06433333333333334
Maximum Fitness: 0.26666666666666666
Average Pen Distance: 0.4165208563545264
Maximum Pen Distance: 0.7545346309855011
Average Dog Distance: 0.7312092048943044
Maximum Dog Distance: 0.8906454117683857
Average Sheep Distance: 0.2577357172147374
Maximum Sheep Distance: 0.36084611498204605
Elapsed Time: 5m 30s
********** 24 **********
Average Fitness: 0.0735
Maximum Fitness: 0.21666666666666667
Average Pen Distance: 0.4067393925322245
Maximum Pen Distance: 0.6711709905890496
Average Dog Distance: 0.7210481453636405
Maximum Dog Distance: 0.882385072289814
Average Sheep Distance: 0.24919634093907106
Maximum Sheep Distance: 0.3435692748525603
Elapsed Time: 5m 30s
********** 25 **********
Average Fitness: 0.08066666666666666
Maximum Fitness: 0.26666666666666666
Average Pen Distance: 0.4238362659369632
Maximum Pen Distance: 0.6692541894402747
Average Dog Distance: 0.7403504206172077
Maximum Dog Distance: 0.8917219531297024
Average Sheep Distance: 0.24682189051261358
Maximum Sheep Distance: 0.40119988456544614
Elapsed Time: 5m 30s
********** 26 **********
Average Fitness: 0.0815
Maximum Fitness: 0.26666666666666666
Average Pen Distance: 0.4070131761071367
Maximum Pen Distance: 0.6059578270660202
Average Dog Distance: 0.7364791243531869
Maximum Dog Distance: 0.9140222184039652
Average Sheep Distance: 0.244450409113782
Maximum Sheep Distance: 0.33150582094233355
Elapsed Time: 5m 27s
********** 27 **********
Average Fitness: 0.09549999999999999
Maximum Fitness: 0.26666666666666666
Average Pen Distance: 0.39965986167811385
Maximum Pen Distance: 0.6634881949742727
Average Dog Distance: 0.7185754952374793
Maximum Dog Distance: 0.8744679412901365
Average Sheep Distance: 0.2434898779224105
Maximum Sheep Distance: 0.3399242044906954
Elapsed Time: 5m 29s
********** 28 **********
Average Fitness: 0.08716666666666668
Maximum Fitness: 0.23333333333333336
Average Pen Distance: 0.4087095461958051
Maximum Pen Distance: 0.6077479856578011
Average Dog Distance: 0.7311191011044685
Maximum Dog Distance: 0.9278663057310589
Average Sheep Distance: 0.23393561329636475
Maximum Sheep Distance: 0.3060531169733144
Elapsed Time: 5m 33s
********** 29 **********
Average Fitness: 0.10116666666666667
Maximum Fitness: 0.3
Average Pen Distance: 0.39518221814445326
Maximum Pen Distance: 0.6113609464463009
Average Dog Distance: 0.7347464392689435
Maximum Dog Distance: 0.8768260602550476
Average Sheep Distance: 0.237071346544484
Maximum Sheep Distance: 0.33484040328586495
Elapsed Time: 5m 28s
********** 30 **********
Average Fitness: 0.10250000000000002
Maximum Fitness: 0.2333333333333333
Average Pen Distance: 0.40723002622388416
Maximum Pen Distance: 0.5658093691922802
Average Dog Distance: 0.7471197142681657
Maximum Dog Distance: 0.8929059559367674
Average Sheep Distance: 0.23216749048595822
Maximum Sheep Distance: 0.31466388652803134
Elapsed Time: 5m 34s
********** 31 **********
Average Fitness: 0.105
Maximum Fitness: 0.2833333333333333
Average Pen Distance: 0.4160049286862815
Maximum Pen Distance: 0.6620939628656196
Average Dog Distance: 0.7469513483390864
Maximum Dog Distance: 0.8585983960460055
Average Sheep Distance: 0.22609561908619544
Maximum Sheep Distance: 0.34148190563472647
Elapsed Time: 5m 37s
********** 32 **********
Average Fitness: 0.11050000000000003
Maximum Fitness: 0.2833333333333334
Average Pen Distance: 0.4038965509251549
Maximum Pen Distance: 0.704228726860321
Average Dog Distance: 0.7486213868654978
Maximum Dog Distance: 0.8555333930954104
Average Sheep Distance: 0.2263265555585112
Maximum Sheep Distance: 0.3055518495376492
Elapsed Time: 5m 40s
********** 33 **********
Average Fitness: 0.10649999999999998
Maximum Fitness: 0.26666666666666666
Average Pen Distance: 0.3967980922024148
Maximum Pen Distance: 0.734802560908003
Average Dog Distance: 0.7303027169976045
Maximum Dog Distance: 0.8745539806969292
Average Sheep Distance: 0.22570152098093504
Maximum Sheep Distance: 0.30989673576970866
Elapsed Time: 5m 31s
********** 34 **********
Average Fitness: 0.1205
Maximum Fitness: 0.2833333333333334
Average Pen Distance: 0.39886521060960645
Maximum Pen Distance: 0.6052957518408388
Average Dog Distance: 0.7394206918747329
Maximum Dog Distance: 0.8749668013936177
Average Sheep Distance: 0.22119041847522333
Maximum Sheep Distance: 0.31776621090409
Elapsed Time: 5m 35s
********** 35 **********
Average Fitness: 0.12233333333333336
Maximum Fitness: 0.31666666666666665
Average Pen Distance: 0.401523698275633
Maximum Pen Distance: 0.6527769708100873
Average Dog Distance: 0.7366699100168064
Maximum Dog Distance: 0.879877405006357
Average Sheep Distance: 0.21851023643612144
Maximum Sheep Distance: 0.32450068802576004
Elapsed Time: 5m 33s
********** 36 **********
Average Fitness: 0.11750000000000002
Maximum Fitness: 0.31666666666666665
Average Pen Distance: 0.40908045648343216
Maximum Pen Distance: 0.6037356984465285
Average Dog Distance: 0.7284300405372235
Maximum Dog Distance: 0.9120563579233072
Average Sheep Distance: 0.2195376949818468
Maximum Sheep Distance: 0.29197668703877905
Elapsed Time: 5m 27s
********** 37 **********
Average Fitness: 0.1365
Maximum Fitness: 0.3166666666666667
Average Pen Distance: 0.3915876499339043
Maximum Pen Distance: 0.586506873452833
Average Dog Distance: 0.7184180868667824
Maximum Dog Distance: 0.9028289646884216
Average Sheep Distance: 0.21403679673511897
Maximum Sheep Distance: 0.2933518621477943
Elapsed Time: 5m 21s
********** 38 **********
Average Fitness: 0.1335
Maximum Fitness: 0.31666666666666665
Average Pen Distance: 0.39961311187124154
Maximum Pen Distance: 0.5796880336557123
Average Dog Distance: 0.7335399666951292
Maximum Dog Distance: 0.8716612722343048
Average Sheep Distance: 0.20888429928699895
Maximum Sheep Distance: 0.28578047090257236
Elapsed Time: 5m 26s
********** 39 **********
Average Fitness: 0.13066666666666665
Maximum Fitness: 0.3666666666666667
Average Pen Distance: 0.42112005082168585
Maximum Pen Distance: 0.738142988451635
Average Dog Distance: 0.7256821684642942
Maximum Dog Distance: 0.8565953015128857
Average Sheep Distance: 0.21072316222332937
Maximum Sheep Distance: 0.3372094542268021
Elapsed Time: 5m 24s
********** 40 **********
Average Fitness: 0.13999999999999999
Maximum Fitness: 0.3333333333333333
Average Pen Distance: 0.40702587059299206
Maximum Pen Distance: 0.5703454685054464
Average Dog Distance: 0.7366406218638546
Maximum Dog Distance: 0.8694462710340581
Average Sheep Distance: 0.20753659506810745
Maximum Sheep Distance: 0.29988456999521734
Elapsed Time: 5m 23s
********** 41 **********
Average Fitness: 0.14816666666666667
Maximum Fitness: 0.3
Average Pen Distance: 0.40598070323420343
Maximum Pen Distance: 0.5991465005711145
Average Dog Distance: 0.7248092309140891
Maximum Dog Distance: 0.9126340201083313
Average Sheep Distance: 0.2033329480754494
Maximum Sheep Distance: 0.2999341566689217
Elapsed Time: 5m 25s
********** 42 **********
Average Fitness: 0.1445
Maximum Fitness: 0.31666666666666665
Average Pen Distance: 0.41459574820899414
Maximum Pen Distance: 0.6566444326381481
Average Dog Distance: 0.7318256463632717
Maximum Dog Distance: 0.9183343019140146
Average Sheep Distance: 0.19959459618086575
Maximum Sheep Distance: 0.32203800191247495
Elapsed Time: 5m 27s
********** 43 **********
Average Fitness: 0.1423333333333333
Maximum Fitness: 0.3333333333333333
Average Pen Distance: 0.40873403842029726
Maximum Pen Distance: 0.6675838693632962
Average Dog Distance: 0.729416581649515
Maximum Dog Distance: 0.8667996294547106
Average Sheep Distance: 0.20144014235916255
Maximum Sheep Distance: 0.3167056982503831
Elapsed Time: 5m 28s
********** 44 **********
Average Fitness: 0.14766666666666667
Maximum Fitness: 0.3333333333333333
Average Pen Distance: 0.4078221822341076
Maximum Pen Distance: 0.7411388852795806
Average Dog Distance: 0.7237948514549508
Maximum Dog Distance: 0.8591242778192131
Average Sheep Distance: 0.1943641400286347
Maximum Sheep Distance: 0.39053137440072844
Elapsed Time: 5m 16s
********** 45 **********
Average Fitness: 0.14983333333333332
Maximum Fitness: 0.3
Average Pen Distance: 0.41485264656962145
Maximum Pen Distance: 0.7087164653684369
Average Dog Distance: 0.7270666657394645
Maximum Dog Distance: 0.8989744152661373
Average Sheep Distance: 0.1923059373767152
Maximum Sheep Distance: 0.3020086696126285
Elapsed Time: 5m 17s
********** 46 **********
Average Fitness: 0.16316666666666665
Maximum Fitness: 0.38333333333333336
Average Pen Distance: 0.4228507962867618
Maximum Pen Distance: 0.640484636596366
Average Dog Distance: 0.7332190262255351
Maximum Dog Distance: 0.933966907700122
Average Sheep Distance: 0.19267422500462394
Maximum Sheep Distance: 0.36901822261129746
Elapsed Time: 5m 21s
********** 47 **********
Average Fitness: 0.17183333333333334
Maximum Fitness: 0.39999999999999997
Average Pen Distance: 0.4375229432173835
Maximum Pen Distance: 0.6001869491363993
Average Dog Distance: 0.738684491241137
Maximum Dog Distance: 0.9071567892477049
Average Sheep Distance: 0.18081686883549203
Maximum Sheep Distance: 0.30554335244992487
Elapsed Time: 5m 23s
********** 48 **********
Average Fitness: 0.15033333333333332
Maximum Fitness: 0.3499999999999999
Average Pen Distance: 0.41974923116478385
Maximum Pen Distance: 0.6776747147316934
Average Dog Distance: 0.7244553838896075
Maximum Dog Distance: 0.8477124354906578
Average Sheep Distance: 0.1951471637388762
Maximum Sheep Distance: 0.29888128683859616
Elapsed Time: 5m 30s
********** 49 **********
Average Fitness: 0.15566666666666668
Maximum Fitness: 0.3333333333333333
Average Pen Distance: 0.414268297228381
Maximum Pen Distance: 0.7355891540801411
Average Dog Distance: 0.7302612639602404
Maximum Dog Distance: 0.8835895953075917
Average Sheep Distance: 0.18590076679081569
Maximum Sheep Distance: 0.27834940462358776
Elapsed Time: 5m 21s
********** 50 **********
Average Fitness: 0.16916666666666663
Maximum Fitness: 0.3833333333333333
Average Pen Distance: 0.43262610450100886
Maximum Pen Distance: 0.8502345102672839
Average Dog Distance: 0.7242230796763658
Maximum Dog Distance: 0.8941370982383745
Average Sheep Distance: 0.18004810326263723
Maximum Sheep Distance: 0.288003190820929
Elapsed Time: 5m 20s
********** 51 **********
Average Fitness: 0.1623333333333333
Maximum Fitness: 0.3166666666666667
Average Pen Distance: 0.4282134100609457
Maximum Pen Distance: 0.5833241091563561
Average Dog Distance: 0.7283764025107904
Maximum Dog Distance: 0.8433526659595966
Average Sheep Distance: 0.18182781002251824
Maximum Sheep Distance: 0.2671991509322754
Elapsed Time: 5m 19s
********** 52 **********
Average Fitness: 0.17016666666666666
Maximum Fitness: 0.3333333333333333
Average Pen Distance: 0.43195983002793786
Maximum Pen Distance: 0.6310289665698895
Average Dog Distance: 0.7367653325022439
Maximum Dog Distance: 0.8608463472764202
Average Sheep Distance: 0.1782983393637519
Maximum Sheep Distance: 0.2783067332515514
Elapsed Time: 5m 20s
********** 53 **********
Average Fitness: 0.17850000000000002
Maximum Fitness: 0.3333333333333333
Average Pen Distance: 0.4498239211109182
Maximum Pen Distance: 0.5940219743084517
Average Dog Distance: 0.7324451881876852
Maximum Dog Distance: 0.891032109902695
Average Sheep Distance: 0.17041231908662602
Maximum Sheep Distance: 0.2792585974976043
Elapsed Time: 5m 27s
********** 54 **********
Average Fitness: 0.1735
Maximum Fitness: 0.43333333333333335
Average Pen Distance: 0.45011041996875145
Maximum Pen Distance: 0.6262373313445958
Average Dog Distance: 0.7226261058564544
Maximum Dog Distance: 0.8367255896329091
Average Sheep Distance: 0.17453569367722818
Maximum Sheep Distance: 0.3037780052222361
Elapsed Time: 5m 21s
********** 55 **********
Average Fitness: 0.16416666666666666
Maximum Fitness: 0.3666666666666667
Average Pen Distance: 0.46323964958805514
Maximum Pen Distance: 0.6587656506026172
Average Dog Distance: 0.736784429972567
Maximum Dog Distance: 0.8924155469027887
Average Sheep Distance: 0.17303466737478906
Maximum Sheep Distance: 0.29069059543966086
Elapsed Time: 5m 20s
********** 56 **********
Average Fitness: 0.177
Maximum Fitness: 0.39999999999999997
Average Pen Distance: 0.4572646387465468
Maximum Pen Distance: 0.6067655197555891
Average Dog Distance: 0.7211754034318907
Maximum Dog Distance: 0.8277457753769039
Average Sheep Distance: 0.1656495927609452
Maximum Sheep Distance: 0.24512318446738068
Elapsed Time: 5m 27s
********** 57 **********
Average Fitness: 0.17750000000000005
Maximum Fitness: 0.3666666666666667
Average Pen Distance: 0.4527996584427644
Maximum Pen Distance: 0.6308961060920679
Average Dog Distance: 0.7283512302921128
Maximum Dog Distance: 0.8434420321631513
Average Sheep Distance: 0.16826236020320182
Maximum Sheep Distance: 0.3251245895298007
Elapsed Time: 5m 25s
********** 58 **********
Average Fitness: 0.175
Maximum Fitness: 0.3833333333333333
Average Pen Distance: 0.4669096825274855
Maximum Pen Distance: 0.6754638397377644
Average Dog Distance: 0.7170856371564989
Maximum Dog Distance: 0.8197274593981109
Average Sheep Distance: 0.1666846448129287
Maximum Sheep Distance: 0.2972193157901391
Elapsed Time: 5m 24s
********** 59 **********
Average Fitness: 0.18700000000000003
Maximum Fitness: 0.3666666666666667
Average Pen Distance: 0.47303347253895084
Maximum Pen Distance: 0.6785586040363082
Average Dog Distance: 0.7201094314080647
Maximum Dog Distance: 0.8482938855769384
Average Sheep Distance: 0.16134177218839565
Maximum Sheep Distance: 0.36029112473631114
Elapsed Time: 5m 17s
********** 60 **********
Average Fitness: 0.18
Maximum Fitness: 0.3499999999999999
Average Pen Distance: 0.493795804613917
Maximum Pen Distance: 0.7479210802795903
Average Dog Distance: 0.73885402201496
Maximum Dog Distance: 0.8628689447594852
Average Sheep Distance: 0.1606962871805182
Maximum Sheep Distance: 0.3746942089334471
Elapsed Time: 5m 20s
********** 61 **********
Average Fitness: 0.191
Maximum Fitness: 0.4166666666666667
Average Pen Distance: 0.4695348264553905
Maximum Pen Distance: 0.708264433035995
Average Dog Distance: 0.7269411748944208
Maximum Dog Distance: 0.8337215479732141
Average Sheep Distance: 0.16194675560636201
Maximum Sheep Distance: 0.306188684005988
Elapsed Time: 5m 19s
********** 62 **********
Average Fitness: 0.19549999999999998
Maximum Fitness: 0.3833333333333333
Average Pen Distance: 0.47467711688381825
Maximum Pen Distance: 0.7477086349800538
Average Dog Distance: 0.729361658077439
Maximum Dog Distance: 0.8575964272760092
Average Sheep Distance: 0.16043034995341723
Maximum Sheep Distance: 0.2763052321013498
Elapsed Time: 5m 12s
********** 63 **********
Average Fitness: 0.1966666666666666
Maximum Fitness: 0.4166666666666667
Average Pen Distance: 0.4717281460795597
Maximum Pen Distance: 0.6228107537152318
Average Dog Distance: 0.7329540434758444
Maximum Dog Distance: 0.858300017734909
Average Sheep Distance: 0.16013849422882015
Maximum Sheep Distance: 0.31149052031630425
Elapsed Time: 5m 17s
********** 64 **********
Average Fitness: 0.19883333333333333
Maximum Fitness: 0.45
Average Pen Distance: 0.4830655824276437
Maximum Pen Distance: 0.6605495312303044
Average Dog Distance: 0.7377650886023326
Maximum Dog Distance: 0.8524126913963239
Average Sheep Distance: 0.15669747654541266
Maximum Sheep Distance: 0.2596015105660074
Elapsed Time: 5m 36s
********** 65 **********
Average Fitness: 0.20583333333333337
Maximum Fitness: 0.43333333333333335
Average Pen Distance: 0.4633760630343145
Maximum Pen Distance: 0.602598456272755
Average Dog Distance: 0.7448804229288196
Maximum Dog Distance: 0.8612688438661816
Average Sheep Distance: 0.1628596076326985
Maximum Sheep Distance: 0.24078824432426896
Elapsed Time: 5m 11s
********** 66 **********
Average Fitness: 0.20333333333333328
Maximum Fitness: 0.3833333333333333
Average Pen Distance: 0.45400543578899166
Maximum Pen Distance: 0.6165007501217369
Average Dog Distance: 0.7205379672213093
Maximum Dog Distance: 0.8155691395710195
Average Sheep Distance: 0.16692678375163858
Maximum Sheep Distance: 0.32411305958548237
Elapsed Time: 5m 15s
********** 67 **********
Average Fitness: 0.20716666666666664
Maximum Fitness: 0.3833333333333333
Average Pen Distance: 0.45610911893453127
Maximum Pen Distance: 0.6703103909638646
Average Dog Distance: 0.7159563462652632
Maximum Dog Distance: 0.8272582476748603
Average Sheep Distance: 0.1625564229866886
Maximum Sheep Distance: 0.25325744925751437
Elapsed Time: 5m 18s
********** 68 **********
Average Fitness: 0.2045
Maximum Fitness: 0.43333333333333335
Average Pen Distance: 0.4382045852426241
Maximum Pen Distance: 0.650214622040532
Average Dog Distance: 0.732199694053632
Maximum Dog Distance: 0.8936100158245424
Average Sheep Distance: 0.1686191831654851
Maximum Sheep Distance: 0.28820062499094695
Elapsed Time: 5m 13s
********** 69 **********
Average Fitness: 0.21133333333333337
Maximum Fitness: 0.43333333333333335
Average Pen Distance: 0.45393996223659855
Maximum Pen Distance: 0.642295025084125
Average Dog Distance: 0.7245862988712364
Maximum Dog Distance: 0.8374094340838769
Average Sheep Distance: 0.1680389668642232
Maximum Sheep Distance: 0.3317005404911222
Elapsed Time: 5m 17s
********** 70 **********
Average Fitness: 0.21533333333333335
Maximum Fitness: 0.4166666666666667
Average Pen Distance: 0.4436313408056265
Maximum Pen Distance: 0.5890953870559511
Average Dog Distance: 0.7131974111753974
Maximum Dog Distance: 0.835596196237376
Average Sheep Distance: 0.16867462751652293
Maximum Sheep Distance: 0.3021638307616348
Elapsed Time: 5m 10s
********** 71 **********
Average Fitness: 0.20566666666666664
Maximum Fitness: 0.45
Average Pen Distance: 0.455643920152009
Maximum Pen Distance: 0.657529571975378
Average Dog Distance: 0.727219464253158
Maximum Dog Distance: 0.9023172650990324
Average Sheep Distance: 0.16175263989638378
Maximum Sheep Distance: 0.2567918910062616
Elapsed Time: 5m 14s
********** 72 **********
Average Fitness: 0.20599999999999993
Maximum Fitness: 0.3833333333333333
Average Pen Distance: 0.45985453450433267
Maximum Pen Distance: 0.6037020650416496
Average Dog Distance: 0.7115077145749023
Maximum Dog Distance: 0.8504245363630685
Average Sheep Distance: 0.16177438988842432
Maximum Sheep Distance: 0.24528100026939872
Elapsed Time: 5m 11s
********** 73 **********
Average Fitness: 0.20083333333333336
Maximum Fitness: 0.3666666666666667
Average Pen Distance: 0.44769415489193404
Maximum Pen Distance: 0.6665612716827414
Average Dog Distance: 0.724473033600754
Maximum Dog Distance: 0.919594808662608
Average Sheep Distance: 0.1679365442923812
Maximum Sheep Distance: 0.28769545144003233
Elapsed Time: 5m 20s
********** 74 **********
Average Fitness: 0.19966666666666666
Maximum Fitness: 0.3666666666666667
Average Pen Distance: 0.4400297775611825
Maximum Pen Distance: 0.5555374816763498
Average Dog Distance: 0.7151557195419675
Maximum Dog Distance: 0.8723998876822682
Average Sheep Distance: 0.1654107015419118
Maximum Sheep Distance: 0.30269845699536774
Elapsed Time: 5m 17s
********** 75 **********
Average Fitness: 0.20450000000000002
Maximum Fitness: 0.39999999999999997
Average Pen Distance: 0.44780033191260876
Maximum Pen Distance: 0.6986750957949209
Average Dog Distance: 0.7113243752473137
Maximum Dog Distance: 0.8379433340254185
Average Sheep Distance: 0.15954659838320936
Maximum Sheep Distance: 0.2550293349827144
Elapsed Time: 5m 10s
********** 76 **********
Average Fitness: 0.22583333333333327
Maximum Fitness: 0.4166666666666667
Average Pen Distance: 0.4413654133114371
Maximum Pen Distance: 0.6679294555209111
Average Dog Distance: 0.715140818584142
Maximum Dog Distance: 0.8261065489869939
Average Sheep Distance: 0.16068471051394984
Maximum Sheep Distance: 0.2771289187979203
Elapsed Time: 5m 16s
********** 77 **********
Average Fitness: 0.21633333333333332
Maximum Fitness: 0.4166666666666667
Average Pen Distance: 0.44653001982152374
Maximum Pen Distance: 0.6098052840841895
Average Dog Distance: 0.7183353426237133
Maximum Dog Distance: 0.8296257684410117
Average Sheep Distance: 0.1583316925801912
Maximum Sheep Distance: 0.304572168836107
Elapsed Time: 5m 14s
********** 78 **********
Average Fitness: 0.2211666666666667
Maximum Fitness: 0.38333333333333336
Average Pen Distance: 0.44161644021467583
Maximum Pen Distance: 0.5882630696136047
Average Dog Distance: 0.7216817540812375
Maximum Dog Distance: 0.859937223782965
Average Sheep Distance: 0.16532573239532017
Maximum Sheep Distance: 0.2844061928113302
Elapsed Time: 5m 15s
********** 79 **********
Average Fitness: 0.22833333333333333
Maximum Fitness: 0.46666666666666673
Average Pen Distance: 0.44268778018129756
Maximum Pen Distance: 0.6931369266185224
Average Dog Distance: 0.7103909271863716
Maximum Dog Distance: 0.8120856607683042
Average Sheep Distance: 0.1650780079078965
Maximum Sheep Distance: 0.27010836345311157
Elapsed Time: 5m 22s
********** 80 **********
Average Fitness: 0.225
Maximum Fitness: 0.3666666666666667
Average Pen Distance: 0.45023266923502336
Maximum Pen Distance: 0.772990105252529
Average Dog Distance: 0.7367721333375173
Maximum Dog Distance: 0.8821618501422943
Average Sheep Distance: 0.16446552196821607
Maximum Sheep Distance: 0.29015145238194345
Elapsed Time: 5m 17s
********** 81 **********
Average Fitness: 0.23466666666666666
Maximum Fitness: 0.39999999999999997
Average Pen Distance: 0.4468702051843594
Maximum Pen Distance: 0.5702738215106148
Average Dog Distance: 0.7209613240600443
Maximum Dog Distance: 0.8408631603317643
Average Sheep Distance: 0.15883697549591802
Maximum Sheep Distance: 0.23107538570012798
Elapsed Time: 5m 13s
********** 82 **********
Average Fitness: 0.22516666666666668
Maximum Fitness: 0.4166666666666667
Average Pen Distance: 0.45784051188177777
Maximum Pen Distance: 0.7943326524207484
Average Dog Distance: 0.7219652137774549
Maximum Dog Distance: 0.8574006716953737
Average Sheep Distance: 0.16230533180216547
Maximum Sheep Distance: 0.3047671807419258
Elapsed Time: 5m 26s
********** 83 **********
Average Fitness: 0.2321666666666667
Maximum Fitness: 0.43333333333333335
Average Pen Distance: 0.44710267294283507
Maximum Pen Distance: 0.6591708548294806
Average Dog Distance: 0.7243616443214341
Maximum Dog Distance: 0.8340293255633787
Average Sheep Distance: 0.162335044359456
Maximum Sheep Distance: 0.2765873780870474
Elapsed Time: 5m 23s
********** 84 **********
Average Fitness: 0.231
Maximum Fitness: 0.4166666666666667
Average Pen Distance: 0.4498803236504154
Maximum Pen Distance: 0.5899865468207007
Average Dog Distance: 0.7298600434948891
Maximum Dog Distance: 0.810344689628248
Average Sheep Distance: 0.15372898659100195
Maximum Sheep Distance: 0.22268626808026085
Elapsed Time: 5m 21s
********** 85 **********
Average Fitness: 0.22583333333333333
Maximum Fitness: 0.4166666666666667
Average Pen Distance: 0.4596097560520221
Maximum Pen Distance: 0.624919441756954
Average Dog Distance: 0.7274963268553517
Maximum Dog Distance: 0.8240551539289505
Average Sheep Distance: 0.15125865457722992
Maximum Sheep Distance: 0.2806307836817552
Elapsed Time: 5m 22s
********** 86 **********
Average Fitness: 0.2206666666666667
Maximum Fitness: 0.43333333333333335
Average Pen Distance: 0.46801972930380564
Maximum Pen Distance: 0.6642255969051335
Average Dog Distance: 0.7373990777498437
Maximum Dog Distance: 0.8514495184233217
Average Sheep Distance: 0.14609111505333133
Maximum Sheep Distance: 0.2314713408892871
Elapsed Time: 5m 22s
********** 87 **********
Average Fitness: 0.2345
Maximum Fitness: 0.48333333333333334
Average Pen Distance: 0.4585929797184247
Maximum Pen Distance: 0.7249296735186969
Average Dog Distance: 0.7445985978771467
Maximum Dog Distance: 0.8707934564320926
Average Sheep Distance: 0.15607766926189837
Maximum Sheep Distance: 0.3126628346153591
Elapsed Time: 5m 23s
********** 88 **********
Average Fitness: 0.22733333333333333
Maximum Fitness: 0.39999999999999997
Average Pen Distance: 0.46784675388917224
Maximum Pen Distance: 0.6977355416711385
Average Dog Distance: 0.7525619344511236
Maximum Dog Distance: 0.8726013582723886
Average Sheep Distance: 0.15575460560874035
Maximum Sheep Distance: 0.3146582191846214
Elapsed Time: 5m 34s
********** 89 **********
Average Fitness: 0.22566666666666665
Maximum Fitness: 0.4166666666666667
Average Pen Distance: 0.47176196706375956
Maximum Pen Distance: 0.6489200685687929
Average Dog Distance: 0.7433209268162733
Maximum Dog Distance: 0.8446669784747081
Average Sheep Distance: 0.15028448515820123
Maximum Sheep Distance: 0.33500365575998803
Elapsed Time: 5m 24s
********** 90 **********
Average Fitness: 0.2253333333333333
Maximum Fitness: 0.45
Average Pen Distance: 0.4712692188714819
Maximum Pen Distance: 0.6046379803352793
Average Dog Distance: 0.7424936592425694
Maximum Dog Distance: 0.8459838034760493
Average Sheep Distance: 0.14541324776627557
Maximum Sheep Distance: 0.24301232362719197
Elapsed Time: 5m 26s
********** 91 **********
Average Fitness: 0.22366666666666668
Maximum Fitness: 0.48333333333333334
Average Pen Distance: 0.47600524524023213
Maximum Pen Distance: 0.589860577440335
Average Dog Distance: 0.743225606517155
Maximum Dog Distance: 0.8513413727501309
Average Sheep Distance: 0.14743583106320832
Maximum Sheep Distance: 0.28701515183213683
Elapsed Time: 5m 22s
********** 92 **********
Average Fitness: 0.2315
Maximum Fitness: 0.45
Average Pen Distance: 0.46959227443296137
Maximum Pen Distance: 0.6181231360026375
Average Dog Distance: 0.7540420305498139
Maximum Dog Distance: 0.8790568709593839
Average Sheep Distance: 0.14898731341374327
Maximum Sheep Distance: 0.2725502976677662
Elapsed Time: 5m 23s
********** 93 **********
Average Fitness: 0.23366666666666666
Maximum Fitness: 0.4000000000000001
Average Pen Distance: 0.4746489273724341
Maximum Pen Distance: 0.647598161341765
Average Dog Distance: 0.7523004471245582
Maximum Dog Distance: 0.8606748932571517
Average Sheep Distance: 0.14889565954193662
Maximum Sheep Distance: 0.22423635416994725
Elapsed Time: 5m 27s
********** 94 **********
Average Fitness: 0.22266666666666662
Maximum Fitness: 0.43333333333333335
Average Pen Distance: 0.486025026249699
Maximum Pen Distance: 0.6629864851936939
Average Dog Distance: 0.7579457472729624
Maximum Dog Distance: 0.8603593532067689
Average Sheep Distance: 0.14810071269732167
Maximum Sheep Distance: 0.2644345725497035
Elapsed Time: 5m 28s
********** 95 **********
Average Fitness: 0.2436666666666667
Maximum Fitness: 0.4166666666666667
Average Pen Distance: 0.48050929018842453
Maximum Pen Distance: 0.6806612793647927
Average Dog Distance: 0.7622204793764742
Maximum Dog Distance: 0.8740391609174173
Average Sheep Distance: 0.1447802643363077
Maximum Sheep Distance: 0.2954590431440733
Elapsed Time: 5m 26s
********** 96 **********
Average Fitness: 0.24250000000000005
Maximum Fitness: 0.45
Average Pen Distance: 0.48231917750160425
Maximum Pen Distance: 0.6135990214542183
Average Dog Distance: 0.7452828206335405
Maximum Dog Distance: 0.8714898051285817
Average Sheep Distance: 0.13868244423321566
Maximum Sheep Distance: 0.2122064629615675
Elapsed Time: 5m 22s
********** 97 **********
Average Fitness: 0.2421666666666666
Maximum Fitness: 0.43333333333333335
Average Pen Distance: 0.48746370753731605
Maximum Pen Distance: 0.6780922362335841
Average Dog Distance: 0.7521780966367732
Maximum Dog Distance: 0.8504245042730179
Average Sheep Distance: 0.14154795254629257
Maximum Sheep Distance: 0.24129123437319322
Elapsed Time: 5m 27s
********** 98 **********
Average Fitness: 0.23550000000000007
Maximum Fitness: 0.46666666666666673
Average Pen Distance: 0.47456889675179786
Maximum Pen Distance: 0.6781747229259117
Average Dog Distance: 0.7484621094706436
Maximum Dog Distance: 0.8549892696280685
Average Sheep Distance: 0.14132825931509577
Maximum Sheep Distance: 0.2741882502985051
Elapsed Time: 5m 28s
********** 99 **********
Average Fitness: 0.2473333333333333
Maximum Fitness: 0.4166666666666667
Average Pen Distance: 0.4651733963470436
Maximum Pen Distance: 0.6526231182834974
Average Dog Distance: 0.7443718965795987
Maximum Dog Distance: 0.8566114929294222
Average Sheep Distance: 0.1448456865865475
Maximum Sheep Distance: 0.2695959233546594
Elapsed Time: 5m 19s
********** 100 **********
Average Fitness: 0.23550000000000001
Maximum Fitness: 0.5
Average Pen Distance: 0.4867245579964502
Maximum Pen Distance: 0.6983130103941243
Average Dog Distance: 0.7517810893956453
Maximum Dog Distance: 0.8462074334132167
Average Sheep Distance: 0.14435713921480242
Maximum Sheep Distance: 0.23707054667552319
Elapsed Time: 5m 21s
********** 1 **********
Average Fitness: 0.030999999999999996
Maximum Fitness: 0.15
Average Pen Distance: 0.5199909036918173
Maximum Pen Distance: 0.7677338748318486
Average Dog Distance: 0.7697791623179974
Maximum Dog Distance: 0.9390153624291235
Average Sheep Distance: 0.28002312834020604
Maximum Sheep Distance: 0.3617179461297754
Elapsed Time: 5m 52s
********** 2 **********
Average Fitness: 0.028499999999999998
Maximum Fitness: 0.11666666666666665
Average Pen Distance: 0.482065848853537
Maximum Pen Distance: 0.6924289959609581
Average Dog Distance: 0.7482149163330091
Maximum Dog Distance: 0.9077365943163637
Average Sheep Distance: 0.28105280289634954
Maximum Sheep Distance: 0.3943775611863504
Elapsed Time: 5m 48s
********** 3 **********
Average Fitness: 0.025333333333333333
Maximum Fitness: 0.08333333333333333
Average Pen Distance: 0.4764043161843156
Maximum Pen Distance: 0.7038342835132433
Average Dog Distance: 0.7465949521240618
Maximum Dog Distance: 0.9199275313390918
Average Sheep Distance: 0.271011935023658
Maximum Sheep Distance: 0.3319764304009372
Elapsed Time: 5m 45s
********** 4 **********
Average Fitness: 0.03666666666666667
Maximum Fitness: 0.19999999999999998
Average Pen Distance: 0.48210175256670945
Maximum Pen Distance: 0.7661016305801341
Average Dog Distance: 0.7522692622408763
Maximum Dog Distance: 0.9039349042046597
Average Sheep Distance: 0.2782082319349439
Maximum Sheep Distance: 0.3838376378797914
Elapsed Time: 5m 43s
********** 5 **********
Average Fitness: 0.03633333333333333
Maximum Fitness: 0.15
Average Pen Distance: 0.48119758972485405
Maximum Pen Distance: 0.7246733384954966
Average Dog Distance: 0.7548804474305912
Maximum Dog Distance: 0.9340026453518862
Average Sheep Distance: 0.27761773441049525
Maximum Sheep Distance: 0.3617756669174626
Elapsed Time: 5m 42s
********** 6 **********
Average Fitness: 0.02983333333333333
Maximum Fitness: 0.18333333333333335
Average Pen Distance: 0.4816374217969181
Maximum Pen Distance: 0.7013238836205136
Average Dog Distance: 0.7217716229161272
Maximum Dog Distance: 0.9137221104022352
Average Sheep Distance: 0.27050166946508364
Maximum Sheep Distance: 0.322323365625587
Elapsed Time: 5m 35s
********** 7 **********
Average Fitness: 0.03566666666666666
Maximum Fitness: 0.16666666666666666
Average Pen Distance: 0.48771654565188327
Maximum Pen Distance: 0.7568538184610313
Average Dog Distance: 0.7517999150125994
Maximum Dog Distance: 0.9270661771882797
Average Sheep Distance: 0.2741116565238358
Maximum Sheep Distance: 0.3418495885730281
Elapsed Time: 5m 31s
********** 8 **********
Average Fitness: 0.03783333333333333
Maximum Fitness: 0.20000000000000004
Average Pen Distance: 0.48148821856618484
Maximum Pen Distance: 0.7063179977202005
Average Dog Distance: 0.7431788677614379
Maximum Dog Distance: 0.9059488050500146
Average Sheep Distance: 0.2746430216101394
Maximum Sheep Distance: 0.3766799011565866
Elapsed Time: 5m 44s
********** 9 **********
Average Fitness: 0.037000000000000005
Maximum Fitness: 0.15
Average Pen Distance: 0.4724728374813527
Maximum Pen Distance: 0.6442871188719885
Average Dog Distance: 0.7568704844580578
Maximum Dog Distance: 0.905199090254054
Average Sheep Distance: 0.27055339388484395
Maximum Sheep Distance: 0.3460398263329159
Elapsed Time: 5m 38s
********** 10 **********
Average Fitness: 0.035
Maximum Fitness: 0.20000000000000004
Average Pen Distance: 0.4874956915836978
Maximum Pen Distance: 0.7717009717173368
Average Dog Distance: 0.7444383006615141
Maximum Dog Distance: 0.9183993980921846
Average Sheep Distance: 0.27085273316534125
Maximum Sheep Distance: 0.3433543951098283
Elapsed Time: 5m 50s
********** 11 **********
Average Fitness: 0.041333333333333326
Maximum Fitness: 0.2833333333333334
Average Pen Distance: 0.456034582263091
Maximum Pen Distance: 0.6727728867725172
Average Dog Distance: 0.7536884933543007
Maximum Dog Distance: 0.9131214307129696
Average Sheep Distance: 0.26927076674959055
Maximum Sheep Distance: 0.3440710858085641
Elapsed Time: 5m 42s
********** 12 **********
Average Fitness: 0.04333333333333333
Maximum Fitness: 0.18333333333333335
Average Pen Distance: 0.46387765268285613
Maximum Pen Distance: 0.7120016310708207
Average Dog Distance: 0.7461468395761588
Maximum Dog Distance: 0.9011141849631512
Average Sheep Distance: 0.27662338340519993
Maximum Sheep Distance: 0.3385301038649084
Elapsed Time: 5m 42s
********** 13 **********
Average Fitness: 0.0395
Maximum Fitness: 0.18333333333333335
Average Pen Distance: 0.46767300960360386
Maximum Pen Distance: 0.7076494901326863
Average Dog Distance: 0.7390070042970213
Maximum Dog Distance: 0.9078156680829653
Average Sheep Distance: 0.27057451620829476
Maximum Sheep Distance: 0.3431016163353091
Elapsed Time: 5m 46s
********** 14 **********
Average Fitness: 0.03783333333333334
Maximum Fitness: 0.2333333333333333
Average Pen Distance: 0.4708380693888751
Maximum Pen Distance: 0.7310939161036547
Average Dog Distance: 0.728853432853066
Maximum Dog Distance: 0.9088162947789314
Average Sheep Distance: 0.2737250993146241
Maximum Sheep Distance: 0.371074621730743
Elapsed Time: 5m 53s
********** 15 **********
Average Fitness: 0.046833333333333324
Maximum Fitness: 0.21666666666666667
Average Pen Distance: 0.4364990564237786
Maximum Pen Distance: 0.7352700074488224
Average Dog Distance: 0.7236177199422495
Maximum Dog Distance: 0.9375079134582617
Average Sheep Distance: 0.2701999424873489
Maximum Sheep Distance: 0.38559990840089525
Elapsed Time: 5m 49s
********** 16 **********
Average Fitness: 0.05066666666666666
Maximum Fitness: 0.26666666666666666
Average Pen Distance: 0.447938011900604
Maximum Pen Distance: 0.7710745914554846
Average Dog Distance: 0.7245047578412547
Maximum Dog Distance: 0.8953737818696168
Average Sheep Distance: 0.26861267588115584
Maximum Sheep Distance: 0.3676674358223914
Elapsed Time: 5m 44s
********** 17 **********
Average Fitness: 0.05066666666666666
Maximum Fitness: 0.2333333333333333
Average Pen Distance: 0.45484216681619893
Maximum Pen Distance: 0.7477610799031921
Average Dog Distance: 0.7366738414235223
Maximum Dog Distance: 0.9072612839759637
Average Sheep Distance: 0.26489927065519286
Maximum Sheep Distance: 0.35177038887541084
Elapsed Time: 5m 46s
********** 18 **********
Average Fitness: 0.058166666666666665
Maximum Fitness: 0.20000000000000004
Average Pen Distance: 0.447066421278316
Maximum Pen Distance: 0.7207989690377238
Average Dog Distance: 0.7543363395451322
Maximum Dog Distance: 0.9102254386646059
Average Sheep Distance: 0.26111758661972145
Maximum Sheep Distance: 0.3565963592724299
Elapsed Time: 5m 48s
********** 19 **********
Average Fitness: 0.06183333333333334
Maximum Fitness: 0.2833333333333334
Average Pen Distance: 0.4280892134531738
Maximum Pen Distance: 0.7277139511846902
Average Dog Distance: 0.73107380760513
Maximum Dog Distance: 0.9315029675690498
Average Sheep Distance: 0.26236883192669236
Maximum Sheep Distance: 0.36722130830100713
Elapsed Time: 5m 40s
********** 20 **********
Average Fitness: 0.06083333333333335
Maximum Fitness: 0.2333333333333333
Average Pen Distance: 0.47028846789278594
Maximum Pen Distance: 0.6812063893577958
Average Dog Distance: 0.7791535654105275
Maximum Dog Distance: 0.9322430933348617
Average Sheep Distance: 0.2545391578329297
Maximum Sheep Distance: 0.33308032322017583
Elapsed Time: 5m 42s
********** 21 **********
Average Fitness: 0.07533333333333334
Maximum Fitness: 0.25
Average Pen Distance: 0.44687763632279875
Maximum Pen Distance: 0.6568801241843574
Average Dog Distance: 0.7809326246808392
Maximum Dog Distance: 0.9279607160623523
Average Sheep Distance: 0.245932940789013
Maximum Sheep Distance: 0.3468093570445026
Elapsed Time: 5m 37s
********** 22 **********
Average Fitness: 0.08966666666666669
Maximum Fitness: 0.3166666666666667
Average Pen Distance: 0.4567754037576182
Maximum Pen Distance: 0.7124575266426394
Average Dog Distance: 0.7999696679574488
Maximum Dog Distance: 0.9271315149744863
Average Sheep Distance: 0.24881773519405473
Maximum Sheep Distance: 0.34142994258140397
Elapsed Time: 5m 39s
********** 23 **********
Average Fitness: 0.09266666666666667
Maximum Fitness: 0.3
Average Pen Distance: 0.44821641592662614
Maximum Pen Distance: 0.6604334139204943
Average Dog Distance: 0.8150485956530352
Maximum Dog Distance: 0.9091198412126436
Average Sheep Distance: 0.2278634137178123
Maximum Sheep Distance: 0.3057052351820058
Elapsed Time: 5m 43s
********** 24 **********
Average Fitness: 0.1035
Maximum Fitness: 0.2833333333333334
Average Pen Distance: 0.44735234644755956
Maximum Pen Distance: 0.6971682185944724
Average Dog Distance: 0.8238646170766222
Maximum Dog Distance: 0.9171640532103621
Average Sheep Distance: 0.2187622933034346
Maximum Sheep Distance: 0.31717284717785726
Elapsed Time: 5m 41s
********** 25 **********
Average Fitness: 0.10866666666666669
Maximum Fitness: 0.2833333333333333
Average Pen Distance: 0.44899484953630703
Maximum Pen Distance: 0.62235433483655
Average Dog Distance: 0.8288737726869658
Maximum Dog Distance: 0.9232878786047641
Average Sheep Distance: 0.2208791270874659
Maximum Sheep Distance: 0.3506631568541841
Elapsed Time: 5m 31s
********** 26 **********
Average Fitness: 0.10983333333333332
Maximum Fitness: 0.26666666666666666
Average Pen Distance: 0.4499032254394493
Maximum Pen Distance: 0.6274024723212647
Average Dog Distance: 0.8339521270670545
Maximum Dog Distance: 0.9297509382127774
Average Sheep Distance: 0.2136668913525169
Maximum Sheep Distance: 0.3249623775399655
Elapsed Time: 5m 36s
********** 27 **********
Average Fitness: 0.1285
Maximum Fitness: 0.3
Average Pen Distance: 0.4391417483645149
Maximum Pen Distance: 0.6336073542539583
Average Dog Distance: 0.8331740549994232
Maximum Dog Distance: 0.9125550478882686
Average Sheep Distance: 0.20961632095281804
Maximum Sheep Distance: 0.29237257892469354
Elapsed Time: 5m 36s
********** 28 **********
Average Fitness: 0.1221666666666667
Maximum Fitness: 0.3333333333333333
Average Pen Distance: 0.45858044173809787
Maximum Pen Distance: 0.7084548276905512
Average Dog Distance: 0.8343951008334713
Maximum Dog Distance: 0.9247242844830592
Average Sheep Distance: 0.2054517417635833
Maximum Sheep Distance: 0.29215157793461755
Elapsed Time: 5m 37s
********** 29 **********
Average Fitness: 0.13499999999999998
Maximum Fitness: 0.38333333333333336
Average Pen Distance: 0.4420957538541533
Maximum Pen Distance: 0.8183153829934314
Average Dog Distance: 0.8271697898015118
Maximum Dog Distance: 0.8955840927378359
Average Sheep Distance: 0.20225399257761367
Maximum Sheep Distance: 0.25986456962278387
Elapsed Time: 5m 41s
********** 30 **********
Average Fitness: 0.14316666666666666
Maximum Fitness: 0.2833333333333334
Average Pen Distance: 0.43200076093940654
Maximum Pen Distance: 0.6033248272289882
Average Dog Distance: 0.8258861253503845
Maximum Dog Distance: 0.9127429887617318
Average Sheep Distance: 0.19936922909270316
Maximum Sheep Distance: 0.3206756164310771
Elapsed Time: 5m 32s
********** 31 **********
Average Fitness: 0.1325
Maximum Fitness: 0.3
Average Pen Distance: 0.43147954459583276
Maximum Pen Distance: 0.6864094454192667
Average Dog Distance: 0.8263483583824339
Maximum Dog Distance: 0.9157672813435149
Average Sheep Distance: 0.20148408951308253
Maximum Sheep Distance: 0.29405049640756226
Elapsed Time: 5m 25s
********** 32 **********
Average Fitness: 0.13399999999999998
Maximum Fitness: 0.3666666666666667
Average Pen Distance: 0.44785339996124607
Maximum Pen Distance: 0.6148336027860613
Average Dog Distance: 0.8260303022672999
Maximum Dog Distance: 0.908380582116253
Average Sheep Distance: 0.20497058025503623
Maximum Sheep Distance: 0.2670696643283495
Elapsed Time: 5m 43s
********** 33 **********
Average Fitness: 0.13449999999999998
Maximum Fitness: 0.3666666666666667
Average Pen Distance: 0.4464875351140602
Maximum Pen Distance: 0.665845589982982
Average Dog Distance: 0.8231862065519279
Maximum Dog Distance: 0.8990886675200377
Average Sheep Distance: 0.20344275056426808
Maximum Sheep Distance: 0.2883416968756909
Elapsed Time: 5m 33s
********** 34 **********
Average Fitness: 0.13449999999999998
Maximum Fitness: 0.3333333333333333
Average Pen Distance: 0.43324968980802764
Maximum Pen Distance: 0.5836771101177711
Average Dog Distance: 0.8328057572676293
Maximum Dog Distance: 0.9315798887775641
Average Sheep Distance: 0.20827218525861216
Maximum Sheep Distance: 0.3060320322480417
Elapsed Time: 5m 28s
********** 35 **********
Average Fitness: 0.1285
Maximum Fitness: 0.35000000000000003
Average Pen Distance: 0.44265545067961964
Maximum Pen Distance: 0.7124135355115785
Average Dog Distance: 0.8301615360324804
Maximum Dog Distance: 0.9421318305542207
Average Sheep Distance: 0.20262638079296671
Maximum Sheep Distance: 0.35682174410821405
Elapsed Time: 5m 28s
********** 36 **********
Average Fitness: 0.1445
Maximum Fitness: 0.3666666666666667
Average Pen Distance: 0.43268771564740033
Maximum Pen Distance: 0.6549787031872755
Average Dog Distance: 0.8246088259233849
Maximum Dog Distance: 0.9029124718660255
Average Sheep Distance: 0.19804044238885626
Maximum Sheep Distance: 0.2692798501082734
Elapsed Time: 5m 24s
********** 37 **********
Average Fitness: 0.15066666666666667
Maximum Fitness: 0.31666666666666665
Average Pen Distance: 0.4213617837876508
Maximum Pen Distance: 0.6472208778031535
Average Dog Distance: 0.8250409894583788
Maximum Dog Distance: 0.9066342134305891
Average Sheep Distance: 0.19888703011580944
Maximum Sheep Distance: 0.27852109788776874
Elapsed Time: 5m 40s
********** 38 **********
Average Fitness: 0.12166666666666667
Maximum Fitness: 0.3833333333333333
Average Pen Distance: 0.4419834063641075
Maximum Pen Distance: 0.6339986132452659
Average Dog Distance: 0.828748360958595
Maximum Dog Distance: 0.9268147250883286
Average Sheep Distance: 0.20401057358933525
Maximum Sheep Distance: 0.2644881838694017
Elapsed Time: 5m 26s
********** 39 **********
Average Fitness: 0.15133333333333332
Maximum Fitness: 0.3
Average Pen Distance: 0.42099110792981215
Maximum Pen Distance: 0.7408188114468364
Average Dog Distance: 0.8292753660169161
Maximum Dog Distance: 0.9228138790415397
Average Sheep Distance: 0.1988889375525483
Maximum Sheep Distance: 0.2618150984767232
Elapsed Time: 5m 31s
********** 40 **********
Average Fitness: 0.1305
Maximum Fitness: 0.35000000000000003
Average Pen Distance: 0.4296065116618763
Maximum Pen Distance: 0.6971772707453635
Average Dog Distance: 0.82089191117403
Maximum Dog Distance: 0.9052942496462152
Average Sheep Distance: 0.2028525678503791
Maximum Sheep Distance: 0.31111101038019245
Elapsed Time: 5m 31s
********** 41 **********
Average Fitness: 0.12883333333333333
Maximum Fitness: 0.3333333333333333
Average Pen Distance: 0.4320332556284907
Maximum Pen Distance: 0.6963590696282318
Average Dog Distance: 0.832344386238981
Maximum Dog Distance: 0.9252218060361143
Average Sheep Distance: 0.19930888624542673
Maximum Sheep Distance: 0.336523920806856
Elapsed Time: 5m 32s
********** 42 **********
Average Fitness: 0.14750000000000005
Maximum Fitness: 0.3833333333333333
Average Pen Distance: 0.4123387800813669
Maximum Pen Distance: 0.7063883094872138
Average Dog Distance: 0.8294570947038783
Maximum Dog Distance: 0.9105224289260782
Average Sheep Distance: 0.1994472191858083
Maximum Sheep Distance: 0.3343381756679434
Elapsed Time: 5m 30s
********** 43 **********
Average Fitness: 0.14666666666666667
Maximum Fitness: 0.3333333333333333
Average Pen Distance: 0.4191341242765383
Maximum Pen Distance: 0.7296478895820141
Average Dog Distance: 0.8262704951100125
Maximum Dog Distance: 0.9174213197775208
Average Sheep Distance: 0.19813351403909224
Maximum Sheep Distance: 0.2814357111657228
Elapsed Time: 5m 25s
********** 44 **********
Average Fitness: 0.1443333333333333
Maximum Fitness: 0.43333333333333335
Average Pen Distance: 0.433610023355674
Maximum Pen Distance: 0.6345769020447967
Average Dog Distance: 0.8305172011523416
Maximum Dog Distance: 0.9125526108575142
Average Sheep Distance: 0.19622098989188802
Maximum Sheep Distance: 0.2869830222432282
Elapsed Time: 5m 29s
********** 45 **********
Average Fitness: 0.1385
Maximum Fitness: 0.3666666666666667
Average Pen Distance: 0.42308062675424807
Maximum Pen Distance: 0.7789355122784641
Average Dog Distance: 0.8368711581186605
Maximum Dog Distance: 0.9508454894423867
Average Sheep Distance: 0.2015041007092792
Maximum Sheep Distance: 0.279794393033145
Elapsed Time: 5m 29s
********** 46 **********
Average Fitness: 0.14883333333333332
Maximum Fitness: 0.31666666666666665
Average Pen Distance: 0.41062038184887567
Maximum Pen Distance: 0.608936635633398
Average Dog Distance: 0.8265365614978981
Maximum Dog Distance: 0.9053485063251484
Average Sheep Distance: 0.19771512281370376
Maximum Sheep Distance: 0.30696214807851824
Elapsed Time: 5m 28s
********** 47 **********
Average Fitness: 0.13449999999999998
Maximum Fitness: 0.2833333333333334
Average Pen Distance: 0.4090370264352179
Maximum Pen Distance: 0.6493246405464218
Average Dog Distance: 0.8195755842985072
Maximum Dog Distance: 0.9078137804447891
Average Sheep Distance: 0.2035198857161319
Maximum Sheep Distance: 0.3075831779888898
Elapsed Time: 5m 33s
********** 48 **********
Average Fitness: 0.145
Maximum Fitness: 0.3833333333333333
Average Pen Distance: 0.40292721726389524
Maximum Pen Distance: 0.6975955412588414
Average Dog Distance: 0.8173648797081894
Maximum Dog Distance: 0.9217713313951301
Average Sheep Distance: 0.2049379580638956
Maximum Sheep Distance: 0.2894847978247122
Elapsed Time: 5m 31s
********** 49 **********
Average Fitness: 0.1475
Maximum Fitness: 0.5
Average Pen Distance: 0.40260481860727476
Maximum Pen Distance: 0.5948543725249932
Average Dog Distance: 0.822022860789373
Maximum Dog Distance: 0.9139195224709559
Average Sheep Distance: 0.19923658110537257
Maximum Sheep Distance: 0.27109672479859154
Elapsed Time: 5m 36s
********** 50 **********
Average Fitness: 0.14450000000000002
Maximum Fitness: 0.39999999999999997
Average Pen Distance: 0.38507384335978295
Maximum Pen Distance: 0.6117478028683584
Average Dog Distance: 0.8176095212671125
Maximum Dog Distance: 0.9045480180097671
Average Sheep Distance: 0.1982730536583269
Maximum Sheep Distance: 0.2755190544742439
Elapsed Time: 5m 33s
********** 51 **********
Average Fitness: 0.168
Maximum Fitness: 0.3333333333333333
Average Pen Distance: 0.374311848156975
Maximum Pen Distance: 0.6220127897558866
Average Dog Distance: 0.8197425678934109
Maximum Dog Distance: 0.9155575366301951
Average Sheep Distance: 0.19562060614250712
Maximum Sheep Distance: 0.3004726870998761
Elapsed Time: 5m 34s
********** 52 **********
Average Fitness: 0.15366666666666665
Maximum Fitness: 0.35000000000000003
Average Pen Distance: 0.37445301664632075
Maximum Pen Distance: 0.6278780880970295
Average Dog Distance: 0.8211338121605317
Maximum Dog Distance: 0.9014573181060194
Average Sheep Distance: 0.195164544356355
Maximum Sheep Distance: 0.2961333438410691
Elapsed Time: 5m 33s
********** 53 **********
Average Fitness: 0.15833333333333335
Maximum Fitness: 0.43333333333333335
Average Pen Distance: 0.3919614147109622
Maximum Pen Distance: 0.5956913228408621
Average Dog Distance: 0.822754961711063
Maximum Dog Distance: 0.9116895849360743
Average Sheep Distance: 0.1936658991926696
Maximum Sheep Distance: 0.2952974419892409
Elapsed Time: 5m 28s
********** 54 **********
Average Fitness: 0.17783333333333332
Maximum Fitness: 0.3499999999999999
Average Pen Distance: 0.3949603687687372
Maximum Pen Distance: 0.7016818831832602
Average Dog Distance: 0.8168713492496003
Maximum Dog Distance: 0.8822915944696748
Average Sheep Distance: 0.1888336096175805
Maximum Sheep Distance: 0.32582926373394944
Elapsed Time: 5m 26s
********** 55 **********
Average Fitness: 0.18433333333333335
Maximum Fitness: 0.43333333333333335
Average Pen Distance: 0.40922750261425445
Maximum Pen Distance: 0.7477399018607228
Average Dog Distance: 0.8288009515028013
Maximum Dog Distance: 0.909808854561462
Average Sheep Distance: 0.18237669427824993
Maximum Sheep Distance: 0.2627512662120983
Elapsed Time: 5m 26s
********** 56 **********
Average Fitness: 0.1811666666666667
Maximum Fitness: 0.3499999999999999
Average Pen Distance: 0.4190893963459452
Maximum Pen Distance: 0.7871167459352534
Average Dog Distance: 0.8240212027459415
Maximum Dog Distance: 0.9020658039655349
Average Sheep Distance: 0.1783927640208248
Maximum Sheep Distance: 0.26270285314244496
Elapsed Time: 5m 29s
********** 57 **********
Average Fitness: 0.18966666666666673
Maximum Fitness: 0.4166666666666667
Average Pen Distance: 0.427964165794521
Maximum Pen Distance: 0.658952920048789
Average Dog Distance: 0.826787188006474
Maximum Dog Distance: 0.8824487947242045
Average Sheep Distance: 0.17049962978121452
Maximum Sheep Distance: 0.2728488659585497
Elapsed Time: 5m 27s
********** 58 **********
Average Fitness: 0.17983333333333332
Maximum Fitness: 0.35000000000000003
Average Pen Distance: 0.43621267032650585
Maximum Pen Distance: 0.6763544296264433
Average Dog Distance: 0.8315699420625391
Maximum Dog Distance: 0.9047801854574873
Average Sheep Distance: 0.17669634926048292
Maximum Sheep Distance: 0.3196787371701563
Elapsed Time: 5m 27s
********** 59 **********
Average Fitness: 0.18133333333333332
Maximum Fitness: 0.3666666666666667
Average Pen Distance: 0.435964040304987
Maximum Pen Distance: 0.6192831817906757
Average Dog Distance: 0.8266296068815394
Maximum Dog Distance: 0.9024044050032535
Average Sheep Distance: 0.17412626040380164
Maximum Sheep Distance: 0.26295811847653483
Elapsed Time: 5m 20s
********** 60 **********
Average Fitness: 0.19016666666666673
Maximum Fitness: 0.35000000000000003
Average Pen Distance: 0.43654940641568385
Maximum Pen Distance: 0.7096736220092502
Average Dog Distance: 0.822858709098351
Maximum Dog Distance: 0.8970089424560869
Average Sheep Distance: 0.17549139092067267
Maximum Sheep Distance: 0.2665191103761082
Elapsed Time: 5m 25s
********** 61 **********
Average Fitness: 0.18916666666666668
Maximum Fitness: 0.35000000000000003
Average Pen Distance: 0.42936894343371973
Maximum Pen Distance: 0.789272066451442
Average Dog Distance: 0.8181478455091713
Maximum Dog Distance: 0.9049816099478241
Average Sheep Distance: 0.1805725556149361
Maximum Sheep Distance: 0.3279412045824276
Elapsed Time: 5m 38s
********** 62 **********
Average Fitness: 0.17883333333333332
Maximum Fitness: 0.3333333333333333
Average Pen Distance: 0.42699665803332676
Maximum Pen Distance: 0.6902799292955124
Average Dog Distance: 0.8179091507574009
Maximum Dog Distance: 0.8838637379717627
Average Sheep Distance: 0.18087979263125553
Maximum Sheep Distance: 0.3463724259689831
Elapsed Time: 5m 18s
********** 63 **********
Average Fitness: 0.19933333333333333
Maximum Fitness: 0.4166666666666667
Average Pen Distance: 0.4206607531465101
Maximum Pen Distance: 0.7200946669106782
Average Dog Distance: 0.8168412204030783
Maximum Dog Distance: 0.8916950027163478
Average Sheep Distance: 0.17281768406622153
Maximum Sheep Distance: 0.2567401265089494
Elapsed Time: 5m 29s
********** 64 **********
Average Fitness: 0.19233333333333336
Maximum Fitness: 0.3499999999999999
Average Pen Distance: 0.42143237510707526
Maximum Pen Distance: 0.5983556823963037
Average Dog Distance: 0.8105818333167805
Maximum Dog Distance: 0.8854207470103755
Average Sheep Distance: 0.17663501394612716
Maximum Sheep Distance: 0.26678599692177435
Elapsed Time: 5m 22s
********** 65 **********
Average Fitness: 0.19466666666666665
Maximum Fitness: 0.3666666666666667
Average Pen Distance: 0.42059105150249243
Maximum Pen Distance: 0.6758376714547077
Average Dog Distance: 0.8167143325584902
Maximum Dog Distance: 0.905460814843317
Average Sheep Distance: 0.17942357232920364
Maximum Sheep Distance: 0.3075098172769391
Elapsed Time: 5m 18s
********** 66 **********
Average Fitness: 0.18783333333333335
Maximum Fitness: 0.39999999999999997
Average Pen Distance: 0.4311134373728299
Maximum Pen Distance: 0.687430220272479
Average Dog Distance: 0.8228993090448163
Maximum Dog Distance: 0.9107689744673192
Average Sheep Distance: 0.17532048120241575
Maximum Sheep Distance: 0.27496073610160504
Elapsed Time: 5m 31s
********** 67 **********
Average Fitness: 0.1748333333333333
Maximum Fitness: 0.3833333333333333
Average Pen Distance: 0.4288730106420203
Maximum Pen Distance: 0.7044875549992883
Average Dog Distance: 0.8194801147076017
Maximum Dog Distance: 0.9017010071328629
Average Sheep Distance: 0.17884698826636167
Maximum Sheep Distance: 0.2762382341685316
Elapsed Time: 5m 29s
********** 68 **********
Average Fitness: 0.19149999999999995
Maximum Fitness: 0.4000000000000001
Average Pen Distance: 0.4257898658639813
Maximum Pen Distance: 0.6345923556135064
Average Dog Distance: 0.8116096125411787
Maximum Dog Distance: 0.8998087615414215
Average Sheep Distance: 0.1730640791337947
Maximum Sheep Distance: 0.2737199705765511
Elapsed Time: 5m 27s
********** 69 **********
Average Fitness: 0.20016666666666666
Maximum Fitness: 0.4166666666666667
Average Pen Distance: 0.42723370391201937
Maximum Pen Distance: 0.7100145713680003
Average Dog Distance: 0.819312663708476
Maximum Dog Distance: 0.9015974083743618
Average Sheep Distance: 0.175849966479057
Maximum Sheep Distance: 0.29468461509467353
Elapsed Time: 5m 28s
********** 70 **********
Average Fitness: 0.19166666666666668
Maximum Fitness: 0.4166666666666667
Average Pen Distance: 0.4341644948764783
Maximum Pen Distance: 0.641709026831605
Average Dog Distance: 0.8096424436295273
Maximum Dog Distance: 0.9072841906074602
Average Sheep Distance: 0.17180967033179328
Maximum Sheep Distance: 0.24130255271845655
Elapsed Time: 5m 26s
********** 71 **********
Average Fitness: 0.19183333333333338
Maximum Fitness: 0.3833333333333333
Average Pen Distance: 0.43894167631146325
Maximum Pen Distance: 0.6390290951116206
Average Dog Distance: 0.8073985007266926
Maximum Dog Distance: 0.8754261066092761
Average Sheep Distance: 0.1706907735875802
Maximum Sheep Distance: 0.30677301440364896
Elapsed Time: 5m 26s
********** 72 **********
Average Fitness: 0.2025
Maximum Fitness: 0.4166666666666667
Average Pen Distance: 0.4264279323765659
Maximum Pen Distance: 0.6485181962715595
Average Dog Distance: 0.8066208280102585
Maximum Dog Distance: 0.879268886917048
Average Sheep Distance: 0.17169964742589403
Maximum Sheep Distance: 0.24258651369338702
Elapsed Time: 5m 26s
********** 73 **********
Average Fitness: 0.19833333333333333
Maximum Fitness: 0.3666666666666667
Average Pen Distance: 0.4501758987864378
Maximum Pen Distance: 0.7132999766708968
Average Dog Distance: 0.8109139598768949
Maximum Dog Distance: 0.8870481953025063
Average Sheep Distance: 0.17238756087819174
Maximum Sheep Distance: 0.3018452282173903
Elapsed Time: 5m 21s
********** 74 **********
Average Fitness: 0.19166666666666668
Maximum Fitness: 0.4000000000000001
Average Pen Distance: 0.4451314461670901
Maximum Pen Distance: 0.6065842612179179
Average Dog Distance: 0.8117921955050675
Maximum Dog Distance: 0.8710033732263861
Average Sheep Distance: 0.1664305142592826
Maximum Sheep Distance: 0.25993656754538796
Elapsed Time: 5m 38s
********** 75 **********
Average Fitness: 0.19966666666666666
Maximum Fitness: 0.3333333333333333
Average Pen Distance: 0.4467130696316209
Maximum Pen Distance: 0.6129673987349075
Average Dog Distance: 0.8147178978585825
Maximum Dog Distance: 0.8864818961488657
Average Sheep Distance: 0.1654741128209346
Maximum Sheep Distance: 0.2357838590677712
Elapsed Time: 5m 29s
********** 76 **********
Average Fitness: 0.21816666666666668
Maximum Fitness: 0.4000000000000001
Average Pen Distance: 0.4411252201914509
Maximum Pen Distance: 0.7304854102777573
Average Dog Distance: 0.8127940605082417
Maximum Dog Distance: 0.914107379037742
Average Sheep Distance: 0.16481753927328957
Maximum Sheep Distance: 0.2788688284373541
Elapsed Time: 5m 24s
********** 77 **********
Average Fitness: 0.21483333333333332
Maximum Fitness: 0.3833333333333333
Average Pen Distance: 0.4439121359053096
Maximum Pen Distance: 0.7246014021863257
Average Dog Distance: 0.8117471536367682
Maximum Dog Distance: 0.8701124559240289
Average Sheep Distance: 0.16441413346902878
Maximum Sheep Distance: 0.2425124995208947
Elapsed Time: 5m 20s
********** 78 **********
Average Fitness: 0.19716666666666668
Maximum Fitness: 0.4166666666666667
Average Pen Distance: 0.4467551449786306
Maximum Pen Distance: 0.7370439636452559
Average Dog Distance: 0.8152413452597507
Maximum Dog Distance: 0.9328172429373582
Average Sheep Distance: 0.171375626741754
Maximum Sheep Distance: 0.3113095950668674
Elapsed Time: 5m 35s
********** 79 **********
Average Fitness: 0.1991666666666667
Maximum Fitness: 0.46666666666666673
Average Pen Distance: 0.4543962016325501
Maximum Pen Distance: 0.6057117457046904
Average Dog Distance: 0.8138538743888633
Maximum Dog Distance: 0.8746490450158051
Average Sheep Distance: 0.1632674777784581
Maximum Sheep Distance: 0.242284937816608
Elapsed Time: 5m 26s
********** 80 **********
Average Fitness: 0.21416666666666667
Maximum Fitness: 0.4000000000000001
Average Pen Distance: 0.47159122447622404
Maximum Pen Distance: 0.6714225626123156
Average Dog Distance: 0.8125625732330417
Maximum Dog Distance: 0.878594211410086
Average Sheep Distance: 0.15912077643719433
Maximum Sheep Distance: 0.263441047370123
Elapsed Time: 5m 27s
********** 81 **********
Average Fitness: 0.2218333333333333
Maximum Fitness: 0.5166666666666667
Average Pen Distance: 0.46372762443968946
Maximum Pen Distance: 0.648308367866789
Average Dog Distance: 0.8119450752961201
Maximum Dog Distance: 0.8791857148480409
Average Sheep Distance: 0.1589460956069428
Maximum Sheep Distance: 0.22777885275981638
Elapsed Time: 5m 22s
********** 82 **********
Average Fitness: 0.2056666666666667
Maximum Fitness: 0.45
Average Pen Distance: 0.4696921504469968
Maximum Pen Distance: 0.6325872323735647
Average Dog Distance: 0.8150090080672915
Maximum Dog Distance: 0.901994275791175
Average Sheep Distance: 0.15857882972200404
Maximum Sheep Distance: 0.265030412164749
Elapsed Time: 5m 27s
********** 83 **********
Average Fitness: 0.2021666666666667
Maximum Fitness: 0.3833333333333333
Average Pen Distance: 0.4757992202660445
Maximum Pen Distance: 0.6223778453556098
Average Dog Distance: 0.817403951235969
Maximum Dog Distance: 0.8871185029048471
Average Sheep Distance: 0.16248240078362755
Maximum Sheep Distance: 0.25058818346486805
Elapsed Time: 5m 23s
********** 84 **********
Average Fitness: 0.21733333333333335
Maximum Fitness: 0.4666666666666666
Average Pen Distance: 0.4915033088126803
Maximum Pen Distance: 0.6391752538502985
Average Dog Distance: 0.8158004332045345
Maximum Dog Distance: 0.8846256880587545
Average Sheep Distance: 0.15865463088025897
Maximum Sheep Distance: 0.23966375096183587
Elapsed Time: 5m 28s
********** 85 **********
Average Fitness: 0.2115
Maximum Fitness: 0.39999999999999997
Average Pen Distance: 0.48027933916273907
Maximum Pen Distance: 0.5772399256698789
Average Dog Distance: 0.8104320547476171
Maximum Dog Distance: 0.876756814863001
Average Sheep Distance: 0.15721298358508612
Maximum Sheep Distance: 0.26186653475571225
Elapsed Time: 5m 19s
********** 86 **********
Average Fitness: 0.209
Maximum Fitness: 0.4000000000000001
Average Pen Distance: 0.48189840863093525
Maximum Pen Distance: 0.6459660433650495
Average Dog Distance: 0.8104742296194146
Maximum Dog Distance: 0.8787901342656316
Average Sheep Distance: 0.16061110089505687
Maximum Sheep Distance: 0.2863357751848609
Elapsed Time: 5m 18s
********** 87 **********
Average Fitness: 0.20050000000000004
Maximum Fitness: 0.43333333333333335
Average Pen Distance: 0.48849883134248523
Maximum Pen Distance: 0.7576515151417141
Average Dog Distance: 0.7989831962382751
Maximum Dog Distance: 0.869173087887453
Average Sheep Distance: 0.1620320223673454
Maximum Sheep Distance: 0.2406658290423694
Elapsed Time: 5m 21s
********** 88 **********
Average Fitness: 0.2106666666666667
Maximum Fitness: 0.4166666666666667
Average Pen Distance: 0.4884645440867505
Maximum Pen Distance: 0.7535893061685313
Average Dog Distance: 0.8073818511268991
Maximum Dog Distance: 0.8783574535649468
Average Sheep Distance: 0.16500348944034685
Maximum Sheep Distance: 0.2529878491864227
Elapsed Time: 5m 29s
********** 89 **********
Average Fitness: 0.2158333333333334
Maximum Fitness: 0.43333333333333335
Average Pen Distance: 0.49032378890580086
Maximum Pen Distance: 0.7331439735339892
Average Dog Distance: 0.802646792602609
Maximum Dog Distance: 0.917148714895499
Average Sheep Distance: 0.159841336151208
Maximum Sheep Distance: 0.24730256807578752
Elapsed Time: 5m 22s
********** 90 **********
Average Fitness: 0.1988333333333333
Maximum Fitness: 0.4000000000000001
Average Pen Distance: 0.4773060186183469
Maximum Pen Distance: 0.6585089596859753
Average Dog Distance: 0.802716382107105
Maximum Dog Distance: 0.8697652127607158
Average Sheep Distance: 0.1598186704047239
Maximum Sheep Distance: 0.23048135406031842
Elapsed Time: 5m 36s
********** 91 **********
Average Fitness: 0.21250000000000002
Maximum Fitness: 0.4166666666666667
Average Pen Distance: 0.46818850523732647
Maximum Pen Distance: 0.6369749020765619
Average Dog Distance: 0.8068648880829526
Maximum Dog Distance: 0.8836797656710976
Average Sheep Distance: 0.156603115058165
Maximum Sheep Distance: 0.2524650102839116
Elapsed Time: 5m 21s
********** 92 **********
Average Fitness: 0.21450000000000002
Maximum Fitness: 0.3833333333333333
Average Pen Distance: 0.48214826100827296
Maximum Pen Distance: 0.6846864148654516
Average Dog Distance: 0.8063616244686505
Maximum Dog Distance: 0.90383400502057
Average Sheep Distance: 0.15775121142636586
Maximum Sheep Distance: 0.24254397661764615
Elapsed Time: 5m 24s
********** 93 **********
Average Fitness: 0.20733333333333334
Maximum Fitness: 0.45
Average Pen Distance: 0.4806376415952287
Maximum Pen Distance: 0.6912322292803946
Average Dog Distance: 0.8037236011304132
Maximum Dog Distance: 0.8999129887923645
Average Sheep Distance: 0.1585806391796687
Maximum Sheep Distance: 0.2576263449573914
Elapsed Time: 5m 32s
********** 94 **********
Average Fitness: 0.19149999999999998
Maximum Fitness: 0.4000000000000001
Average Pen Distance: 0.4722573515882612
Maximum Pen Distance: 0.6545945821749576
Average Dog Distance: 0.8055509768201128
Maximum Dog Distance: 0.8791422110428005
Average Sheep Distance: 0.16593294785129548
Maximum Sheep Distance: 0.2732167295948726
Elapsed Time: 5m 31s
********** 95 **********
Average Fitness: 0.19866666666666663
Maximum Fitness: 0.3666666666666667
Average Pen Distance: 0.4797711766064082
Maximum Pen Distance: 0.6583275408040233
Average Dog Distance: 0.8069568346760913
Maximum Dog Distance: 0.883113062083218
Average Sheep Distance: 0.15959224690966192
Maximum Sheep Distance: 0.2512698564376177
Elapsed Time: 5m 23s
********** 96 **********
Average Fitness: 0.20716666666666664
Maximum Fitness: 0.3833333333333333
Average Pen Distance: 0.49306866860796505
Maximum Pen Distance: 0.7533725397554433
Average Dog Distance: 0.8034154055580893
Maximum Dog Distance: 0.8888629030107705
Average Sheep Distance: 0.1614733685718811
Maximum Sheep Distance: 0.3211609718688441
Elapsed Time: 5m 28s
********** 97 **********
Average Fitness: 0.2158333333333334
Maximum Fitness: 0.4166666666666667
Average Pen Distance: 0.4750303431778877
Maximum Pen Distance: 0.6673942953968454
Average Dog Distance: 0.8053739273308389
Maximum Dog Distance: 0.8781968750714646
Average Sheep Distance: 0.1634945819177603
Maximum Sheep Distance: 0.2673953515894239
Elapsed Time: 5m 22s
********** 98 **********
Average Fitness: 0.21133333333333326
Maximum Fitness: 0.3666666666666667
Average Pen Distance: 0.4686275987929232
Maximum Pen Distance: 0.7215918481871717
Average Dog Distance: 0.8100209306795676
Maximum Dog Distance: 0.9118803575186192
Average Sheep Distance: 0.16604936793330485
Maximum Sheep Distance: 0.28448051754608433
Elapsed Time: 5m 27s
********** 99 **********
Average Fitness: 0.21466666666666667
Maximum Fitness: 0.45
Average Pen Distance: 0.4659391205603005
Maximum Pen Distance: 0.7594855444439622
Average Dog Distance: 0.8050974235234023
Maximum Dog Distance: 0.9259848333973123
Average Sheep Distance: 0.16414226583117436
Maximum Sheep Distance: 0.27306434755960934
Elapsed Time: 5m 31s
********** 100 **********
Average Fitness: 0.21933333333333332
Maximum Fitness: 0.4166666666666667
Average Pen Distance: 0.4593844487757671
Maximum Pen Distance: 0.8164474961821785
Average Dog Distance: 0.8089218007638819
Maximum Dog Distance: 0.8812232847076774
Average Sheep Distance: 0.16095414229751756
Maximum Sheep Distance: 0.3526086538889923
Elapsed Time: 5m 23s
