nproc is 1
cnode0970.cm.cluster
********** 33 **********
Average Fitness: 0.07366666666666666
Maximum Fitness: 0.19999999999999998
Average Pen Distance: 0.3311744226988915
Maximum Pen Distance: 0.5801186649720883
Average Dog Distance: 0.6994912844380508
Maximum Dog Distance: 0.941606285676837
Average Sheep Distance: 0.23229990388430594
Maximum Sheep Distance: 0.30206924344183034
Elapsed Time: 6m 9s
********** 34 **********
Average Fitness: 0.07466666666666667
Maximum Fitness: 0.21666666666666667
Average Pen Distance: 0.3242532909316178
Maximum Pen Distance: 0.6010699180855136
Average Dog Distance: 0.7054337278212272
Maximum Dog Distance: 0.9142603543760587
Average Sheep Distance: 0.22563211152416557
Maximum Sheep Distance: 0.3237666357605948
Elapsed Time: 6m 4s
********** 35 **********
Average Fitness: 0.08483333333333334
Maximum Fitness: 0.26666666666666666
Average Pen Distance: 0.31985859876414435
Maximum Pen Distance: 0.5853922224518473
Average Dog Distance: 0.6937347902113119
Maximum Dog Distance: 0.8987227371845227
Average Sheep Distance: 0.22253781418827906
Maximum Sheep Distance: 0.3089760649977124
Elapsed Time: 5m 58s
********** 36 **********
Average Fitness: 0.0855
Maximum Fitness: 0.2166666666666667
Average Pen Distance: 0.3269525317392399
Maximum Pen Distance: 0.6352753002063095
Average Dog Distance: 0.6859088926056599
Maximum Dog Distance: 0.8902482862493005
Average Sheep Distance: 0.21766191573724916
Maximum Sheep Distance: 0.2960057197219563
Elapsed Time: 6m 3s
********** 37 **********
Average Fitness: 0.07633333333333334
Maximum Fitness: 0.20000000000000004
Average Pen Distance: 0.3456467964935991
Maximum Pen Distance: 0.7551738727431124
Average Dog Distance: 0.6947706947855734
Maximum Dog Distance: 0.9409069603174633
Average Sheep Distance: 0.22422674973121443
Maximum Sheep Distance: 0.30944350005908255
Elapsed Time: 6m 12s
********** 38 **********
Average Fitness: 0.09133333333333332
Maximum Fitness: 0.26666666666666666
Average Pen Distance: 0.3308404210085956
Maximum Pen Distance: 0.7059368732471626
Average Dog Distance: 0.690668153894
Maximum Dog Distance: 0.8744269483143476
Average Sheep Distance: 0.2218502255340467
Maximum Sheep Distance: 0.2966015025284063
Elapsed Time: 6m 9s
********** 39 **********
Average Fitness: 0.08683333333333336
Maximum Fitness: 0.25
Average Pen Distance: 0.3173472245660203
Maximum Pen Distance: 0.8036921616776725
Average Dog Distance: 0.6790961399755185
Maximum Dog Distance: 0.8716739731499633
Average Sheep Distance: 0.2157497374771637
Maximum Sheep Distance: 0.32630927431856094
Elapsed Time: 5m 58s
********** 40 **********
Average Fitness: 0.0815
Maximum Fitness: 0.21666666666666665
Average Pen Distance: 0.3079518055750211
Maximum Pen Distance: 0.7393310905768607
Average Dog Distance: 0.6806194457905841
Maximum Dog Distance: 0.8363728285100974
Average Sheep Distance: 0.21398343340952308
Maximum Sheep Distance: 0.29699481049640486
Elapsed Time: 6m 0s
********** 41 **********
Average Fitness: 0.08616666666666667
Maximum Fitness: 0.21666666666666667
Average Pen Distance: 0.3050479949669835
Maximum Pen Distance: 0.6191102123008126
Average Dog Distance: 0.6702088316233735
Maximum Dog Distance: 0.8398117239531421
Average Sheep Distance: 0.21392540138099228
Maximum Sheep Distance: 0.28326051583514167
Elapsed Time: 6m 5s
********** 42 **********
Average Fitness: 0.09433333333333334
Maximum Fitness: 0.20000000000000004
Average Pen Distance: 0.29381208567295863
Maximum Pen Distance: 0.5580322556731433
Average Dog Distance: 0.6850125022546321
Maximum Dog Distance: 0.8996232462246957
Average Sheep Distance: 0.20893534651858356
Maximum Sheep Distance: 0.2796015970484518
Elapsed Time: 6m 6s
********** 43 **********
Average Fitness: 0.09833333333333336
Maximum Fitness: 0.3
Average Pen Distance: 0.28703843465410617
Maximum Pen Distance: 0.54667475650955
Average Dog Distance: 0.6775966090331632
Maximum Dog Distance: 0.888671606771345
Average Sheep Distance: 0.21268939208051116
Maximum Sheep Distance: 0.2965632276890997
Elapsed Time: 6m 3s
********** 44 **********
Average Fitness: 0.0995
Maximum Fitness: 0.25
Average Pen Distance: 0.28445150650028517
Maximum Pen Distance: 0.6537394808633316
Average Dog Distance: 0.6651130557887827
Maximum Dog Distance: 0.8231879503131093
Average Sheep Distance: 0.21098969285614724
Maximum Sheep Distance: 0.3109388851254508
Elapsed Time: 6m 6s
********** 45 **********
Average Fitness: 0.09600000000000002
Maximum Fitness: 0.26666666666666666
Average Pen Distance: 0.31415853446135866
Maximum Pen Distance: 0.7174761824826769
Average Dog Distance: 0.686392181611984
Maximum Dog Distance: 0.8481394190863595
Average Sheep Distance: 0.2139703802646865
Maximum Sheep Distance: 0.2658558641666946
Elapsed Time: 6m 4s
********** 46 **********
Average Fitness: 0.09100000000000003
Maximum Fitness: 0.2333333333333333
Average Pen Distance: 0.3146398163634797
Maximum Pen Distance: 0.7158178792473603
Average Dog Distance: 0.6921033659900406
Maximum Dog Distance: 0.8461961894404645
Average Sheep Distance: 0.2177200057489042
Maximum Sheep Distance: 0.32266777925694673
Elapsed Time: 6m 16s
********** 47 **********
Average Fitness: 0.0965
Maximum Fitness: 0.21666666666666667
Average Pen Distance: 0.29410821332974096
Maximum Pen Distance: 0.5281457459196442
Average Dog Distance: 0.6876989955001852
Maximum Dog Distance: 0.8821707161255659
Average Sheep Distance: 0.2090271084527357
Maximum Sheep Distance: 0.2725076680925123
Elapsed Time: 6m 1s
********** 48 **********
Average Fitness: 0.09316666666666668
Maximum Fitness: 0.26666666666666666
Average Pen Distance: 0.3093884714766434
Maximum Pen Distance: 0.6714287053925396
Average Dog Distance: 0.6877826838449014
Maximum Dog Distance: 0.817047111643522
Average Sheep Distance: 0.2167495472908544
Maximum Sheep Distance: 0.3101141684998173
Elapsed Time: 5m 57s
********** 49 **********
Average Fitness: 0.09400000000000003
Maximum Fitness: 0.26666666666666666
Average Pen Distance: 0.3012675205919231
Maximum Pen Distance: 0.5774348183458152
Average Dog Distance: 0.6926987672136736
Maximum Dog Distance: 0.9182937463390135
Average Sheep Distance: 0.21034952444879543
Maximum Sheep Distance: 0.2996797468916949
Elapsed Time: 6m 4s
********** 50 **********
Average Fitness: 0.09516666666666666
Maximum Fitness: 0.26666666666666666
Average Pen Distance: 0.3094753531731985
Maximum Pen Distance: 0.7314860559982878
Average Dog Distance: 0.6997503498702723
Maximum Dog Distance: 0.8482781566801781
Average Sheep Distance: 0.21100926848270604
Maximum Sheep Distance: 0.29365898972646715
Elapsed Time: 5m 59s
********** 51 **********
Average Fitness: 0.09899999999999999
Maximum Fitness: 0.26666666666666666
Average Pen Distance: 0.300883949877405
Maximum Pen Distance: 0.508471288297662
Average Dog Distance: 0.7008445469724716
Maximum Dog Distance: 0.868579588742647
Average Sheep Distance: 0.21081166143199342
Maximum Sheep Distance: 0.29890637173219237
Elapsed Time: 6m 3s
********** 52 **********
Average Fitness: 0.10416666666666669
Maximum Fitness: 0.25
Average Pen Distance: 0.30482459908426807
Maximum Pen Distance: 0.5549564408556218
Average Dog Distance: 0.6951688624902578
Maximum Dog Distance: 0.899667194883908
Average Sheep Distance: 0.20822935902881587
Maximum Sheep Distance: 0.297568081371568
Elapsed Time: 6m 4s
********** 53 **********
Average Fitness: 0.11199999999999999
Maximum Fitness: 0.2333333333333333
Average Pen Distance: 0.2923901154877996
Maximum Pen Distance: 0.5819628774056568
Average Dog Distance: 0.6982040121183993
Maximum Dog Distance: 0.9097195633627196
Average Sheep Distance: 0.21049085218952782
Maximum Sheep Distance: 0.3164244641893194
Elapsed Time: 5m 59s
********** 54 **********
Average Fitness: 0.10583333333333336
Maximum Fitness: 0.3
Average Pen Distance: 0.28640026681295866
Maximum Pen Distance: 0.5114701912557843
Average Dog Distance: 0.6792212758888532
Maximum Dog Distance: 0.8320089593187184
Average Sheep Distance: 0.2093520987483689
Maximum Sheep Distance: 0.2960402188761003
Elapsed Time: 6m 6s
********** 55 **********
Average Fitness: 0.10283333333333332
Maximum Fitness: 0.23333333333333336
Average Pen Distance: 0.2985639631530211
Maximum Pen Distance: 0.5660564545538886
Average Dog Distance: 0.6772349465298817
Maximum Dog Distance: 0.9193368876690041
Average Sheep Distance: 0.20955797159020872
Maximum Sheep Distance: 0.2952585815385615
Elapsed Time: 6m 10s
********** 56 **********
Average Fitness: 0.0995
Maximum Fitness: 0.26666666666666666
Average Pen Distance: 0.30544095010096356
Maximum Pen Distance: 0.5961503981192329
Average Dog Distance: 0.6834043922214172
Maximum Dog Distance: 0.8686137146296925
Average Sheep Distance: 0.21045995730330158
Maximum Sheep Distance: 0.27612050914046615
Elapsed Time: 6m 7s
********** 57 **********
Average Fitness: 0.10116666666666667
Maximum Fitness: 0.26666666666666666
Average Pen Distance: 0.3072135099770347
Maximum Pen Distance: 0.5511419017895883
Average Dog Distance: 0.6854945919217839
Maximum Dog Distance: 0.8601639068220165
Average Sheep Distance: 0.20807847932283355
Maximum Sheep Distance: 0.28539635777914757
Elapsed Time: 6m 1s
********** 58 **********
Average Fitness: 0.09883333333333337
Maximum Fitness: 0.2333333333333333
Average Pen Distance: 0.3237411494590636
Maximum Pen Distance: 0.7663697312358901
Average Dog Distance: 0.6987454196792274
Maximum Dog Distance: 0.8678207535931026
Average Sheep Distance: 0.20556897191993215
Maximum Sheep Distance: 0.29813558989606853
Elapsed Time: 6m 3s
********** 59 **********
Average Fitness: 0.09883333333333333
Maximum Fitness: 0.21666666666666667
Average Pen Distance: 0.3076250235635319
Maximum Pen Distance: 0.5048630982136281
Average Dog Distance: 0.6885210661401324
Maximum Dog Distance: 0.8245649528162734
Average Sheep Distance: 0.20524466776888964
Maximum Sheep Distance: 0.30105859085693115
Elapsed Time: 5m 59s
********** 60 **********
Average Fitness: 0.10516666666666667
Maximum Fitness: 0.25
Average Pen Distance: 0.3200883978335025
Maximum Pen Distance: 0.6529299515673604
Average Dog Distance: 0.704651139157763
Maximum Dog Distance: 0.9016940640066181
Average Sheep Distance: 0.2139029206668056
Maximum Sheep Distance: 0.292023742601856
Elapsed Time: 6m 1s
********** 61 **********
Average Fitness: 0.10183333333333333
Maximum Fitness: 0.3
Average Pen Distance: 0.3248736909864992
Maximum Pen Distance: 0.6799152732859666
Average Dog Distance: 0.716207523870213
Maximum Dog Distance: 0.8770751737651472
Average Sheep Distance: 0.2139645749547325
Maximum Sheep Distance: 0.30087690622192387
Elapsed Time: 6m 5s
********** 62 **********
Average Fitness: 0.10550000000000001
Maximum Fitness: 0.25
Average Pen Distance: 0.31645086796556976
Maximum Pen Distance: 0.6094413624457272
Average Dog Distance: 0.7133913570618512
Maximum Dog Distance: 0.9081398506601378
Average Sheep Distance: 0.2073887841990647
Maximum Sheep Distance: 0.2687377032915819
Elapsed Time: 6m 7s
********** 63 **********
Average Fitness: 0.1005
Maximum Fitness: 0.26666666666666666
Average Pen Distance: 0.3255877554130209
Maximum Pen Distance: 0.644132237925435
Average Dog Distance: 0.707604838785287
Maximum Dog Distance: 0.8921543329308147
Average Sheep Distance: 0.20639737202481345
Maximum Sheep Distance: 0.27878227146132617
Elapsed Time: 6m 3s
********** 64 **********
Average Fitness: 0.10633333333333335
Maximum Fitness: 0.26666666666666666
Average Pen Distance: 0.3287831680669901
Maximum Pen Distance: 0.6898522848350851
Average Dog Distance: 0.7184298723255015
Maximum Dog Distance: 0.8811077323571865
Average Sheep Distance: 0.2068528240702361
Maximum Sheep Distance: 0.28348781047286314
Elapsed Time: 6m 4s
********** 65 **********
Average Fitness: 0.09800000000000003
Maximum Fitness: 0.25
Average Pen Distance: 0.3458547588331069
Maximum Pen Distance: 0.6940750906829191
Average Dog Distance: 0.7260413666226425
Maximum Dog Distance: 0.9090296707876094
Average Sheep Distance: 0.20591216140347351
Maximum Sheep Distance: 0.2707161746748488
Elapsed Time: 6m 2s
********** 66 **********
Average Fitness: 0.10033333333333337
Maximum Fitness: 0.2333333333333333
Average Pen Distance: 0.35733098400304786
Maximum Pen Distance: 0.7210089203658804
Average Dog Distance: 0.731085853957689
Maximum Dog Distance: 0.9075626231763158
Average Sheep Distance: 0.20503414222561087
Maximum Sheep Distance: 0.2692381615711128
Elapsed Time: 6m 7s
********** 67 **********
Average Fitness: 0.10300000000000001
Maximum Fitness: 0.31666666666666665
Average Pen Distance: 0.33700898387636974
Maximum Pen Distance: 0.5885172858898863
Average Dog Distance: 0.723844253881515
Maximum Dog Distance: 0.8922294082549532
Average Sheep Distance: 0.2098061975671669
Maximum Sheep Distance: 0.3052952516517552
Elapsed Time: 6m 9s
********** 68 **********
Average Fitness: 0.09550000000000003
Maximum Fitness: 0.26666666666666666
Average Pen Distance: 0.32164785334867424
Maximum Pen Distance: 0.6453269123650914
Average Dog Distance: 0.7177999959735619
Maximum Dog Distance: 0.8604524710885029
Average Sheep Distance: 0.21478861586448564
Maximum Sheep Distance: 0.29433901227693426
Elapsed Time: 6m 4s
********** 69 **********
Average Fitness: 0.10550000000000001
Maximum Fitness: 0.2833333333333333
Average Pen Distance: 0.3179325524080728
Maximum Pen Distance: 0.5198717336119948
Average Dog Distance: 0.7284649481950498
Maximum Dog Distance: 0.8965849324169309
Average Sheep Distance: 0.20681019371614465
Maximum Sheep Distance: 0.27679381117653074
Elapsed Time: 6m 5s
********** 70 **********
Average Fitness: 0.11283333333333335
Maximum Fitness: 0.26666666666666666
Average Pen Distance: 0.31010432273726274
Maximum Pen Distance: 0.559350481671033
Average Dog Distance: 0.7085188075217842
Maximum Dog Distance: 0.8413773525107335
Average Sheep Distance: 0.20752701311965321
Maximum Sheep Distance: 0.2736235060930481
Elapsed Time: 6m 7s
********** 71 **********
Average Fitness: 0.10399999999999998
Maximum Fitness: 0.2833333333333334
Average Pen Distance: 0.3098792625758618
Maximum Pen Distance: 0.6132942461791476
Average Dog Distance: 0.7066645148919073
Maximum Dog Distance: 0.9010392234794368
Average Sheep Distance: 0.21036811673464956
Maximum Sheep Distance: 0.2860652172154632
Elapsed Time: 6m 8s
********** 72 **********
Average Fitness: 0.1136666666666667
Maximum Fitness: 0.2833333333333333
Average Pen Distance: 0.30091844576977983
Maximum Pen Distance: 0.553851488778138
Average Dog Distance: 0.6999183783831239
Maximum Dog Distance: 0.881274404460132
Average Sheep Distance: 0.21108188072517112
Maximum Sheep Distance: 0.2859718037575682
Elapsed Time: 6m 4s
********** 73 **********
Average Fitness: 0.1111666666666667
Maximum Fitness: 0.3166666666666667
Average Pen Distance: 0.3026234390119403
Maximum Pen Distance: 0.668661667665897
Average Dog Distance: 0.7003055335081387
Maximum Dog Distance: 0.8465843552276837
Average Sheep Distance: 0.20699210952843283
Maximum Sheep Distance: 0.29943218131094956
Elapsed Time: 6m 6s
********** 74 **********
Average Fitness: 0.10800000000000003
Maximum Fitness: 0.2833333333333333
Average Pen Distance: 0.31459267862322565
Maximum Pen Distance: 0.761884873971721
Average Dog Distance: 0.7155874991865935
Maximum Dog Distance: 0.8293429896238481
Average Sheep Distance: 0.20529841528710488
Maximum Sheep Distance: 0.270941308609668
Elapsed Time: 6m 2s
********** 75 **********
Average Fitness: 0.10700000000000001
Maximum Fitness: 0.3
Average Pen Distance: 0.30390316214915897
Maximum Pen Distance: 0.5753961581478833
Average Dog Distance: 0.6978554880492217
Maximum Dog Distance: 0.8696027546247359
Average Sheep Distance: 0.2056031356507726
Maximum Sheep Distance: 0.2992790576188366
Elapsed Time: 6m 3s
********** 76 **********
Average Fitness: 0.11516666666666665
Maximum Fitness: 0.26666666666666666
Average Pen Distance: 0.3171152637744918
Maximum Pen Distance: 0.6889689481559187
Average Dog Distance: 0.7182372475199007
Maximum Dog Distance: 0.887007202887331
Average Sheep Distance: 0.2046576752542725
Maximum Sheep Distance: 0.273114306189333
Elapsed Time: 5m 59s
********** 77 **********
Average Fitness: 0.1155
Maximum Fitness: 0.26666666666666666
Average Pen Distance: 0.32212854382805645
Maximum Pen Distance: 0.5608126908159926
Average Dog Distance: 0.7187116805895529
Maximum Dog Distance: 0.8505943791234675
Average Sheep Distance: 0.19957943752853724
Maximum Sheep Distance: 0.2702670142839321
Elapsed Time: 5m 59s
********** 78 **********
Average Fitness: 0.12616666666666668
Maximum Fitness: 0.2833333333333334
Average Pen Distance: 0.31613779418208127
Maximum Pen Distance: 0.5526043830017988
Average Dog Distance: 0.7208649299333306
Maximum Dog Distance: 0.8870835709811115
Average Sheep Distance: 0.20604552478486007
Maximum Sheep Distance: 0.29198524311716906
Elapsed Time: 6m 4s
********** 79 **********
Average Fitness: 0.12400000000000003
Maximum Fitness: 0.2833333333333333
Average Pen Distance: 0.34751311427447
Maximum Pen Distance: 0.7946129733343655
Average Dog Distance: 0.725778560316189
Maximum Dog Distance: 0.8901876691244354
Average Sheep Distance: 0.19775076773964337
Maximum Sheep Distance: 0.28034742435682386
Elapsed Time: 6m 14s
********** 80 **********
Average Fitness: 0.11683333333333332
Maximum Fitness: 0.2333333333333333
Average Pen Distance: 0.3398000391386106
Maximum Pen Distance: 0.5919819836205796
Average Dog Distance: 0.7302022458577607
Maximum Dog Distance: 0.8877653229034986
Average Sheep Distance: 0.19901266306521362
Maximum Sheep Distance: 0.2980557010763123
Elapsed Time: 6m 3s
********** 81 **********
Average Fitness: 0.12266666666666667
Maximum Fitness: 0.3333333333333333
Average Pen Distance: 0.3368598450274152
Maximum Pen Distance: 0.6672624249489517
Average Dog Distance: 0.7225991113815496
Maximum Dog Distance: 0.8785986600480776
Average Sheep Distance: 0.19748775843590122
Maximum Sheep Distance: 0.28710943022727187
Elapsed Time: 5m 56s
********** 82 **********
Average Fitness: 0.13316666666666666
Maximum Fitness: 0.2833333333333334
Average Pen Distance: 0.3423697366983257
Maximum Pen Distance: 0.6140843029257628
Average Dog Distance: 0.7351333495200955
Maximum Dog Distance: 0.8776021496902363
Average Sheep Distance: 0.1957816222790161
Maximum Sheep Distance: 0.2787282142722418
Elapsed Time: 6m 8s
********** 83 **********
Average Fitness: 0.14
Maximum Fitness: 0.2833333333333334
Average Pen Distance: 0.3341553185026577
Maximum Pen Distance: 0.632073188122659
Average Dog Distance: 0.7387145200424947
Maximum Dog Distance: 0.8989201099890817
Average Sheep Distance: 0.19408618015292467
Maximum Sheep Distance: 0.2712584758869668
Elapsed Time: 5m 58s
********** 84 **********
Average Fitness: 0.12633333333333333
Maximum Fitness: 0.2833333333333334
Average Pen Distance: 0.3353792264047711
Maximum Pen Distance: 0.7665067707109537
Average Dog Distance: 0.7425139900396646
Maximum Dog Distance: 0.8918932496226413
Average Sheep Distance: 0.19659698943006018
Maximum Sheep Distance: 0.2785153369579484
Elapsed Time: 6m 10s
********** 85 **********
Average Fitness: 0.14016666666666666
Maximum Fitness: 0.26666666666666666
Average Pen Distance: 0.34672495128259423
Maximum Pen Distance: 0.5536611045160552
Average Dog Distance: 0.7537315541089552
Maximum Dog Distance: 0.8733979974269711
Average Sheep Distance: 0.18946194521816165
Maximum Sheep Distance: 0.24978086125538787
Elapsed Time: 6m 0s
********** 86 **********
Average Fitness: 0.13166666666666665
Maximum Fitness: 0.35000000000000003
Average Pen Distance: 0.34940170992035335
Maximum Pen Distance: 0.6049192625279972
Average Dog Distance: 0.7392492634979143
Maximum Dog Distance: 0.865562710359349
Average Sheep Distance: 0.18995215124912893
Maximum Sheep Distance: 0.27813528438359686
Elapsed Time: 5m 59s
********** 87 **********
Average Fitness: 0.1425
Maximum Fitness: 0.3
Average Pen Distance: 0.35224757840101917
Maximum Pen Distance: 0.6509843692072287
Average Dog Distance: 0.7513968422463142
Maximum Dog Distance: 0.8440626236802342
Average Sheep Distance: 0.1871577687438096
Maximum Sheep Distance: 0.2644285964842272
Elapsed Time: 6m 1s
********** 88 **********
Average Fitness: 0.14733333333333332
Maximum Fitness: 0.39999999999999997
Average Pen Distance: 0.3613972206832038
Maximum Pen Distance: 0.559883235691012
Average Dog Distance: 0.7614020626019817
Maximum Dog Distance: 0.8946531484770804
Average Sheep Distance: 0.18491322835968402
Maximum Sheep Distance: 0.2615923732519136
Elapsed Time: 6m 6s
********** 89 **********
Average Fitness: 0.14350000000000002
Maximum Fitness: 0.3333333333333333
Average Pen Distance: 0.3446152520566353
Maximum Pen Distance: 0.5283433742936269
Average Dog Distance: 0.7452620043132935
Maximum Dog Distance: 0.8595878532468301
Average Sheep Distance: 0.1859347341793772
Maximum Sheep Distance: 0.2710920705303856
Elapsed Time: 5m 57s
********** 90 **********
Average Fitness: 0.14016666666666666
Maximum Fitness: 0.3
Average Pen Distance: 0.34769464917747045
Maximum Pen Distance: 0.49092791116750395
Average Dog Distance: 0.753304991230818
Maximum Dog Distance: 0.8422044848238895
Average Sheep Distance: 0.18293156511218053
Maximum Sheep Distance: 0.26768237192885586
Elapsed Time: 6m 5s
********** 91 **********
Average Fitness: 0.14266666666666664
Maximum Fitness: 0.3333333333333333
Average Pen Distance: 0.36445050744645313
Maximum Pen Distance: 0.7105616951842214
Average Dog Distance: 0.7650721321159091
Maximum Dog Distance: 0.891734770535733
Average Sheep Distance: 0.19062772542189058
Maximum Sheep Distance: 0.2893911080307665
Elapsed Time: 6m 14s
********** 92 **********
Average Fitness: 0.15133333333333332
Maximum Fitness: 0.3666666666666667
Average Pen Distance: 0.36953221241531264
Maximum Pen Distance: 0.6345706775633103
Average Dog Distance: 0.762855587770207
Maximum Dog Distance: 0.8630530931921668
Average Sheep Distance: 0.1835759866322068
Maximum Sheep Distance: 0.3081722043611497
Elapsed Time: 6m 1s
********** 93 **********
Average Fitness: 0.1485
Maximum Fitness: 0.2833333333333333
Average Pen Distance: 0.3789274350343985
Maximum Pen Distance: 0.7904531003086799
Average Dog Distance: 0.7662437991231382
Maximum Dog Distance: 0.8568424830589745
Average Sheep Distance: 0.18333458286337156
Maximum Sheep Distance: 0.31007460454706465
Elapsed Time: 6m 2s
********** 94 **********
Average Fitness: 0.14783333333333334
Maximum Fitness: 0.3
Average Pen Distance: 0.3728822428117464
Maximum Pen Distance: 0.6157482658151386
Average Dog Distance: 0.7708266701551041
Maximum Dog Distance: 0.8874063762925095
Average Sheep Distance: 0.18542213460282025
Maximum Sheep Distance: 0.2507757308304767
Elapsed Time: 5m 55s
********** 95 **********
Average Fitness: 0.142
Maximum Fitness: 0.3333333333333333
Average Pen Distance: 0.38214629892326074
Maximum Pen Distance: 0.7749377747987797
Average Dog Distance: 0.7712068825446078
Maximum Dog Distance: 0.8875182934137528
Average Sheep Distance: 0.18331839338881717
Maximum Sheep Distance: 0.280424565962583
Elapsed Time: 6m 0s
********** 96 **********
Average Fitness: 0.14533333333333334
Maximum Fitness: 0.3333333333333333
Average Pen Distance: 0.3761888728307899
Maximum Pen Distance: 0.631262919304726
Average Dog Distance: 0.7694709703314857
Maximum Dog Distance: 0.8822264274178498
Average Sheep Distance: 0.181605026856575
Maximum Sheep Distance: 0.30553934448449505
Elapsed Time: 6m 3s
********** 97 **********
Average Fitness: 0.14116666666666666
Maximum Fitness: 0.26666666666666666
Average Pen Distance: 0.37791024690587727
Maximum Pen Distance: 0.6039406310288804
Average Dog Distance: 0.7722550495584609
Maximum Dog Distance: 0.9022519775357836
Average Sheep Distance: 0.18164553415577026
Maximum Sheep Distance: 0.24277103341452713
Elapsed Time: 5m 55s
********** 98 **********
Average Fitness: 0.13866666666666666
Maximum Fitness: 0.31666666666666665
Average Pen Distance: 0.3811317149177651
Maximum Pen Distance: 0.6752393132838174
Average Dog Distance: 0.7753800736995453
Maximum Dog Distance: 0.9056832777734204
Average Sheep Distance: 0.18605944299008498
Maximum Sheep Distance: 0.281210848127911
Elapsed Time: 6m 0s
********** 99 **********
Average Fitness: 0.15216666666666667
Maximum Fitness: 0.4000000000000001
Average Pen Distance: 0.379184953111364
Maximum Pen Distance: 0.6285851312300031
Average Dog Distance: 0.77895806006546
Maximum Dog Distance: 0.8655440793324877
Average Sheep Distance: 0.18300285342185224
Maximum Sheep Distance: 0.2534074300851737
Elapsed Time: 5m 52s
********** 100 **********
Average Fitness: 0.14283333333333334
Maximum Fitness: 0.31666666666666665
Average Pen Distance: 0.4032134901096812
Maximum Pen Distance: 0.7105626323497338
Average Dog Distance: 0.7811952366809594
Maximum Dog Distance: 0.9198403276667042
Average Sheep Distance: 0.18051462989365405
Maximum Sheep Distance: 0.25482981583137154
Elapsed Time: 6m 5s
