********** 1 **********
Average Fitness: 0.04366666666666665
Maximum Fitness: 0.20000000000000004
Average Pen Distance: 0.5388261000888902
Maximum Pen Distance: 0.7600671639597265
Average Dog Distance: 0.6218214449626926
Maximum Dog Distance: 0.791635576213176
Average Sheep Distance: 0.3234073140985705
Maximum Sheep Distance: 0.48071633743288383
Elapsed Time: 2m 32s
********** 2 **********
Average Fitness: 0.03466666666666667
Maximum Fitness: 0.2333333333333333
Average Pen Distance: 0.5412077281947795
Maximum Pen Distance: 0.7573692043377184
Average Dog Distance: 0.6220241309050947
Maximum Dog Distance: 0.8099214128110539
Average Sheep Distance: 0.31713873256906594
Maximum Sheep Distance: 0.46082680411788335
Elapsed Time: 2m 34s
********** 3 **********
Average Fitness: 0.03766666666666667
Maximum Fitness: 0.16666666666666666
Average Pen Distance: 0.5409505957890809
Maximum Pen Distance: 0.7451340028882728
Average Dog Distance: 0.6317123276871844
Maximum Dog Distance: 0.793758469410308
Average Sheep Distance: 0.3168523659244282
Maximum Sheep Distance: 0.39911607842416386
Elapsed Time: 2m 36s
********** 4 **********
Average Fitness: 0.040999999999999995
Maximum Fitness: 0.16666666666666666
Average Pen Distance: 0.5411585147407729
Maximum Pen Distance: 0.7004698001856577
Average Dog Distance: 0.6247314805798446
Maximum Dog Distance: 0.7876401264423186
Average Sheep Distance: 0.3201332728684017
Maximum Sheep Distance: 0.4047519789581715
Elapsed Time: 2m 28s
********** 5 **********
Average Fitness: 0.04799999999999999
Maximum Fitness: 0.19999999999999998
Average Pen Distance: 0.5380565139582731
Maximum Pen Distance: 0.7044254491928911
Average Dog Distance: 0.632384659750297
Maximum Dog Distance: 0.8047429122155845
Average Sheep Distance: 0.3197798085876559
Maximum Sheep Distance: 0.399174470684691
Elapsed Time: 2m 27s
********** 6 **********
Average Fitness: 0.039333333333333324
Maximum Fitness: 0.2333333333333333
Average Pen Distance: 0.5417132137814882
Maximum Pen Distance: 0.7781060865888128
Average Dog Distance: 0.6338482833498493
Maximum Dog Distance: 0.7785605217688714
Average Sheep Distance: 0.31748031650409425
Maximum Sheep Distance: 0.39657443682780574
Elapsed Time: 2m 34s
********** 7 **********
Average Fitness: 0.035
Maximum Fitness: 0.20000000000000004
Average Pen Distance: 0.5527909888384808
Maximum Pen Distance: 0.74184429883017
Average Dog Distance: 0.6275890706120044
Maximum Dog Distance: 0.7771691543468107
Average Sheep Distance: 0.320910312012115
Maximum Sheep Distance: 0.4082135089494281
Elapsed Time: 2m 32s
********** 8 **********
Average Fitness: 0.05299999999999999
Maximum Fitness: 0.20000000000000004
Average Pen Distance: 0.5395784986367674
Maximum Pen Distance: 0.764200524979131
Average Dog Distance: 0.62787902243973
Maximum Dog Distance: 0.7816653520638436
Average Sheep Distance: 0.3198334831555597
Maximum Sheep Distance: 0.41002554824835596
Elapsed Time: 2m 36s
********** 9 **********
Average Fitness: 0.048999999999999995
Maximum Fitness: 0.19999999999999998
Average Pen Distance: 0.5379404479932051
Maximum Pen Distance: 0.7644171461573995
Average Dog Distance: 0.6405679828778588
Maximum Dog Distance: 0.8218093352872587
Average Sheep Distance: 0.32218618758386725
Maximum Sheep Distance: 0.4582945841631769
Elapsed Time: 2m 38s
********** 10 **********
Average Fitness: 0.046
Maximum Fitness: 0.30000000000000004
Average Pen Distance: 0.5247314090695661
Maximum Pen Distance: 0.778395291851528
Average Dog Distance: 0.6274042787062923
Maximum Dog Distance: 0.8264790821223462
Average Sheep Distance: 0.32082046994697544
Maximum Sheep Distance: 0.4303834901867454
Elapsed Time: 2m 32s
********** 11 **********
Average Fitness: 0.04566666666666666
Maximum Fitness: 0.2333333333333333
Average Pen Distance: 0.5430630455797183
Maximum Pen Distance: 0.7509632585866175
Average Dog Distance: 0.6274115066747717
Maximum Dog Distance: 0.8327844706731216
Average Sheep Distance: 0.3217485456118842
Maximum Sheep Distance: 0.4080798584155361
Elapsed Time: 2m 33s
********** 12 **********
Average Fitness: 0.052333333333333336
Maximum Fitness: 0.20000000000000004
Average Pen Distance: 0.5404334523374487
Maximum Pen Distance: 0.7558969357181663
Average Dog Distance: 0.6304059826091698
Maximum Dog Distance: 0.7678481495921496
Average Sheep Distance: 0.31915604423154037
Maximum Sheep Distance: 0.4308230198847971
Elapsed Time: 2m 26s
********** 13 **********
Average Fitness: 0.04299999999999999
Maximum Fitness: 0.20000000000000004
Average Pen Distance: 0.544697158576252
Maximum Pen Distance: 0.777339446167705
Average Dog Distance: 0.6385338880793396
Maximum Dog Distance: 0.7840927678071768
Average Sheep Distance: 0.32761573368498104
Maximum Sheep Distance: 0.41984462535216477
Elapsed Time: 2m 38s
********** 14 **********
Average Fitness: 0.05
Maximum Fitness: 0.3
Average Pen Distance: 0.5469218505222957
Maximum Pen Distance: 0.8245744374272269
Average Dog Distance: 0.6386850303522629
Maximum Dog Distance: 0.7992750282407514
Average Sheep Distance: 0.3186276279253426
Maximum Sheep Distance: 0.3781810690124882
Elapsed Time: 2m 34s
********** 15 **********
Average Fitness: 0.04666666666666667
Maximum Fitness: 0.23333333333333336
Average Pen Distance: 0.5385476557190735
Maximum Pen Distance: 0.7651149990272401
Average Dog Distance: 0.6312128562024028
Maximum Dog Distance: 0.8141135823960263
Average Sheep Distance: 0.318491919083795
Maximum Sheep Distance: 0.411252271585308
Elapsed Time: 2m 32s
********** 16 **********
Average Fitness: 0.042333333333333334
Maximum Fitness: 0.19999999999999998
Average Pen Distance: 0.5355337350131729
Maximum Pen Distance: 0.7627894015021651
Average Dog Distance: 0.6349266868903691
Maximum Dog Distance: 0.7854118763216541
Average Sheep Distance: 0.3208309298982256
Maximum Sheep Distance: 0.46436846415944943
Elapsed Time: 2m 32s
********** 17 **********
Average Fitness: 0.04633333333333333
Maximum Fitness: 0.19999999999999998
Average Pen Distance: 0.5329484513107698
Maximum Pen Distance: 0.7644711322898234
Average Dog Distance: 0.6328634282373824
Maximum Dog Distance: 0.8288243427655232
Average Sheep Distance: 0.3142735578251995
Maximum Sheep Distance: 0.3857296108149301
Elapsed Time: 2m 30s
********** 18 **********
Average Fitness: 0.04466666666666667
Maximum Fitness: 0.26666666666666666
Average Pen Distance: 0.540129247635732
Maximum Pen Distance: 0.7420492193990004
Average Dog Distance: 0.6270343614273515
Maximum Dog Distance: 0.783277806901681
Average Sheep Distance: 0.31570853813588884
Maximum Sheep Distance: 0.4014047287035276
Elapsed Time: 2m 31s
********** 19 **********
Average Fitness: 0.05833333333333333
Maximum Fitness: 0.3
Average Pen Distance: 0.5202024434459106
Maximum Pen Distance: 0.7648421613875716
Average Dog Distance: 0.6278684475731697
Maximum Dog Distance: 0.7687608883133169
Average Sheep Distance: 0.3186303418249658
Maximum Sheep Distance: 0.4089807087584898
Elapsed Time: 2m 25s
********** 20 **********
Average Fitness: 0.06766666666666665
Maximum Fitness: 0.3
Average Pen Distance: 0.49886451762948825
Maximum Pen Distance: 0.664968388798898
Average Dog Distance: 0.6008496173163228
Maximum Dog Distance: 0.802901224601572
Average Sheep Distance: 0.3159639103233798
Maximum Sheep Distance: 0.38967002511482157
Elapsed Time: 2m 27s
********** 21 **********
Average Fitness: 0.045666666666666654
Maximum Fitness: 0.26666666666666666
Average Pen Distance: 0.5090212859218228
Maximum Pen Distance: 0.7163016346006758
Average Dog Distance: 0.6064517739558104
Maximum Dog Distance: 0.7689068538883914
Average Sheep Distance: 0.3128271759331756
Maximum Sheep Distance: 0.41036867985024367
Elapsed Time: 2m 27s
********** 22 **********
Average Fitness: 0.06499999999999999
Maximum Fitness: 0.26666666666666666
Average Pen Distance: 0.5101375139253835
Maximum Pen Distance: 0.7213777289520048
Average Dog Distance: 0.6013782140955267
Maximum Dog Distance: 0.7920261793339497
Average Sheep Distance: 0.31726276797138697
Maximum Sheep Distance: 0.39909538033185593
Elapsed Time: 2m 37s
********** 23 **********
Average Fitness: 0.05733333333333333
Maximum Fitness: 0.26666666666666666
Average Pen Distance: 0.5020092538768491
Maximum Pen Distance: 0.7368090339346415
Average Dog Distance: 0.5899361435269114
Maximum Dog Distance: 0.7746309525460232
Average Sheep Distance: 0.3197979547796871
Maximum Sheep Distance: 0.4476231877176798
Elapsed Time: 2m 28s
********** 24 **********
Average Fitness: 0.05366666666666666
Maximum Fitness: 0.23333333333333336
Average Pen Distance: 0.5033625878837912
Maximum Pen Distance: 0.7780302690697667
Average Dog Distance: 0.5794813698204099
Maximum Dog Distance: 0.7885999584475133
Average Sheep Distance: 0.32036030346917505
Maximum Sheep Distance: 0.41022922514811117
Elapsed Time: 2m 29s
********** 25 **********
Average Fitness: 0.06266666666666666
Maximum Fitness: 0.23333333333333336
Average Pen Distance: 0.49581717807787284
Maximum Pen Distance: 0.7058508945907258
Average Dog Distance: 0.5612029151955339
Maximum Dog Distance: 0.8104934989307645
Average Sheep Distance: 0.31388403232528245
Maximum Sheep Distance: 0.4121288216664481
Elapsed Time: 2m 30s
********** 26 **********
Average Fitness: 0.05333333333333333
Maximum Fitness: 0.3333333333333333
Average Pen Distance: 0.4997361413345521
Maximum Pen Distance: 0.7764839288881294
Average Dog Distance: 0.5483965060244869
Maximum Dog Distance: 0.7761393351373176
Average Sheep Distance: 0.3183548667668958
Maximum Sheep Distance: 0.38254863433353553
Elapsed Time: 2m 38s
********** 27 **********
Average Fitness: 0.058666666666666666
Maximum Fitness: 0.23333333333333336
Average Pen Distance: 0.49229129304154656
Maximum Pen Distance: 0.7838440802342085
Average Dog Distance: 0.5478043463399875
Maximum Dog Distance: 0.7550779271712088
Average Sheep Distance: 0.3154256950130631
Maximum Sheep Distance: 0.40862688995618024
Elapsed Time: 2m 31s
********** 28 **********
Average Fitness: 0.06366666666666665
Maximum Fitness: 0.2333333333333333
Average Pen Distance: 0.49043269625226343
Maximum Pen Distance: 0.7480094551155198
Average Dog Distance: 0.5364396714015155
Maximum Dog Distance: 0.8189747741593633
Average Sheep Distance: 0.3140893289928096
Maximum Sheep Distance: 0.43593666426469024
Elapsed Time: 2m 23s
********** 29 **********
Average Fitness: 0.06866666666666667
Maximum Fitness: 0.3
Average Pen Distance: 0.47844946426339247
Maximum Pen Distance: 0.7606245595592728
Average Dog Distance: 0.5393855042772892
Maximum Dog Distance: 0.7451077257174564
Average Sheep Distance: 0.31815322021810055
Maximum Sheep Distance: 0.4311220206124338
Elapsed Time: 2m 20s
********** 30 **********
Average Fitness: 0.06266666666666666
Maximum Fitness: 0.2333333333333333
Average Pen Distance: 0.46960427116160147
Maximum Pen Distance: 0.7291946163896429
Average Dog Distance: 0.5275038561321854
Maximum Dog Distance: 0.7343044571977865
Average Sheep Distance: 0.3232044300291118
Maximum Sheep Distance: 0.4727525398535557
Elapsed Time: 2m 23s
********** 31 **********
Average Fitness: 0.06899999999999999
Maximum Fitness: 0.3
Average Pen Distance: 0.48179054629018536
Maximum Pen Distance: 0.6899283806710116
Average Dog Distance: 0.5212630581319874
Maximum Dog Distance: 0.7476648248086987
Average Sheep Distance: 0.3137209797605596
Maximum Sheep Distance: 0.3953490753208266
Elapsed Time: 2m 23s
********** 32 **********
Average Fitness: 0.078
Maximum Fitness: 0.26666666666666666
Average Pen Distance: 0.4742281582725694
Maximum Pen Distance: 0.7975303007077369
Average Dog Distance: 0.513133663730261
Maximum Dog Distance: 0.7332128125301874
Average Sheep Distance: 0.319127532444923
Maximum Sheep Distance: 0.4215425381788984
Elapsed Time: 2m 34s
********** 33 **********
Average Fitness: 0.06633333333333333
Maximum Fitness: 0.3333333333333333
Average Pen Distance: 0.4579066376881217
Maximum Pen Distance: 0.7613300059735205
Average Dog Distance: 0.5203794840956077
Maximum Dog Distance: 0.7717033334594355
Average Sheep Distance: 0.316347160650831
Maximum Sheep Distance: 0.460257554969752
Elapsed Time: 2m 24s
********** 34 **********
Average Fitness: 0.087
Maximum Fitness: 0.3333333333333333
Average Pen Distance: 0.4655213815546997
Maximum Pen Distance: 0.7145956943077025
Average Dog Distance: 0.5437965653675039
Maximum Dog Distance: 0.760246094081611
Average Sheep Distance: 0.3140295281562542
Maximum Sheep Distance: 0.4019289484572816
Elapsed Time: 2m 24s
********** 35 **********
Average Fitness: 0.06966666666666665
Maximum Fitness: 0.26666666666666666
Average Pen Distance: 0.4744263674344633
Maximum Pen Distance: 0.659095994660615
Average Dog Distance: 0.558632392553006
Maximum Dog Distance: 0.7391582164437182
Average Sheep Distance: 0.31265883670097844
Maximum Sheep Distance: 0.41714926595792184
Elapsed Time: 2m 25s
********** 36 **********
Average Fitness: 0.07233333333333332
Maximum Fitness: 0.3
Average Pen Distance: 0.4816253541211146
Maximum Pen Distance: 0.6531684252083269
Average Dog Distance: 0.5555050819148822
Maximum Dog Distance: 0.8118705649035665
Average Sheep Distance: 0.3091573623342525
Maximum Sheep Distance: 0.38353519972696626
Elapsed Time: 2m 16s
********** 37 **********
Average Fitness: 0.08
Maximum Fitness: 0.3333333333333333
Average Pen Distance: 0.4857815628892807
Maximum Pen Distance: 0.703516924543741
Average Dog Distance: 0.5619513904450028
Maximum Dog Distance: 0.8015832193696267
Average Sheep Distance: 0.3128139885898118
Maximum Sheep Distance: 0.3923060811822779
Elapsed Time: 2m 19s
********** 38 **********
Average Fitness: 0.07233333333333332
Maximum Fitness: 0.3
Average Pen Distance: 0.501967194196613
Maximum Pen Distance: 0.7705091271183556
Average Dog Distance: 0.5683414429343945
Maximum Dog Distance: 0.7625422832670766
Average Sheep Distance: 0.30932192043003437
Maximum Sheep Distance: 0.40151941589136747
Elapsed Time: 2m 19s
********** 39 **********
Average Fitness: 0.07733333333333332
Maximum Fitness: 0.39999999999999997
Average Pen Distance: 0.4888103361482017
Maximum Pen Distance: 0.7333359700865035
Average Dog Distance: 0.553497902008137
Maximum Dog Distance: 0.7302937517522762
Average Sheep Distance: 0.30804464915435614
Maximum Sheep Distance: 0.4303628736726945
Elapsed Time: 2m 25s
********** 40 **********
Average Fitness: 0.078
Maximum Fitness: 0.2333333333333333
Average Pen Distance: 0.4846119735801643
Maximum Pen Distance: 0.8652741162865217
Average Dog Distance: 0.5339200743173138
Maximum Dog Distance: 0.773998076101241
Average Sheep Distance: 0.3121863811475667
Maximum Sheep Distance: 0.4063213895408318
Elapsed Time: 2m 25s
********** 41 **********
Average Fitness: 0.07966666666666666
Maximum Fitness: 0.3666666666666667
Average Pen Distance: 0.48433789953218764
Maximum Pen Distance: 0.7985478918932097
Average Dog Distance: 0.5535574977337558
Maximum Dog Distance: 0.7871812133574005
Average Sheep Distance: 0.31192467838291715
Maximum Sheep Distance: 0.42342543718673104
Elapsed Time: 2m 30s
********** 42 **********
Average Fitness: 0.079
Maximum Fitness: 0.3333333333333333
Average Pen Distance: 0.47419055904739854
Maximum Pen Distance: 0.7768913923308577
Average Dog Distance: 0.5524584952806785
Maximum Dog Distance: 0.767620251974431
Average Sheep Distance: 0.3084839448541109
Maximum Sheep Distance: 0.4095898418428339
Elapsed Time: 2m 19s
********** 43 **********
Average Fitness: 0.08899999999999998
Maximum Fitness: 0.3333333333333333
Average Pen Distance: 0.47614742092986084
Maximum Pen Distance: 0.7601569141337171
Average Dog Distance: 0.5560210737194062
Maximum Dog Distance: 0.7142406659161584
Average Sheep Distance: 0.3106445713853725
Maximum Sheep Distance: 0.41247537727912026
Elapsed Time: 2m 15s
********** 44 **********
Average Fitness: 0.08533333333333332
Maximum Fitness: 0.3
Average Pen Distance: 0.4746985173418567
Maximum Pen Distance: 0.6993664469047491
Average Dog Distance: 0.536654004016168
Maximum Dog Distance: 0.7317798928650175
Average Sheep Distance: 0.3084983403077917
Maximum Sheep Distance: 0.409411997494972
Elapsed Time: 2m 19s
********** 45 **********
Average Fitness: 0.08766666666666666
Maximum Fitness: 0.3666666666666667
Average Pen Distance: 0.474362241749516
Maximum Pen Distance: 0.6960426280375978
Average Dog Distance: 0.5444237427719263
Maximum Dog Distance: 0.7861959087934415
Average Sheep Distance: 0.30262076248566944
Maximum Sheep Distance: 0.40160186530887404
Elapsed Time: 2m 24s
********** 46 **********
Average Fitness: 0.09033333333333332
Maximum Fitness: 0.3666666666666667
Average Pen Distance: 0.47086395271700193
Maximum Pen Distance: 0.6994601974333691
Average Dog Distance: 0.5449985961640725
Maximum Dog Distance: 0.7774316640816431
Average Sheep Distance: 0.31214490504403203
Maximum Sheep Distance: 0.46780136827306135
Elapsed Time: 2m 22s
********** 47 **********
Average Fitness: 0.07733333333333332
Maximum Fitness: 0.26666666666666666
Average Pen Distance: 0.4695390807995888
Maximum Pen Distance: 0.7500756536915872
Average Dog Distance: 0.5495050135590434
Maximum Dog Distance: 0.76533040186828
Average Sheep Distance: 0.3136805808491141
Maximum Sheep Distance: 0.4274365725160451
Elapsed Time: 2m 21s
********** 48 **********
Average Fitness: 0.08966666666666667
Maximum Fitness: 0.3
Average Pen Distance: 0.4799235734938432
Maximum Pen Distance: 0.739305500936947
Average Dog Distance: 0.5559198349841614
Maximum Dog Distance: 0.8088197635721043
Average Sheep Distance: 0.30746687285504565
Maximum Sheep Distance: 0.397499001885049
Elapsed Time: 2m 31s
********** 49 **********
Average Fitness: 0.08866666666666666
Maximum Fitness: 0.3333333333333333
Average Pen Distance: 0.4825750838815824
Maximum Pen Distance: 0.752587260377449
Average Dog Distance: 0.5454148294915653
Maximum Dog Distance: 0.7205220627222589
Average Sheep Distance: 0.306128580394287
Maximum Sheep Distance: 0.3865316111309589
Elapsed Time: 2m 30s
********** 50 **********
Average Fitness: 0.08266666666666664
Maximum Fitness: 0.3
Average Pen Distance: 0.4746096606554323
Maximum Pen Distance: 0.7431309447151984
Average Dog Distance: 0.5557939293169337
Maximum Dog Distance: 0.7942674912013715
Average Sheep Distance: 0.30727926327791716
Maximum Sheep Distance: 0.4005782180094288
Elapsed Time: 2m 29s
********** 51 **********
Average Fitness: 0.09266666666666666
Maximum Fitness: 0.3
Average Pen Distance: 0.47880123153602017
Maximum Pen Distance: 0.7122708605492241
Average Dog Distance: 0.5503535153317535
Maximum Dog Distance: 0.783410270449577
Average Sheep Distance: 0.30852532877809563
Maximum Sheep Distance: 0.3908117365784031
Elapsed Time: 2m 31s
********** 52 **********
Average Fitness: 0.077
Maximum Fitness: 0.3666666666666667
Average Pen Distance: 0.4754490636149841
Maximum Pen Distance: 0.705374757396635
Average Dog Distance: 0.5616978373346468
Maximum Dog Distance: 0.8267386673965693
Average Sheep Distance: 0.31286046842236653
Maximum Sheep Distance: 0.3963086255610481
Elapsed Time: 2m 25s
********** 53 **********
Average Fitness: 0.08499999999999998
Maximum Fitness: 0.3
Average Pen Distance: 0.4791428986579224
Maximum Pen Distance: 0.6470068817907403
Average Dog Distance: 0.575047876372389
Maximum Dog Distance: 0.7479728835252469
Average Sheep Distance: 0.30236677765766784
Maximum Sheep Distance: 0.40469188728932787
Elapsed Time: 2m 21s
********** 54 **********
Average Fitness: 0.09099999999999998
Maximum Fitness: 0.3666666666666667
Average Pen Distance: 0.4791740711073229
Maximum Pen Distance: 0.7350839291556954
Average Dog Distance: 0.5712338823294847
Maximum Dog Distance: 0.7702917669316438
Average Sheep Distance: 0.31147690931291444
Maximum Sheep Distance: 0.42395895717137777
Elapsed Time: 2m 18s
********** 55 **********
Average Fitness: 0.08799999999999997
Maximum Fitness: 0.3666666666666667
Average Pen Distance: 0.47136555440434647
Maximum Pen Distance: 0.610680465529788
Average Dog Distance: 0.5781519414285886
Maximum Dog Distance: 0.7461547570477122
Average Sheep Distance: 0.30693009811519856
Maximum Sheep Distance: 0.4055092689072389
Elapsed Time: 2m 17s
********** 56 **********
Average Fitness: 0.079
Maximum Fitness: 0.3
Average Pen Distance: 0.48080931583690584
Maximum Pen Distance: 0.7085866772124269
Average Dog Distance: 0.5934757402707994
Maximum Dog Distance: 0.7660901347640864
Average Sheep Distance: 0.301761472591653
Maximum Sheep Distance: 0.38723829298853735
Elapsed Time: 2m 10s
********** 57 **********
Average Fitness: 0.09366666666666668
Maximum Fitness: 0.26666666666666666
Average Pen Distance: 0.4926492316024008
Maximum Pen Distance: 0.757177540091616
Average Dog Distance: 0.6112979136243867
Maximum Dog Distance: 0.7576535030865541
Average Sheep Distance: 0.29903387734520714
Maximum Sheep Distance: 0.40817981113574714
Elapsed Time: 2m 16s
********** 58 **********
Average Fitness: 0.09866666666666665
Maximum Fitness: 0.3
Average Pen Distance: 0.4842019989666958
Maximum Pen Distance: 0.6822464226686386
Average Dog Distance: 0.6053507714250198
Maximum Dog Distance: 0.7541560685992983
Average Sheep Distance: 0.2996990658841211
Maximum Sheep Distance: 0.3708140081763707
Elapsed Time: 2m 21s
********** 59 **********
Average Fitness: 0.08766666666666664
Maximum Fitness: 0.26666666666666666
Average Pen Distance: 0.48975058628921075
Maximum Pen Distance: 0.6987104404315513
Average Dog Distance: 0.6048137462530568
Maximum Dog Distance: 0.7495612854700462
Average Sheep Distance: 0.3052610964944794
Maximum Sheep Distance: 0.41911350416734067
Elapsed Time: 2m 20s
********** 60 **********
Average Fitness: 0.09266666666666666
Maximum Fitness: 0.3333333333333333
Average Pen Distance: 0.49273039980531047
Maximum Pen Distance: 0.6305506338164099
Average Dog Distance: 0.6138634698606035
Maximum Dog Distance: 0.7718623120662752
Average Sheep Distance: 0.30320537260150787
Maximum Sheep Distance: 0.37984486803621015
Elapsed Time: 2m 14s
********** 61 **********
Average Fitness: 0.09233333333333332
Maximum Fitness: 0.3333333333333333
Average Pen Distance: 0.48948973722130873
Maximum Pen Distance: 0.6753407328557546
Average Dog Distance: 0.6113269249233643
Maximum Dog Distance: 0.7854749863865255
Average Sheep Distance: 0.3017191288652349
Maximum Sheep Distance: 0.43871942464957797
Elapsed Time: 2m 19s
********** 62 **********
Average Fitness: 0.09933333333333333
Maximum Fitness: 0.3
Average Pen Distance: 0.4861810160553478
Maximum Pen Distance: 0.7265935369925973
Average Dog Distance: 0.6154934627760644
Maximum Dog Distance: 0.8065687443636748
Average Sheep Distance: 0.30277376678118717
Maximum Sheep Distance: 0.41618585726416574
Elapsed Time: 2m 12s
********** 63 **********
Average Fitness: 0.1063333333333333
Maximum Fitness: 0.3666666666666667
Average Pen Distance: 0.48990616598075687
Maximum Pen Distance: 0.6960114260719826
Average Dog Distance: 0.6136956945432285
Maximum Dog Distance: 0.7560914653131664
Average Sheep Distance: 0.300345073150676
Maximum Sheep Distance: 0.40673233041870677
Elapsed Time: 2m 20s
********** 64 **********
Average Fitness: 0.11466666666666667
Maximum Fitness: 0.43333333333333335
Average Pen Distance: 0.48714634784581945
Maximum Pen Distance: 0.7373865926384348
Average Dog Distance: 0.6082623347866319
Maximum Dog Distance: 0.8014131808244821
Average Sheep Distance: 0.2960677260271587
Maximum Sheep Distance: 0.41413647818167204
Elapsed Time: 2m 18s
********** 65 **********
Average Fitness: 0.11199999999999999
Maximum Fitness: 0.3666666666666667
Average Pen Distance: 0.4834614197731646
Maximum Pen Distance: 0.6588579683349151
Average Dog Distance: 0.6082010096917351
Maximum Dog Distance: 0.8178737015512688
Average Sheep Distance: 0.2936251281881415
Maximum Sheep Distance: 0.38099329432622836
Elapsed Time: 2m 18s
********** 66 **********
Average Fitness: 0.12233333333333332
Maximum Fitness: 0.4000000000000001
Average Pen Distance: 0.486181587715096
Maximum Pen Distance: 0.6301457890873677
Average Dog Distance: 0.6177603318830234
Maximum Dog Distance: 0.7404030997185352
Average Sheep Distance: 0.2978155275892712
Maximum Sheep Distance: 0.3867690194049868
Elapsed Time: 2m 26s
********** 67 **********
Average Fitness: 0.10866666666666663
Maximum Fitness: 0.26666666666666666
Average Pen Distance: 0.4867410746029515
Maximum Pen Distance: 0.723719299770102
Average Dog Distance: 0.6280062994779354
Maximum Dog Distance: 0.7823369962263715
Average Sheep Distance: 0.29201190350145073
Maximum Sheep Distance: 0.4008483323795324
Elapsed Time: 2m 11s
********** 68 **********
Average Fitness: 0.10700000000000001
Maximum Fitness: 0.3333333333333333
Average Pen Distance: 0.48773073705077424
Maximum Pen Distance: 0.6442030371062928
Average Dog Distance: 0.6367428413467597
Maximum Dog Distance: 0.7559188002807945
Average Sheep Distance: 0.2943585215145101
Maximum Sheep Distance: 0.3714464974984341
Elapsed Time: 2m 11s
********** 69 **********
Average Fitness: 0.12200000000000001
Maximum Fitness: 0.4333333333333334
Average Pen Distance: 0.489517665353927
Maximum Pen Distance: 0.6338365305089343
Average Dog Distance: 0.6412134434880926
Maximum Dog Distance: 0.7409962108280262
Average Sheep Distance: 0.2944821587856961
Maximum Sheep Distance: 0.37103743529449734
Elapsed Time: 2m 17s
********** 70 **********
Average Fitness: 0.10399999999999998
Maximum Fitness: 0.39999999999999997
Average Pen Distance: 0.48854251457007086
Maximum Pen Distance: 0.6492060641313212
Average Dog Distance: 0.6443344302694248
Maximum Dog Distance: 0.8059742576770251
Average Sheep Distance: 0.2961862656373274
Maximum Sheep Distance: 0.3581317196647383
Elapsed Time: 2m 21s
********** 71 **********
Average Fitness: 0.12766666666666665
Maximum Fitness: 0.3333333333333333
Average Pen Distance: 0.4936543974314467
Maximum Pen Distance: 0.8257321389211537
Average Dog Distance: 0.6359918878024916
Maximum Dog Distance: 0.7837387623688438
Average Sheep Distance: 0.2973744011793712
Maximum Sheep Distance: 0.3887756913957583
Elapsed Time: 2m 14s
********** 72 **********
Average Fitness: 0.11599999999999998
Maximum Fitness: 0.3333333333333333
Average Pen Distance: 0.49041351410447265
Maximum Pen Distance: 0.7071222235260297
Average Dog Distance: 0.6386462304820558
Maximum Dog Distance: 0.7699437106629006
Average Sheep Distance: 0.2997937865601561
Maximum Sheep Distance: 0.3728418150700256
Elapsed Time: 2m 8s
********** 73 **********
Average Fitness: 0.11633333333333332
Maximum Fitness: 0.4000000000000001
Average Pen Distance: 0.4799805826347397
Maximum Pen Distance: 0.7146063702508867
Average Dog Distance: 0.6231764299805931
Maximum Dog Distance: 0.7508966979431982
Average Sheep Distance: 0.29712268810865283
Maximum Sheep Distance: 0.3855413830832914
Elapsed Time: 2m 17s
********** 74 **********
Average Fitness: 0.10066666666666667
Maximum Fitness: 0.3333333333333333
Average Pen Distance: 0.48171222950790965
Maximum Pen Distance: 0.6315202870797864
Average Dog Distance: 0.6262406983955974
Maximum Dog Distance: 0.7860999947998728
Average Sheep Distance: 0.2998129691854976
Maximum Sheep Distance: 0.38988567158774345
Elapsed Time: 2m 31s
********** 75 **********
Average Fitness: 0.11266666666666665
Maximum Fitness: 0.3666666666666667
Average Pen Distance: 0.47526473544580433
Maximum Pen Distance: 0.6213491932305885
Average Dog Distance: 0.627410031716282
Maximum Dog Distance: 0.7999710621704407
Average Sheep Distance: 0.2921233848778272
Maximum Sheep Distance: 0.360234328965289
Elapsed Time: 2m 24s
********** 76 **********
Average Fitness: 0.103
Maximum Fitness: 0.3666666666666667
Average Pen Distance: 0.4800852629702338
Maximum Pen Distance: 0.6216698145457128
Average Dog Distance: 0.6315379028017868
Maximum Dog Distance: 0.7794369059632461
Average Sheep Distance: 0.2900723705857443
Maximum Sheep Distance: 0.38234027402175325
Elapsed Time: 2m 30s
********** 77 **********
Average Fitness: 0.11399999999999999
Maximum Fitness: 0.3666666666666667
Average Pen Distance: 0.46971020257076096
Maximum Pen Distance: 0.6112894717711077
Average Dog Distance: 0.6228323292344018
Maximum Dog Distance: 0.749069088069643
Average Sheep Distance: 0.29580338080093116
Maximum Sheep Distance: 0.37036962903057336
Elapsed Time: 2m 17s
********** 78 **********
Average Fitness: 0.10766666666666663
Maximum Fitness: 0.3666666666666667
Average Pen Distance: 0.4771396865992791
Maximum Pen Distance: 0.683261082338733
Average Dog Distance: 0.6233237810414258
Maximum Dog Distance: 0.7525310816848892
Average Sheep Distance: 0.2974860036238576
Maximum Sheep Distance: 0.37830233339624675
Elapsed Time: 2m 19s
********** 79 **********
Average Fitness: 0.11566666666666667
Maximum Fitness: 0.3333333333333333
Average Pen Distance: 0.46871193817728246
Maximum Pen Distance: 0.6023490643956779
Average Dog Distance: 0.6294569263150109
Maximum Dog Distance: 0.7838301952861926
Average Sheep Distance: 0.30185223532164374
Maximum Sheep Distance: 0.3722916674675029
Elapsed Time: 2m 16s
********** 80 **********
Average Fitness: 0.11999999999999998
Maximum Fitness: 0.3666666666666667
Average Pen Distance: 0.47456572901023286
Maximum Pen Distance: 0.6297573223323009
Average Dog Distance: 0.6373723291549122
Maximum Dog Distance: 0.8037676157986654
Average Sheep Distance: 0.3001797195554197
Maximum Sheep Distance: 0.39604733784114465
Elapsed Time: 2m 15s
********** 81 **********
Average Fitness: 0.11033333333333331
Maximum Fitness: 0.3333333333333333
Average Pen Distance: 0.47778233254376695
Maximum Pen Distance: 0.7022656520839415
Average Dog Distance: 0.6363776157416932
Maximum Dog Distance: 0.753841768115448
Average Sheep Distance: 0.29953535242744794
Maximum Sheep Distance: 0.38580029193226384
Elapsed Time: 2m 13s
********** 82 **********
Average Fitness: 0.12833333333333333
Maximum Fitness: 0.4000000000000001
Average Pen Distance: 0.47740333441578264
Maximum Pen Distance: 0.6142787863433078
Average Dog Distance: 0.6215948364170768
Maximum Dog Distance: 0.7262621745377992
Average Sheep Distance: 0.2985736591231528
Maximum Sheep Distance: 0.41073095597283277
Elapsed Time: 2m 9s
********** 83 **********
Average Fitness: 0.11899999999999998
Maximum Fitness: 0.39999999999999997
Average Pen Distance: 0.47720016156991063
Maximum Pen Distance: 0.6549758271833482
Average Dog Distance: 0.6180259392665354
Maximum Dog Distance: 0.780240643600147
Average Sheep Distance: 0.299101668158486
Maximum Sheep Distance: 0.3776511488333721
Elapsed Time: 2m 14s
********** 84 **********
Average Fitness: 0.11899999999999998
Maximum Fitness: 0.36666666666666664
Average Pen Distance: 0.48777782015344356
Maximum Pen Distance: 0.6743634298254179
Average Dog Distance: 0.6255190433418876
Maximum Dog Distance: 0.7332546572412197
Average Sheep Distance: 0.2982950526269816
Maximum Sheep Distance: 0.39933637760472146
Elapsed Time: 2m 11s
********** 85 **********
Average Fitness: 0.11433333333333334
Maximum Fitness: 0.4333333333333333
Average Pen Distance: 0.48466271290803137
Maximum Pen Distance: 0.768524343981126
Average Dog Distance: 0.6389587386999172
Maximum Dog Distance: 0.7840448565541416
Average Sheep Distance: 0.29950441602518096
Maximum Sheep Distance: 0.4084114110032808
Elapsed Time: 2m 19s
********** 86 **********
Average Fitness: 0.12200000000000001
Maximum Fitness: 0.3666666666666667
Average Pen Distance: 0.4772505488945666
Maximum Pen Distance: 0.6068081445051722
Average Dog Distance: 0.6327843785083515
Maximum Dog Distance: 0.7761130177913182
Average Sheep Distance: 0.30482230747464295
Maximum Sheep Distance: 0.3791837055452881
Elapsed Time: 2m 18s
********** 87 **********
Average Fitness: 0.10466666666666664
Maximum Fitness: 0.30000000000000004
Average Pen Distance: 0.47353022111653736
Maximum Pen Distance: 0.7333589713475784
Average Dog Distance: 0.6164169856592997
Maximum Dog Distance: 0.7949999338027275
Average Sheep Distance: 0.2995679243120877
Maximum Sheep Distance: 0.3859128656020876
Elapsed Time: 2m 15s
********** 88 **********
Average Fitness: 0.09366666666666665
Maximum Fitness: 0.3
Average Pen Distance: 0.4779116202528711
Maximum Pen Distance: 0.7303425384013841
Average Dog Distance: 0.6153431374464278
Maximum Dog Distance: 0.802903412704095
Average Sheep Distance: 0.2964601562489133
Maximum Sheep Distance: 0.387853420028262
Elapsed Time: 2m 16s
********** 89 **********
Average Fitness: 0.11499999999999998
Maximum Fitness: 0.39999999999999997
Average Pen Distance: 0.48384678840937545
Maximum Pen Distance: 0.7528103185084288
Average Dog Distance: 0.630735917344359
Maximum Dog Distance: 0.7900290124789947
Average Sheep Distance: 0.3003961921595359
Maximum Sheep Distance: 0.39761890647722997
Elapsed Time: 2m 21s
********** 90 **********
Average Fitness: 0.11166666666666666
Maximum Fitness: 0.3666666666666667
Average Pen Distance: 0.48604261202495036
Maximum Pen Distance: 0.6694560655938216
Average Dog Distance: 0.6514756024813966
Maximum Dog Distance: 0.7883007010741733
Average Sheep Distance: 0.29987000839480876
Maximum Sheep Distance: 0.3778060661378748
Elapsed Time: 2m 13s
********** 91 **********
Average Fitness: 0.11933333333333333
Maximum Fitness: 0.39999999999999997
Average Pen Distance: 0.488541481225343
Maximum Pen Distance: 0.6599431240492277
Average Dog Distance: 0.6555300175991219
Maximum Dog Distance: 0.7958255115886589
Average Sheep Distance: 0.2994052384449327
Maximum Sheep Distance: 0.3940094148504431
Elapsed Time: 2m 18s
********** 92 **********
Average Fitness: 0.11399999999999996
Maximum Fitness: 0.39999999999999997
Average Pen Distance: 0.4933831479666675
Maximum Pen Distance: 0.6949661875230815
Average Dog Distance: 0.6515517375505898
Maximum Dog Distance: 0.809181284700195
Average Sheep Distance: 0.2981118996329767
Maximum Sheep Distance: 0.42552285314418836
Elapsed Time: 2m 25s
********** 93 **********
Average Fitness: 0.11633333333333333
Maximum Fitness: 0.43333333333333335
Average Pen Distance: 0.49598670936691386
Maximum Pen Distance: 0.6817087671043071
Average Dog Distance: 0.6801855113867872
Maximum Dog Distance: 0.8328372100538942
Average Sheep Distance: 0.2959959962987642
Maximum Sheep Distance: 0.3914787445486599
Elapsed Time: 2m 19s
********** 94 **********
Average Fitness: 0.10466666666666664
Maximum Fitness: 0.39999999999999997
Average Pen Distance: 0.5147064578055781
Maximum Pen Distance: 0.6946096882949279
Average Dog Distance: 0.6770636747460257
Maximum Dog Distance: 0.8258187586547184
Average Sheep Distance: 0.2990069060178766
Maximum Sheep Distance: 0.3773722855825414
Elapsed Time: 2m 9s
********** 95 **********
Average Fitness: 0.11333333333333334
Maximum Fitness: 0.43333333333333335
Average Pen Distance: 0.5176546266498047
Maximum Pen Distance: 0.7657295559570194
Average Dog Distance: 0.6868927265205723
Maximum Dog Distance: 0.8195547205400343
Average Sheep Distance: 0.2943128663349388
Maximum Sheep Distance: 0.40781266977027614
Elapsed Time: 2m 21s
********** 96 **********
Average Fitness: 0.10799999999999998
Maximum Fitness: 0.43333333333333335
Average Pen Distance: 0.5083826512080477
Maximum Pen Distance: 0.7259425755844032
Average Dog Distance: 0.6926851567510421
Maximum Dog Distance: 0.7890599080840661
Average Sheep Distance: 0.2928632961511265
Maximum Sheep Distance: 0.37074275780598476
Elapsed Time: 2m 16s
********** 97 **********
Average Fitness: 0.11299999999999999
Maximum Fitness: 0.43333333333333335
Average Pen Distance: 0.5052067289161899
Maximum Pen Distance: 0.6694145001976892
Average Dog Distance: 0.6880251638357371
Maximum Dog Distance: 0.8536985404036607
Average Sheep Distance: 0.292789217302835
Maximum Sheep Distance: 0.37370334496545593
Elapsed Time: 2m 22s
********** 98 **********
Average Fitness: 0.10766666666666663
Maximum Fitness: 0.3333333333333333
Average Pen Distance: 0.5120114568350307
Maximum Pen Distance: 0.6847117996639985
Average Dog Distance: 0.6843565680781739
Maximum Dog Distance: 0.8390844824563876
Average Sheep Distance: 0.296011123025451
Maximum Sheep Distance: 0.400325878870643
Elapsed Time: 2m 11s
********** 99 **********
Average Fitness: 0.109
Maximum Fitness: 0.3333333333333333
Average Pen Distance: 0.5159041285130093
Maximum Pen Distance: 0.6536937768764091
Average Dog Distance: 0.6881229556191165
Maximum Dog Distance: 0.8160857689821363
Average Sheep Distance: 0.2973346305701316
Maximum Sheep Distance: 0.35464504628565696
Elapsed Time: 2m 15s
********** 100 **********
Average Fitness: 0.11033333333333331
Maximum Fitness: 0.46666666666666673
Average Pen Distance: 0.5087614252681096
Maximum Pen Distance: 0.6909837335460001
Average Dog Distance: 0.6830381298182213
Maximum Dog Distance: 0.7854292617123565
Average Sheep Distance: 0.29928692947345276
Maximum Sheep Distance: 0.40205366768577283
Elapsed Time: 2m 14s
********** 1 **********
Average Fitness: 0.04799999999999999
Maximum Fitness: 0.20000000000000004
Average Pen Distance: 0.48915854931526853
Maximum Pen Distance: 0.728531357652046
Average Dog Distance: 0.6301953864361125
Maximum Dog Distance: 0.816460616576402
Average Sheep Distance: 0.33596085908338025
Maximum Sheep Distance: 0.4261220497687223
Elapsed Time: 2m 46s
********** 2 **********
Average Fitness: 0.06566666666666665
Maximum Fitness: 0.26666666666666666
Average Pen Distance: 0.48553300213054845
Maximum Pen Distance: 0.7733626135558723
Average Dog Distance: 0.625049914759779
Maximum Dog Distance: 0.7968128618104493
Average Sheep Distance: 0.3344854748139987
Maximum Sheep Distance: 0.405048667519131
Elapsed Time: 2m 46s
********** 3 **********
Average Fitness: 0.061666666666666654
Maximum Fitness: 0.3
Average Pen Distance: 0.4720876264219837
Maximum Pen Distance: 0.735994273742491
Average Dog Distance: 0.6360054078609823
Maximum Dog Distance: 0.7961894453666503
Average Sheep Distance: 0.33958784916306833
Maximum Sheep Distance: 0.4278638683206521
Elapsed Time: 2m 45s
********** 4 **********
Average Fitness: 0.052666666666666674
Maximum Fitness: 0.20000000000000004
Average Pen Distance: 0.4851037638168406
Maximum Pen Distance: 0.6785536997557045
Average Dog Distance: 0.628276430467808
Maximum Dog Distance: 0.7936516029700869
Average Sheep Distance: 0.33889727102160216
Maximum Sheep Distance: 0.4213602590826515
Elapsed Time: 2m 45s
********** 5 **********
Average Fitness: 0.06366666666666665
Maximum Fitness: 0.20000000000000004
Average Pen Distance: 0.45265751765959245
Maximum Pen Distance: 0.7744828321920115
Average Dog Distance: 0.6182898578272567
Maximum Dog Distance: 0.8186017880626512
Average Sheep Distance: 0.3315511107938495
Maximum Sheep Distance: 0.40131552074032956
Elapsed Time: 2m 57s
********** 6 **********
Average Fitness: 0.06333333333333332
Maximum Fitness: 0.20000000000000004
Average Pen Distance: 0.44606806498594787
Maximum Pen Distance: 0.7178827391504212
Average Dog Distance: 0.6194960406147773
Maximum Dog Distance: 0.838494825220757
Average Sheep Distance: 0.3287233017385842
Maximum Sheep Distance: 0.4032297734791432
Elapsed Time: 2m 51s
********** 7 **********
Average Fitness: 0.04699999999999999
Maximum Fitness: 0.19999999999999998
Average Pen Distance: 0.47741649862935026
Maximum Pen Distance: 0.7211639313154713
Average Dog Distance: 0.6314767147615263
Maximum Dog Distance: 0.7985250384821568
Average Sheep Distance: 0.33165666116717674
Maximum Sheep Distance: 0.419156872461784
Elapsed Time: 2m 50s
********** 8 **********
Average Fitness: 0.062
Maximum Fitness: 0.26666666666666666
Average Pen Distance: 0.47915875566344446
Maximum Pen Distance: 0.7137620473132943
Average Dog Distance: 0.6254051861795067
Maximum Dog Distance: 0.8366279902366783
Average Sheep Distance: 0.3329345076122201
Maximum Sheep Distance: 0.4620625998901593
Elapsed Time: 2m 45s
********** 9 **********
Average Fitness: 0.05833333333333333
Maximum Fitness: 0.16666666666666666
Average Pen Distance: 0.47266098230812453
Maximum Pen Distance: 0.7945641599227807
Average Dog Distance: 0.6141566137263075
Maximum Dog Distance: 0.783643620524932
Average Sheep Distance: 0.33047333522830696
Maximum Sheep Distance: 0.447717403110168
Elapsed Time: 2m 52s
********** 10 **********
Average Fitness: 0.06799999999999999
Maximum Fitness: 0.20000000000000004
Average Pen Distance: 0.47619962366363694
Maximum Pen Distance: 0.7887644092521562
Average Dog Distance: 0.6257641293601494
Maximum Dog Distance: 0.8073046865523067
Average Sheep Distance: 0.3355233211882039
Maximum Sheep Distance: 0.4335537646161929
Elapsed Time: 2m 57s
********** 11 **********
Average Fitness: 0.067
Maximum Fitness: 0.26666666666666666
Average Pen Distance: 0.4519387590015444
Maximum Pen Distance: 0.7380558950095812
Average Dog Distance: 0.6229136021055477
Maximum Dog Distance: 0.799162036081228
Average Sheep Distance: 0.32882842185205347
Maximum Sheep Distance: 0.40650473269926385
Elapsed Time: 2m 45s
********** 12 **********
Average Fitness: 0.05999999999999999
Maximum Fitness: 0.2333333333333333
Average Pen Distance: 0.45339687470700857
Maximum Pen Distance: 0.7447536778684904
Average Dog Distance: 0.6123709380599671
Maximum Dog Distance: 0.7840040435317626
Average Sheep Distance: 0.32544332418538474
Maximum Sheep Distance: 0.41441171558952133
Elapsed Time: 2m 56s
********** 13 **********
Average Fitness: 0.07533333333333332
Maximum Fitness: 0.26666666666666666
Average Pen Distance: 0.44114465643044876
Maximum Pen Distance: 0.6824154115695271
Average Dog Distance: 0.615448951831227
Maximum Dog Distance: 0.8168999501775399
Average Sheep Distance: 0.33051691228211366
Maximum Sheep Distance: 0.42249271246680253
Elapsed Time: 2m 47s
********** 14 **********
Average Fitness: 0.07133333333333333
Maximum Fitness: 0.23333333333333336
Average Pen Distance: 0.43094915760351715
Maximum Pen Distance: 0.6940465497804732
Average Dog Distance: 0.6073849110436736
Maximum Dog Distance: 0.8237864170758452
Average Sheep Distance: 0.3269929293789543
Maximum Sheep Distance: 0.40287989993694856
Elapsed Time: 2m 55s
********** 15 **********
Average Fitness: 0.06766666666666665
Maximum Fitness: 0.20000000000000004
Average Pen Distance: 0.43633522858029883
Maximum Pen Distance: 0.7392397824454388
Average Dog Distance: 0.6009788924259892
Maximum Dog Distance: 0.8161587818385921
Average Sheep Distance: 0.328791313061266
Maximum Sheep Distance: 0.4602894924961836
Elapsed Time: 2m 50s
********** 16 **********
Average Fitness: 0.06666666666666665
Maximum Fitness: 0.19999999999999998
Average Pen Distance: 0.4392020274008632
Maximum Pen Distance: 0.6926445009305354
Average Dog Distance: 0.6193998187994502
Maximum Dog Distance: 0.8338006787600873
Average Sheep Distance: 0.3256778814117244
Maximum Sheep Distance: 0.39317299051354526
Elapsed Time: 2m 52s
********** 17 **********
Average Fitness: 0.073
Maximum Fitness: 0.26666666666666666
Average Pen Distance: 0.44585836749669594
Maximum Pen Distance: 0.7486538946147901
Average Dog Distance: 0.6137622721479711
Maximum Dog Distance: 0.8605223647954533
Average Sheep Distance: 0.3316032171599538
Maximum Sheep Distance: 0.43380813975789095
Elapsed Time: 2m 47s
********** 18 **********
Average Fitness: 0.06999999999999999
Maximum Fitness: 0.26666666666666666
Average Pen Distance: 0.43717720554623
Maximum Pen Distance: 0.741184633095099
Average Dog Distance: 0.6064680074818107
Maximum Dog Distance: 0.8395308827148386
Average Sheep Distance: 0.32807607018089735
Maximum Sheep Distance: 0.4037644190718755
Elapsed Time: 2m 50s
********** 19 **********
Average Fitness: 0.06299999999999999
Maximum Fitness: 0.26666666666666666
Average Pen Distance: 0.45847311916249
Maximum Pen Distance: 0.7453128320629991
Average Dog Distance: 0.6098311604527297
Maximum Dog Distance: 0.8826339224871346
Average Sheep Distance: 0.3317881424929638
Maximum Sheep Distance: 0.45489258062962
Elapsed Time: 2m 46s
********** 20 **********
Average Fitness: 0.07399999999999998
Maximum Fitness: 0.26666666666666666
Average Pen Distance: 0.44422986654245905
Maximum Pen Distance: 0.7499755350633309
Average Dog Distance: 0.5963630441608901
Maximum Dog Distance: 0.8454350313304534
Average Sheep Distance: 0.3279611698238867
Maximum Sheep Distance: 0.42164049460746594
Elapsed Time: 2m 47s
********** 21 **********
Average Fitness: 0.06899999999999999
Maximum Fitness: 0.26666666666666666
Average Pen Distance: 0.448820527162918
Maximum Pen Distance: 0.7672795473709284
Average Dog Distance: 0.5988513321772487
Maximum Dog Distance: 0.7837225668925022
Average Sheep Distance: 0.3259104009073405
Maximum Sheep Distance: 0.4181378291700059
Elapsed Time: 2m 54s
********** 22 **********
Average Fitness: 0.07
Maximum Fitness: 0.26666666666666666
Average Pen Distance: 0.46903356727236506
Maximum Pen Distance: 0.7431991352633469
Average Dog Distance: 0.6122900117315369
Maximum Dog Distance: 0.8027326129121187
Average Sheep Distance: 0.327940776605527
Maximum Sheep Distance: 0.40621325346843906
Elapsed Time: 2m 46s
********** 23 **********
Average Fitness: 0.07166666666666666
Maximum Fitness: 0.2333333333333333
Average Pen Distance: 0.4280120661600644
Maximum Pen Distance: 0.7806683111679202
Average Dog Distance: 0.6047004586592846
Maximum Dog Distance: 0.7735950556586385
Average Sheep Distance: 0.3209329168453008
Maximum Sheep Distance: 0.389370445551447
Elapsed Time: 2m 47s
********** 24 **********
Average Fitness: 0.07433333333333332
Maximum Fitness: 0.3333333333333333
Average Pen Distance: 0.43460327799028825
Maximum Pen Distance: 0.756722041834434
Average Dog Distance: 0.6044300274431369
Maximum Dog Distance: 0.7804584132454773
Average Sheep Distance: 0.3188461645112541
Maximum Sheep Distance: 0.42179611389018756
Elapsed Time: 2m 55s
********** 25 **********
Average Fitness: 0.07666666666666666
Maximum Fitness: 0.2333333333333333
Average Pen Distance: 0.4194839794655153
Maximum Pen Distance: 0.706754650884981
Average Dog Distance: 0.5947970808837872
Maximum Dog Distance: 0.7656496584273732
Average Sheep Distance: 0.3244533405161086
Maximum Sheep Distance: 0.42727231059480353
Elapsed Time: 2m 50s
********** 26 **********
Average Fitness: 0.07400000000000001
Maximum Fitness: 0.3
Average Pen Distance: 0.40089454665868096
Maximum Pen Distance: 0.7212528198713143
Average Dog Distance: 0.5898657447929332
Maximum Dog Distance: 0.853112999060181
Average Sheep Distance: 0.3253373352373832
Maximum Sheep Distance: 0.3986861899856664
Elapsed Time: 2m 48s
********** 27 **********
Average Fitness: 0.08633333333333333
Maximum Fitness: 0.2333333333333333
Average Pen Distance: 0.3949462139548925
Maximum Pen Distance: 0.7414596984806431
Average Dog Distance: 0.5907743208146335
Maximum Dog Distance: 0.7612702473203784
Average Sheep Distance: 0.31847122655442894
Maximum Sheep Distance: 0.4378487346005315
Elapsed Time: 2m 53s
********** 28 **********
Average Fitness: 0.07466666666666666
Maximum Fitness: 0.26666666666666666
Average Pen Distance: 0.4018954525352148
Maximum Pen Distance: 0.7420894791689969
Average Dog Distance: 0.601954848374998
Maximum Dog Distance: 0.7397052833849065
Average Sheep Distance: 0.31840150184274085
Maximum Sheep Distance: 0.44311623978106834
Elapsed Time: 2m 46s
********** 29 **********
Average Fitness: 0.086
Maximum Fitness: 0.23333333333333336
Average Pen Distance: 0.4095287795284087
Maximum Pen Distance: 0.7698034034772515
Average Dog Distance: 0.5961735206103135
Maximum Dog Distance: 0.7949211074433431
Average Sheep Distance: 0.3229688141971174
Maximum Sheep Distance: 0.4162036194752028
Elapsed Time: 2m 48s
********** 30 **********
Average Fitness: 0.07233333333333332
Maximum Fitness: 0.2333333333333333
Average Pen Distance: 0.44621028016024694
Maximum Pen Distance: 0.8152148930700548
Average Dog Distance: 0.6171922529925632
Maximum Dog Distance: 0.814748486035632
Average Sheep Distance: 0.33362253803241887
Maximum Sheep Distance: 0.4270988731617291
Elapsed Time: 2m 52s
********** 31 **********
Average Fitness: 0.08166666666666667
Maximum Fitness: 0.3
Average Pen Distance: 0.42171496688859433
Maximum Pen Distance: 0.7224784777505153
Average Dog Distance: 0.5937446922571397
Maximum Dog Distance: 0.7924462079247329
Average Sheep Distance: 0.3242879072735634
Maximum Sheep Distance: 0.43169714372977785
Elapsed Time: 2m 48s
********** 32 **********
Average Fitness: 0.08999999999999998
Maximum Fitness: 0.3
Average Pen Distance: 0.41222060886269934
Maximum Pen Distance: 0.6592957133341503
Average Dog Distance: 0.6047376196476834
Maximum Dog Distance: 0.7889307084874068
Average Sheep Distance: 0.32189734399455305
Maximum Sheep Distance: 0.41496826384404445
Elapsed Time: 2m 53s
********** 33 **********
Average Fitness: 0.08766666666666666
Maximum Fitness: 0.3
Average Pen Distance: 0.41517553457018075
Maximum Pen Distance: 0.7191654139645792
Average Dog Distance: 0.5948189962406957
Maximum Dog Distance: 0.7791041081967448
Average Sheep Distance: 0.3197323399293834
Maximum Sheep Distance: 0.4180784757196883
Elapsed Time: 2m 46s
********** 34 **********
Average Fitness: 0.07899999999999999
Maximum Fitness: 0.3333333333333333
Average Pen Distance: 0.4096613514539433
Maximum Pen Distance: 0.6677388571667465
Average Dog Distance: 0.5881886507501269
Maximum Dog Distance: 0.8484967304158553
Average Sheep Distance: 0.31912823812182617
Maximum Sheep Distance: 0.39572612746286695
Elapsed Time: 2m 50s
********** 35 **********
Average Fitness: 0.10066666666666664
Maximum Fitness: 0.3333333333333333
Average Pen Distance: 0.38839475088590075
Maximum Pen Distance: 0.6458847777959208
Average Dog Distance: 0.5800312623269859
Maximum Dog Distance: 0.8073681175973388
Average Sheep Distance: 0.31304281523658056
Maximum Sheep Distance: 0.3703200386543295
Elapsed Time: 2m 59s
********** 36 **********
Average Fitness: 0.10333333333333332
Maximum Fitness: 0.3
Average Pen Distance: 0.3593422892926862
Maximum Pen Distance: 0.6662916998028547
Average Dog Distance: 0.5741261451337694
Maximum Dog Distance: 0.7766901641335789
Average Sheep Distance: 0.3100647552795632
Maximum Sheep Distance: 0.39331625801679376
Elapsed Time: 2m 46s
********** 37 **********
Average Fitness: 0.11033333333333334
Maximum Fitness: 0.30000000000000004
Average Pen Distance: 0.37324956599918285
Maximum Pen Distance: 0.7248828843432328
Average Dog Distance: 0.564743884632356
Maximum Dog Distance: 0.7932449516712294
Average Sheep Distance: 0.31476765785493105
Maximum Sheep Distance: 0.404348909848502
Elapsed Time: 2m 52s
********** 38 **********
Average Fitness: 0.118
Maximum Fitness: 0.39999999999999997
Average Pen Distance: 0.3580739997149994
Maximum Pen Distance: 0.7939479108261879
Average Dog Distance: 0.5536311974504922
Maximum Dog Distance: 0.7981560269076436
Average Sheep Distance: 0.31272686885034573
Maximum Sheep Distance: 0.4129874364311849
Elapsed Time: 2m 45s
********** 39 **********
Average Fitness: 0.10199999999999998
Maximum Fitness: 0.3
Average Pen Distance: 0.37168025395740384
Maximum Pen Distance: 0.7922919874620452
Average Dog Distance: 0.5704858677829175
Maximum Dog Distance: 0.7690453207801097
Average Sheep Distance: 0.313741810016652
Maximum Sheep Distance: 0.4085901080951057
Elapsed Time: 2m 50s
********** 40 **********
Average Fitness: 0.10833333333333332
Maximum Fitness: 0.3333333333333333
Average Pen Distance: 0.35045062019293755
Maximum Pen Distance: 0.756581446209002
Average Dog Distance: 0.5573796460360331
Maximum Dog Distance: 0.7523154299048249
Average Sheep Distance: 0.3131527862313985
Maximum Sheep Distance: 0.41582333788943665
Elapsed Time: 2m 52s
********** 41 **********
Average Fitness: 0.10800000000000001
Maximum Fitness: 0.3333333333333333
Average Pen Distance: 0.35460113446148356
Maximum Pen Distance: 0.7118688891797186
Average Dog Distance: 0.5734837508307934
Maximum Dog Distance: 0.7652706629968308
Average Sheep Distance: 0.3082748165426241
Maximum Sheep Distance: 0.38138669485610505
Elapsed Time: 2m 43s
********** 42 **********
Average Fitness: 0.09866666666666665
Maximum Fitness: 0.3333333333333333
Average Pen Distance: 0.358743236421992
Maximum Pen Distance: 0.7136309223973799
Average Dog Distance: 0.5685914492410874
Maximum Dog Distance: 0.7799472816027034
Average Sheep Distance: 0.30655603350911226
Maximum Sheep Distance: 0.4042563247309212
Elapsed Time: 2m 58s
********** 43 **********
Average Fitness: 0.09466666666666665
Maximum Fitness: 0.3333333333333333
Average Pen Distance: 0.3680093728015493
Maximum Pen Distance: 0.6531140053285661
Average Dog Distance: 0.5801774022541936
Maximum Dog Distance: 0.7817484659872163
Average Sheep Distance: 0.31106791894016783
Maximum Sheep Distance: 0.4132991052260832
Elapsed Time: 2m 46s
********** 44 **********
Average Fitness: 0.09899999999999999
Maximum Fitness: 0.3666666666666667
Average Pen Distance: 0.3535288294154433
Maximum Pen Distance: 0.5775921387232846
Average Dog Distance: 0.5705761822564518
Maximum Dog Distance: 0.7784330206402544
Average Sheep Distance: 0.3103229546204583
Maximum Sheep Distance: 0.42404652715516544
Elapsed Time: 2m 44s
********** 45 **********
Average Fitness: 0.11366666666666667
Maximum Fitness: 0.3
Average Pen Distance: 0.3344000988935834
Maximum Pen Distance: 0.6434012933438794
Average Dog Distance: 0.5593616095893678
Maximum Dog Distance: 0.7339854395785778
Average Sheep Distance: 0.3067691303325514
Maximum Sheep Distance: 0.397628751058483
Elapsed Time: 2m 45s
********** 46 **********
Average Fitness: 0.11899999999999998
Maximum Fitness: 0.3333333333333333
Average Pen Distance: 0.3406452650547006
Maximum Pen Distance: 0.6618855886815614
Average Dog Distance: 0.5606447620818279
Maximum Dog Distance: 0.7195790091457611
Average Sheep Distance: 0.30212976816126014
Maximum Sheep Distance: 0.41380418723406764
Elapsed Time: 2m 46s
********** 47 **********
Average Fitness: 0.1183333333333333
Maximum Fitness: 0.3
Average Pen Distance: 0.3412964233528261
Maximum Pen Distance: 0.5950511020687651
Average Dog Distance: 0.5686087523997245
Maximum Dog Distance: 0.7627786610451656
Average Sheep Distance: 0.30367828278317893
Maximum Sheep Distance: 0.385411632431608
Elapsed Time: 2m 49s
********** 48 **********
Average Fitness: 0.128
Maximum Fitness: 0.30000000000000004
Average Pen Distance: 0.3184565327235671
Maximum Pen Distance: 0.528895597435253
Average Dog Distance: 0.5551031367339742
Maximum Dog Distance: 0.704813379903087
Average Sheep Distance: 0.2978687922720988
Maximum Sheep Distance: 0.3947401649987045
Elapsed Time: 2m 57s
********** 49 **********
Average Fitness: 0.12466666666666665
Maximum Fitness: 0.3666666666666667
Average Pen Distance: 0.32558080873469314
Maximum Pen Distance: 0.7383337251223732
Average Dog Distance: 0.540644350951939
Maximum Dog Distance: 0.7174715669878945
Average Sheep Distance: 0.3053927074278435
Maximum Sheep Distance: 0.4372585453264864
Elapsed Time: 2m 52s
********** 50 **********
Average Fitness: 0.11633333333333332
Maximum Fitness: 0.3666666666666667
Average Pen Distance: 0.32913645824684595
Maximum Pen Distance: 0.5901442170166442
Average Dog Distance: 0.5614753321716027
Maximum Dog Distance: 0.7839876689170007
Average Sheep Distance: 0.30200192795221403
Maximum Sheep Distance: 0.3787410960075562
Elapsed Time: 2m 50s
********** 51 **********
Average Fitness: 0.1153333333333333
Maximum Fitness: 0.3
Average Pen Distance: 0.32375004196563856
Maximum Pen Distance: 0.581130043914572
Average Dog Distance: 0.5646383152589847
Maximum Dog Distance: 0.7540770149873407
Average Sheep Distance: 0.29748130527956745
Maximum Sheep Distance: 0.40315298263073523
Elapsed Time: 2m 48s
********** 52 **********
Average Fitness: 0.1323333333333333
Maximum Fitness: 0.3
Average Pen Distance: 0.30352373533467614
Maximum Pen Distance: 0.49471753667986196
Average Dog Distance: 0.5464655781268476
Maximum Dog Distance: 0.8123182372029917
Average Sheep Distance: 0.3050400814254093
Maximum Sheep Distance: 0.39252381364878747
Elapsed Time: 2m 44s
********** 53 **********
Average Fitness: 0.12466666666666665
Maximum Fitness: 0.3
Average Pen Distance: 0.30316122265376044
Maximum Pen Distance: 0.6293492039540641
Average Dog Distance: 0.5341600046057565
Maximum Dog Distance: 0.7386162445888358
Average Sheep Distance: 0.30416348223155093
Maximum Sheep Distance: 0.40310987751097976
Elapsed Time: 2m 46s
********** 54 **********
Average Fitness: 0.14466666666666664
Maximum Fitness: 0.3666666666666667
Average Pen Distance: 0.2900634828116743
Maximum Pen Distance: 0.4963746828287947
Average Dog Distance: 0.514527641449423
Maximum Dog Distance: 0.7092987679775163
Average Sheep Distance: 0.3055947757287125
Maximum Sheep Distance: 0.40544162528393984
Elapsed Time: 2m 43s
********** 55 **********
Average Fitness: 0.1383333333333333
Maximum Fitness: 0.3666666666666667
Average Pen Distance: 0.3095684377729235
Maximum Pen Distance: 0.6614269629145743
Average Dog Distance: 0.5288221875672601
Maximum Dog Distance: 0.718398869459974
Average Sheep Distance: 0.2995151251441593
Maximum Sheep Distance: 0.38475434911373146
Elapsed Time: 2m 43s
********** 56 **********
Average Fitness: 0.12533333333333332
Maximum Fitness: 0.3
Average Pen Distance: 0.30298817648089604
Maximum Pen Distance: 0.6766312092167176
Average Dog Distance: 0.5169361589371023
Maximum Dog Distance: 0.6756998144736753
Average Sheep Distance: 0.2920898034395685
Maximum Sheep Distance: 0.35486113577601985
Elapsed Time: 2m 54s
********** 57 **********
Average Fitness: 0.12733333333333333
Maximum Fitness: 0.3
Average Pen Distance: 0.2929604878575795
Maximum Pen Distance: 0.6009275286055428
Average Dog Distance: 0.5343655079467442
Maximum Dog Distance: 0.7219388482900109
Average Sheep Distance: 0.29390438029641663
Maximum Sheep Distance: 0.37315795893148174
Elapsed Time: 2m 47s
********** 58 **********
Average Fitness: 0.13566666666666666
Maximum Fitness: 0.3333333333333333
Average Pen Distance: 0.2926309307420664
Maximum Pen Distance: 0.5741633138948549
Average Dog Distance: 0.533522763826625
Maximum Dog Distance: 0.7438285724855623
Average Sheep Distance: 0.2970780322972952
Maximum Sheep Distance: 0.36925617999421795
Elapsed Time: 2m 53s
********** 59 **********
Average Fitness: 0.1313333333333333
Maximum Fitness: 0.4000000000000001
Average Pen Distance: 0.29072041997131465
Maximum Pen Distance: 0.512049702600767
Average Dog Distance: 0.5291172090307257
Maximum Dog Distance: 0.7244280505872943
Average Sheep Distance: 0.30097314231293915
Maximum Sheep Distance: 0.37486257203411993
Elapsed Time: 2m 55s
********** 60 **********
Average Fitness: 0.12599999999999997
Maximum Fitness: 0.26666666666666666
Average Pen Distance: 0.2971517541939566
Maximum Pen Distance: 0.6117308177912029
Average Dog Distance: 0.5293013716016625
Maximum Dog Distance: 0.6889932119147434
Average Sheep Distance: 0.29936956014453303
Maximum Sheep Distance: 0.37959096865013336
Elapsed Time: 2m 52s
********** 61 **********
Average Fitness: 0.12666666666666665
Maximum Fitness: 0.3666666666666667
Average Pen Distance: 0.29254973953836794
Maximum Pen Distance: 0.4963756569486895
Average Dog Distance: 0.5326537061325131
Maximum Dog Distance: 0.6965780286618037
Average Sheep Distance: 0.2949019338015292
Maximum Sheep Distance: 0.38660913370413824
Elapsed Time: 2m 44s
********** 62 **********
Average Fitness: 0.135
Maximum Fitness: 0.39999999999999997
Average Pen Distance: 0.3023317905123281
Maximum Pen Distance: 0.7130753681809416
Average Dog Distance: 0.5548712723506776
Maximum Dog Distance: 0.7295653758318319
Average Sheep Distance: 0.3017004221730262
Maximum Sheep Distance: 0.4086684208201507
Elapsed Time: 2m 46s
********** 63 **********
Average Fitness: 0.12933333333333333
Maximum Fitness: 0.3666666666666667
Average Pen Distance: 0.3089878095808085
Maximum Pen Distance: 0.544790396142457
Average Dog Distance: 0.5705237446640995
Maximum Dog Distance: 0.6854768070079164
Average Sheep Distance: 0.2982047799400146
Maximum Sheep Distance: 0.36227440333635275
Elapsed Time: 2m 44s
********** 64 **********
Average Fitness: 0.12266666666666665
Maximum Fitness: 0.3666666666666667
Average Pen Distance: 0.3100271039547492
Maximum Pen Distance: 0.598082723568223
Average Dog Distance: 0.5721098784625573
Maximum Dog Distance: 0.7343424954972496
Average Sheep Distance: 0.2996633629710021
Maximum Sheep Distance: 0.36447337988915063
Elapsed Time: 2m 44s
********** 65 **********
Average Fitness: 0.132
Maximum Fitness: 0.3333333333333333
Average Pen Distance: 0.3316784034532432
Maximum Pen Distance: 0.6954318964090062
Average Dog Distance: 0.5759250256824876
Maximum Dog Distance: 0.72852762026345
Average Sheep Distance: 0.2962143416418068
Maximum Sheep Distance: 0.38488323975960687
Elapsed Time: 2m 55s
********** 66 **********
Average Fitness: 0.13266666666666663
Maximum Fitness: 0.3666666666666667
Average Pen Distance: 0.3374911120088312
Maximum Pen Distance: 0.6433833555643614
Average Dog Distance: 0.5754264950538562
Maximum Dog Distance: 0.717613090897003
Average Sheep Distance: 0.3029050427948013
Maximum Sheep Distance: 0.39330198503988384
Elapsed Time: 2m 44s
********** 67 **********
Average Fitness: 0.12966666666666665
Maximum Fitness: 0.3333333333333333
Average Pen Distance: 0.3209012003802554
Maximum Pen Distance: 0.552583343713076
Average Dog Distance: 0.5798313408583241
Maximum Dog Distance: 0.74791262529566
Average Sheep Distance: 0.30015384747227825
Maximum Sheep Distance: 0.38023177993785023
Elapsed Time: 2m 45s
********** 68 **********
Average Fitness: 0.12766666666666665
Maximum Fitness: 0.3333333333333333
Average Pen Distance: 0.33631093977560794
Maximum Pen Distance: 0.6295383141645231
Average Dog Distance: 0.5787493724048123
Maximum Dog Distance: 0.768595697510198
Average Sheep Distance: 0.3014985084481301
Maximum Sheep Distance: 0.3990808037962683
Elapsed Time: 2m 45s
********** 69 **********
Average Fitness: 0.12866666666666665
Maximum Fitness: 0.3666666666666667
Average Pen Distance: 0.31720788044987425
Maximum Pen Distance: 0.5285500205536445
Average Dog Distance: 0.5727321787957511
Maximum Dog Distance: 0.7297134407490398
Average Sheep Distance: 0.2986794001587912
Maximum Sheep Distance: 0.3700068674580665
Elapsed Time: 2m 44s
********** 70 **********
Average Fitness: 0.13366666666666666
Maximum Fitness: 0.3333333333333333
Average Pen Distance: 0.32408713111286025
Maximum Pen Distance: 0.6362640998175774
Average Dog Distance: 0.5822277306411057
Maximum Dog Distance: 0.805640012028677
Average Sheep Distance: 0.3054051534465796
Maximum Sheep Distance: 0.4193576622229405
Elapsed Time: 2m 48s
********** 71 **********
Average Fitness: 0.1153333333333333
Maximum Fitness: 0.3
Average Pen Distance: 0.3296104681960968
Maximum Pen Distance: 0.6704003808437209
Average Dog Distance: 0.5877795904375231
Maximum Dog Distance: 0.7489542727513508
Average Sheep Distance: 0.2997532123361914
Maximum Sheep Distance: 0.37968226511619535
Elapsed Time: 2m 53s
********** 72 **********
Average Fitness: 0.134
Maximum Fitness: 0.3666666666666667
Average Pen Distance: 0.3444531471386027
Maximum Pen Distance: 0.6269023615674011
Average Dog Distance: 0.5872092516752745
Maximum Dog Distance: 0.7390153121455145
Average Sheep Distance: 0.30198977144382094
Maximum Sheep Distance: 0.38400167084523434
Elapsed Time: 2m 43s
********** 73 **********
Average Fitness: 0.12466666666666665
Maximum Fitness: 0.43333333333333335
Average Pen Distance: 0.34843719401701173
Maximum Pen Distance: 0.620214966466376
Average Dog Distance: 0.5976761332399837
Maximum Dog Distance: 0.7642219957935131
Average Sheep Distance: 0.3013253342394763
Maximum Sheep Distance: 0.40461400436782274
Elapsed Time: 2m 47s
********** 74 **********
Average Fitness: 0.11633333333333332
Maximum Fitness: 0.3333333333333333
Average Pen Distance: 0.35130392570123337
Maximum Pen Distance: 0.6646414740067851
Average Dog Distance: 0.6027559395619262
Maximum Dog Distance: 0.7788580868474327
Average Sheep Distance: 0.30586340622464253
Maximum Sheep Distance: 0.41058433018086715
Elapsed Time: 2m 46s
********** 75 **********
Average Fitness: 0.12233333333333332
Maximum Fitness: 0.3333333333333333
Average Pen Distance: 0.34491947374146137
Maximum Pen Distance: 0.6853957612610104
Average Dog Distance: 0.5879988344091405
Maximum Dog Distance: 0.751576033803916
Average Sheep Distance: 0.3014764347380391
Maximum Sheep Distance: 0.3931959198439148
Elapsed Time: 2m 46s
********** 76 **********
Average Fitness: 0.13333333333333336
Maximum Fitness: 0.36666666666666664
Average Pen Distance: 0.3329089449971213
Maximum Pen Distance: 0.5985141729881392
Average Dog Distance: 0.5914265580788615
Maximum Dog Distance: 0.8048095287577436
Average Sheep Distance: 0.29976210538960146
Maximum Sheep Distance: 0.39419777703791087
Elapsed Time: 2m 43s
********** 77 **********
Average Fitness: 0.11966666666666664
Maximum Fitness: 0.3666666666666667
Average Pen Distance: 0.3490169466637215
Maximum Pen Distance: 0.6878017939987838
Average Dog Distance: 0.5970791482318396
Maximum Dog Distance: 0.7395535660039169
Average Sheep Distance: 0.2949316316654037
Maximum Sheep Distance: 0.3788522650374015
Elapsed Time: 2m 48s
********** 78 **********
Average Fitness: 0.13599999999999995
Maximum Fitness: 0.3666666666666667
Average Pen Distance: 0.3338470485297589
Maximum Pen Distance: 0.6451001277674026
Average Dog Distance: 0.6129421308774156
Maximum Dog Distance: 0.8298339606613779
Average Sheep Distance: 0.3062241375573679
Maximum Sheep Distance: 0.3996841605106383
Elapsed Time: 2m 47s
********** 79 **********
Average Fitness: 0.12033333333333332
Maximum Fitness: 0.36666666666666664
Average Pen Distance: 0.32551389784102436
Maximum Pen Distance: 0.6082398158884949
Average Dog Distance: 0.6131884103563412
Maximum Dog Distance: 0.7336325387648133
Average Sheep Distance: 0.30165867540940033
Maximum Sheep Distance: 0.38381090389740535
Elapsed Time: 2m 46s
********** 80 **********
Average Fitness: 0.12066666666666666
Maximum Fitness: 0.39999999999999997
Average Pen Distance: 0.3272325055504626
Maximum Pen Distance: 0.6864373163065203
Average Dog Distance: 0.6087446867392639
Maximum Dog Distance: 0.7454801500181404
Average Sheep Distance: 0.30709778779171204
Maximum Sheep Distance: 0.39076629343845165
Elapsed Time: 2m 47s
********** 81 **********
Average Fitness: 0.1303333333333333
Maximum Fitness: 0.3
Average Pen Distance: 0.3106780101148428
Maximum Pen Distance: 0.6107248339279903
Average Dog Distance: 0.6064067770295657
Maximum Dog Distance: 0.7737377407515983
Average Sheep Distance: 0.30276243951315723
Maximum Sheep Distance: 0.39224656942085295
Elapsed Time: 2m 46s
********** 82 **********
Average Fitness: 0.1383333333333333
Maximum Fitness: 0.3333333333333333
Average Pen Distance: 0.30661478994580954
Maximum Pen Distance: 0.5287479425493053
Average Dog Distance: 0.6033625253032365
Maximum Dog Distance: 0.7739201469126616
Average Sheep Distance: 0.29733308137355124
Maximum Sheep Distance: 0.3886471618556893
Elapsed Time: 2m 46s
********** 83 **********
Average Fitness: 0.12566666666666665
Maximum Fitness: 0.3333333333333333
Average Pen Distance: 0.3188883333267073
Maximum Pen Distance: 0.6048480318261767
Average Dog Distance: 0.6167387955186211
Maximum Dog Distance: 0.7483850684494175
Average Sheep Distance: 0.3006756557007532
Maximum Sheep Distance: 0.39785962804465735
Elapsed Time: 2m 44s
********** 84 **********
Average Fitness: 0.13599999999999998
Maximum Fitness: 0.3333333333333333
Average Pen Distance: 0.316570894502299
Maximum Pen Distance: 0.6832693308857776
Average Dog Distance: 0.6116854566697226
Maximum Dog Distance: 0.7758979079723828
Average Sheep Distance: 0.29796582082413625
Maximum Sheep Distance: 0.3837284889878522
Elapsed Time: 2m 46s
********** 85 **********
Average Fitness: 0.13466666666666666
Maximum Fitness: 0.4000000000000001
Average Pen Distance: 0.30707202436047704
Maximum Pen Distance: 0.485592231657287
Average Dog Distance: 0.6171925438668796
Maximum Dog Distance: 0.7783176214280917
Average Sheep Distance: 0.29797786846767993
Maximum Sheep Distance: 0.39189263494869797
Elapsed Time: 2m 53s
********** 86 **********
Average Fitness: 0.13266666666666665
Maximum Fitness: 0.4000000000000001
Average Pen Distance: 0.30038291316442634
Maximum Pen Distance: 0.4816303346801458
Average Dog Distance: 0.6119746757978928
Maximum Dog Distance: 0.7674239222650825
Average Sheep Distance: 0.30325931997016187
Maximum Sheep Distance: 0.39441565504274845
Elapsed Time: 2m 44s
********** 87 **********
Average Fitness: 0.12466666666666666
Maximum Fitness: 0.3333333333333333
Average Pen Distance: 0.30857804171374825
Maximum Pen Distance: 0.6914288632138147
Average Dog Distance: 0.6179239792362587
Maximum Dog Distance: 0.7755349981236362
Average Sheep Distance: 0.3031100090124862
Maximum Sheep Distance: 0.40506917854540797
Elapsed Time: 2m 48s
********** 88 **********
Average Fitness: 0.14933333333333332
Maximum Fitness: 0.3333333333333333
Average Pen Distance: 0.30682520929109913
Maximum Pen Distance: 0.6756828217090974
Average Dog Distance: 0.6097509866946484
Maximum Dog Distance: 0.788400588506096
Average Sheep Distance: 0.29786707071358476
Maximum Sheep Distance: 0.3898424116717039
Elapsed Time: 2m 42s
********** 89 **********
Average Fitness: 0.13366666666666666
Maximum Fitness: 0.3666666666666667
Average Pen Distance: 0.31465473658919646
Maximum Pen Distance: 0.6064234831050809
Average Dog Distance: 0.6143744402060429
Maximum Dog Distance: 0.7805709680222265
Average Sheep Distance: 0.29642983046524896
Maximum Sheep Distance: 0.3597559498834604
Elapsed Time: 2m 56s
********** 90 **********
Average Fitness: 0.13499999999999998
Maximum Fitness: 0.3666666666666667
Average Pen Distance: 0.3144102737220452
Maximum Pen Distance: 0.572194294954672
Average Dog Distance: 0.6220800769001847
Maximum Dog Distance: 0.7617599491167857
Average Sheep Distance: 0.2970750661117596
Maximum Sheep Distance: 0.4049099251216073
Elapsed Time: 2m 46s
********** 91 **********
Average Fitness: 0.1393333333333333
Maximum Fitness: 0.3666666666666667
Average Pen Distance: 0.31298379364439055
Maximum Pen Distance: 0.6212452143894418
Average Dog Distance: 0.6041045636154417
Maximum Dog Distance: 0.7733535760717604
Average Sheep Distance: 0.3002212990047197
Maximum Sheep Distance: 0.3798862561622696
Elapsed Time: 2m 44s
********** 92 **********
Average Fitness: 0.13333333333333333
Maximum Fitness: 0.39999999999999997
Average Pen Distance: 0.31659420932405796
Maximum Pen Distance: 0.5815723406310656
Average Dog Distance: 0.6155648888688403
Maximum Dog Distance: 0.781755546548737
Average Sheep Distance: 0.2976073256619586
Maximum Sheep Distance: 0.3997757415526065
Elapsed Time: 2m 58s
********** 93 **********
Average Fitness: 0.15333333333333335
Maximum Fitness: 0.4000000000000001
Average Pen Distance: 0.322563026085528
Maximum Pen Distance: 0.6352366579977128
Average Dog Distance: 0.6183225248309852
Maximum Dog Distance: 0.7807891637874448
Average Sheep Distance: 0.2983811989359692
Maximum Sheep Distance: 0.4010319058719585
Elapsed Time: 2m 43s
********** 94 **********
Average Fitness: 0.14899999999999997
Maximum Fitness: 0.39999999999999997
Average Pen Distance: 0.32918540670119806
Maximum Pen Distance: 0.6587503161306326
Average Dog Distance: 0.6207541979190835
Maximum Dog Distance: 0.7798614791613048
Average Sheep Distance: 0.2948860702017907
Maximum Sheep Distance: 0.39346155724907766
Elapsed Time: 2m 43s
********** 95 **********
Average Fitness: 0.15833333333333333
Maximum Fitness: 0.4666666666666666
Average Pen Distance: 0.34501892723627414
Maximum Pen Distance: 0.6331953720470295
Average Dog Distance: 0.6212278959071326
Maximum Dog Distance: 0.83171967684094
Average Sheep Distance: 0.2991132432283351
Maximum Sheep Distance: 0.38660111662888036
Elapsed Time: 2m 47s
********** 96 **********
Average Fitness: 0.153
Maximum Fitness: 0.39999999999999997
Average Pen Distance: 0.3286129393814944
Maximum Pen Distance: 0.5604374251713392
Average Dog Distance: 0.5953331790859688
Maximum Dog Distance: 0.7568584860297163
Average Sheep Distance: 0.2917627763211558
Maximum Sheep Distance: 0.3842300120796461
Elapsed Time: 2m 45s
********** 97 **********
Average Fitness: 0.1343333333333333
Maximum Fitness: 0.43333333333333335
Average Pen Distance: 0.34730692149150955
Maximum Pen Distance: 0.6995011155138653
Average Dog Distance: 0.5909993759767961
Maximum Dog Distance: 0.7866901230499348
Average Sheep Distance: 0.2852277850965128
Maximum Sheep Distance: 0.38204448502643995
Elapsed Time: 2m 48s
********** 98 **********
Average Fitness: 0.15966666666666668
Maximum Fitness: 0.5
Average Pen Distance: 0.33374143539396806
Maximum Pen Distance: 0.5442662383119364
Average Dog Distance: 0.600781944302234
Maximum Dog Distance: 0.7234709037305013
Average Sheep Distance: 0.29381621390364593
Maximum Sheep Distance: 0.4228250399951962
Elapsed Time: 2m 48s
********** 99 **********
Average Fitness: 0.14133333333333334
Maximum Fitness: 0.4333333333333333
Average Pen Distance: 0.34974229976664906
Maximum Pen Distance: 0.698024822980314
Average Dog Distance: 0.6075089294787769
Maximum Dog Distance: 0.7449111285249791
Average Sheep Distance: 0.2961325681233611
Maximum Sheep Distance: 0.3686336653146683
Elapsed Time: 2m 52s
********** 100 **********
Average Fitness: 0.15133333333333332
Maximum Fitness: 0.43333333333333335
Average Pen Distance: 0.3435839471865856
Maximum Pen Distance: 0.6843190068746016
Average Dog Distance: 0.5975555610996621
Maximum Dog Distance: 0.7815814238418936
Average Sheep Distance: 0.289937276926827
Maximum Sheep Distance: 0.3516830263473317
Elapsed Time: 2m 49s
